[ 25%] [32mBuilding CXX object CMakeFiles/sub.dir/src/sub.cpp.o[0m
[ 50%] [32mBuilding CXX object CMakeFiles/pub.dir/src/pub.cpp.o[0m
[ 75%] [32m[1mLinking CXX executable pub[0m
[ 75%] Built target pub
[100%] [32m[1mLinking CXX executable sub[0m
[100%] Built target sub
-- Install configuration: ""
-- Installing: /home/basmala/ros2_ws/install/first_package_cpp/lib/first_package_cpp/pub
-- Set non-toolchain portion of runtime path of "/home/basmala/ros2_ws/install/first_package_cpp/lib/first_package_cpp/pub" to ""
-- Installing: /home/basmala/ros2_ws/install/first_package_cpp/share/ament_index/resource_index/package_run_dependencies/first_package_cpp
-- Installing: /home/basmala/ros2_ws/install/first_package_cpp/share/ament_index/resource_index/parent_prefix_path/first_package_cpp
-- Installing: /home/basmala/ros2_ws/install/first_package_cpp/share/first_package_cpp/environment/ament_prefix_path.sh
-- Installing: /home/basmala/ros2_ws/install/first_package_cpp/share/first_package_cpp/environment/ament_prefix_path.dsv
-- Installing: /home/basmala/ros2_ws/install/first_package_cpp/share/first_package_cpp/environment/path.sh
-- Installing: /home/basmala/ros2_ws/install/first_package_cpp/share/first_package_cpp/environment/path.dsv
-- Installing: /home/basmala/ros2_ws/install/first_package_cpp/share/first_package_cpp/local_setup.bash
-- Installing: /home/basmala/ros2_ws/install/first_package_cpp/share/first_package_cpp/local_setup.sh
-- Installing: /home/basmala/ros2_ws/install/first_package_cpp/share/first_package_cpp/local_setup.zsh
-- Installing: /home/basmala/ros2_ws/install/first_package_cpp/share/first_package_cpp/local_setup.dsv
-- Installing: /home/basmala/ros2_ws/install/first_package_cpp/share/first_package_cpp/package.dsv
-- Installing: /home/basmala/ros2_ws/install/first_package_cpp/share/ament_index/resource_index/packages/first_package_cpp
-- Installing: /home/basmala/ros2_ws/install/first_package_cpp/share/first_package_cpp/cmake/first_package_cppConfig.cmake
-- Installing: /home/basmala/ros2_ws/install/first_package_cpp/share/first_package_cpp/cmake/first_package_cppConfig-version.cmake
-- Installing: /home/basmala/ros2_ws/install/first_package_cpp/share/first_package_cpp/package.xml
