[ 50%] Building CXX object CMakeFiles/rotate_absolute_client.dir/src/rotate_absolute_client.cpp.o
[100%] Linking CXX executable rotate_absolute_client
[100%] Built target rotate_absolute_client
-- Install configuration: ""
-- Installing: /home/basmala/ros2_ws/install/turtle_action_cpp/lib/turtle_action_cpp/rotate_absolute_client
-- Set non-toolchain portion of runtime path of "/home/basmala/ros2_ws/install/turtle_action_cpp/lib/turtle_action_cpp/rotate_absolute_client" to ""
-- Installing: /home/basmala/ros2_ws/install/turtle_action_cpp/share/ament_index/resource_index/package_run_dependencies/turtle_action_cpp
-- Installing: /home/basmala/ros2_ws/install/turtle_action_cpp/share/ament_index/resource_index/parent_prefix_path/turtle_action_cpp
-- Installing: /home/basmala/ros2_ws/install/turtle_action_cpp/share/turtle_action_cpp/environment/ament_prefix_path.sh
-- Installing: /home/basmala/ros2_ws/install/turtle_action_cpp/share/turtle_action_cpp/environment/ament_prefix_path.dsv
-- Installing: /home/basmala/ros2_ws/install/turtle_action_cpp/share/turtle_action_cpp/environment/path.sh
-- Installing: /home/basmala/ros2_ws/install/turtle_action_cpp/share/turtle_action_cpp/environment/path.dsv
-- Installing: /home/basmala/ros2_ws/install/turtle_action_cpp/share/turtle_action_cpp/local_setup.bash
-- Installing: /home/basmala/ros2_ws/install/turtle_action_cpp/share/turtle_action_cpp/local_setup.sh
-- Installing: /home/basmala/ros2_ws/install/turtle_action_cpp/share/turtle_action_cpp/local_setup.zsh
-- Installing: /home/basmala/ros2_ws/install/turtle_action_cpp/share/turtle_action_cpp/local_setup.dsv
-- Up-to-date: /home/basmala/ros2_ws/install/turtle_action_cpp/share/turtle_action_cpp/package.dsv
-- Installing: /home/basmala/ros2_ws/install/turtle_action_cpp/share/ament_index/resource_index/packages/turtle_action_cpp
-- Installing: /home/basmala/ros2_ws/install/turtle_action_cpp/share/turtle_action_cpp/cmake/turtle_action_cppConfig.cmake
-- Installing: /home/basmala/ros2_ws/install/turtle_action_cpp/share/turtle_action_cpp/cmake/turtle_action_cppConfig-version.cmake
-- Installing: /home/basmala/ros2_ws/install/turtle_action_cpp/share/turtle_action_cpp/package.xml
