[0.012s] Invoking command in '/home/basmala/ros2_ws/build/first_package_cpp': CMAKE_PREFIX_PATH=${CMAKE_PREFIX_PATH}:/home/basmala/ros2_ws/install/turtle_action_client:/home/basmala/ros2_ws/install/first_package_python:/home/basmala/ros2_ws/install/fibonacci:/opt/ros/jazzy DEBUGINFOD_URLS=https://debuginfod.ubuntu.com /usr/bin/cmake --build /home/basmala/ros2_ws/build/first_package_cpp -- -j20 -l20
[0.055s] -- Found ament_cmake: 2.5.5 (/opt/ros/jazzy/share/ament_cmake/cmake)
[0.439s] -- Override CMake install command with custom implementation using symlinks instead of copying resources
[0.450s] -- Found rclcpp: 28.1.16 (/opt/ros/jazzy/share/rclcpp/cmake)
[0.503s] -- Found rosidl_generator_c: 4.6.7 (/opt/ros/jazzy/share/rosidl_generator_c/cmake)
[0.525s] -- Found rosidl_generator_cpp: 4.6.7 (/opt/ros/jazzy/share/rosidl_generator_cpp/cmake)
[0.553s] -- Using all available rosidl_typesupport_c: rosidl_typesupport_fastrtps_c;rosidl_typesupport_introspection_c
[0.590s] -- Using all available rosidl_typesupport_cpp: rosidl_typesupport_fastrtps_cpp;rosidl_typesupport_introspection_cpp
[0.672s] -- Found rmw_implementation_cmake: 7.3.3 (/opt/ros/jazzy/share/rmw_implementation_cmake/cmake)
[0.674s] -- Found rmw_fastrtps_cpp: 8.4.3 (/opt/ros/jazzy/share/rmw_fastrtps_cpp/cmake)
[0.842s] -- Using RMW implementation 'rmw_fastrtps_cpp' as default
[0.981s] -- Found std_msgs: 5.3.6 (/opt/ros/jazzy/share/std_msgs/cmake)
[0.997s] -- Found rclcpp_components: 28.1.16 (/opt/ros/jazzy/share/rclcpp_components/cmake)
[1.042s] -- Found ament_lint_auto: 0.17.4 (/opt/ros/jazzy/share/ament_lint_auto/cmake)
[1.158s] -- Added test 'cppcheck' to perform static code analysis on C / C++ code
[1.159s] -- Configured cppcheck include dirs: 
[1.159s] -- Configured cppcheck exclude dirs and/or files: 
[1.160s] -- Added test 'lint_cmake' to check CMake code style
[1.161s] -- Added test 'uncrustify' to check C / C++ code style
[1.161s] -- Configured uncrustify additional arguments: 
[1.161s] -- Added test 'xmllint' to check XML markup files
[1.163s] -- Configuring done (1.1s)
[1.193s] -- Generating done (0.0s)
[1.202s] -- Build files have been written to: /home/basmala/ros2_ws/build/first_package_cpp
[1.315s] [ 25%] Built target pub
[1.316s] [ 50%] Built target sub
[1.316s] [ 62%] [32mBuilding CXX object CMakeFiles/sub_component.dir/src/sub_component.cpp.o[0m
[1.342s] [ 75%] [32mBuilding CXX object CMakeFiles/pub_component.dir/src/pub_component.cpp.o[0m
[5.379s] [ 87%] [32m[1mLinking CXX shared library libpub_component.so[0m
[5.547s] [ 87%] Built target pub_component
[7.760s] [100%] [32m[1mLinking CXX shared library libsub_component.so[0m
[8.052s] [100%] Built target sub_component
[8.073s] Invoked command in '/home/basmala/ros2_ws/build/first_package_cpp' returned '0': CMAKE_PREFIX_PATH=${CMAKE_PREFIX_PATH}:/home/basmala/ros2_ws/install/turtle_action_client:/home/basmala/ros2_ws/install/first_package_python:/home/basmala/ros2_ws/install/fibonacci:/opt/ros/jazzy DEBUGINFOD_URLS=https://debuginfod.ubuntu.com /usr/bin/cmake --build /home/basmala/ros2_ws/build/first_package_cpp -- -j20 -l20
[8.089s] Invoking command in '/home/basmala/ros2_ws/build/first_package_cpp': CMAKE_PREFIX_PATH=${CMAKE_PREFIX_PATH}:/home/basmala/ros2_ws/install/turtle_action_client:/home/basmala/ros2_ws/install/first_package_python:/home/basmala/ros2_ws/install/fibonacci:/opt/ros/jazzy DEBUGINFOD_URLS=https://debuginfod.ubuntu.com /usr/bin/cmake --install /home/basmala/ros2_ws/build/first_package_cpp
[8.102s] -- Install configuration: ""
[8.103s] -- Execute custom install script
[8.103s] -- Up-to-date symlink: /home/basmala/ros2_ws/install/first_package_cpp/lib/first_package_cpp/pub
[8.103s] -- Up-to-date symlink: /home/basmala/ros2_ws/install/first_package_cpp/lib/first_package_cpp/sub
[8.104s] -- Up-to-date symlink: /home/basmala/ros2_ws/install/first_package_cpp/share/ament_index/resource_index/package_run_dependencies/first_package_cpp
[8.104s] -- Up-to-date symlink: /home/basmala/ros2_ws/install/first_package_cpp/share/ament_index/resource_index/parent_prefix_path/first_package_cpp
[8.104s] -- Up-to-date symlink: /home/basmala/ros2_ws/install/first_package_cpp/share/first_package_cpp/environment/ament_prefix_path.sh
[8.104s] -- Up-to-date symlink: /home/basmala/ros2_ws/install/first_package_cpp/share/first_package_cpp/environment/ament_prefix_path.dsv
[8.104s] -- Up-to-date symlink: /home/basmala/ros2_ws/install/first_package_cpp/share/first_package_cpp/environment/path.sh
[8.105s] -- Up-to-date symlink: /home/basmala/ros2_ws/install/first_package_cpp/share/first_package_cpp/environment/path.dsv
[8.105s] -- Up-to-date symlink: /home/basmala/ros2_ws/install/first_package_cpp/share/first_package_cpp/local_setup.bash
[8.105s] -- Up-to-date symlink: /home/basmala/ros2_ws/install/first_package_cpp/share/first_package_cpp/local_setup.sh
[8.105s] -- Up-to-date symlink: /home/basmala/ros2_ws/install/first_package_cpp/share/first_package_cpp/local_setup.zsh
[8.105s] -- Up-to-date symlink: /home/basmala/ros2_ws/install/first_package_cpp/share/first_package_cpp/local_setup.dsv
[8.105s] -- Symlinking: /home/basmala/ros2_ws/install/first_package_cpp/share/first_package_cpp/package.dsv
[8.123s] -- Up-to-date symlink: /home/basmala/ros2_ws/install/first_package_cpp/share/ament_index/resource_index/packages/first_package_cpp
[8.123s] -- Up-to-date symlink: /home/basmala/ros2_ws/install/first_package_cpp/share/ament_index/resource_index/rclcpp_components/first_package_cpp
[8.123s] -- Up-to-date symlink: /home/basmala/ros2_ws/install/first_package_cpp/share/first_package_cpp/cmake/ament_cmake_export_targets-extras.cmake
[8.123s] -- Up-to-date symlink: /home/basmala/ros2_ws/install/first_package_cpp/share/first_package_cpp/cmake/first_package_cppConfig.cmake
[8.123s] -- Up-to-date symlink: /home/basmala/ros2_ws/install/first_package_cpp/share/first_package_cpp/cmake/first_package_cppConfig-version.cmake
[8.123s] -- Up-to-date symlink: /home/basmala/ros2_ws/install/first_package_cpp/share/first_package_cpp/package.xml
[8.124s] -- Installing: /home/basmala/ros2_ws/install/first_package_cpp/lib/libpub_component.so
[8.126s] -- Set non-toolchain portion of runtime path of "/home/basmala/ros2_ws/install/first_package_cpp/lib/libpub_component.so" to ""
[8.126s] -- Installing: /home/basmala/ros2_ws/install/first_package_cpp/lib/libsub_component.so
[8.134s] -- Set non-toolchain portion of runtime path of "/home/basmala/ros2_ws/install/first_package_cpp/lib/libsub_component.so" to ""
[8.134s] -- Installing: /home/basmala/ros2_ws/install/first_package_cpp/share/first_package_cpp/cmake/export_first_package_cpp_pub_componentExport.cmake
[8.135s] -- Up-to-date: /home/basmala/ros2_ws/install/first_package_cpp/share/first_package_cpp/cmake/export_first_package_cpp_pub_componentExport-noconfig.cmake
[8.135s] -- Installing: /home/basmala/ros2_ws/install/first_package_cpp/share/first_package_cpp/cmake/export_first_package_cpp_sub_componentExport.cmake
[8.135s] -- Up-to-date: /home/basmala/ros2_ws/install/first_package_cpp/share/first_package_cpp/cmake/export_first_package_cpp_sub_componentExport-noconfig.cmake
[8.138s] Invoked command in '/home/basmala/ros2_ws/build/first_package_cpp' returned '0': CMAKE_PREFIX_PATH=${CMAKE_PREFIX_PATH}:/home/basmala/ros2_ws/install/turtle_action_client:/home/basmala/ros2_ws/install/first_package_python:/home/basmala/ros2_ws/install/fibonacci:/opt/ros/jazzy DEBUGINFOD_URLS=https://debuginfod.ubuntu.com /usr/bin/cmake --install /home/basmala/ros2_ws/build/first_package_cpp
