[0.014s] Invoking command in '/home/basmala/ros2_ws/build/act_cont_ex': CMAKE_PREFIX_PATH=/home/basmala/ros2_ws/install/action_interfaces:/home/basmala/ros2_ws/install/yahboom_rosmaster:/home/basmala/ros2_ws/install/yahboom_rosmaster_system_tests:/home/basmala/ros2_ws/install/yahboom_rosmaster_gazebo:/home/basmala/ros2_ws/install/yahboom_rosmaster_description:/home/basmala/ros2_ws/install/yahboom_rosmaster_bringup:/home/basmala/ros2_ws/install/turtlesim_controller:/home/basmala/ros2_ws/install/turtlesim_custom_msgs:/home/basmala/ros2_ws/install/turtle_action_cpp:/home/basmala/ros2_ws/install/mecanum_drive_controller:/home/basmala/ros2_ws/install/first_package_cpp:/home/basmala/ros2_ws/install/bme_gazebo_sensors:/home/basmala/ros2_ws/install/assignment2_rt:/home/basmala/ros2_ws/install/assignment2_custom_msgs_srvs:/home/basmala/ros2_ws/install/assignment1_rt:/opt/ros/jazzy/opt/gz_sim_vendor:/opt/ros/jazzy/opt/gz_sensors_vendor:/opt/ros/jazzy/opt/gz_physics_vendor:/opt/ros/jazzy/opt/sdformat_vendor:/opt/ros/jazzy/opt/gz_gui_vendor:/opt/ros/jazzy/opt/gz_transport_vendor:/opt/ros/jazzy/opt/gz_rendering_vendor:/opt/ros/jazzy/opt/gz_plugin_vendor:/opt/ros/jazzy/opt/gz_fuel_tools_vendor:/opt/ros/jazzy/opt/gz_msgs_vendor:/opt/ros/jazzy/opt/gz_common_vendor:/opt/ros/jazzy/opt/gz_math_vendor:/opt/ros/jazzy/opt/gz_utils_vendor:/opt/ros/jazzy/opt/gz_tools_vendor:/opt/ros/jazzy/opt/gz_ogre_next_vendor:/opt/ros/jazzy/opt/gz_dartsim_vendor:/opt/ros/jazzy/opt/gz_cmake_vendor:/home/basmala/ros2_ws/install/turtle_action_client:/home/basmala/ros2_ws/install/first_package_python:/home/basmala/ros2_ws/install/fibonacci:/opt/ros/jazzy DEBUGINFOD_URLS=https://debuginfod.ubuntu.com LD_LIBRARY_PATH=/home/basmala/ros2_ws/install/action_interfaces/lib:/home/basmala/ros2_ws/install/turtlesim_custom_msgs/lib:/home/basmala/ros2_ws/install/mecanum_drive_controller/lib:/home/basmala/ros2_ws/install/first_package_cpp/lib:/home/basmala/ros2_ws/install/assignment2_custom_msgs_srvs/lib:/opt/ros/jazzy/opt/gz_sim_vendor/lib:/opt/ros/jazzy/opt/gz_sensors_vendor/lib:/opt/ros/jazzy/opt/gz_physics_vendor/lib:/opt/ros/jazzy/opt/sdformat_vendor/lib:/opt/ros/jazzy/opt/rviz_ogre_vendor/lib:/opt/ros/jazzy/lib/x86_64-linux-gnu:/opt/ros/jazzy/opt/gz_gui_vendor/lib:/opt/ros/jazzy/opt/gz_transport_vendor/lib:/opt/ros/jazzy/opt/gz_rendering_vendor/lib:/opt/ros/jazzy/opt/gz_plugin_vendor/lib:/opt/ros/jazzy/opt/gz_fuel_tools_vendor/lib:/opt/ros/jazzy/opt/gz_msgs_vendor/lib:/opt/ros/jazzy/opt/gz_common_vendor/lib:/opt/ros/jazzy/opt/gz_math_vendor/lib:/opt/ros/jazzy/opt/gz_utils_vendor/lib:/opt/ros/jazzy/opt/gz_tools_vendor/lib:/opt/ros/jazzy/opt/gz_ogre_next_vendor/lib:/opt/ros/jazzy/opt/gz_dartsim_vendor/lib:/opt/ros/jazzy/opt/gz_cmake_vendor/lib:/opt/ros/jazzy/lib PYTHONPATH=/home/basmala/ros2_ws/install/action_interfaces/lib/python3.12/site-packages:/home/basmala/ros2_ws/install/turtlesim_custom_msgs/lib/python3.12/site-packages:/home/basmala/ros2_ws/install/turtle_action_client/lib/python3.12/site-packages:/home/basmala/ros2_ws/install/first_package_python/lib/python3.12/site-packages:/home/basmala/ros2_ws/install/fibonacci/lib/python3.12/site-packages:/home/basmala/ros2_ws/install/assignment2_custom_msgs_srvs/lib/python3.12/site-packages:/opt/ros/jazzy/lib/python3.12/site-packages /usr/bin/cmake --build /home/basmala/ros2_ws/build/act_cont_ex -- -j20 -l20
[0.114s] [ 25%] Built target action_client_exe
[0.115s] [ 50%] Built target action_server_exe
[0.130s] [ 62%] [32mBuilding CXX object CMakeFiles/action_client.dir/src/action_client.cpp.o[0m
[0.130s] [ 75%] [32mBuilding CXX object CMakeFiles/action_server.dir/src/action_server.cpp.o[0m
[2.321s] In file included from [01m[K/opt/ros/jazzy/include/rclcpp/rclcpp/logging.hpp:24[m[K,
[2.321s]                  from [01m[K/opt/ros/jazzy/include/rclcpp/rclcpp/copy_all_parameter_values.hpp:27[m[K,
[2.321s]                  from [01m[K/opt/ros/jazzy/include/rclcpp/rclcpp/rclcpp.hpp:171[m[K,
[2.321s]                  from [01m[K/home/basmala/ros2_ws/act_cont_ex/src/action_server.cpp:1[m[K:
[2.321s] [01m[K/home/basmala/ros2_ws/act_cont_ex/src/action_server.cpp:[m[K In member function ‘[01m[Krclcpp_action::GoalResponse act_cont_ex::RobotControllerActionServer::[01;32m[Khandle_goal[m[K(const rclcpp_action::GoalUUID&, std::shared_ptr<const action_interfaces::action::Movetogoal_Goal_<std::allocator<void> > >)[m[K’:
[2.321s] [01m[K/home/basmala/ros2_ws/act_cont_ex/src/action_server.cpp:44:105:[m[K [01;31m[Kerror: [m[K‘[01m[Kusing std::__shared_ptr_access<const action_interfaces::action::Movetogoal_Goal_<std::allocator<void> >, __gnu_cxx::_S_atomic, false, false>::element_type = const struct action_interfaces::action::Movetogoal_Goal_<std::allocator<void> >[m[K’ {aka ‘[01m[Kconst struct action_interfaces::action::Movetogoal_Goal_<std::allocator<void> >[m[K’} has no member named ‘[01m[Ktarget_pose[m[K’
[2.322s]    44 |      RCLCPP_INFO(this->get_logger(), "Received goal request with target (%.2f, %.2f)", goal->[01;31m[Ktarget_pose[m[K.pose.position.x, goal->target_pose.pose.position.y);
[2.322s]       |                                                                                              [01;31m[K^~~~~~~~~~~[m[K
[2.322s] 
[2.322s] [01m[K/home/basmala/ros2_ws/act_cont_ex/src/action_server.cpp:44:140:[m[K [01;31m[Kerror: [m[K‘[01m[Kusing std::__shared_ptr_access<const action_interfaces::action::Movetogoal_Goal_<std::allocator<void> >, __gnu_cxx::_S_atomic, false, false>::element_type = const struct action_interfaces::action::Movetogoal_Goal_<std::allocator<void> >[m[K’ {aka ‘[01m[Kconst struct action_interfaces::action::Movetogoal_Goal_<std::allocator<void> >[m[K’} has no member named ‘[01m[Ktarget_pose[m[K’
[2.322s]    44 | , "Received goal request with target (%.2f, %.2f)", goal->target_pose.pose.position.x, goal->[01;31m[Ktarget_pose[m[K.pose.position.y);
[2.323s]       |                                                                                              [01;31m[K^~~~~~~~~~~[m[K
[2.323s] 
[2.323s] [01m[K/home/basmala/ros2_ws/act_cont_ex/src/action_server.cpp:42:85:[m[K [01;35m[Kwarning: [m[Kunused parameter ‘[01m[Kuuid[m[K’ [[01;35m[K]8;;https://gcc.gnu.org/onlinedocs/gcc/Warning-Options.html#index-Wunused-parameter-Wunused-parameter]8;;[m[K]
[2.323s]    42 |             rclcpp_action::GoalResponse handle_goal([01;35m[Kconst rclcpp_action::GoalUUID & uuid[m[K, std::shared_ptr<const action_interfaces::action::Movetogoal::Goal> goal)
[2.323s]       |                                                     [01;35m[K~~~~~~~~~~~~~~~~~~~~~~~~~~~~~~~~^~~~[m[K
[2.324s] [01m[K/home/basmala/ros2_ws/act_cont_ex/src/action_server.cpp:[m[K In member function ‘[01m[Krclcpp_action::CancelResponse act_cont_ex::RobotControllerActionServer::[01;32m[Khandle_cancel[m[K(std::shared_ptr<rclcpp_action::ServerGoalHandle<action_interfaces::action::Movetogoal> >)[m[K’:
[2.324s] [01m[K/home/basmala/ros2_ws/act_cont_ex/src/action_server.cpp:48:151:[m[K [01;35m[Kwarning: [m[Kunused parameter ‘[01m[Kgoal_handle[m[K’ [[01;35m[K]8;;https://gcc.gnu.org/onlinedocs/gcc/Warning-Options.html#index-Wunused-parameter-Wunused-parameter]8;;[m[K]
[2.324s]    48 | [01;35m[Konst std::shared_ptr<rclcpp_action::ServerGoalHandle<action_interfaces::action::Movetogoal>> goal_handle[m[K)
[2.324s]       | [01;35m[K~~~~~~~~~~~~~~~~~~~~~~~~~~~~~~~~~~~~~~~~~~~~~~~~~~~~~~~~~~~~~~~~~~~~~~~~~~~~~~~~~~~~~~~~~~~~~^~~~~~~~~~~[m[K
[2.324s] 
[2.329s] [01m[K/home/basmala/ros2_ws/act_cont_ex/src/action_server.cpp:[m[K In member function ‘[01m[Kvoid act_cont_ex::RobotControllerActionServer::[01;32m[Kexecute[m[K(std::shared_ptr<rclcpp_action::ServerGoalHandle<action_interfaces::action::Movetogoal> >)[m[K’:
[2.329s] [01m[K/home/basmala/ros2_ws/act_cont_ex/src/action_server.cpp:69:33:[m[K [01;31m[Kerror: [m[K‘[01m[Kusing std::__shared_ptr_access<action_interfaces::action::Movetogoal_Result_<std::allocator<void> >, __gnu_cxx::_S_atomic, false, false>::element_type = struct action_interfaces::action::Movetogoal_Result_<std::allocator<void> >[m[K’ {aka ‘[01m[Kstruct action_interfaces::action::Movetogoal_Result_<std::allocator<void> >[m[K’} has no member named ‘[01m[Ksuccess[m[K’
[2.329s]    69 |                         result->[01;31m[Ksuccess[m[K = false;
[2.329s]       |                                 [01;31m[K^~~~~~~[m[K
[2.333s] [01m[K/home/basmala/ros2_ws/act_cont_ex/src/action_server.cpp:77:117:[m[K [01;31m[Kerror: [m[K‘[01m[Kusing std::__shared_ptr_access<action_interfaces::action::Movetogoal_Feedback_<std::allocator<void> >, __gnu_cxx::_S_atomic, false, false>::element_type = struct action_interfaces::action::Movetogoal_Feedback_<std::allocator<void> >[m[K’ {aka ‘[01m[Kstruct action_interfaces::action::Movetogoal_Feedback_<std::allocator<void> >[m[K’} has no member named ‘[01m[Kcurrent_pose[m[K’
[2.334s]    77 | CPP_INFO(this->get_logger(), "Publishing feedback: current position (%.2f, %.2f)", feedback->[01;31m[Kcurrent_pose[m[K.pose.position.x, feedback->current_pose.pose.position.y);
[2.334s]       |                                                                                              [01;31m[K^~~~~~~~~~~~[m[K
[2.334s] 
[2.334s] [01m[K/home/basmala/ros2_ws/act_cont_ex/src/action_server.cpp:77:157:[m[K [01;31m[Kerror: [m[K‘[01m[Kusing std::__shared_ptr_access<action_interfaces::action::Movetogoal_Feedback_<std::allocator<void> >, __gnu_cxx::_S_atomic, false, false>::element_type = struct action_interfaces::action::Movetogoal_Feedback_<std::allocator<void> >[m[K’ {aka ‘[01m[Kstruct action_interfaces::action::Movetogoal_Feedback_<std::allocator<void> >[m[K’} has no member named ‘[01m[Kcurrent_pose[m[K’
[2.334s]    77 |  feedback: current position (%.2f, %.2f)", feedback->current_pose.pose.position.x, feedback->[01;31m[Kcurrent_pose[m[K.pose.position.y);
[2.334s]       |                                                                                              [01;31m[K^~~~~~~~~~~~[m[K
[2.334s] 
[2.334s] [01m[K/home/basmala/ros2_ws/act_cont_ex/src/action_server.cpp:80:25:[m[K [01;31m[Kerror: [m[K‘[01m[Kusing std::__shared_ptr_access<action_interfaces::action::Movetogoal_Result_<std::allocator<void> >, __gnu_cxx::_S_atomic, false, false>::element_type = struct action_interfaces::action::Movetogoal_Result_<std::allocator<void> >[m[K’ {aka ‘[01m[Kstruct action_interfaces::action::Movetogoal_Result_<std::allocator<void> >[m[K’} has no member named ‘[01m[Ksuccess[m[K’
[2.334s]    80 |                 result->[01;31m[Ksuccess[m[K = true;
[2.334s]       |                         [01;31m[K^~~~~~~[m[K
[2.336s] [01m[K/home/basmala/ros2_ws/act_cont_ex/src/action_server.cpp:[m[K In member function ‘[01m[Kvoid act_cont_ex::RobotControllerActionServer::[01;32m[Ktimer_callback[m[K()[m[K’:
[2.336s] [01m[K/home/basmala/ros2_ws/act_cont_ex/src/action_server.cpp:93:36:[m[K [01;31m[Kerror: [m[Kexpected primary-expression before ‘[01m[Kconst[m[K’
[2.336s]    93 |                 if(handle_accepted([01;31m[Kconst[m[K int))
[2.336s]       |                                    [01;31m[K^~~~~[m[K
[2.345s] [01m[K/home/basmala/ros2_ws/act_cont_ex/src/action_server.cpp:96:56:[m[K [01;31m[Kerror: [m[K‘[01m[Kgoal_handle[m[K’ was not declared in this scope
[2.346s]    96 |                         if(current_pose_.position.x >= [01;31m[Kgoal_handle[m[K->get_goal()->goal_coord_x && current_pose_.position.y >= goal_handle->get_goal()->goal_coord_y)
[2.346s]       |                                                        [01;31m[K^~~~~~~~~~~[m[K
[3.997s] [ 87%] [32m[1mLinking CXX shared library libaction_client.so[0m
[4.165s] [ 87%] Built target action_client
[4.447s] gmake[2]: *** [CMakeFiles/action_server.dir/build.make:76: CMakeFiles/action_server.dir/src/action_server.cpp.o] Error 1
[4.447s] gmake[1]: *** [CMakeFiles/Makefile2:143: CMakeFiles/action_server.dir/all] Error 2
[4.447s] gmake: *** [Makefile:146: all] Error 2
[4.451s] Invoked command in '/home/basmala/ros2_ws/build/act_cont_ex' returned '2': CMAKE_PREFIX_PATH=/home/basmala/ros2_ws/install/action_interfaces:/home/basmala/ros2_ws/install/yahboom_rosmaster:/home/basmala/ros2_ws/install/yahboom_rosmaster_system_tests:/home/basmala/ros2_ws/install/yahboom_rosmaster_gazebo:/home/basmala/ros2_ws/install/yahboom_rosmaster_description:/home/basmala/ros2_ws/install/yahboom_rosmaster_bringup:/home/basmala/ros2_ws/install/turtlesim_controller:/home/basmala/ros2_ws/install/turtlesim_custom_msgs:/home/basmala/ros2_ws/install/turtle_action_cpp:/home/basmala/ros2_ws/install/mecanum_drive_controller:/home/basmala/ros2_ws/install/first_package_cpp:/home/basmala/ros2_ws/install/bme_gazebo_sensors:/home/basmala/ros2_ws/install/assignment2_rt:/home/basmala/ros2_ws/install/assignment2_custom_msgs_srvs:/home/basmala/ros2_ws/install/assignment1_rt:/opt/ros/jazzy/opt/gz_sim_vendor:/opt/ros/jazzy/opt/gz_sensors_vendor:/opt/ros/jazzy/opt/gz_physics_vendor:/opt/ros/jazzy/opt/sdformat_vendor:/opt/ros/jazzy/opt/gz_gui_vendor:/opt/ros/jazzy/opt/gz_transport_vendor:/opt/ros/jazzy/opt/gz_rendering_vendor:/opt/ros/jazzy/opt/gz_plugin_vendor:/opt/ros/jazzy/opt/gz_fuel_tools_vendor:/opt/ros/jazzy/opt/gz_msgs_vendor:/opt/ros/jazzy/opt/gz_common_vendor:/opt/ros/jazzy/opt/gz_math_vendor:/opt/ros/jazzy/opt/gz_utils_vendor:/opt/ros/jazzy/opt/gz_tools_vendor:/opt/ros/jazzy/opt/gz_ogre_next_vendor:/opt/ros/jazzy/opt/gz_dartsim_vendor:/opt/ros/jazzy/opt/gz_cmake_vendor:/home/basmala/ros2_ws/install/turtle_action_client:/home/basmala/ros2_ws/install/first_package_python:/home/basmala/ros2_ws/install/fibonacci:/opt/ros/jazzy DEBUGINFOD_URLS=https://debuginfod.ubuntu.com LD_LIBRARY_PATH=/home/basmala/ros2_ws/install/action_interfaces/lib:/home/basmala/ros2_ws/install/turtlesim_custom_msgs/lib:/home/basmala/ros2_ws/install/mecanum_drive_controller/lib:/home/basmala/ros2_ws/install/first_package_cpp/lib:/home/basmala/ros2_ws/install/assignment2_custom_msgs_srvs/lib:/opt/ros/jazzy/opt/gz_sim_vendor/lib:/opt/ros/jazzy/opt/gz_sensors_vendor/lib:/opt/ros/jazzy/opt/gz_physics_vendor/lib:/opt/ros/jazzy/opt/sdformat_vendor/lib:/opt/ros/jazzy/opt/rviz_ogre_vendor/lib:/opt/ros/jazzy/lib/x86_64-linux-gnu:/opt/ros/jazzy/opt/gz_gui_vendor/lib:/opt/ros/jazzy/opt/gz_transport_vendor/lib:/opt/ros/jazzy/opt/gz_rendering_vendor/lib:/opt/ros/jazzy/opt/gz_plugin_vendor/lib:/opt/ros/jazzy/opt/gz_fuel_tools_vendor/lib:/opt/ros/jazzy/opt/gz_msgs_vendor/lib:/opt/ros/jazzy/opt/gz_common_vendor/lib:/opt/ros/jazzy/opt/gz_math_vendor/lib:/opt/ros/jazzy/opt/gz_utils_vendor/lib:/opt/ros/jazzy/opt/gz_tools_vendor/lib:/opt/ros/jazzy/opt/gz_ogre_next_vendor/lib:/opt/ros/jazzy/opt/gz_dartsim_vendor/lib:/opt/ros/jazzy/opt/gz_cmake_vendor/lib:/opt/ros/jazzy/lib PYTHONPATH=/home/basmala/ros2_ws/install/action_interfaces/lib/python3.12/site-packages:/home/basmala/ros2_ws/install/turtlesim_custom_msgs/lib/python3.12/site-packages:/home/basmala/ros2_ws/install/turtle_action_client/lib/python3.12/site-packages:/home/basmala/ros2_ws/install/first_package_python/lib/python3.12/site-packages:/home/basmala/ros2_ws/install/fibonacci/lib/python3.12/site-packages:/home/basmala/ros2_ws/install/assignment2_custom_msgs_srvs/lib/python3.12/site-packages:/opt/ros/jazzy/lib/python3.12/site-packages /usr/bin/cmake --build /home/basmala/ros2_ws/build/act_cont_ex -- -j20 -l20
