-- Found ament_cmake: 2.5.5 (/opt/ros/jazzy/share/ament_cmake/cmake)
-- Override CMake install command with custom implementation using symlinks instead of copying resources
-- Found rclcpp: 28.1.16 (/opt/ros/jazzy/share/rclcpp/cmake)
-- Found rosidl_generator_c: 4.6.7 (/opt/ros/jazzy/share/rosidl_generator_c/cmake)
-- Found rosidl_generator_cpp: 4.6.7 (/opt/ros/jazzy/share/rosidl_generator_cpp/cmake)
-- Using all available rosidl_typesupport_c: rosidl_typesupport_fastrtps_c;rosidl_typesupport_introspection_c
-- Using all available rosidl_typesupport_cpp: rosidl_typesupport_fastrtps_cpp;rosidl_typesupport_introspection_cpp
-- Found rmw_implementation_cmake: 7.3.3 (/opt/ros/jazzy/share/rmw_implementation_cmake/cmake)
-- Found rmw_fastrtps_cpp: 8.4.3 (/opt/ros/jazzy/share/rmw_fastrtps_cpp/cmake)
-- Using RMW implementation 'rmw_fastrtps_cpp' as default
-- Found std_msgs: 5.3.6 (/opt/ros/jazzy/share/std_msgs/cmake)
-- Found rclcpp_components: 28.1.16 (/opt/ros/jazzy/share/rclcpp_components/cmake)
-- Found ament_lint_auto: 0.17.4 (/opt/ros/jazzy/share/ament_lint_auto/cmake)
-- Added test 'cppcheck' to perform static code analysis on C / C++ code
-- Configured cppcheck include dirs: 
-- Configured cppcheck exclude dirs and/or files: 
-- Added test 'lint_cmake' to check CMake code style
-- Added test 'uncrustify' to check C / C++ code style
-- Configured uncrustify additional arguments: 
-- Added test 'xmllint' to check XML markup files
-- Configuring done (0.8s)
-- Generating done (0.0s)
-- Build files have been written to: /home/basmala/ros2_ws/build/first_package_cpp
[ 12%] [32mBuilding CXX object CMakeFiles/sub.dir/src/sub.cpp.o[0m
[ 25%] [32mBuilding CXX object CMakeFiles/pub.dir/src/pub.cpp.o[0m
[ 50%] [32mBuilding CXX object CMakeFiles/pub_component.dir/src/pub_component.cpp.o[0m
[ 50%] [32mBuilding CXX object CMakeFiles/sub_component.dir/src/sub_component.cpp.o[0m
[01m[K/home/basmala/ros2_ws/first_package_cpp/src/pub_component.cpp:29:14:[m[K [01;31m[Kerror: [m[K‘[01m[Kstd::make_unique[m[K’ in namespace ‘[01m[Kstd[m[K’ does not name a template type
   29 |         std::[01;31m[Kmake_unique<std_msgs::msg::String>[m[K message;
      |              [01;31m[K^~~~~~~~~~~~~~~~~~~~~~~~~~~~~~~~~~[m[K
[01m[K/home/basmala/ros2_ws/first_package_cpp/src/pub_component.cpp:[m[K In constructor ‘[01m[Kfirst_package_cpp::MinimalPublisher::[01;32m[KMinimalPublisher[m[K(const rclcpp::NodeOptions&)[m[K’:
[01m[K/home/basmala/ros2_ws/first_package_cpp/src/pub_component.cpp:15:13:[m[K [01;31m[Kerror: [m[K‘[01m[Kmessage[m[K’ was not declared in this scope
   15 |             [01;31m[Kmessage[m[K = std::make_unique<std_msgs::msg::String>();
      |             [01;31m[K^~~~~~~[m[K
[01m[K/home/basmala/ros2_ws/first_package_cpp/src/pub_component.cpp:[m[K In member function ‘[01m[Kvoid first_package_cpp::MinimalPublisher::[01;32m[Ktimer_callback[m[K()[m[K’:
[01m[K/home/basmala/ros2_ws/first_package_cpp/src/pub_component.cpp:22:13:[m[K [01;31m[Kerror: [m[K‘[01m[Kmessage[m[K’ was not declared in this scope
   22 |             [01;31m[Kmessage[m[K.data = "Hello, world! " + std::to_string(count_++);
      |             [01;31m[K^~~~~~~[m[K
gmake[2]: *** [CMakeFiles/pub_component.dir/build.make:76: CMakeFiles/pub_component.dir/src/pub_component.cpp.o] Error 1
gmake[1]: *** [CMakeFiles/Makefile2:195: CMakeFiles/pub_component.dir/all] Error 2
gmake[1]: *** Waiting for unfinished jobs....
[ 62%] [32m[1mLinking CXX executable pub[0m
[ 62%] Built target pub
[ 75%] [32m[1mLinking CXX executable sub[0m
[ 87%] [32m[1mLinking CXX shared library libsub_component.so[0m
[ 87%] Built target sub
[ 87%] Built target sub_component
gmake: *** [Makefile:146: all] Error 2
