[  8%] [32mBuilding CXX object CMakeFiles/sub_exe.dir/src/sub_component.cpp.o[0m
[ 16%] [32mBuilding CXX object CMakeFiles/pub_exe.dir/src/pub_component.cpp.o[0m
[ 33%] Built target sub
[ 50%] Built target pub
[ 66%] Built target pub_component
[01m[K/home/basmala/ros2_ws/first_package_cpp/src/sub_component.cpp:1:10:[m[K [01;31m[Kfatal error: [m[Krclcpp/rclcpp.hpp: No such file or directory
    1 | #include [01;31m[K<rclcpp/rclcpp.hpp>[m[K
      |          [01;31m[K^~~~~~~~~~~~~~~~~~~[m[K
compilation terminated.
[ 75%] [32mBuilding CXX object CMakeFiles/sub_component.dir/src/sub_component.cpp.o[0m
[01m[K/home/basmala/ros2_ws/first_package_cpp/src/pub_component.cpp:1:10:[m[K [01;31m[Kfatal error: [m[Krclcpp/rclcpp.hpp: No such file or directory
    1 | #include [01;31m[K"rclcpp/rclcpp.hpp"[m[K
      |          [01;31m[K^~~~~~~~~~~~~~~~~~~[m[K
compilation terminated.
gmake[2]: *** [CMakeFiles/sub_exe.dir/build.make:76: CMakeFiles/sub_exe.dir/src/sub_component.cpp.o] Error 1
gmake[2]: *** [CMakeFiles/pub_exe.dir/build.make:76: CMakeFiles/pub_exe.dir/src/pub_component.cpp.o] Error 1
gmake[1]: *** [CMakeFiles/Makefile2:225: CMakeFiles/sub_exe.dir/all] Error 2
gmake[1]: *** Waiting for unfinished jobs....
gmake[1]: *** [CMakeFiles/Makefile2:199: CMakeFiles/pub_exe.dir/all] Error 2
[ 83%] [32m[1mLinking CXX shared library libsub_component.so[0m
[ 83%] Built target sub_component
gmake: *** [Makefile:146: all] Error 2
