[0.008s] Invoking command in '/home/basmala/ros2_ws/build/turtle_action_cpp': DEBUGINFOD_URLS=https://debuginfod.ubuntu.com /usr/bin/cmake /home/basmala/ros2_ws/turtle_action_cpp -DCMAKE_INSTALL_PREFIX=/home/basmala/ros2_ws/install/turtle_action_cpp
[0.026s] -- Found ament_cmake: 2.5.5 (/opt/ros/jazzy/share/ament_cmake/cmake)
[0.373s] -- Found rclcpp: 28.1.16 (/opt/ros/jazzy/share/rclcpp/cmake)
[0.429s] -- Found rosidl_generator_c: 4.6.7 (/opt/ros/jazzy/share/rosidl_generator_c/cmake)
[0.446s] -- Found rosidl_generator_cpp: 4.6.7 (/opt/ros/jazzy/share/rosidl_generator_cpp/cmake)
[0.464s] -- Using all available rosidl_typesupport_c: rosidl_typesupport_fastrtps_c;rosidl_typesupport_introspection_c
[0.478s] -- Using all available rosidl_typesupport_cpp: rosidl_typesupport_fastrtps_cpp;rosidl_typesupport_introspection_cpp
[0.521s] -- Found rmw_implementation_cmake: 7.3.3 (/opt/ros/jazzy/share/rmw_implementation_cmake/cmake)
[0.522s] -- Found rmw_fastrtps_cpp: 8.4.3 (/opt/ros/jazzy/share/rmw_fastrtps_cpp/cmake)
[0.604s] -- Using RMW implementation 'rmw_fastrtps_cpp' as default
[0.708s] -- Found rclcpp_action: 28.1.16 (/opt/ros/jazzy/share/rclcpp_action/cmake)
[0.744s] -- Found turtlesim: 1.8.3 (/opt/ros/jazzy/share/turtlesim/cmake)
[0.758s] -- Found ament_lint_auto: 0.17.4 (/opt/ros/jazzy/share/ament_lint_auto/cmake)
[0.810s] Error parsing '/home/basmala/ros2_ws/turtle_action_cpp/package.xml':
[4.017s] Traceback (most recent call last):
[4.017s]   File "/opt/ros/jazzy/share/ament_cmake_core/cmake/core/package_xml_2_cmake.py", line 150, in <module>
[4.017s]     main()
[4.018s]   File "/opt/ros/jazzy/share/ament_cmake_core/cmake/core/package_xml_2_cmake.py", line 53, in main
[4.018s]     raise e
[4.018s]   File "/opt/ros/jazzy/share/ament_cmake_core/cmake/core/package_xml_2_cmake.py", line 49, in main
[4.018s]     package = parse_package_string(
[4.018s]               ^^^^^^^^^^^^^^^^^^^^^
[4.018s]   File "/usr/lib/python3/dist-packages/catkin_pkg/package.py", line 786, in parse_package_string
[4.018s]     raise InvalidPackage('Error(s):%s' % (''.join(['\n- %s' % e for e in errors])), filename)
[4.018s] catkin_pkg.package.InvalidPackage: Error(s) in package '/home/basmala/ros2_ws/turtle_action_cpp/package.xml':
[4.018s] Error(s):
[4.018s] - The generic dependency on 'rclcpp' is redundant with: exec_depend
[4.018s] - The generic dependency on 'rclcpp_action' is redundant with: exec_depend
[4.018s] - The generic dependency on 'turtlesim' is redundant with: exec_depend
[4.078s] [31mCMake Error at /opt/ros/jazzy/share/ament_cmake_core/cmake/core/ament_package_xml.cmake:95 (message):
[4.079s]   execute_process(/usr/bin/python3
[4.079s]   /opt/ros/jazzy/share/ament_cmake_core/cmake/core/package_xml_2_cmake.py
[4.079s]   /home/basmala/ros2_ws/turtle_action_cpp/package.xml
[4.079s]   /home/basmala/ros2_ws/build/turtle_action_cpp/ament_cmake_core/package.cmake)
[4.079s]   returned error code 1
[4.079s] Call Stack (most recent call first):
[4.080s]   /opt/ros/jazzy/share/ament_cmake_core/cmake/core/ament_package_xml.cmake:49 (_ament_package_xml)
[4.080s]   /opt/ros/jazzy/share/ament_lint_auto/cmake/ament_lint_auto_find_test_dependencies.cmake:31 (ament_package_xml)
[4.080s]   CMakeLists.txt:38 (ament_lint_auto_find_test_dependencies)
[4.080s] 
[4.080s] [0m
[4.080s] -- Configuring incomplete, errors occurred!
[4.091s] Invoked command in '/home/basmala/ros2_ws/build/turtle_action_cpp' returned '1': DEBUGINFOD_URLS=https://debuginfod.ubuntu.com /usr/bin/cmake /home/basmala/ros2_ws/turtle_action_cpp -DCMAKE_INSTALL_PREFIX=/home/basmala/ros2_ws/install/turtle_action_cpp
