-- Found ament_cmake: 2.5.5 (/opt/ros/jazzy/share/ament_cmake/cmake)
-- Found Python3: /usr/bin/python3 (found version "3.12.3") found components: Interpreter 
-- Found rosidl_default_generators: 1.6.0 (/opt/ros/jazzy/share/rosidl_default_generators/cmake)
-- Using all available rosidl_typesupport_c: rosidl_typesupport_fastrtps_c;rosidl_typesupport_introspection_c
-- Using all available rosidl_typesupport_cpp: rosidl_typesupport_fastrtps_cpp;rosidl_typesupport_introspection_cpp
-- Found rosidl_adapter: 4.6.7 (/opt/ros/jazzy/share/rosidl_adapter/cmake)
-- Found ament_cmake_ros: 0.12.0 (/opt/ros/jazzy/share/ament_cmake_ros/cmake)
-- Using all available rosidl_typesupport_c: rosidl_typesupport_fastrtps_c;rosidl_typesupport_introspection_c
-- Using all available rosidl_typesupport_cpp: rosidl_typesupport_fastrtps_cpp;rosidl_typesupport_introspection_cpp
-- Found python_cmake_module: 0.11.1 (/opt/ros/jazzy/share/python_cmake_module/cmake)
-- Found Python3: /usr/bin/python3 (found version "3.12.3") found components: Interpreter Development NumPy Development.Module Development.Embed 
-- Found ament_lint_auto: 0.17.4 (/opt/ros/jazzy/share/ament_lint_auto/cmake)
-- Added test 'lint_cmake' to check CMake code style
-- Added test 'xmllint' to check XML markup files
-- Configuring done (1.7s)
-- Generating done (0.0s)
-- Build files have been written to: /home/basmala/ros2_ws/build/action_interfaces
[  2%] [34m[1mGenerating type hashes for ROS interfaces[0m
[  2%] Built target ament_cmake_python_copy_action_interfaces
running egg_info
[  2%] Built target action_interfaces__rosidl_generator_type_description
writing action_interfaces.egg-info/PKG-INFO
writing dependency_links to action_interfaces.egg-info/dependency_links.txt
writing top-level names to action_interfaces.egg-info/top_level.txt
[  4%] [34m[1mGenerating C code for ROS interfaces[0m
[  6%] [34m[1mGenerating C++ code for ROS interfaces[0m
reading manifest file 'action_interfaces.egg-info/SOURCES.txt'
writing manifest file 'action_interfaces.egg-info/SOURCES.txt'
[  6%] Built target ament_cmake_python_build_action_interfaces_egg
[  6%] Built target action_interfaces__cpp
[  9%] [32mBuilding C object CMakeFiles/action_interfaces__rosidl_generator_c.dir/rosidl_generator_c/action_interfaces/action/detail/movetogoal__description.c.o[0m
[ 11%] [32mBuilding C object CMakeFiles/action_interfaces__rosidl_generator_c.dir/rosidl_generator_c/action_interfaces/action/detail/fibonacci__type_support.c.o[0m
[ 13%] [32mBuilding C object CMakeFiles/action_interfaces__rosidl_generator_c.dir/rosidl_generator_c/action_interfaces/action/detail/movetogoal__type_support.c.o[0m
[ 15%] [32mBuilding C object CMakeFiles/action_interfaces__rosidl_generator_c.dir/rosidl_generator_c/action_interfaces/action/detail/fibonacci__description.c.o[0m
[ 18%] [32mBuilding C object CMakeFiles/action_interfaces__rosidl_generator_c.dir/rosidl_generator_c/action_interfaces/action/detail/fibonacci__functions.c.o[0m
[ 20%] [32mBuilding C object CMakeFiles/action_interfaces__rosidl_generator_c.dir/rosidl_generator_c/action_interfaces/action/detail/movetogoal__functions.c.o[0m
[ 22%] [32m[1mLinking C shared library libaction_interfaces__rosidl_generator_c.so[0m
[ 22%] Built target action_interfaces__rosidl_generator_c
[ 27%] [34m[1mGenerating C++ type support dispatch for ROS interfaces[0m
[ 29%] [34m[1mGenerating C type support for eProsima Fast-RTPS[0m
[ 29%] [34m[1mGenerating C type support dispatch for ROS interfaces[0m
[ 31%] [34m[1mGenerating C introspection for ROS interfaces[0m
[ 34%] [34m[1mGenerating C++ introspection for ROS interfaces[0m
[ 36%] [34m[1mGenerating C++ type support for eProsima Fast-RTPS[0m
[ 38%] [32mBuilding CXX object CMakeFiles/action_interfaces__rosidl_typesupport_cpp.dir/rosidl_typesupport_cpp/action_interfaces/action/movetogoal__type_support.cpp.o[0m
[ 40%] [32mBuilding CXX object CMakeFiles/action_interfaces__rosidl_typesupport_c.dir/rosidl_typesupport_c/action_interfaces/action/movetogoal__type_support.cpp.o[0m
[ 43%] [32mBuilding CXX object CMakeFiles/action_interfaces__rosidl_typesupport_c.dir/rosidl_typesupport_c/action_interfaces/action/fibonacci__type_support.cpp.o[0m
[ 45%] [32mBuilding CXX object CMakeFiles/action_interfaces__rosidl_typesupport_cpp.dir/rosidl_typesupport_cpp/action_interfaces/action/fibonacci__type_support.cpp.o[0m
[ 47%] [32m[1mLinking CXX shared library libaction_interfaces__rosidl_typesupport_c.so[0m
[ 50%] [32mBuilding CXX object CMakeFiles/action_interfaces__rosidl_typesupport_introspection_cpp.dir/rosidl_typesupport_introspection_cpp/action_interfaces/action/detail/fibonacci__type_support.cpp.o[0m
[ 52%] [32mBuilding CXX object CMakeFiles/action_interfaces__rosidl_typesupport_introspection_cpp.dir/rosidl_typesupport_introspection_cpp/action_interfaces/action/detail/movetogoal__type_support.cpp.o[0m
[ 56%] [32mBuilding C object CMakeFiles/action_interfaces__rosidl_typesupport_introspection_c.dir/rosidl_typesupport_introspection_c/action_interfaces/action/detail/fibonacci__type_support.c.o[0m
[ 56%] [32mBuilding C object CMakeFiles/action_interfaces__rosidl_typesupport_introspection_c.dir/rosidl_typesupport_introspection_c/action_interfaces/action/detail/movetogoal__type_support.c.o[0m
[ 56%] Built target action_interfaces__rosidl_typesupport_c
[ 59%] [32m[1mLinking C shared library libaction_interfaces__rosidl_typesupport_introspection_c.so[0m
[ 59%] Built target action_interfaces__rosidl_typesupport_introspection_c
[ 63%] [32mBuilding CXX object CMakeFiles/action_interfaces__rosidl_typesupport_fastrtps_cpp.dir/rosidl_typesupport_fastrtps_cpp/action_interfaces/action/detail/dds_fastrtps/movetogoal__type_support.cpp.o[0m
[ 63%] [32mBuilding CXX object CMakeFiles/action_interfaces__rosidl_typesupport_fastrtps_cpp.dir/rosidl_typesupport_fastrtps_cpp/action_interfaces/action/detail/dds_fastrtps/fibonacci__type_support.cpp.o[0m
[ 65%] [32mBuilding CXX object CMakeFiles/action_interfaces__rosidl_typesupport_fastrtps_c.dir/rosidl_typesupport_fastrtps_c/action_interfaces/action/detail/fibonacci__type_support_c.cpp.o[0m
[ 68%] [32mBuilding CXX object CMakeFiles/action_interfaces__rosidl_typesupport_fastrtps_c.dir/rosidl_typesupport_fastrtps_c/action_interfaces/action/detail/movetogoal__type_support_c.cpp.o[0m
[ 70%] [32m[1mLinking CXX shared library libaction_interfaces__rosidl_typesupport_cpp.so[0m
[ 70%] Built target action_interfaces__rosidl_typesupport_cpp
[ 72%] [32m[1mLinking CXX shared library libaction_interfaces__rosidl_typesupport_introspection_cpp.so[0m
[ 72%] Built target action_interfaces__rosidl_typesupport_introspection_cpp
[ 75%] [32m[1mLinking CXX shared library libaction_interfaces__rosidl_typesupport_fastrtps_c.so[0m
[ 75%] Built target action_interfaces__rosidl_typesupport_fastrtps_c
[ 77%] [32m[1mLinking CXX shared library libaction_interfaces__rosidl_typesupport_fastrtps_cpp.so[0m
[ 77%] Built target action_interfaces__rosidl_typesupport_fastrtps_cpp
[ 77%] Built target action_interfaces
[ 79%] [34m[1mGenerating Python code for ROS interfaces[0m
[ 79%] Built target action_interfaces__py
[ 81%] [32mBuilding C object CMakeFiles/action_interfaces__rosidl_generator_py.dir/rosidl_generator_py/action_interfaces/action/_movetogoal_s.c.o[0m
[ 84%] [32mBuilding C object CMakeFiles/action_interfaces__rosidl_generator_py.dir/rosidl_generator_py/action_interfaces/action/_fibonacci_s.c.o[0m
[ 86%] [32m[1mLinking C shared library libaction_interfaces__rosidl_generator_py.so[0m
[ 86%] Built target action_interfaces__rosidl_generator_py
[ 90%] [32mBuilding C object CMakeFiles/action_interfaces_s__rosidl_typesupport_introspection_c.dir/rosidl_generator_py/action_interfaces/_action_interfaces_s.ep.rosidl_typesupport_introspection_c.c.o[0m
[ 90%] [32mBuilding C object CMakeFiles/action_interfaces_s__rosidl_typesupport_fastrtps_c.dir/rosidl_generator_py/action_interfaces/_action_interfaces_s.ep.rosidl_typesupport_fastrtps_c.c.o[0m
[ 93%] [32mBuilding C object CMakeFiles/action_interfaces_s__rosidl_typesupport_c.dir/rosidl_generator_py/action_interfaces/_action_interfaces_s.ep.rosidl_typesupport_c.c.o[0m
[ 95%] [32m[1mLinking C shared module rosidl_generator_py/action_interfaces/action_interfaces_s__rosidl_typesupport_introspection_c.so[0m
[ 97%] [32m[1mLinking C shared module rosidl_generator_py/action_interfaces/action_interfaces_s__rosidl_typesupport_c.so[0m
[100%] [32m[1mLinking C shared module rosidl_generator_py/action_interfaces/action_interfaces_s__rosidl_typesupport_fastrtps_c.so[0m
[100%] Built target action_interfaces_s__rosidl_typesupport_introspection_c
[100%] Built target action_interfaces_s__rosidl_typesupport_fastrtps_c
[100%] Built target action_interfaces_s__rosidl_typesupport_c
-- Install configuration: ""
-- Installing: /home/basmala/ros2_ws/install/action_interfaces/share/ament_index/resource_index/rosidl_interfaces/action_interfaces
-- Installing: /home/basmala/ros2_ws/install/action_interfaces/share/action_interfaces/action/Fibonacci.json
-- Installing: /home/basmala/ros2_ws/install/action_interfaces/share/action_interfaces/action/Movetogoal.json
-- Up-to-date: /home/basmala/ros2_ws/install/action_interfaces/include/action_interfaces/action_interfaces
-- Up-to-date: /home/basmala/ros2_ws/install/action_interfaces/include/action_interfaces/action_interfaces/action
-- Installing: /home/basmala/ros2_ws/install/action_interfaces/include/action_interfaces/action_interfaces/action/fibonacci.h
-- Up-to-date: /home/basmala/ros2_ws/install/action_interfaces/include/action_interfaces/action_interfaces/action/detail
-- Installing: /home/basmala/ros2_ws/install/action_interfaces/include/action_interfaces/action_interfaces/action/detail/fibonacci__functions.h
-- Installing: /home/basmala/ros2_ws/install/action_interfaces/include/action_interfaces/action_interfaces/action/detail/fibonacci__functions.c
-- Installing: /home/basmala/ros2_ws/install/action_interfaces/include/action_interfaces/action_interfaces/action/detail/movetogoal__struct.h
-- Installing: /home/basmala/ros2_ws/install/action_interfaces/include/action_interfaces/action_interfaces/action/detail/fibonacci__description.c
-- Installing: /home/basmala/ros2_ws/install/action_interfaces/include/action_interfaces/action_interfaces/action/detail/movetogoal__type_support.c
-- Installing: /home/basmala/ros2_ws/install/action_interfaces/include/action_interfaces/action_interfaces/action/detail/fibonacci__type_support.c
-- Installing: /home/basmala/ros2_ws/install/action_interfaces/include/action_interfaces/action_interfaces/action/detail/movetogoal__functions.h
-- Installing: /home/basmala/ros2_ws/install/action_interfaces/include/action_interfaces/action_interfaces/action/detail/fibonacci__type_support.h
-- Installing: /home/basmala/ros2_ws/install/action_interfaces/include/action_interfaces/action_interfaces/action/detail/fibonacci__struct.h
-- Installing: /home/basmala/ros2_ws/install/action_interfaces/include/action_interfaces/action_interfaces/action/detail/movetogoal__functions.c
-- Installing: /home/basmala/ros2_ws/install/action_interfaces/include/action_interfaces/action_interfaces/action/detail/movetogoal__description.c
-- Installing: /home/basmala/ros2_ws/install/action_interfaces/include/action_interfaces/action_interfaces/action/detail/movetogoal__type_support.h
-- Installing: /home/basmala/ros2_ws/install/action_interfaces/include/action_interfaces/action_interfaces/action/movetogoal.h
-- Up-to-date: /home/basmala/ros2_ws/install/action_interfaces/include/action_interfaces/action_interfaces/msg
-- Up-to-date: /home/basmala/ros2_ws/install/action_interfaces/include/action_interfaces/action_interfaces/msg/rosidl_generator_c__visibility_control.h
-- Up-to-date: /home/basmala/ros2_ws/install/action_interfaces/share/action_interfaces/environment/library_path.sh
-- Up-to-date: /home/basmala/ros2_ws/install/action_interfaces/share/action_interfaces/environment/library_path.dsv
-- Installing: /home/basmala/ros2_ws/install/action_interfaces/lib/libaction_interfaces__rosidl_generator_c.so
-- Set non-toolchain portion of runtime path of "/home/basmala/ros2_ws/install/action_interfaces/lib/libaction_interfaces__rosidl_generator_c.so" to ""
-- Up-to-date: /home/basmala/ros2_ws/install/action_interfaces/include/action_interfaces/action_interfaces
-- Up-to-date: /home/basmala/ros2_ws/install/action_interfaces/include/action_interfaces/action_interfaces/action
-- Up-to-date: /home/basmala/ros2_ws/install/action_interfaces/include/action_interfaces/action_interfaces/action/detail
-- Installing: /home/basmala/ros2_ws/install/action_interfaces/include/action_interfaces/action_interfaces/action/detail/fibonacci__rosidl_typesupport_fastrtps_c.h
-- Installing: /home/basmala/ros2_ws/install/action_interfaces/include/action_interfaces/action_interfaces/action/detail/movetogoal__rosidl_typesupport_fastrtps_c.h
-- Up-to-date: /home/basmala/ros2_ws/install/action_interfaces/include/action_interfaces/action_interfaces/msg
-- Up-to-date: /home/basmala/ros2_ws/install/action_interfaces/include/action_interfaces/action_interfaces/msg/rosidl_typesupport_fastrtps_c__visibility_control.h
-- Installing: /home/basmala/ros2_ws/install/action_interfaces/lib/libaction_interfaces__rosidl_typesupport_fastrtps_c.so
-- Set non-toolchain portion of runtime path of "/home/basmala/ros2_ws/install/action_interfaces/lib/libaction_interfaces__rosidl_typesupport_fastrtps_c.so" to ""
-- Up-to-date: /home/basmala/ros2_ws/install/action_interfaces/include/action_interfaces/action_interfaces
-- Up-to-date: /home/basmala/ros2_ws/install/action_interfaces/include/action_interfaces/action_interfaces/action
-- Up-to-date: /home/basmala/ros2_ws/install/action_interfaces/include/action_interfaces/action_interfaces/action/detail
-- Installing: /home/basmala/ros2_ws/install/action_interfaces/include/action_interfaces/action_interfaces/action/detail/movetogoal__type_support.c
-- Installing: /home/basmala/ros2_ws/install/action_interfaces/include/action_interfaces/action_interfaces/action/detail/fibonacci__rosidl_typesupport_introspection_c.h
-- Installing: /home/basmala/ros2_ws/install/action_interfaces/include/action_interfaces/action_interfaces/action/detail/fibonacci__type_support.c
-- Installing: /home/basmala/ros2_ws/install/action_interfaces/include/action_interfaces/action_interfaces/action/detail/movetogoal__rosidl_typesupport_introspection_c.h
-- Up-to-date: /home/basmala/ros2_ws/install/action_interfaces/include/action_interfaces/action_interfaces/msg
-- Up-to-date: /home/basmala/ros2_ws/install/action_interfaces/include/action_interfaces/action_interfaces/msg/rosidl_typesupport_introspection_c__visibility_control.h
-- Installing: /home/basmala/ros2_ws/install/action_interfaces/lib/libaction_interfaces__rosidl_typesupport_introspection_c.so
-- Set non-toolchain portion of runtime path of "/home/basmala/ros2_ws/install/action_interfaces/lib/libaction_interfaces__rosidl_typesupport_introspection_c.so" to ""
-- Installing: /home/basmala/ros2_ws/install/action_interfaces/lib/libaction_interfaces__rosidl_typesupport_c.so
-- Set non-toolchain portion of runtime path of "/home/basmala/ros2_ws/install/action_interfaces/lib/libaction_interfaces__rosidl_typesupport_c.so" to ""
-- Up-to-date: /home/basmala/ros2_ws/install/action_interfaces/include/action_interfaces/action_interfaces
-- Up-to-date: /home/basmala/ros2_ws/install/action_interfaces/include/action_interfaces/action_interfaces/action
-- Installing: /home/basmala/ros2_ws/install/action_interfaces/include/action_interfaces/action_interfaces/action/movetogoal.hpp
-- Up-to-date: /home/basmala/ros2_ws/install/action_interfaces/include/action_interfaces/action_interfaces/action/detail
-- Installing: /home/basmala/ros2_ws/install/action_interfaces/include/action_interfaces/action_interfaces/action/detail/movetogoal__type_support.hpp
-- Installing: /home/basmala/ros2_ws/install/action_interfaces/include/action_interfaces/action_interfaces/action/detail/movetogoal__struct.hpp
-- Installing: /home/basmala/ros2_ws/install/action_interfaces/include/action_interfaces/action_interfaces/action/detail/movetogoal__builder.hpp
-- Installing: /home/basmala/ros2_ws/install/action_interfaces/include/action_interfaces/action_interfaces/action/detail/fibonacci__builder.hpp
-- Installing: /home/basmala/ros2_ws/install/action_interfaces/include/action_interfaces/action_interfaces/action/detail/movetogoal__traits.hpp
-- Installing: /home/basmala/ros2_ws/install/action_interfaces/include/action_interfaces/action_interfaces/action/detail/fibonacci__traits.hpp
-- Installing: /home/basmala/ros2_ws/install/action_interfaces/include/action_interfaces/action_interfaces/action/detail/fibonacci__struct.hpp
-- Installing: /home/basmala/ros2_ws/install/action_interfaces/include/action_interfaces/action_interfaces/action/detail/fibonacci__type_support.hpp
-- Installing: /home/basmala/ros2_ws/install/action_interfaces/include/action_interfaces/action_interfaces/action/fibonacci.hpp
-- Up-to-date: /home/basmala/ros2_ws/install/action_interfaces/include/action_interfaces/action_interfaces/msg
-- Installing: /home/basmala/ros2_ws/install/action_interfaces/include/action_interfaces/action_interfaces/msg/rosidl_generator_cpp__visibility_control.hpp
-- Up-to-date: /home/basmala/ros2_ws/install/action_interfaces/include/action_interfaces/action_interfaces
-- Up-to-date: /home/basmala/ros2_ws/install/action_interfaces/include/action_interfaces/action_interfaces/action
-- Up-to-date: /home/basmala/ros2_ws/install/action_interfaces/include/action_interfaces/action_interfaces/action/detail
-- Up-to-date: /home/basmala/ros2_ws/install/action_interfaces/include/action_interfaces/action_interfaces/action/detail/dds_fastrtps
-- Installing: /home/basmala/ros2_ws/install/action_interfaces/include/action_interfaces/action_interfaces/action/detail/movetogoal__rosidl_typesupport_fastrtps_cpp.hpp
-- Installing: /home/basmala/ros2_ws/install/action_interfaces/include/action_interfaces/action_interfaces/action/detail/fibonacci__rosidl_typesupport_fastrtps_cpp.hpp
-- Up-to-date: /home/basmala/ros2_ws/install/action_interfaces/include/action_interfaces/action_interfaces/msg
-- Up-to-date: /home/basmala/ros2_ws/install/action_interfaces/include/action_interfaces/action_interfaces/msg/rosidl_typesupport_fastrtps_cpp__visibility_control.h
-- Installing: /home/basmala/ros2_ws/install/action_interfaces/lib/libaction_interfaces__rosidl_typesupport_fastrtps_cpp.so
-- Set non-toolchain portion of runtime path of "/home/basmala/ros2_ws/install/action_interfaces/lib/libaction_interfaces__rosidl_typesupport_fastrtps_cpp.so" to ""
-- Up-to-date: /home/basmala/ros2_ws/install/action_interfaces/include/action_interfaces/action_interfaces
-- Up-to-date: /home/basmala/ros2_ws/install/action_interfaces/include/action_interfaces/action_interfaces/action
-- Up-to-date: /home/basmala/ros2_ws/install/action_interfaces/include/action_interfaces/action_interfaces/action/detail
-- Installing: /home/basmala/ros2_ws/install/action_interfaces/include/action_interfaces/action_interfaces/action/detail/fibonacci__type_support.cpp
-- Installing: /home/basmala/ros2_ws/install/action_interfaces/include/action_interfaces/action_interfaces/action/detail/movetogoal__type_support.cpp
-- Installing: /home/basmala/ros2_ws/install/action_interfaces/include/action_interfaces/action_interfaces/action/detail/movetogoal__rosidl_typesupport_introspection_cpp.hpp
-- Installing: /home/basmala/ros2_ws/install/action_interfaces/include/action_interfaces/action_interfaces/action/detail/fibonacci__rosidl_typesupport_introspection_cpp.hpp
-- Installing: /home/basmala/ros2_ws/install/action_interfaces/lib/libaction_interfaces__rosidl_typesupport_introspection_cpp.so
-- Set non-toolchain portion of runtime path of "/home/basmala/ros2_ws/install/action_interfaces/lib/libaction_interfaces__rosidl_typesupport_introspection_cpp.so" to ""
-- Installing: /home/basmala/ros2_ws/install/action_interfaces/lib/libaction_interfaces__rosidl_typesupport_cpp.so
-- Set non-toolchain portion of runtime path of "/home/basmala/ros2_ws/install/action_interfaces/lib/libaction_interfaces__rosidl_typesupport_cpp.so" to ""
-- Up-to-date: /home/basmala/ros2_ws/install/action_interfaces/share/action_interfaces/environment/pythonpath.sh
-- Up-to-date: /home/basmala/ros2_ws/install/action_interfaces/share/action_interfaces/environment/pythonpath.dsv
-- Up-to-date: /home/basmala/ros2_ws/install/action_interfaces/lib/python3.12/site-packages/action_interfaces-0.0.0-py3.12.egg-info
-- Installing: /home/basmala/ros2_ws/install/action_interfaces/lib/python3.12/site-packages/action_interfaces-0.0.0-py3.12.egg-info/dependency_links.txt
-- Installing: /home/basmala/ros2_ws/install/action_interfaces/lib/python3.12/site-packages/action_interfaces-0.0.0-py3.12.egg-info/SOURCES.txt
-- Installing: /home/basmala/ros2_ws/install/action_interfaces/lib/python3.12/site-packages/action_interfaces-0.0.0-py3.12.egg-info/PKG-INFO
-- Installing: /home/basmala/ros2_ws/install/action_interfaces/lib/python3.12/site-packages/action_interfaces-0.0.0-py3.12.egg-info/top_level.txt
-- Up-to-date: /home/basmala/ros2_ws/install/action_interfaces/lib/python3.12/site-packages/action_interfaces
-- Installing: /home/basmala/ros2_ws/install/action_interfaces/lib/python3.12/site-packages/action_interfaces/_action_interfaces_s.ep.rosidl_typesupport_c.c
-- Installing: /home/basmala/ros2_ws/install/action_interfaces/lib/python3.12/site-packages/action_interfaces/_action_interfaces_s.ep.rosidl_typesupport_fastrtps_c.c
-- Installing: /home/basmala/ros2_ws/install/action_interfaces/lib/python3.12/site-packages/action_interfaces/action_interfaces_s__rosidl_typesupport_fastrtps_c.so
-- Installing: /home/basmala/ros2_ws/install/action_interfaces/lib/python3.12/site-packages/action_interfaces/__init__.py
-- Up-to-date: /home/basmala/ros2_ws/install/action_interfaces/lib/python3.12/site-packages/action_interfaces/action
-- Installing: /home/basmala/ros2_ws/install/action_interfaces/lib/python3.12/site-packages/action_interfaces/action/_movetogoal_s.c
-- Installing: /home/basmala/ros2_ws/install/action_interfaces/lib/python3.12/site-packages/action_interfaces/action/_fibonacci_s.c
-- Installing: /home/basmala/ros2_ws/install/action_interfaces/lib/python3.12/site-packages/action_interfaces/action/_fibonacci.py
-- Installing: /home/basmala/ros2_ws/install/action_interfaces/lib/python3.12/site-packages/action_interfaces/action/_movetogoal.py
-- Installing: /home/basmala/ros2_ws/install/action_interfaces/lib/python3.12/site-packages/action_interfaces/action/__init__.py
-- Installing: /home/basmala/ros2_ws/install/action_interfaces/lib/python3.12/site-packages/action_interfaces/action_interfaces_s__rosidl_typesupport_c.so
-- Installing: /home/basmala/ros2_ws/install/action_interfaces/lib/python3.12/site-packages/action_interfaces/action_interfaces_s__rosidl_typesupport_introspection_c.so
-- Installing: /home/basmala/ros2_ws/install/action_interfaces/lib/python3.12/site-packages/action_interfaces/_action_interfaces_s.ep.rosidl_typesupport_introspection_c.c
Listing '/home/basmala/ros2_ws/install/action_interfaces/lib/python3.12/site-packages/action_interfaces'...
Compiling '/home/basmala/ros2_ws/install/action_interfaces/lib/python3.12/site-packages/action_interfaces/__init__.py'...
Listing '/home/basmala/ros2_ws/install/action_interfaces/lib/python3.12/site-packages/action_interfaces/action'...
Compiling '/home/basmala/ros2_ws/install/action_interfaces/lib/python3.12/site-packages/action_interfaces/action/__init__.py'...
Compiling '/home/basmala/ros2_ws/install/action_interfaces/lib/python3.12/site-packages/action_interfaces/action/_fibonacci.py'...
Compiling '/home/basmala/ros2_ws/install/action_interfaces/lib/python3.12/site-packages/action_interfaces/action/_movetogoal.py'...
-- Installing: /home/basmala/ros2_ws/install/action_interfaces/lib/python3.12/site-packages/action_interfaces/action_interfaces_s__rosidl_typesupport_fastrtps_c.so
-- Set non-toolchain portion of runtime path of "/home/basmala/ros2_ws/install/action_interfaces/lib/python3.12/site-packages/action_interfaces/action_interfaces_s__rosidl_typesupport_fastrtps_c.so" to ""
-- Installing: /home/basmala/ros2_ws/install/action_interfaces/lib/python3.12/site-packages/action_interfaces/action_interfaces_s__rosidl_typesupport_introspection_c.so
-- Set non-toolchain portion of runtime path of "/home/basmala/ros2_ws/install/action_interfaces/lib/python3.12/site-packages/action_interfaces/action_interfaces_s__rosidl_typesupport_introspection_c.so" to ""
-- Installing: /home/basmala/ros2_ws/install/action_interfaces/lib/python3.12/site-packages/action_interfaces/action_interfaces_s__rosidl_typesupport_c.so
-- Set non-toolchain portion of runtime path of "/home/basmala/ros2_ws/install/action_interfaces/lib/python3.12/site-packages/action_interfaces/action_interfaces_s__rosidl_typesupport_c.so" to ""
-- Installing: /home/basmala/ros2_ws/install/action_interfaces/lib/libaction_interfaces__rosidl_generator_py.so
-- Set non-toolchain portion of runtime path of "/home/basmala/ros2_ws/install/action_interfaces/lib/libaction_interfaces__rosidl_generator_py.so" to ""
-- Up-to-date: /home/basmala/ros2_ws/install/action_interfaces/share/action_interfaces/action/Fibonacci.idl
-- Installing: /home/basmala/ros2_ws/install/action_interfaces/share/action_interfaces/action/Movetogoal.idl
-- Up-to-date: /home/basmala/ros2_ws/install/action_interfaces/share/action_interfaces/action/Fibonacci.action
-- Installing: /home/basmala/ros2_ws/install/action_interfaces/share/action_interfaces/action/Movetogoal.action
-- Up-to-date: /home/basmala/ros2_ws/install/action_interfaces/share/ament_index/resource_index/package_run_dependencies/action_interfaces
-- Installing: /home/basmala/ros2_ws/install/action_interfaces/share/ament_index/resource_index/parent_prefix_path/action_interfaces
-- Up-to-date: /home/basmala/ros2_ws/install/action_interfaces/share/action_interfaces/environment/ament_prefix_path.sh
-- Up-to-date: /home/basmala/ros2_ws/install/action_interfaces/share/action_interfaces/environment/ament_prefix_path.dsv
-- Up-to-date: /home/basmala/ros2_ws/install/action_interfaces/share/action_interfaces/environment/path.sh
-- Up-to-date: /home/basmala/ros2_ws/install/action_interfaces/share/action_interfaces/environment/path.dsv
-- Up-to-date: /home/basmala/ros2_ws/install/action_interfaces/share/action_interfaces/local_setup.bash
-- Up-to-date: /home/basmala/ros2_ws/install/action_interfaces/share/action_interfaces/local_setup.sh
-- Up-to-date: /home/basmala/ros2_ws/install/action_interfaces/share/action_interfaces/local_setup.zsh
-- Up-to-date: /home/basmala/ros2_ws/install/action_interfaces/share/action_interfaces/local_setup.dsv
-- Installing: /home/basmala/ros2_ws/install/action_interfaces/share/action_interfaces/package.dsv
-- Up-to-date: /home/basmala/ros2_ws/install/action_interfaces/share/ament_index/resource_index/packages/action_interfaces
-- Up-to-date: /home/basmala/ros2_ws/install/action_interfaces/share/action_interfaces/cmake/export_action_interfaces__rosidl_generator_cExport.cmake
-- Up-to-date: /home/basmala/ros2_ws/install/action_interfaces/share/action_interfaces/cmake/export_action_interfaces__rosidl_generator_cExport-noconfig.cmake
-- Up-to-date: /home/basmala/ros2_ws/install/action_interfaces/share/action_interfaces/cmake/export_action_interfaces__rosidl_typesupport_fastrtps_cExport.cmake
-- Up-to-date: /home/basmala/ros2_ws/install/action_interfaces/share/action_interfaces/cmake/export_action_interfaces__rosidl_typesupport_fastrtps_cExport-noconfig.cmake
-- Up-to-date: /home/basmala/ros2_ws/install/action_interfaces/share/action_interfaces/cmake/action_interfaces__rosidl_typesupport_introspection_cExport.cmake
-- Up-to-date: /home/basmala/ros2_ws/install/action_interfaces/share/action_interfaces/cmake/action_interfaces__rosidl_typesupport_introspection_cExport-noconfig.cmake
-- Up-to-date: /home/basmala/ros2_ws/install/action_interfaces/share/action_interfaces/cmake/action_interfaces__rosidl_typesupport_cExport.cmake
-- Up-to-date: /home/basmala/ros2_ws/install/action_interfaces/share/action_interfaces/cmake/action_interfaces__rosidl_typesupport_cExport-noconfig.cmake
-- Up-to-date: /home/basmala/ros2_ws/install/action_interfaces/share/action_interfaces/cmake/export_action_interfaces__rosidl_generator_cppExport.cmake
-- Up-to-date: /home/basmala/ros2_ws/install/action_interfaces/share/action_interfaces/cmake/export_action_interfaces__rosidl_typesupport_fastrtps_cppExport.cmake
-- Up-to-date: /home/basmala/ros2_ws/install/action_interfaces/share/action_interfaces/cmake/export_action_interfaces__rosidl_typesupport_fastrtps_cppExport-noconfig.cmake
-- Up-to-date: /home/basmala/ros2_ws/install/action_interfaces/share/action_interfaces/cmake/action_interfaces__rosidl_typesupport_introspection_cppExport.cmake
-- Up-to-date: /home/basmala/ros2_ws/install/action_interfaces/share/action_interfaces/cmake/action_interfaces__rosidl_typesupport_introspection_cppExport-noconfig.cmake
-- Up-to-date: /home/basmala/ros2_ws/install/action_interfaces/share/action_interfaces/cmake/action_interfaces__rosidl_typesupport_cppExport.cmake
-- Up-to-date: /home/basmala/ros2_ws/install/action_interfaces/share/action_interfaces/cmake/action_interfaces__rosidl_typesupport_cppExport-noconfig.cmake
-- Up-to-date: /home/basmala/ros2_ws/install/action_interfaces/share/action_interfaces/cmake/export_action_interfaces__rosidl_generator_pyExport.cmake
-- Up-to-date: /home/basmala/ros2_ws/install/action_interfaces/share/action_interfaces/cmake/export_action_interfaces__rosidl_generator_pyExport-noconfig.cmake
-- Installing: /home/basmala/ros2_ws/install/action_interfaces/share/action_interfaces/cmake/rosidl_cmake-extras.cmake
-- Up-to-date: /home/basmala/ros2_ws/install/action_interfaces/share/action_interfaces/cmake/ament_cmake_export_dependencies-extras.cmake
-- Up-to-date: /home/basmala/ros2_ws/install/action_interfaces/share/action_interfaces/cmake/ament_cmake_export_include_directories-extras.cmake
-- Up-to-date: /home/basmala/ros2_ws/install/action_interfaces/share/action_interfaces/cmake/ament_cmake_export_libraries-extras.cmake
-- Up-to-date: /home/basmala/ros2_ws/install/action_interfaces/share/action_interfaces/cmake/ament_cmake_export_targets-extras.cmake
-- Up-to-date: /home/basmala/ros2_ws/install/action_interfaces/share/action_interfaces/cmake/rosidl_cmake_export_typesupport_targets-extras.cmake
-- Up-to-date: /home/basmala/ros2_ws/install/action_interfaces/share/action_interfaces/cmake/rosidl_cmake_export_typesupport_libraries-extras.cmake
-- Up-to-date: /home/basmala/ros2_ws/install/action_interfaces/share/action_interfaces/cmake/action_interfacesConfig.cmake
-- Up-to-date: /home/basmala/ros2_ws/install/action_interfaces/share/action_interfaces/cmake/action_interfacesConfig-version.cmake
-- Up-to-date: /home/basmala/ros2_ws/install/action_interfaces/share/action_interfaces/package.xml
