[0.015s] Invoking command in '/home/basmala/ros2_ws/build/action_interfaces': CMAKE_PREFIX_PATH=${CMAKE_PREFIX_PATH}:/home/basmala/ros2_ws/install/turtle_action_client:/home/basmala/ros2_ws/install/first_package_python:/home/basmala/ros2_ws/install/fibonacci:/opt/ros/jazzy DEBUGINFOD_URLS=https://debuginfod.ubuntu.com /usr/bin/cmake --build /home/basmala/ros2_ws/build/action_interfaces -- -j20 -l20
[0.059s] -- Found ament_cmake: 2.5.5 (/opt/ros/jazzy/share/ament_cmake/cmake)
[0.097s] -- Found Python3: /usr/bin/python3 (found version "3.12.3") found components: Interpreter 
[0.245s] -- Found rosidl_default_generators: 1.6.0 (/opt/ros/jazzy/share/rosidl_default_generators/cmake)
[0.251s] -- Using all available rosidl_typesupport_c: rosidl_typesupport_fastrtps_c;rosidl_typesupport_introspection_c
[0.334s] -- Using all available rosidl_typesupport_cpp: rosidl_typesupport_fastrtps_cpp;rosidl_typesupport_introspection_cpp
[0.380s] -- Found rosidl_adapter: 4.6.7 (/opt/ros/jazzy/share/rosidl_adapter/cmake)
[0.849s] -- Found ament_cmake_ros: 0.12.0 (/opt/ros/jazzy/share/ament_cmake_ros/cmake)
[1.016s] -- Using all available rosidl_typesupport_c: rosidl_typesupport_fastrtps_c;rosidl_typesupport_introspection_c
[1.234s] -- Using all available rosidl_typesupport_cpp: rosidl_typesupport_fastrtps_cpp;rosidl_typesupport_introspection_cpp
[1.238s] -- Found python_cmake_module: 0.11.1 (/opt/ros/jazzy/share/python_cmake_module/cmake)
[1.691s] -- Found Python3: /usr/bin/python3 (found version "3.12.3") found components: Interpreter Development NumPy Development.Module Development.Embed 
[1.711s] -- Found ament_lint_auto: 0.17.4 (/opt/ros/jazzy/share/ament_lint_auto/cmake)
[1.729s] -- Added test 'lint_cmake' to check CMake code style
[1.731s] -- Added test 'xmllint' to check XML markup files
[1.733s] -- Configuring done (1.7s)
[1.778s] -- Generating done (0.0s)
[1.789s] -- Build files have been written to: /home/basmala/ros2_ws/build/action_interfaces
[1.841s] [  2%] [34m[1mGenerating type hashes for ROS interfaces[0m
[1.858s] [  2%] Built target ament_cmake_python_copy_action_interfaces
[2.067s] running egg_info
[2.078s] [  2%] Built target action_interfaces__rosidl_generator_type_description
[2.081s] writing action_interfaces.egg-info/PKG-INFO
[2.081s] writing dependency_links to action_interfaces.egg-info/dependency_links.txt
[2.081s] writing top-level names to action_interfaces.egg-info/top_level.txt
[2.089s] [  4%] [34m[1mGenerating C code for ROS interfaces[0m
[2.105s] [  6%] [34m[1mGenerating C++ code for ROS interfaces[0m
[2.139s] reading manifest file 'action_interfaces.egg-info/SOURCES.txt'
[2.140s] writing manifest file 'action_interfaces.egg-info/SOURCES.txt'
[2.169s] [  6%] Built target ament_cmake_python_build_action_interfaces_egg
[2.612s] [  6%] Built target action_interfaces__cpp
[2.659s] [  9%] [32mBuilding C object CMakeFiles/action_interfaces__rosidl_generator_c.dir/rosidl_generator_c/action_interfaces/action/detail/movetogoal__description.c.o[0m
[2.659s] [ 11%] [32mBuilding C object CMakeFiles/action_interfaces__rosidl_generator_c.dir/rosidl_generator_c/action_interfaces/action/detail/fibonacci__type_support.c.o[0m
[2.660s] [ 13%] [32mBuilding C object CMakeFiles/action_interfaces__rosidl_generator_c.dir/rosidl_generator_c/action_interfaces/action/detail/movetogoal__type_support.c.o[0m
[2.661s] [ 15%] [32mBuilding C object CMakeFiles/action_interfaces__rosidl_generator_c.dir/rosidl_generator_c/action_interfaces/action/detail/fibonacci__description.c.o[0m
[2.662s] [ 18%] [32mBuilding C object CMakeFiles/action_interfaces__rosidl_generator_c.dir/rosidl_generator_c/action_interfaces/action/detail/fibonacci__functions.c.o[0m
[2.663s] [ 20%] [32mBuilding C object CMakeFiles/action_interfaces__rosidl_generator_c.dir/rosidl_generator_c/action_interfaces/action/detail/movetogoal__functions.c.o[0m
[2.841s] [ 22%] [32m[1mLinking C shared library libaction_interfaces__rosidl_generator_c.so[0m
[2.904s] [ 22%] Built target action_interfaces__rosidl_generator_c
[2.925s] [ 27%] [34m[1mGenerating C++ type support dispatch for ROS interfaces[0m
[2.926s] [ 29%] [34m[1mGenerating C type support for eProsima Fast-RTPS[0m
[2.926s] [ 29%] [34m[1mGenerating C type support dispatch for ROS interfaces[0m
[2.928s] [ 31%] [34m[1mGenerating C introspection for ROS interfaces[0m
[2.928s] [ 34%] [34m[1mGenerating C++ introspection for ROS interfaces[0m
[2.928s] [ 36%] [34m[1mGenerating C++ type support for eProsima Fast-RTPS[0m
[3.382s] [ 38%] [32mBuilding CXX object CMakeFiles/action_interfaces__rosidl_typesupport_cpp.dir/rosidl_typesupport_cpp/action_interfaces/action/movetogoal__type_support.cpp.o[0m
[3.384s] [ 40%] [32mBuilding CXX object CMakeFiles/action_interfaces__rosidl_typesupport_c.dir/rosidl_typesupport_c/action_interfaces/action/movetogoal__type_support.cpp.o[0m
[3.384s] [ 43%] [32mBuilding CXX object CMakeFiles/action_interfaces__rosidl_typesupport_c.dir/rosidl_typesupport_c/action_interfaces/action/fibonacci__type_support.cpp.o[0m
[3.385s] [ 45%] [32mBuilding CXX object CMakeFiles/action_interfaces__rosidl_typesupport_cpp.dir/rosidl_typesupport_cpp/action_interfaces/action/fibonacci__type_support.cpp.o[0m
[3.475s] [ 47%] [32m[1mLinking CXX shared library libaction_interfaces__rosidl_typesupport_c.so[0m
[3.504s] [ 50%] [32mBuilding CXX object CMakeFiles/action_interfaces__rosidl_typesupport_introspection_cpp.dir/rosidl_typesupport_introspection_cpp/action_interfaces/action/detail/fibonacci__type_support.cpp.o[0m
[3.505s] [ 52%] [32mBuilding CXX object CMakeFiles/action_interfaces__rosidl_typesupport_introspection_cpp.dir/rosidl_typesupport_introspection_cpp/action_interfaces/action/detail/movetogoal__type_support.cpp.o[0m
[3.560s] [ 56%] [32mBuilding C object CMakeFiles/action_interfaces__rosidl_typesupport_introspection_c.dir/rosidl_typesupport_introspection_c/action_interfaces/action/detail/fibonacci__type_support.c.o[0m
[3.560s] [ 56%] [32mBuilding C object CMakeFiles/action_interfaces__rosidl_typesupport_introspection_c.dir/rosidl_typesupport_introspection_c/action_interfaces/action/detail/movetogoal__type_support.c.o[0m
[3.564s] [ 56%] Built target action_interfaces__rosidl_typesupport_c
[3.687s] [ 59%] [32m[1mLinking C shared library libaction_interfaces__rosidl_typesupport_introspection_c.so[0m
[3.749s] [ 59%] Built target action_interfaces__rosidl_typesupport_introspection_c
[3.903s] [ 63%] [32mBuilding CXX object CMakeFiles/action_interfaces__rosidl_typesupport_fastrtps_cpp.dir/rosidl_typesupport_fastrtps_cpp/action_interfaces/action/detail/dds_fastrtps/movetogoal__type_support.cpp.o[0m
[3.903s] [ 63%] [32mBuilding CXX object CMakeFiles/action_interfaces__rosidl_typesupport_fastrtps_cpp.dir/rosidl_typesupport_fastrtps_cpp/action_interfaces/action/detail/dds_fastrtps/fibonacci__type_support.cpp.o[0m
[3.913s] [ 65%] [32mBuilding CXX object CMakeFiles/action_interfaces__rosidl_typesupport_fastrtps_c.dir/rosidl_typesupport_fastrtps_c/action_interfaces/action/detail/fibonacci__type_support_c.cpp.o[0m
[3.914s] [ 68%] [32mBuilding CXX object CMakeFiles/action_interfaces__rosidl_typesupport_fastrtps_c.dir/rosidl_typesupport_fastrtps_c/action_interfaces/action/detail/movetogoal__type_support_c.cpp.o[0m
[4.414s] [ 70%] [32m[1mLinking CXX shared library libaction_interfaces__rosidl_typesupport_cpp.so[0m
[4.532s] [ 70%] Built target action_interfaces__rosidl_typesupport_cpp
[4.540s] [ 72%] [32m[1mLinking CXX shared library libaction_interfaces__rosidl_typesupport_introspection_cpp.so[0m
[4.677s] [ 72%] Built target action_interfaces__rosidl_typesupport_introspection_cpp
[4.887s] [ 75%] [32m[1mLinking CXX shared library libaction_interfaces__rosidl_typesupport_fastrtps_c.so[0m
[4.985s] [ 75%] Built target action_interfaces__rosidl_typesupport_fastrtps_c
[5.356s] [ 77%] [32m[1mLinking CXX shared library libaction_interfaces__rosidl_typesupport_fastrtps_cpp.so[0m
[5.470s] [ 77%] Built target action_interfaces__rosidl_typesupport_fastrtps_cpp
[5.504s] [ 77%] Built target action_interfaces
[5.557s] [ 79%] [34m[1mGenerating Python code for ROS interfaces[0m
[6.720s] [ 79%] Built target action_interfaces__py
[6.763s] [ 81%] [32mBuilding C object CMakeFiles/action_interfaces__rosidl_generator_py.dir/rosidl_generator_py/action_interfaces/action/_movetogoal_s.c.o[0m
[6.765s] [ 84%] [32mBuilding C object CMakeFiles/action_interfaces__rosidl_generator_py.dir/rosidl_generator_py/action_interfaces/action/_fibonacci_s.c.o[0m
[7.082s] [ 86%] [32m[1mLinking C shared library libaction_interfaces__rosidl_generator_py.so[0m
[7.184s] [ 86%] Built target action_interfaces__rosidl_generator_py
[7.239s] [ 90%] [32mBuilding C object CMakeFiles/action_interfaces_s__rosidl_typesupport_introspection_c.dir/rosidl_generator_py/action_interfaces/_action_interfaces_s.ep.rosidl_typesupport_introspection_c.c.o[0m
[7.240s] [ 90%] [32mBuilding C object CMakeFiles/action_interfaces_s__rosidl_typesupport_fastrtps_c.dir/rosidl_generator_py/action_interfaces/_action_interfaces_s.ep.rosidl_typesupport_fastrtps_c.c.o[0m
[7.249s] [ 93%] [32mBuilding C object CMakeFiles/action_interfaces_s__rosidl_typesupport_c.dir/rosidl_generator_py/action_interfaces/_action_interfaces_s.ep.rosidl_typesupport_c.c.o[0m
[7.538s] [ 95%] [32m[1mLinking C shared module rosidl_generator_py/action_interfaces/action_interfaces_s__rosidl_typesupport_introspection_c.so[0m
[7.538s] [ 97%] [32m[1mLinking C shared module rosidl_generator_py/action_interfaces/action_interfaces_s__rosidl_typesupport_c.so[0m
[7.541s] [100%] [32m[1mLinking C shared module rosidl_generator_py/action_interfaces/action_interfaces_s__rosidl_typesupport_fastrtps_c.so[0m
[7.603s] [100%] Built target action_interfaces_s__rosidl_typesupport_introspection_c
[7.606s] [100%] Built target action_interfaces_s__rosidl_typesupport_fastrtps_c
[7.607s] [100%] Built target action_interfaces_s__rosidl_typesupport_c
[7.631s] Invoked command in '/home/basmala/ros2_ws/build/action_interfaces' returned '0': CMAKE_PREFIX_PATH=${CMAKE_PREFIX_PATH}:/home/basmala/ros2_ws/install/turtle_action_client:/home/basmala/ros2_ws/install/first_package_python:/home/basmala/ros2_ws/install/fibonacci:/opt/ros/jazzy DEBUGINFOD_URLS=https://debuginfod.ubuntu.com /usr/bin/cmake --build /home/basmala/ros2_ws/build/action_interfaces -- -j20 -l20
[7.651s] Invoking command in '/home/basmala/ros2_ws/build/action_interfaces': CMAKE_PREFIX_PATH=${CMAKE_PREFIX_PATH}:/home/basmala/ros2_ws/install/turtle_action_client:/home/basmala/ros2_ws/install/first_package_python:/home/basmala/ros2_ws/install/fibonacci:/opt/ros/jazzy DEBUGINFOD_URLS=https://debuginfod.ubuntu.com /usr/bin/cmake --install /home/basmala/ros2_ws/build/action_interfaces
[7.668s] -- Install configuration: ""
[7.668s] -- Installing: /home/basmala/ros2_ws/install/action_interfaces/share/ament_index/resource_index/rosidl_interfaces/action_interfaces
[7.669s] -- Installing: /home/basmala/ros2_ws/install/action_interfaces/share/action_interfaces/action/Fibonacci.json
[7.669s] -- Installing: /home/basmala/ros2_ws/install/action_interfaces/share/action_interfaces/action/Movetogoal.json
[7.669s] -- Up-to-date: /home/basmala/ros2_ws/install/action_interfaces/include/action_interfaces/action_interfaces
[7.670s] -- Up-to-date: /home/basmala/ros2_ws/install/action_interfaces/include/action_interfaces/action_interfaces/action
[7.670s] -- Installing: /home/basmala/ros2_ws/install/action_interfaces/include/action_interfaces/action_interfaces/action/fibonacci.h
[7.670s] -- Up-to-date: /home/basmala/ros2_ws/install/action_interfaces/include/action_interfaces/action_interfaces/action/detail
[7.671s] -- Installing: /home/basmala/ros2_ws/install/action_interfaces/include/action_interfaces/action_interfaces/action/detail/fibonacci__functions.h
[7.671s] -- Installing: /home/basmala/ros2_ws/install/action_interfaces/include/action_interfaces/action_interfaces/action/detail/fibonacci__functions.c
[7.672s] -- Installing: /home/basmala/ros2_ws/install/action_interfaces/include/action_interfaces/action_interfaces/action/detail/movetogoal__struct.h
[7.673s] -- Installing: /home/basmala/ros2_ws/install/action_interfaces/include/action_interfaces/action_interfaces/action/detail/fibonacci__description.c
[7.673s] -- Installing: /home/basmala/ros2_ws/install/action_interfaces/include/action_interfaces/action_interfaces/action/detail/movetogoal__type_support.c
[7.673s] -- Installing: /home/basmala/ros2_ws/install/action_interfaces/include/action_interfaces/action_interfaces/action/detail/fibonacci__type_support.c
[7.673s] -- Installing: /home/basmala/ros2_ws/install/action_interfaces/include/action_interfaces/action_interfaces/action/detail/movetogoal__functions.h
[7.674s] -- Installing: /home/basmala/ros2_ws/install/action_interfaces/include/action_interfaces/action_interfaces/action/detail/fibonacci__type_support.h
[7.674s] -- Installing: /home/basmala/ros2_ws/install/action_interfaces/include/action_interfaces/action_interfaces/action/detail/fibonacci__struct.h
[7.674s] -- Installing: /home/basmala/ros2_ws/install/action_interfaces/include/action_interfaces/action_interfaces/action/detail/movetogoal__functions.c
[7.674s] -- Installing: /home/basmala/ros2_ws/install/action_interfaces/include/action_interfaces/action_interfaces/action/detail/movetogoal__description.c
[7.675s] -- Installing: /home/basmala/ros2_ws/install/action_interfaces/include/action_interfaces/action_interfaces/action/detail/movetogoal__type_support.h
[7.675s] -- Installing: /home/basmala/ros2_ws/install/action_interfaces/include/action_interfaces/action_interfaces/action/movetogoal.h
[7.675s] -- Up-to-date: /home/basmala/ros2_ws/install/action_interfaces/include/action_interfaces/action_interfaces/msg
[7.676s] -- Up-to-date: /home/basmala/ros2_ws/install/action_interfaces/include/action_interfaces/action_interfaces/msg/rosidl_generator_c__visibility_control.h
[7.676s] -- Up-to-date: /home/basmala/ros2_ws/install/action_interfaces/share/action_interfaces/environment/library_path.sh
[7.676s] -- Up-to-date: /home/basmala/ros2_ws/install/action_interfaces/share/action_interfaces/environment/library_path.dsv
[7.676s] -- Installing: /home/basmala/ros2_ws/install/action_interfaces/lib/libaction_interfaces__rosidl_generator_c.so
[7.677s] -- Set non-toolchain portion of runtime path of "/home/basmala/ros2_ws/install/action_interfaces/lib/libaction_interfaces__rosidl_generator_c.so" to ""
[7.677s] -- Up-to-date: /home/basmala/ros2_ws/install/action_interfaces/include/action_interfaces/action_interfaces
[7.677s] -- Up-to-date: /home/basmala/ros2_ws/install/action_interfaces/include/action_interfaces/action_interfaces/action
[7.677s] -- Up-to-date: /home/basmala/ros2_ws/install/action_interfaces/include/action_interfaces/action_interfaces/action/detail
[7.677s] -- Installing: /home/basmala/ros2_ws/install/action_interfaces/include/action_interfaces/action_interfaces/action/detail/fibonacci__rosidl_typesupport_fastrtps_c.h
[7.677s] -- Installing: /home/basmala/ros2_ws/install/action_interfaces/include/action_interfaces/action_interfaces/action/detail/movetogoal__rosidl_typesupport_fastrtps_c.h
[7.677s] -- Up-to-date: /home/basmala/ros2_ws/install/action_interfaces/include/action_interfaces/action_interfaces/msg
[7.678s] -- Up-to-date: /home/basmala/ros2_ws/install/action_interfaces/include/action_interfaces/action_interfaces/msg/rosidl_typesupport_fastrtps_c__visibility_control.h
[7.678s] -- Installing: /home/basmala/ros2_ws/install/action_interfaces/lib/libaction_interfaces__rosidl_typesupport_fastrtps_c.so
[7.678s] -- Set non-toolchain portion of runtime path of "/home/basmala/ros2_ws/install/action_interfaces/lib/libaction_interfaces__rosidl_typesupport_fastrtps_c.so" to ""
[7.678s] -- Up-to-date: /home/basmala/ros2_ws/install/action_interfaces/include/action_interfaces/action_interfaces
[7.678s] -- Up-to-date: /home/basmala/ros2_ws/install/action_interfaces/include/action_interfaces/action_interfaces/action
[7.678s] -- Up-to-date: /home/basmala/ros2_ws/install/action_interfaces/include/action_interfaces/action_interfaces/action/detail
[7.678s] -- Installing: /home/basmala/ros2_ws/install/action_interfaces/include/action_interfaces/action_interfaces/action/detail/movetogoal__type_support.c
[7.679s] -- Installing: /home/basmala/ros2_ws/install/action_interfaces/include/action_interfaces/action_interfaces/action/detail/fibonacci__rosidl_typesupport_introspection_c.h
[7.679s] -- Installing: /home/basmala/ros2_ws/install/action_interfaces/include/action_interfaces/action_interfaces/action/detail/fibonacci__type_support.c
[7.679s] -- Installing: /home/basmala/ros2_ws/install/action_interfaces/include/action_interfaces/action_interfaces/action/detail/movetogoal__rosidl_typesupport_introspection_c.h
[7.679s] -- Up-to-date: /home/basmala/ros2_ws/install/action_interfaces/include/action_interfaces/action_interfaces/msg
[7.680s] -- Up-to-date: /home/basmala/ros2_ws/install/action_interfaces/include/action_interfaces/action_interfaces/msg/rosidl_typesupport_introspection_c__visibility_control.h
[7.681s] -- Installing: /home/basmala/ros2_ws/install/action_interfaces/lib/libaction_interfaces__rosidl_typesupport_introspection_c.so
[7.682s] -- Set non-toolchain portion of runtime path of "/home/basmala/ros2_ws/install/action_interfaces/lib/libaction_interfaces__rosidl_typesupport_introspection_c.so" to ""
[7.682s] -- Installing: /home/basmala/ros2_ws/install/action_interfaces/lib/libaction_interfaces__rosidl_typesupport_c.so
[7.683s] -- Set non-toolchain portion of runtime path of "/home/basmala/ros2_ws/install/action_interfaces/lib/libaction_interfaces__rosidl_typesupport_c.so" to ""
[7.683s] -- Up-to-date: /home/basmala/ros2_ws/install/action_interfaces/include/action_interfaces/action_interfaces
[7.683s] -- Up-to-date: /home/basmala/ros2_ws/install/action_interfaces/include/action_interfaces/action_interfaces/action
[7.684s] -- Installing: /home/basmala/ros2_ws/install/action_interfaces/include/action_interfaces/action_interfaces/action/movetogoal.hpp
[7.684s] -- Up-to-date: /home/basmala/ros2_ws/install/action_interfaces/include/action_interfaces/action_interfaces/action/detail
[7.684s] -- Installing: /home/basmala/ros2_ws/install/action_interfaces/include/action_interfaces/action_interfaces/action/detail/movetogoal__type_support.hpp
[7.684s] -- Installing: /home/basmala/ros2_ws/install/action_interfaces/include/action_interfaces/action_interfaces/action/detail/movetogoal__struct.hpp
[7.685s] -- Installing: /home/basmala/ros2_ws/install/action_interfaces/include/action_interfaces/action_interfaces/action/detail/movetogoal__builder.hpp
[7.685s] -- Installing: /home/basmala/ros2_ws/install/action_interfaces/include/action_interfaces/action_interfaces/action/detail/fibonacci__builder.hpp
[7.685s] -- Installing: /home/basmala/ros2_ws/install/action_interfaces/include/action_interfaces/action_interfaces/action/detail/movetogoal__traits.hpp
[7.686s] -- Installing: /home/basmala/ros2_ws/install/action_interfaces/include/action_interfaces/action_interfaces/action/detail/fibonacci__traits.hpp
[7.686s] -- Installing: /home/basmala/ros2_ws/install/action_interfaces/include/action_interfaces/action_interfaces/action/detail/fibonacci__struct.hpp
[7.686s] -- Installing: /home/basmala/ros2_ws/install/action_interfaces/include/action_interfaces/action_interfaces/action/detail/fibonacci__type_support.hpp
[7.687s] -- Installing: /home/basmala/ros2_ws/install/action_interfaces/include/action_interfaces/action_interfaces/action/fibonacci.hpp
[7.687s] -- Up-to-date: /home/basmala/ros2_ws/install/action_interfaces/include/action_interfaces/action_interfaces/msg
[7.687s] -- Installing: /home/basmala/ros2_ws/install/action_interfaces/include/action_interfaces/action_interfaces/msg/rosidl_generator_cpp__visibility_control.hpp
[7.688s] -- Up-to-date: /home/basmala/ros2_ws/install/action_interfaces/include/action_interfaces/action_interfaces
[7.688s] -- Up-to-date: /home/basmala/ros2_ws/install/action_interfaces/include/action_interfaces/action_interfaces/action
[7.688s] -- Up-to-date: /home/basmala/ros2_ws/install/action_interfaces/include/action_interfaces/action_interfaces/action/detail
[7.689s] -- Up-to-date: /home/basmala/ros2_ws/install/action_interfaces/include/action_interfaces/action_interfaces/action/detail/dds_fastrtps
[7.689s] -- Installing: /home/basmala/ros2_ws/install/action_interfaces/include/action_interfaces/action_interfaces/action/detail/movetogoal__rosidl_typesupport_fastrtps_cpp.hpp
[7.689s] -- Installing: /home/basmala/ros2_ws/install/action_interfaces/include/action_interfaces/action_interfaces/action/detail/fibonacci__rosidl_typesupport_fastrtps_cpp.hpp
[7.689s] -- Up-to-date: /home/basmala/ros2_ws/install/action_interfaces/include/action_interfaces/action_interfaces/msg
[7.690s] -- Up-to-date: /home/basmala/ros2_ws/install/action_interfaces/include/action_interfaces/action_interfaces/msg/rosidl_typesupport_fastrtps_cpp__visibility_control.h
[7.690s] -- Installing: /home/basmala/ros2_ws/install/action_interfaces/lib/libaction_interfaces__rosidl_typesupport_fastrtps_cpp.so
[7.690s] -- Set non-toolchain portion of runtime path of "/home/basmala/ros2_ws/install/action_interfaces/lib/libaction_interfaces__rosidl_typesupport_fastrtps_cpp.so" to ""
[7.690s] -- Up-to-date: /home/basmala/ros2_ws/install/action_interfaces/include/action_interfaces/action_interfaces
[7.690s] -- Up-to-date: /home/basmala/ros2_ws/install/action_interfaces/include/action_interfaces/action_interfaces/action
[7.690s] -- Up-to-date: /home/basmala/ros2_ws/install/action_interfaces/include/action_interfaces/action_interfaces/action/detail
[7.691s] -- Installing: /home/basmala/ros2_ws/install/action_interfaces/include/action_interfaces/action_interfaces/action/detail/fibonacci__type_support.cpp
[7.691s] -- Installing: /home/basmala/ros2_ws/install/action_interfaces/include/action_interfaces/action_interfaces/action/detail/movetogoal__type_support.cpp
[7.691s] -- Installing: /home/basmala/ros2_ws/install/action_interfaces/include/action_interfaces/action_interfaces/action/detail/movetogoal__rosidl_typesupport_introspection_cpp.hpp
[7.691s] -- Installing: /home/basmala/ros2_ws/install/action_interfaces/include/action_interfaces/action_interfaces/action/detail/fibonacci__rosidl_typesupport_introspection_cpp.hpp
[7.691s] -- Installing: /home/basmala/ros2_ws/install/action_interfaces/lib/libaction_interfaces__rosidl_typesupport_introspection_cpp.so
[7.692s] -- Set non-toolchain portion of runtime path of "/home/basmala/ros2_ws/install/action_interfaces/lib/libaction_interfaces__rosidl_typesupport_introspection_cpp.so" to ""
[7.692s] -- Installing: /home/basmala/ros2_ws/install/action_interfaces/lib/libaction_interfaces__rosidl_typesupport_cpp.so
[7.692s] -- Set non-toolchain portion of runtime path of "/home/basmala/ros2_ws/install/action_interfaces/lib/libaction_interfaces__rosidl_typesupport_cpp.so" to ""
[7.692s] -- Up-to-date: /home/basmala/ros2_ws/install/action_interfaces/share/action_interfaces/environment/pythonpath.sh
[7.692s] -- Up-to-date: /home/basmala/ros2_ws/install/action_interfaces/share/action_interfaces/environment/pythonpath.dsv
[7.693s] -- Up-to-date: /home/basmala/ros2_ws/install/action_interfaces/lib/python3.12/site-packages/action_interfaces-0.0.0-py3.12.egg-info
[7.693s] -- Installing: /home/basmala/ros2_ws/install/action_interfaces/lib/python3.12/site-packages/action_interfaces-0.0.0-py3.12.egg-info/dependency_links.txt
[7.693s] -- Installing: /home/basmala/ros2_ws/install/action_interfaces/lib/python3.12/site-packages/action_interfaces-0.0.0-py3.12.egg-info/SOURCES.txt
[7.693s] -- Installing: /home/basmala/ros2_ws/install/action_interfaces/lib/python3.12/site-packages/action_interfaces-0.0.0-py3.12.egg-info/PKG-INFO
[7.694s] -- Installing: /home/basmala/ros2_ws/install/action_interfaces/lib/python3.12/site-packages/action_interfaces-0.0.0-py3.12.egg-info/top_level.txt
[7.694s] -- Up-to-date: /home/basmala/ros2_ws/install/action_interfaces/lib/python3.12/site-packages/action_interfaces
[7.694s] -- Installing: /home/basmala/ros2_ws/install/action_interfaces/lib/python3.12/site-packages/action_interfaces/_action_interfaces_s.ep.rosidl_typesupport_c.c
[7.695s] -- Installing: /home/basmala/ros2_ws/install/action_interfaces/lib/python3.12/site-packages/action_interfaces/_action_interfaces_s.ep.rosidl_typesupport_fastrtps_c.c
[7.695s] -- Installing: /home/basmala/ros2_ws/install/action_interfaces/lib/python3.12/site-packages/action_interfaces/action_interfaces_s__rosidl_typesupport_fastrtps_c.so
[7.695s] -- Installing: /home/basmala/ros2_ws/install/action_interfaces/lib/python3.12/site-packages/action_interfaces/__init__.py
[7.695s] -- Up-to-date: /home/basmala/ros2_ws/install/action_interfaces/lib/python3.12/site-packages/action_interfaces/action
[7.696s] -- Installing: /home/basmala/ros2_ws/install/action_interfaces/lib/python3.12/site-packages/action_interfaces/action/_movetogoal_s.c
[7.696s] -- Installing: /home/basmala/ros2_ws/install/action_interfaces/lib/python3.12/site-packages/action_interfaces/action/_fibonacci_s.c
[7.696s] -- Installing: /home/basmala/ros2_ws/install/action_interfaces/lib/python3.12/site-packages/action_interfaces/action/_fibonacci.py
[7.696s] -- Installing: /home/basmala/ros2_ws/install/action_interfaces/lib/python3.12/site-packages/action_interfaces/action/_movetogoal.py
[7.697s] -- Installing: /home/basmala/ros2_ws/install/action_interfaces/lib/python3.12/site-packages/action_interfaces/action/__init__.py
[7.697s] -- Installing: /home/basmala/ros2_ws/install/action_interfaces/lib/python3.12/site-packages/action_interfaces/action_interfaces_s__rosidl_typesupport_c.so
[7.697s] -- Installing: /home/basmala/ros2_ws/install/action_interfaces/lib/python3.12/site-packages/action_interfaces/action_interfaces_s__rosidl_typesupport_introspection_c.so
[7.697s] -- Installing: /home/basmala/ros2_ws/install/action_interfaces/lib/python3.12/site-packages/action_interfaces/_action_interfaces_s.ep.rosidl_typesupport_introspection_c.c
[7.824s] Listing '/home/basmala/ros2_ws/install/action_interfaces/lib/python3.12/site-packages/action_interfaces'...
[7.825s] Compiling '/home/basmala/ros2_ws/install/action_interfaces/lib/python3.12/site-packages/action_interfaces/__init__.py'...
[7.825s] Listing '/home/basmala/ros2_ws/install/action_interfaces/lib/python3.12/site-packages/action_interfaces/action'...
[7.825s] Compiling '/home/basmala/ros2_ws/install/action_interfaces/lib/python3.12/site-packages/action_interfaces/action/__init__.py'...
[7.825s] Compiling '/home/basmala/ros2_ws/install/action_interfaces/lib/python3.12/site-packages/action_interfaces/action/_fibonacci.py'...
[7.825s] Compiling '/home/basmala/ros2_ws/install/action_interfaces/lib/python3.12/site-packages/action_interfaces/action/_movetogoal.py'...
[7.836s] -- Installing: /home/basmala/ros2_ws/install/action_interfaces/lib/python3.12/site-packages/action_interfaces/action_interfaces_s__rosidl_typesupport_fastrtps_c.so
[7.837s] -- Set non-toolchain portion of runtime path of "/home/basmala/ros2_ws/install/action_interfaces/lib/python3.12/site-packages/action_interfaces/action_interfaces_s__rosidl_typesupport_fastrtps_c.so" to ""
[7.837s] -- Installing: /home/basmala/ros2_ws/install/action_interfaces/lib/python3.12/site-packages/action_interfaces/action_interfaces_s__rosidl_typesupport_introspection_c.so
[7.837s] -- Set non-toolchain portion of runtime path of "/home/basmala/ros2_ws/install/action_interfaces/lib/python3.12/site-packages/action_interfaces/action_interfaces_s__rosidl_typesupport_introspection_c.so" to ""
[7.838s] -- Installing: /home/basmala/ros2_ws/install/action_interfaces/lib/python3.12/site-packages/action_interfaces/action_interfaces_s__rosidl_typesupport_c.so
[7.838s] -- Set non-toolchain portion of runtime path of "/home/basmala/ros2_ws/install/action_interfaces/lib/python3.12/site-packages/action_interfaces/action_interfaces_s__rosidl_typesupport_c.so" to ""
[7.838s] -- Installing: /home/basmala/ros2_ws/install/action_interfaces/lib/libaction_interfaces__rosidl_generator_py.so
[7.839s] -- Set non-toolchain portion of runtime path of "/home/basmala/ros2_ws/install/action_interfaces/lib/libaction_interfaces__rosidl_generator_py.so" to ""
[7.840s] -- Up-to-date: /home/basmala/ros2_ws/install/action_interfaces/share/action_interfaces/action/Fibonacci.idl
[7.840s] -- Installing: /home/basmala/ros2_ws/install/action_interfaces/share/action_interfaces/action/Movetogoal.idl
[7.840s] -- Up-to-date: /home/basmala/ros2_ws/install/action_interfaces/share/action_interfaces/action/Fibonacci.action
[7.840s] -- Installing: /home/basmala/ros2_ws/install/action_interfaces/share/action_interfaces/action/Movetogoal.action
[7.840s] -- Up-to-date: /home/basmala/ros2_ws/install/action_interfaces/share/ament_index/resource_index/package_run_dependencies/action_interfaces
[7.840s] -- Installing: /home/basmala/ros2_ws/install/action_interfaces/share/ament_index/resource_index/parent_prefix_path/action_interfaces
[7.841s] -- Up-to-date: /home/basmala/ros2_ws/install/action_interfaces/share/action_interfaces/environment/ament_prefix_path.sh
[7.841s] -- Up-to-date: /home/basmala/ros2_ws/install/action_interfaces/share/action_interfaces/environment/ament_prefix_path.dsv
[7.841s] -- Up-to-date: /home/basmala/ros2_ws/install/action_interfaces/share/action_interfaces/environment/path.sh
[7.841s] -- Up-to-date: /home/basmala/ros2_ws/install/action_interfaces/share/action_interfaces/environment/path.dsv
[7.841s] -- Up-to-date: /home/basmala/ros2_ws/install/action_interfaces/share/action_interfaces/local_setup.bash
[7.841s] -- Up-to-date: /home/basmala/ros2_ws/install/action_interfaces/share/action_interfaces/local_setup.sh
[7.842s] -- Up-to-date: /home/basmala/ros2_ws/install/action_interfaces/share/action_interfaces/local_setup.zsh
[7.842s] -- Up-to-date: /home/basmala/ros2_ws/install/action_interfaces/share/action_interfaces/local_setup.dsv
[7.842s] -- Installing: /home/basmala/ros2_ws/install/action_interfaces/share/action_interfaces/package.dsv
[7.842s] -- Up-to-date: /home/basmala/ros2_ws/install/action_interfaces/share/ament_index/resource_index/packages/action_interfaces
[7.842s] -- Up-to-date: /home/basmala/ros2_ws/install/action_interfaces/share/action_interfaces/cmake/export_action_interfaces__rosidl_generator_cExport.cmake
[7.842s] -- Up-to-date: /home/basmala/ros2_ws/install/action_interfaces/share/action_interfaces/cmake/export_action_interfaces__rosidl_generator_cExport-noconfig.cmake
[7.842s] -- Up-to-date: /home/basmala/ros2_ws/install/action_interfaces/share/action_interfaces/cmake/export_action_interfaces__rosidl_typesupport_fastrtps_cExport.cmake
[7.842s] -- Up-to-date: /home/basmala/ros2_ws/install/action_interfaces/share/action_interfaces/cmake/export_action_interfaces__rosidl_typesupport_fastrtps_cExport-noconfig.cmake
[7.842s] -- Up-to-date: /home/basmala/ros2_ws/install/action_interfaces/share/action_interfaces/cmake/action_interfaces__rosidl_typesupport_introspection_cExport.cmake
[7.842s] -- Up-to-date: /home/basmala/ros2_ws/install/action_interfaces/share/action_interfaces/cmake/action_interfaces__rosidl_typesupport_introspection_cExport-noconfig.cmake
[7.843s] -- Up-to-date: /home/basmala/ros2_ws/install/action_interfaces/share/action_interfaces/cmake/action_interfaces__rosidl_typesupport_cExport.cmake
[7.843s] -- Up-to-date: /home/basmala/ros2_ws/install/action_interfaces/share/action_interfaces/cmake/action_interfaces__rosidl_typesupport_cExport-noconfig.cmake
[7.843s] -- Up-to-date: /home/basmala/ros2_ws/install/action_interfaces/share/action_interfaces/cmake/export_action_interfaces__rosidl_generator_cppExport.cmake
[7.843s] -- Up-to-date: /home/basmala/ros2_ws/install/action_interfaces/share/action_interfaces/cmake/export_action_interfaces__rosidl_typesupport_fastrtps_cppExport.cmake
[7.843s] -- Up-to-date: /home/basmala/ros2_ws/install/action_interfaces/share/action_interfaces/cmake/export_action_interfaces__rosidl_typesupport_fastrtps_cppExport-noconfig.cmake
[7.843s] -- Up-to-date: /home/basmala/ros2_ws/install/action_interfaces/share/action_interfaces/cmake/action_interfaces__rosidl_typesupport_introspection_cppExport.cmake
[7.843s] -- Up-to-date: /home/basmala/ros2_ws/install/action_interfaces/share/action_interfaces/cmake/action_interfaces__rosidl_typesupport_introspection_cppExport-noconfig.cmake
[7.843s] -- Up-to-date: /home/basmala/ros2_ws/install/action_interfaces/share/action_interfaces/cmake/action_interfaces__rosidl_typesupport_cppExport.cmake
[7.843s] -- Up-to-date: /home/basmala/ros2_ws/install/action_interfaces/share/action_interfaces/cmake/action_interfaces__rosidl_typesupport_cppExport-noconfig.cmake
[7.843s] -- Up-to-date: /home/basmala/ros2_ws/install/action_interfaces/share/action_interfaces/cmake/export_action_interfaces__rosidl_generator_pyExport.cmake
[7.843s] -- Up-to-date: /home/basmala/ros2_ws/install/action_interfaces/share/action_interfaces/cmake/export_action_interfaces__rosidl_generator_pyExport-noconfig.cmake
[7.843s] -- Installing: /home/basmala/ros2_ws/install/action_interfaces/share/action_interfaces/cmake/rosidl_cmake-extras.cmake
[7.844s] -- Up-to-date: /home/basmala/ros2_ws/install/action_interfaces/share/action_interfaces/cmake/ament_cmake_export_dependencies-extras.cmake
[7.844s] -- Up-to-date: /home/basmala/ros2_ws/install/action_interfaces/share/action_interfaces/cmake/ament_cmake_export_include_directories-extras.cmake
[7.844s] -- Up-to-date: /home/basmala/ros2_ws/install/action_interfaces/share/action_interfaces/cmake/ament_cmake_export_libraries-extras.cmake
[7.844s] -- Up-to-date: /home/basmala/ros2_ws/install/action_interfaces/share/action_interfaces/cmake/ament_cmake_export_targets-extras.cmake
[7.844s] -- Up-to-date: /home/basmala/ros2_ws/install/action_interfaces/share/action_interfaces/cmake/rosidl_cmake_export_typesupport_targets-extras.cmake
[7.844s] -- Up-to-date: /home/basmala/ros2_ws/install/action_interfaces/share/action_interfaces/cmake/rosidl_cmake_export_typesupport_libraries-extras.cmake
[7.844s] -- Up-to-date: /home/basmala/ros2_ws/install/action_interfaces/share/action_interfaces/cmake/action_interfacesConfig.cmake
[7.844s] -- Up-to-date: /home/basmala/ros2_ws/install/action_interfaces/share/action_interfaces/cmake/action_interfacesConfig-version.cmake
[7.844s] -- Up-to-date: /home/basmala/ros2_ws/install/action_interfaces/share/action_interfaces/package.xml
[7.846s] Invoked command in '/home/basmala/ros2_ws/build/action_interfaces' returned '0': CMAKE_PREFIX_PATH=${CMAKE_PREFIX_PATH}:/home/basmala/ros2_ws/install/turtle_action_client:/home/basmala/ros2_ws/install/first_package_python:/home/basmala/ros2_ws/install/fibonacci:/opt/ros/jazzy DEBUGINFOD_URLS=https://debuginfod.ubuntu.com /usr/bin/cmake --install /home/basmala/ros2_ws/build/action_interfaces
