[ 50%] Built target action_server_exe
[ 50%] Built target action_client_exe
[ 62%] Building CXX object CMakeFiles/action_server.dir/src/action_server.cpp.o
[ 87%] Built target action_client
/home/basmala/ros2_ws/act_cont_ex/src/action_server.cpp: In member function ‘rclcpp_action::GoalResponse act_cont_ex::RobotControllerActionServer::handle_goal(const rclcpp_action::GoalUUID&, std::shared_ptr<const action_interfaces::action::Movetogoal_Goal_<std::allocator<void> > >)’:
/home/basmala/ros2_ws/act_cont_ex/src/action_server.cpp:52:85: warning: unused parameter ‘uuid’ [-Wunused-parameter]
   52 |             rclcpp_action::GoalResponse handle_goal(const rclcpp_action::GoalUUID & uuid, std::shared_ptr<const action_interfaces::action::Movetogoal::Goal> goal)
      |                                                     ~~~~~~~~~~~~~~~~~~~~~~~~~~~~~~~~^~~~
/home/basmala/ros2_ws/act_cont_ex/src/action_server.cpp: In member function ‘rclcpp_action::CancelResponse act_cont_ex::RobotControllerActionServer::handle_cancel(std::shared_ptr<rclcpp_action::ServerGoalHandle<action_interfaces::action::Movetogoal> >)’:
/home/basmala/ros2_ws/act_cont_ex/src/action_server.cpp:58:151: warning: unused parameter ‘goal_handle’ [-Wunused-parameter]
   58 |             rclcpp_action::CancelResponse handle_cancel(const std::shared_ptr<rclcpp_action::ServerGoalHandle<action_interfaces::action::Movetogoal>> goal_handle)
      |                                                         ~~~~~~~~~~~~~~~~~~~~~~~~~~~~~~~~~~~~~~~~~~~~~~~~~~~~~~~~~~~~~~~~~~~~~~~~~~~~~~~~~~~~~~~~~~~~~~^~~~~~~~~~~
[100%] Linking CXX shared library libaction_server.so
[100%] Built target action_server
-- Install configuration: ""
-- Up-to-date: /home/basmala/ros2_ws/install/act_cont_ex/lib/act_cont_ex/action_server_exe
-- Up-to-date: /home/basmala/ros2_ws/install/act_cont_ex/lib/act_cont_ex/action_client_exe
-- Up-to-date: /home/basmala/ros2_ws/install/act_cont_ex/lib/act_cont_ex/action_server_exe
-- Up-to-date: /home/basmala/ros2_ws/install/act_cont_ex/lib/act_cont_ex/action_client_exe
-- Installing: /home/basmala/ros2_ws/install/act_cont_ex/lib/libaction_server.so
-- Set non-toolchain portion of runtime path of "/home/basmala/ros2_ws/install/act_cont_ex/lib/libaction_server.so" to ""
-- Up-to-date: /home/basmala/ros2_ws/install/act_cont_ex/lib/libaction_client.so
-- Up-to-date: /home/basmala/ros2_ws/install/act_cont_ex/share/act_cont_ex//launch
-- Up-to-date: /home/basmala/ros2_ws/install/act_cont_ex/share/act_cont_ex//launch/robot_control.launch.py
-- Up-to-date: /home/basmala/ros2_ws/install/act_cont_ex/share/act_cont_ex//launch/all.launch.py
-- Up-to-date: /home/basmala/ros2_ws/install/act_cont_ex/share/ament_index/resource_index/package_run_dependencies/act_cont_ex
-- Up-to-date: /home/basmala/ros2_ws/install/act_cont_ex/share/ament_index/resource_index/parent_prefix_path/act_cont_ex
-- Up-to-date: /home/basmala/ros2_ws/install/act_cont_ex/share/act_cont_ex/environment/ament_prefix_path.sh
-- Up-to-date: /home/basmala/ros2_ws/install/act_cont_ex/share/act_cont_ex/environment/ament_prefix_path.dsv
-- Up-to-date: /home/basmala/ros2_ws/install/act_cont_ex/share/act_cont_ex/environment/path.sh
-- Up-to-date: /home/basmala/ros2_ws/install/act_cont_ex/share/act_cont_ex/environment/path.dsv
-- Up-to-date: /home/basmala/ros2_ws/install/act_cont_ex/share/act_cont_ex/local_setup.bash
-- Up-to-date: /home/basmala/ros2_ws/install/act_cont_ex/share/act_cont_ex/local_setup.sh
-- Up-to-date: /home/basmala/ros2_ws/install/act_cont_ex/share/act_cont_ex/local_setup.zsh
-- Up-to-date: /home/basmala/ros2_ws/install/act_cont_ex/share/act_cont_ex/local_setup.dsv
-- Installing: /home/basmala/ros2_ws/install/act_cont_ex/share/act_cont_ex/package.dsv
-- Up-to-date: /home/basmala/ros2_ws/install/act_cont_ex/share/ament_index/resource_index/packages/act_cont_ex
-- Up-to-date: /home/basmala/ros2_ws/install/act_cont_ex/share/ament_index/resource_index/rclcpp_components/act_cont_ex
-- Up-to-date: /home/basmala/ros2_ws/install/act_cont_ex/share/act_cont_ex/cmake/export_act_cont_ex_action_serverExport.cmake
-- Up-to-date: /home/basmala/ros2_ws/install/act_cont_ex/share/act_cont_ex/cmake/export_act_cont_ex_action_serverExport-noconfig.cmake
-- Up-to-date: /home/basmala/ros2_ws/install/act_cont_ex/share/act_cont_ex/cmake/export_act_cont_ex_action_clientExport.cmake
-- Up-to-date: /home/basmala/ros2_ws/install/act_cont_ex/share/act_cont_ex/cmake/export_act_cont_ex_action_clientExport-noconfig.cmake
-- Up-to-date: /home/basmala/ros2_ws/install/act_cont_ex/share/act_cont_ex/cmake/ament_cmake_export_targets-extras.cmake
-- Up-to-date: /home/basmala/ros2_ws/install/act_cont_ex/share/act_cont_ex/cmake/act_cont_exConfig.cmake
-- Up-to-date: /home/basmala/ros2_ws/install/act_cont_ex/share/act_cont_ex/cmake/act_cont_exConfig-version.cmake
-- Up-to-date: /home/basmala/ros2_ws/install/act_cont_ex/share/act_cont_ex/package.xml
