[0.024s] Invoking command in '/home/basmala/ros2_ws/build/turtle_action_cpp': CMAKE_PREFIX_PATH=${CMAKE_PREFIX_PATH}:/home/basmala/ros2_ws/install/turtle_action_client:/home/basmala/ros2_ws/install/first_package_python:/opt/ros/jazzy DEBUGINFOD_URLS=https://debuginfod.ubuntu.com /usr/bin/cmake /home/basmala/ros2_ws/turtle_action_cpp -DCMAKE_INSTALL_PREFIX=/home/basmala/ros2_ws/install/turtle_action_cpp
[0.187s] -- The C compiler identification is GNU 13.3.0
[0.369s] -- The CXX compiler identification is GNU 13.3.0
[0.404s] -- Detecting C compiler ABI info
[0.610s] -- Detecting C compiler ABI info - done
[0.629s] -- Check for working C compiler: /usr/bin/cc - skipped
[0.636s] -- Detecting C compile features
[0.638s] -- Detecting C compile features - done
[0.669s] -- Detecting CXX compiler ABI info
[0.868s] -- Detecting CXX compiler ABI info - done
[0.886s] -- Check for working CXX compiler: /usr/bin/c++ - skipped
[0.886s] -- Detecting CXX compile features
[0.888s] -- Detecting CXX compile features - done
[0.908s] -- Found ament_cmake: 2.5.5 (/opt/ros/jazzy/share/ament_cmake/cmake)
[1.222s] -- Found Python3: /usr/bin/python3 (found version "3.12.3") found components: Interpreter 
[1.470s] -- Found rclcpp: 28.1.16 (/opt/ros/jazzy/share/rclcpp/cmake)
[1.579s] -- Found rosidl_generator_c: 4.6.7 (/opt/ros/jazzy/share/rosidl_generator_c/cmake)
[1.612s] -- Found rosidl_generator_cpp: 4.6.7 (/opt/ros/jazzy/share/rosidl_generator_cpp/cmake)
[1.657s] -- Using all available rosidl_typesupport_c: rosidl_typesupport_fastrtps_c;rosidl_typesupport_introspection_c
[1.697s] -- Using all available rosidl_typesupport_cpp: rosidl_typesupport_fastrtps_cpp;rosidl_typesupport_introspection_cpp
[1.864s] -- Found rmw_implementation_cmake: 7.3.3 (/opt/ros/jazzy/share/rmw_implementation_cmake/cmake)
[1.873s] -- Found rmw_fastrtps_cpp: 8.4.3 (/opt/ros/jazzy/share/rmw_fastrtps_cpp/cmake)
[2.053s] -- Found OpenSSL: /usr/lib/x86_64-linux-gnu/libcrypto.so (found version "3.0.13")  
[2.089s] -- Found FastRTPS: /opt/ros/jazzy/include (Required is at least version "2.13") 
[2.128s] -- Using RMW implementation 'rmw_fastrtps_cpp' as default
[2.293s] -- Found rclcpp_action: 28.1.16 (/opt/ros/jazzy/share/rclcpp_action/cmake)
[2.392s] -- Found turtlesim: 1.8.3 (/opt/ros/jazzy/share/turtlesim/cmake)
[2.436s] -- Found ament_lint_auto: 0.17.4 (/opt/ros/jazzy/share/ament_lint_auto/cmake)
[2.603s] -- Added test 'cppcheck' to perform static code analysis on C / C++ code
[2.603s] -- Configured cppcheck include dirs: 
[2.603s] -- Configured cppcheck exclude dirs and/or files: 
[2.605s] -- Added test 'lint_cmake' to check CMake code style
[2.608s] -- Added test 'uncrustify' to check C / C++ code style
[2.608s] -- Configured uncrustify additional arguments: 
[2.609s] -- Added test 'xmllint' to check XML markup files
[2.612s] -- Configuring done (2.6s)
[2.634s] [31mCMake Error at CMakeLists.txt:19 (target_link_libraries):
[2.634s]   Target "client" links to:
[2.634s] 
[2.635s]     turtlesim::turtlesim
[2.635s] 
[2.635s]   but the target was not found.  Possible reasons include:
[2.635s] 
[2.635s]     * There is a typo in the target name.
[2.635s]     * A find_package call is missing for an IMPORTED target.
[2.635s]     * An ALIAS target is missing.
[2.636s] 
[2.636s] 
[2.636s] [0m
[2.636s] -- Generating done (0.0s)
[2.636s] [0mCMake Generate step failed.  Build files cannot be regenerated correctly.[0m
[2.653s] Invoked command in '/home/basmala/ros2_ws/build/turtle_action_cpp' returned '1': CMAKE_PREFIX_PATH=${CMAKE_PREFIX_PATH}:/home/basmala/ros2_ws/install/turtle_action_client:/home/basmala/ros2_ws/install/first_package_python:/opt/ros/jazzy DEBUGINFOD_URLS=https://debuginfod.ubuntu.com /usr/bin/cmake /home/basmala/ros2_ws/turtle_action_cpp -DCMAKE_INSTALL_PREFIX=/home/basmala/ros2_ws/install/turtle_action_cpp
