[0.099s] Invoking command in '/home/basmala/ros2_ws/build/yahboom_rosmaster_gazebo': CMAKE_PREFIX_PATH=${CMAKE_PREFIX_PATH}:/home/basmala/ros2_ws/install/first_package_python:/opt/ros/jazzy DEBUGINFOD_URLS=https://debuginfod.ubuntu.com /usr/bin/cmake /home/basmala/ros2_ws/src/yahboom_rosmaster/yahboom_rosmaster_gazebo -DAMENT_CMAKE_SYMLINK_INSTALL=1 -DCMAKE_INSTALL_PREFIX=/home/basmala/ros2_ws/install/yahboom_rosmaster_gazebo
[0.541s] -- Found ament_cmake: 2.5.4 (/opt/ros/jazzy/share/ament_cmake/cmake)
[0.541s] -- Override CMake install command with custom implementation using symlinks instead of copying resources
[0.541s] -- Found controller_manager: 4.39.2 (/opt/ros/jazzy/share/controller_manager/cmake)
[0.594s] -- Found rosidl_generator_c: 4.6.6 (/opt/ros/jazzy/share/rosidl_generator_c/cmake)
[0.611s] -- Found rosidl_generator_cpp: 4.6.6 (/opt/ros/jazzy/share/rosidl_generator_cpp/cmake)
[0.633s] -- Using all available rosidl_typesupport_c: rosidl_typesupport_fastrtps_c;rosidl_typesupport_introspection_c
[0.655s] -- Using all available rosidl_typesupport_cpp: rosidl_typesupport_fastrtps_cpp;rosidl_typesupport_introspection_cpp
[0.765s] -- Found rmw_implementation_cmake: 7.3.2 (/opt/ros/jazzy/share/rmw_implementation_cmake/cmake)
[0.768s] -- Found rmw_fastrtps_cpp: 8.4.3 (/opt/ros/jazzy/share/rmw_fastrtps_cpp/cmake)
[0.879s] -- Using RMW implementation 'rmw_fastrtps_cpp' as default
[1.412s] -- Found gz_ros2_control: 1.2.16 (/opt/ros/jazzy/share/gz_ros2_control/cmake)
[1.417s] -- Found ros_gz: 1.0.16 (/opt/ros/jazzy/share/ros_gz/cmake)
[1.417s] -- Found ros_gz_bridge: 1.0.16 (/opt/ros/jazzy/share/ros_gz_bridge/cmake)
[1.454s] -- Looking for gz-msgs10 -- found version 10.3.2
[1.463s] -- Searching for dependencies of gz-msgs10
[1.484s] -- Looking for gz-utils2 -- found version 2.2.1
[1.484s] -- Searching for dependencies of gz-utils2
[1.485s] -- Looking for gz-math7 -- found version 7.5.2
[1.486s] -- Searching for dependencies of gz-math7
[1.486s] -- Looking for gz-utils2 -- found version 2.2.1
[1.495s] -- Checking for module 'tinyxml2'
[1.524s] --   Found tinyxml2, version 10.0.0
[1.591s] -- Looking for gz-transport13 -- found version 13.5.0
[1.592s] -- Searching for dependencies of gz-transport13
[1.652s] -- Config-file not installed for ZeroMQ -- checking for pkg-config
[1.662s] -- Checking for module 'libzmq >= 4'
[1.694s] --   Found libzmq, version 4.3.5
[1.784s] -- Checking for module 'uuid'
[1.811s] --   Found uuid, version 2.39.3
[1.869s] -- Looking for gz-utils2 -- found version 2.2.1
[1.869s] -- Searching for dependencies of gz-utils2
[1.870s] -- Searching for <gz-utils2> component [cli]
[1.870s] -- Looking for gz-utils2-cli -- found version 2.2.1
[1.870s] -- Searching for dependencies of gz-utils2-cli
[1.872s] -- Looking for gz-msgs10 -- found version 10.3.2
[2.086s] -- Found ros_gz_image: 1.0.16 (/opt/ros/jazzy/share/ros_gz_image/cmake)
[2.086s] -- Found ros_gz_sim: 1.0.16 (/opt/ros/jazzy/share/ros_gz_sim/cmake)
[2.105s] -- Found ros2_control: 4.39.2 (/opt/ros/jazzy/share/ros2_control/cmake)
[2.106s] -- Found ros2_controllers: 4.34.0 (/opt/ros/jazzy/share/ros2_controllers/cmake)
[2.106s] -- Found xacro: 2.1.1 (/opt/ros/jazzy/share/xacro/cmake)
[2.107s] -- Found ament_lint_auto: 0.17.3 (/opt/ros/jazzy/share/ament_lint_auto/cmake)
[2.237s] -- Added test 'flake8' to check Python code syntax and style conventions
[2.237s] -- Configured 'flake8' exclude dirs and/or files: 
[2.249s] -- Added test 'lint_cmake' to check CMake code style
[2.253s] -- Added test 'pep257' to check Python code against some of the docstring style conventions in PEP 257
[2.305s] -- Added test 'xmllint' to check XML markup files
[2.307s] -- Configuring done (2.2s)
[2.317s] -- Generating done (0.0s)
[2.323s] -- Build files have been written to: /home/basmala/ros2_ws/build/yahboom_rosmaster_gazebo
