[0.010s] Invoking command in '/home/basmala/ros2_ws/build/turtle_action_cpp': CMAKE_PREFIX_PATH=${CMAKE_PREFIX_PATH}:/home/basmala/ros2_ws/install/turtle_action_client:/home/basmala/ros2_ws/install/first_package_python:/opt/ros/jazzy DEBUGINFOD_URLS=https://debuginfod.ubuntu.com /usr/bin/cmake --build /home/basmala/ros2_ws/build/turtle_action_cpp -- -j20 -l20
[0.109s] [100%] Built target rotate_absolute_client
[0.131s] Invoked command in '/home/basmala/ros2_ws/build/turtle_action_cpp' returned '0': CMAKE_PREFIX_PATH=${CMAKE_PREFIX_PATH}:/home/basmala/ros2_ws/install/turtle_action_client:/home/basmala/ros2_ws/install/first_package_python:/opt/ros/jazzy DEBUGINFOD_URLS=https://debuginfod.ubuntu.com /usr/bin/cmake --build /home/basmala/ros2_ws/build/turtle_action_cpp -- -j20 -l20
[0.152s] Invoking command in '/home/basmala/ros2_ws/build/turtle_action_cpp': CMAKE_PREFIX_PATH=${CMAKE_PREFIX_PATH}:/home/basmala/ros2_ws/install/turtle_action_client:/home/basmala/ros2_ws/install/first_package_python:/opt/ros/jazzy DEBUGINFOD_URLS=https://debuginfod.ubuntu.com /usr/bin/cmake --install /home/basmala/ros2_ws/build/turtle_action_cpp
[0.169s] -- Install configuration: ""
[0.170s] -- Up-to-date: /home/basmala/ros2_ws/install/turtle_action_cpp/lib/turtle_action_cpp/rotate_absolute_client
[0.170s] -- Up-to-date: /home/basmala/ros2_ws/install/turtle_action_cpp/share/ament_index/resource_index/package_run_dependencies/turtle_action_cpp
[0.170s] -- Up-to-date: /home/basmala/ros2_ws/install/turtle_action_cpp/share/ament_index/resource_index/parent_prefix_path/turtle_action_cpp
[0.170s] -- Up-to-date: /home/basmala/ros2_ws/install/turtle_action_cpp/share/turtle_action_cpp/environment/ament_prefix_path.sh
[0.171s] -- Up-to-date: /home/basmala/ros2_ws/install/turtle_action_cpp/share/turtle_action_cpp/environment/ament_prefix_path.dsv
[0.171s] -- Up-to-date: /home/basmala/ros2_ws/install/turtle_action_cpp/share/turtle_action_cpp/environment/path.sh
[0.171s] -- Up-to-date: /home/basmala/ros2_ws/install/turtle_action_cpp/share/turtle_action_cpp/environment/path.dsv
[0.171s] -- Up-to-date: /home/basmala/ros2_ws/install/turtle_action_cpp/share/turtle_action_cpp/local_setup.bash
[0.171s] -- Up-to-date: /home/basmala/ros2_ws/install/turtle_action_cpp/share/turtle_action_cpp/local_setup.sh
[0.171s] -- Up-to-date: /home/basmala/ros2_ws/install/turtle_action_cpp/share/turtle_action_cpp/local_setup.zsh
[0.171s] -- Up-to-date: /home/basmala/ros2_ws/install/turtle_action_cpp/share/turtle_action_cpp/local_setup.dsv
[0.171s] -- Installing: /home/basmala/ros2_ws/install/turtle_action_cpp/share/turtle_action_cpp/package.dsv
[0.171s] -- Up-to-date: /home/basmala/ros2_ws/install/turtle_action_cpp/share/ament_index/resource_index/packages/turtle_action_cpp
[0.172s] -- Up-to-date: /home/basmala/ros2_ws/install/turtle_action_cpp/share/turtle_action_cpp/cmake/turtle_action_cppConfig.cmake
[0.172s] -- Up-to-date: /home/basmala/ros2_ws/install/turtle_action_cpp/share/turtle_action_cpp/cmake/turtle_action_cppConfig-version.cmake
[0.172s] -- Up-to-date: /home/basmala/ros2_ws/install/turtle_action_cpp/share/turtle_action_cpp/package.xml
[0.173s] Invoked command in '/home/basmala/ros2_ws/build/turtle_action_cpp' returned '0': CMAKE_PREFIX_PATH=${CMAKE_PREFIX_PATH}:/home/basmala/ros2_ws/install/turtle_action_client:/home/basmala/ros2_ws/install/first_package_python:/opt/ros/jazzy DEBUGINFOD_URLS=https://debuginfod.ubuntu.com /usr/bin/cmake --install /home/basmala/ros2_ws/build/turtle_action_cpp
