[0.673s] Invoking command in '/home/basmala/ros2_ws/fibonacci': DEBUGINFOD_URLS=https://debuginfod.ubuntu.com PYTHONPATH=/home/basmala/ros2_ws/build/fibonacci/prefix_override:/usr/lib/python3/dist-packages/colcon_core/task/python/colcon_distutils_commands:/home/basmala/ros2_ws/install/fibonacci/lib/python3.12/site-packages:${PYTHONPATH} /usr/bin/python3 -W ignore:setup.py install is deprecated -W ignore:easy_install command is deprecated setup.py egg_info --egg-base ../build/fibonacci build --build-base /home/basmala/ros2_ws/build/fibonacci/build install --record /home/basmala/ros2_ws/build/fibonacci/install.log --single-version-externally-managed install_data
[0.867s] running egg_info
[0.878s] writing ../build/fibonacci/fibonacci.egg-info/PKG-INFO
[0.878s] writing dependency_links to ../build/fibonacci/fibonacci.egg-info/dependency_links.txt
[0.878s] writing entry points to ../build/fibonacci/fibonacci.egg-info/entry_points.txt
[0.878s] writing requirements to ../build/fibonacci/fibonacci.egg-info/requires.txt
[0.878s] writing top-level names to ../build/fibonacci/fibonacci.egg-info/top_level.txt
[0.900s] reading manifest file '../build/fibonacci/fibonacci.egg-info/SOURCES.txt'
[0.901s] writing manifest file '../build/fibonacci/fibonacci.egg-info/SOURCES.txt'
[0.901s] running build
[0.901s] running build_py
[0.901s] copying fibonacci/action_client.py -> /home/basmala/ros2_ws/build/fibonacci/build/lib/fibonacci
[0.901s] running install
[0.906s] running install_lib
[0.922s] copying /home/basmala/ros2_ws/build/fibonacci/build/lib/fibonacci/action_client.py -> /home/basmala/ros2_ws/install/fibonacci/lib/python3.12/site-packages/fibonacci
[0.922s] byte-compiling /home/basmala/ros2_ws/install/fibonacci/lib/python3.12/site-packages/fibonacci/action_client.py to action_client.cpython-312.pyc
[0.923s] running install_data
[0.923s] running install_egg_info
[0.936s] removing '/home/basmala/ros2_ws/install/fibonacci/lib/python3.12/site-packages/fibonacci-0.0.0-py3.12.egg-info' (and everything under it)
[0.936s] Copying ../build/fibonacci/fibonacci.egg-info to /home/basmala/ros2_ws/install/fibonacci/lib/python3.12/site-packages/fibonacci-0.0.0-py3.12.egg-info
[0.937s] running install_scripts
[1.019s] Installing action_client script to /home/basmala/ros2_ws/install/fibonacci/lib/fibonacci
[1.019s] Installing action_server script to /home/basmala/ros2_ws/install/fibonacci/lib/fibonacci
[1.019s] writing list of installed files to '/home/basmala/ros2_ws/build/fibonacci/install.log'
[1.040s] Invoked command in '/home/basmala/ros2_ws/fibonacci' returned '0': DEBUGINFOD_URLS=https://debuginfod.ubuntu.com PYTHONPATH=/home/basmala/ros2_ws/build/fibonacci/prefix_override:/usr/lib/python3/dist-packages/colcon_core/task/python/colcon_distutils_commands:/home/basmala/ros2_ws/install/fibonacci/lib/python3.12/site-packages:${PYTHONPATH} /usr/bin/python3 -W ignore:setup.py install is deprecated -W ignore:easy_install command is deprecated setup.py egg_info --egg-base ../build/fibonacci build --build-base /home/basmala/ros2_ws/build/fibonacci/build install --record /home/basmala/ros2_ws/build/fibonacci/install.log --single-version-externally-managed install_data
