[0.010s] Invoking command in '/home/basmala/ros2_ws/build/cpp_tf2_pkg': CMAKE_PREFIX_PATH=${CMAKE_PREFIX_PATH}:/home/basmala/ros2_ws/install/turtle_action_client:/home/basmala/ros2_ws/install/first_package_python:/home/basmala/ros2_ws/install/fibonacci:/opt/ros/jazzy DEBUGINFOD_URLS=https://debuginfod.ubuntu.com /usr/bin/cmake /home/basmala/ros2_ws/cpp_tf2_pkg -DCMAKE_INSTALL_PREFIX=/home/basmala/ros2_ws/install/cpp_tf2_pkg
[0.154s] -- The C compiler identification is GNU 13.3.0
[0.287s] -- The CXX compiler identification is GNU 13.3.0
[0.307s] -- Detecting C compiler ABI info
[0.401s] -- Detecting C compiler ABI info - done
[0.412s] -- Check for working C compiler: /usr/bin/cc - skipped
[0.414s] -- Detecting C compile features
[0.414s] -- Detecting C compile features - done
[0.429s] -- Detecting CXX compiler ABI info
[0.552s] -- Detecting CXX compiler ABI info - done
[0.558s] -- Check for working CXX compiler: /usr/bin/c++ - skipped
[0.559s] -- Detecting CXX compile features
[0.559s] -- Detecting CXX compile features - done
[0.569s] -- Found ament_cmake: 2.5.5 (/opt/ros/jazzy/share/ament_cmake/cmake)
[0.703s] -- Found Python3: /usr/bin/python3 (found version "3.12.3") found components: Interpreter 
[0.817s] -- Found rclcpp: 28.1.16 (/opt/ros/jazzy/share/rclcpp/cmake)
[0.866s] -- Found rosidl_generator_c: 4.6.7 (/opt/ros/jazzy/share/rosidl_generator_c/cmake)
[0.882s] -- Found rosidl_generator_cpp: 4.6.7 (/opt/ros/jazzy/share/rosidl_generator_cpp/cmake)
[0.903s] -- Using all available rosidl_typesupport_c: rosidl_typesupport_fastrtps_c;rosidl_typesupport_introspection_c
[0.923s] -- Using all available rosidl_typesupport_cpp: rosidl_typesupport_fastrtps_cpp;rosidl_typesupport_introspection_cpp
[1.006s] -- Found rmw_implementation_cmake: 7.3.3 (/opt/ros/jazzy/share/rmw_implementation_cmake/cmake)
[1.010s] -- Found rmw_fastrtps_cpp: 8.4.3 (/opt/ros/jazzy/share/rmw_fastrtps_cpp/cmake)
[1.121s] -- Found OpenSSL: /usr/lib/x86_64-linux-gnu/libcrypto.so (found version "3.0.13")  
[1.153s] -- Found FastRTPS: /opt/ros/jazzy/include (Required is at least version "2.13") 
[1.175s] -- Using RMW implementation 'rmw_fastrtps_cpp' as default
[1.252s] -- Found tf2: 0.36.19 (/opt/ros/jazzy/share/tf2/cmake)
[1.288s] -- Found tf2_ros: 0.36.20 (/opt/ros/jazzy/share/tf2_ros/cmake)
[1.409s] -- Found tf2_geometry_msgs: 0.36.19 (/opt/ros/jazzy/share/tf2_geometry_msgs/cmake)
[1.427s] -- Found eigen3_cmake_module: 0.3.0 (/opt/ros/jazzy/share/eigen3_cmake_module/cmake)
[1.428s] -- Found Eigen3: TRUE (found version "3.4.0") 
[1.429s] -- Ensuring Eigen3 include directory is part of orocos-kdl CMake target
[1.433s] -- Found turtlesim: 1.8.3 (/opt/ros/jazzy/share/turtlesim/cmake)
[1.455s] -- Found ament_lint_auto: 0.17.4 (/opt/ros/jazzy/share/ament_lint_auto/cmake)
[1.547s] -- Added test 'cppcheck' to perform static code analysis on C / C++ code
[1.547s] -- Configured cppcheck include dirs: 
[1.547s] -- Configured cppcheck exclude dirs and/or files: 
[1.548s] -- Added test 'lint_cmake' to check CMake code style
[1.549s] -- Added test 'uncrustify' to check C / C++ code style
[1.549s] -- Configured uncrustify additional arguments: 
[1.550s] -- Added test 'xmllint' to check XML markup files
[1.552s] -- Configuring done (1.5s)
[1.561s] -- Generating done (0.0s)
[1.564s] -- Build files have been written to: /home/basmala/ros2_ws/build/cpp_tf2_pkg
[1.573s] Invoked command in '/home/basmala/ros2_ws/build/cpp_tf2_pkg' returned '0': CMAKE_PREFIX_PATH=${CMAKE_PREFIX_PATH}:/home/basmala/ros2_ws/install/turtle_action_client:/home/basmala/ros2_ws/install/first_package_python:/home/basmala/ros2_ws/install/fibonacci:/opt/ros/jazzy DEBUGINFOD_URLS=https://debuginfod.ubuntu.com /usr/bin/cmake /home/basmala/ros2_ws/cpp_tf2_pkg -DCMAKE_INSTALL_PREFIX=/home/basmala/ros2_ws/install/cpp_tf2_pkg
[1.573s] Invoking command in '/home/basmala/ros2_ws/build/cpp_tf2_pkg': CMAKE_PREFIX_PATH=${CMAKE_PREFIX_PATH}:/home/basmala/ros2_ws/install/turtle_action_client:/home/basmala/ros2_ws/install/first_package_python:/home/basmala/ros2_ws/install/fibonacci:/opt/ros/jazzy DEBUGINFOD_URLS=https://debuginfod.ubuntu.com /usr/bin/cmake --build /home/basmala/ros2_ws/build/cpp_tf2_pkg -- -j20 -l20
[1.623s] [ 50%] [32mBuilding CXX object CMakeFiles/simple_quat.dir/src/simple_quat.cpp.o[0m
[3.419s] [100%] [32m[1mLinking CXX executable simple_quat[0m
[3.521s] [100%] Built target simple_quat
[3.531s] Invoked command in '/home/basmala/ros2_ws/build/cpp_tf2_pkg' returned '0': CMAKE_PREFIX_PATH=${CMAKE_PREFIX_PATH}:/home/basmala/ros2_ws/install/turtle_action_client:/home/basmala/ros2_ws/install/first_package_python:/home/basmala/ros2_ws/install/fibonacci:/opt/ros/jazzy DEBUGINFOD_URLS=https://debuginfod.ubuntu.com /usr/bin/cmake --build /home/basmala/ros2_ws/build/cpp_tf2_pkg -- -j20 -l20
[3.541s] Invoking command in '/home/basmala/ros2_ws/build/cpp_tf2_pkg': CMAKE_PREFIX_PATH=${CMAKE_PREFIX_PATH}:/home/basmala/ros2_ws/install/turtle_action_client:/home/basmala/ros2_ws/install/first_package_python:/home/basmala/ros2_ws/install/fibonacci:/opt/ros/jazzy DEBUGINFOD_URLS=https://debuginfod.ubuntu.com /usr/bin/cmake --install /home/basmala/ros2_ws/build/cpp_tf2_pkg
[3.549s] -- Install configuration: ""
[3.549s] -- Installing: /home/basmala/ros2_ws/install/cpp_tf2_pkg/lib/cpp_tf2_pkg/simple_quat
[3.549s] -- Set non-toolchain portion of runtime path of "/home/basmala/ros2_ws/install/cpp_tf2_pkg/lib/cpp_tf2_pkg/simple_quat" to ""
[3.550s] -- Installing: /home/basmala/ros2_ws/install/cpp_tf2_pkg/share/ament_index/resource_index/package_run_dependencies/cpp_tf2_pkg
[3.550s] -- Installing: /home/basmala/ros2_ws/install/cpp_tf2_pkg/share/ament_index/resource_index/parent_prefix_path/cpp_tf2_pkg
[3.550s] -- Installing: /home/basmala/ros2_ws/install/cpp_tf2_pkg/share/cpp_tf2_pkg/environment/ament_prefix_path.sh
[3.550s] -- Installing: /home/basmala/ros2_ws/install/cpp_tf2_pkg/share/cpp_tf2_pkg/environment/ament_prefix_path.dsv
[3.550s] -- Installing: /home/basmala/ros2_ws/install/cpp_tf2_pkg/share/cpp_tf2_pkg/environment/path.sh
[3.550s] -- Installing: /home/basmala/ros2_ws/install/cpp_tf2_pkg/share/cpp_tf2_pkg/environment/path.dsv
[3.550s] -- Installing: /home/basmala/ros2_ws/install/cpp_tf2_pkg/share/cpp_tf2_pkg/local_setup.bash
[3.551s] -- Installing: /home/basmala/ros2_ws/install/cpp_tf2_pkg/share/cpp_tf2_pkg/local_setup.sh
[3.551s] -- Installing: /home/basmala/ros2_ws/install/cpp_tf2_pkg/share/cpp_tf2_pkg/local_setup.zsh
[3.551s] -- Installing: /home/basmala/ros2_ws/install/cpp_tf2_pkg/share/cpp_tf2_pkg/local_setup.dsv
[3.551s] -- Installing: /home/basmala/ros2_ws/install/cpp_tf2_pkg/share/cpp_tf2_pkg/package.dsv
[3.551s] -- Installing: /home/basmala/ros2_ws/install/cpp_tf2_pkg/share/ament_index/resource_index/packages/cpp_tf2_pkg
[3.551s] -- Installing: /home/basmala/ros2_ws/install/cpp_tf2_pkg/share/cpp_tf2_pkg/cmake/cpp_tf2_pkgConfig.cmake
[3.551s] -- Installing: /home/basmala/ros2_ws/install/cpp_tf2_pkg/share/cpp_tf2_pkg/cmake/cpp_tf2_pkgConfig-version.cmake
[3.551s] -- Installing: /home/basmala/ros2_ws/install/cpp_tf2_pkg/share/cpp_tf2_pkg/package.xml
[3.552s] Invoked command in '/home/basmala/ros2_ws/build/cpp_tf2_pkg' returned '0': CMAKE_PREFIX_PATH=${CMAKE_PREFIX_PATH}:/home/basmala/ros2_ws/install/turtle_action_client:/home/basmala/ros2_ws/install/first_package_python:/home/basmala/ros2_ws/install/fibonacci:/opt/ros/jazzy DEBUGINFOD_URLS=https://debuginfod.ubuntu.com /usr/bin/cmake --install /home/basmala/ros2_ws/build/cpp_tf2_pkg
