[1.107s] Invoking command in '/home/basmala/ros2_ws/first_package_python': DEBUGINFOD_URLS=https://debuginfod.ubuntu.com PYTHONPATH=/home/basmala/ros2_ws/build/first_package_python/prefix_override:/usr/lib/python3/dist-packages/colcon_core/task/python/colcon_distutils_commands:/home/basmala/ros2_ws/install/first_package_python/lib/python3.12/site-packages:${PYTHONPATH} /usr/bin/python3 -W ignore:setup.py install is deprecated -W ignore:easy_install command is deprecated setup.py egg_info --egg-base ../build/first_package_python build --build-base /home/basmala/ros2_ws/build/first_package_python/build install --record /home/basmala/ros2_ws/build/first_package_python/install.log --single-version-externally-managed install_data
[1.312s] running egg_info
[1.327s] writing ../build/first_package_python/first_package_python.egg-info/PKG-INFO
[1.327s] writing dependency_links to ../build/first_package_python/first_package_python.egg-info/dependency_links.txt
[1.328s] writing entry points to ../build/first_package_python/first_package_python.egg-info/entry_points.txt
[1.328s] writing requirements to ../build/first_package_python/first_package_python.egg-info/requires.txt
[1.328s] writing top-level names to ../build/first_package_python/first_package_python.egg-info/top_level.txt
[1.356s] reading manifest file '../build/first_package_python/first_package_python.egg-info/SOURCES.txt'
[1.357s] writing manifest file '../build/first_package_python/first_package_python.egg-info/SOURCES.txt'
[1.357s] running build
[1.357s] running build_py
[1.357s] running install
[1.363s] running install_lib
[1.379s] running install_data
[1.379s] running install_egg_info
[1.401s] removing '/home/basmala/ros2_ws/install/first_package_python/lib/python3.12/site-packages/first_package_python-0.0.0-py3.12.egg-info' (and everything under it)
[1.401s] Copying ../build/first_package_python/first_package_python.egg-info to /home/basmala/ros2_ws/install/first_package_python/lib/python3.12/site-packages/first_package_python-0.0.0-py3.12.egg-info
[1.402s] running install_scripts
[1.518s] Installing pub script to /home/basmala/ros2_ws/install/first_package_python/lib/first_package_python
[1.518s] Installing sub script to /home/basmala/ros2_ws/install/first_package_python/lib/first_package_python
[1.519s] writing list of installed files to '/home/basmala/ros2_ws/build/first_package_python/install.log'
[1.570s] Invoked command in '/home/basmala/ros2_ws/first_package_python' returned '0': DEBUGINFOD_URLS=https://debuginfod.ubuntu.com PYTHONPATH=/home/basmala/ros2_ws/build/first_package_python/prefix_override:/usr/lib/python3/dist-packages/colcon_core/task/python/colcon_distutils_commands:/home/basmala/ros2_ws/install/first_package_python/lib/python3.12/site-packages:${PYTHONPATH} /usr/bin/python3 -W ignore:setup.py install is deprecated -W ignore:easy_install command is deprecated setup.py egg_info --egg-base ../build/first_package_python build --build-base /home/basmala/ros2_ws/build/first_package_python/build install --record /home/basmala/ros2_ws/build/first_package_python/install.log --single-version-externally-managed install_data
