[0.012s] Invoking command in '/home/basmala/ros2_ws/build/first_package_cpp': CMAKE_PREFIX_PATH=${CMAKE_PREFIX_PATH}:/home/basmala/ros2_ws/install/turtle_action_client:/home/basmala/ros2_ws/install/first_package_python:/home/basmala/ros2_ws/install/fibonacci:/opt/ros/jazzy DEBUGINFOD_URLS=https://debuginfod.ubuntu.com /usr/bin/cmake --build /home/basmala/ros2_ws/build/first_package_cpp -- -j20 -l20
[0.119s] [ 25%] Built target sub
[0.120s] [ 50%] Built target pub
[0.120s] [ 75%] Built target sub_component
[0.129s] [ 87%] [32mBuilding CXX object CMakeFiles/pub_component.dir/src/pub_component.cpp.o[0m
[2.288s] [01m[K/home/basmala/ros2_ws/first_package_cpp/src/pub_component.cpp:29:14:[m[K [01;31m[Kerror: [m[K‘[01m[Kstd::make_unique[m[K’ in namespace ‘[01m[Kstd[m[K’ does not name a template type
[2.289s]    29 |         std::[01;31m[Kmake_unique<std_msgs::msg::String>[m[K message;
[2.289s]       |              [01;31m[K^~~~~~~~~~~~~~~~~~~~~~~~~~~~~~~~~~[m[K
[2.295s] [01m[K/home/basmala/ros2_ws/first_package_cpp/src/pub_component.cpp:[m[K In constructor ‘[01m[Kfirst_package_cpp::MinimalPublisher::[01;32m[KMinimalPublisher[m[K(const rclcpp::NodeOptions&)[m[K’:
[2.296s] [01m[K/home/basmala/ros2_ws/first_package_cpp/src/pub_component.cpp:15:13:[m[K [01;31m[Kerror: [m[K‘[01m[Kmessage[m[K’ was not declared in this scope
[2.296s]    15 |             [01;31m[Kmessage[m[K = std::make_unique<std_msgs::msg::String>();
[2.296s]       |             [01;31m[K^~~~~~~[m[K
[2.309s] [01m[K/home/basmala/ros2_ws/first_package_cpp/src/pub_component.cpp:[m[K In member function ‘[01m[Kvoid first_package_cpp::MinimalPublisher::[01;32m[Ktimer_callback[m[K()[m[K’:
[2.309s] [01m[K/home/basmala/ros2_ws/first_package_cpp/src/pub_component.cpp:22:13:[m[K [01;31m[Kerror: [m[K‘[01m[Kmessage[m[K’ was not declared in this scope
[2.309s]    22 |             [01;31m[Kmessage[m[K.data = "Hello, world! " + std::to_string(count_++);
[2.309s]       |             [01;31m[K^~~~~~~[m[K
[3.243s] gmake[2]: *** [CMakeFiles/pub_component.dir/build.make:76: CMakeFiles/pub_component.dir/src/pub_component.cpp.o] Error 1
[3.243s] gmake[1]: *** [CMakeFiles/Makefile2:195: CMakeFiles/pub_component.dir/all] Error 2
[3.243s] gmake: *** [Makefile:146: all] Error 2
[3.247s] Invoked command in '/home/basmala/ros2_ws/build/first_package_cpp' returned '2': CMAKE_PREFIX_PATH=${CMAKE_PREFIX_PATH}:/home/basmala/ros2_ws/install/turtle_action_client:/home/basmala/ros2_ws/install/first_package_python:/home/basmala/ros2_ws/install/fibonacci:/opt/ros/jazzy DEBUGINFOD_URLS=https://debuginfod.ubuntu.com /usr/bin/cmake --build /home/basmala/ros2_ws/build/first_package_cpp -- -j20 -l20
