[01m[K/home/basmala/ros2_ws/act_cont_ex/src/action_server.cpp:59:107:[m[K [01;31m[Kerror: [m[K‘[01m[KMoveToGoal[m[K’ is not a member of ‘[01m[Kaction_interfaces::action[m[K’; did you mean ‘[01m[KMovetogoal[m[K’?
   59 | oid execute(const std::shared_ptr<rclcpp_action::ServerGoalHandle<action_interfaces::action::[01;31m[KMoveToGoal[m[K>> goal_handle)
      |                                                                                              [01;31m[K^~~~~~~~~~[m[K
      |                                                                                              [32m[KMovetogoal[m[K
[01m[K/home/basmala/ros2_ws/act_cont_ex/src/action_server.cpp:59:107:[m[K [01;31m[Kerror: [m[Ktemplate argument 1 is invalid
[01m[K/home/basmala/ros2_ws/act_cont_ex/src/action_server.cpp:59:117:[m[K [01;31m[Kerror: [m[Ktemplate argument 1 is invalid
   59 | e(const std::shared_ptr<rclcpp_action::ServerGoalHandle<action_interfaces::action::MoveToGoal[01;31m[K>>[m[K goal_handle)
      |                                                                                              [01;31m[K^~[m[K

In file included from [01m[K/opt/ros/jazzy/include/rclcpp/rclcpp/logging.hpp:24[m[K,
                 from [01m[K/opt/ros/jazzy/include/rclcpp/rclcpp/copy_all_parameter_values.hpp:27[m[K,
                 from [01m[K/opt/ros/jazzy/include/rclcpp/rclcpp/rclcpp.hpp:171[m[K,
                 from [01m[K/home/basmala/ros2_ws/act_cont_ex/src/action_server.cpp:1[m[K:
[01m[K/home/basmala/ros2_ws/act_cont_ex/src/action_server.cpp:[m[K In member function ‘[01m[Krclcpp_action::GoalResponse act_cont_ex::RobotControllerActionServer::[01;32m[Khandle_goal[m[K(const rclcpp_action::GoalUUID&, std::shared_ptr<const action_interfaces::action::Movetogoal_Goal_<std::allocator<void> > >)[m[K’:
[01m[K/home/basmala/ros2_ws/act_cont_ex/src/action_server.cpp:44:105:[m[K [01;31m[Kerror: [m[K‘[01m[Kusing std::__shared_ptr_access<const action_interfaces::action::Movetogoal_Goal_<std::allocator<void> >, __gnu_cxx::_S_atomic, false, false>::element_type = const struct action_interfaces::action::Movetogoal_Goal_<std::allocator<void> >[m[K’ {aka ‘[01m[Kconst struct action_interfaces::action::Movetogoal_Goal_<std::allocator<void> >[m[K’} has no member named ‘[01m[Ktarget_pose[m[K’
   44 |      RCLCPP_INFO(this->get_logger(), "Received goal request with target (%.2f, %.2f)", goal->[01;31m[Ktarget_pose[m[K.pose.position.x, goal->target_pose.pose.position.y);
      |                                                                                              [01;31m[K^~~~~~~~~~~[m[K

[01m[K/home/basmala/ros2_ws/act_cont_ex/src/action_server.cpp:44:140:[m[K [01;31m[Kerror: [m[K‘[01m[Kusing std::__shared_ptr_access<const action_interfaces::action::Movetogoal_Goal_<std::allocator<void> >, __gnu_cxx::_S_atomic, false, false>::element_type = const struct action_interfaces::action::Movetogoal_Goal_<std::allocator<void> >[m[K’ {aka ‘[01m[Kconst struct action_interfaces::action::Movetogoal_Goal_<std::allocator<void> >[m[K’} has no member named ‘[01m[Ktarget_pose[m[K’
   44 | , "Received goal request with target (%.2f, %.2f)", goal->target_pose.pose.position.x, goal->[01;31m[Ktarget_pose[m[K.pose.position.y);
      |                                                                                              [01;31m[K^~~~~~~~~~~[m[K

[01m[K/home/basmala/ros2_ws/act_cont_ex/src/action_server.cpp:42:85:[m[K [01;35m[Kwarning: [m[Kunused parameter ‘[01m[Kuuid[m[K’ [[01;35m[K]8;;https://gcc.gnu.org/onlinedocs/gcc/Warning-Options.html#index-Wunused-parameter-Wunused-parameter]8;;[m[K]
   42 |             rclcpp_action::GoalResponse handle_goal([01;35m[Kconst rclcpp_action::GoalUUID & uuid[m[K, std::shared_ptr<const action_interfaces::action::Movetogoal::Goal> goal)
      |                                                     [01;35m[K~~~~~~~~~~~~~~~~~~~~~~~~~~~~~~~~^~~~[m[K
[01m[K/home/basmala/ros2_ws/act_cont_ex/src/action_server.cpp:[m[K In member function ‘[01m[Krclcpp_action::CancelResponse act_cont_ex::RobotControllerActionServer::[01;32m[Khandle_cancel[m[K(std::shared_ptr<rclcpp_action::ServerGoalHandle<action_interfaces::action::Movetogoal> >)[m[K’:
[01m[K/home/basmala/ros2_ws/act_cont_ex/src/action_server.cpp:48:151:[m[K [01;35m[Kwarning: [m[Kunused parameter ‘[01m[Kgoal_handle[m[K’ [[01;35m[K]8;;https://gcc.gnu.org/onlinedocs/gcc/Warning-Options.html#index-Wunused-parameter-Wunused-parameter]8;;[m[K]
   48 | [01;35m[Konst std::shared_ptr<rclcpp_action::ServerGoalHandle<action_interfaces::action::Movetogoal>> goal_handle[m[K)
      | [01;35m[K~~~~~~~~~~~~~~~~~~~~~~~~~~~~~~~~~~~~~~~~~~~~~~~~~~~~~~~~~~~~~~~~~~~~~~~~~~~~~~~~~~~~~~~~~~~~~^~~~~~~~~~~[m[K

[01m[K/home/basmala/ros2_ws/act_cont_ex/src/action_server.cpp:[m[K In member function ‘[01m[Kvoid act_cont_ex::RobotControllerActionServer::[01;32m[Kexecute[m[K(int)[m[K’:
[01m[K/home/basmala/ros2_ws/act_cont_ex/src/action_server.cpp:63:46:[m[K [01;31m[Kerror: [m[Kbase operand of ‘[01m[K->[m[K’ is not a pointer
   63 |                 const auto goal = goal_handle[01;31m[K->[m[Kget_goal();
      |                                              [01;31m[K^~[m[K
[01m[K/home/basmala/ros2_ws/act_cont_ex/src/action_server.cpp:68:36:[m[K [01;31m[Kerror: [m[Kbase operand of ‘[01m[K->[m[K’ is not a pointer
   68 |                     if (goal_handle[01;31m[K->[m[Kis_canceling()) {
      |                                    [01;31m[K^~[m[K
[01m[K/home/basmala/ros2_ws/act_cont_ex/src/action_server.cpp:69:33:[m[K [01;31m[Kerror: [m[K‘[01m[Kusing std::__shared_ptr_access<action_interfaces::action::Movetogoal_Result_<std::allocator<void> >, __gnu_cxx::_S_atomic, false, false>::element_type = struct action_interfaces::action::Movetogoal_Result_<std::allocator<void> >[m[K’ {aka ‘[01m[Kstruct action_interfaces::action::Movetogoal_Result_<std::allocator<void> >[m[K’} has no member named ‘[01m[Ksuccess[m[K’
   69 |                         result->[01;31m[Ksuccess[m[K = false;
      |                                 [01;31m[K^~~~~~~[m[K
[01m[K/home/basmala/ros2_ws/act_cont_ex/src/action_server.cpp:70:36:[m[K [01;31m[Kerror: [m[Kbase operand of ‘[01m[K->[m[K’ is not a pointer
   70 |                         goal_handle[01;31m[K->[m[Kcanceled(result);
      |                                    [01;31m[K^~[m[K
[01m[K/home/basmala/ros2_ws/act_cont_ex/src/action_server.cpp:76:32:[m[K [01;31m[Kerror: [m[Kbase operand of ‘[01m[K->[m[K’ is not a pointer
   76 |                     goal_handle[01;31m[K->[m[Kpublish_feedback(feedback);
      |                                [01;31m[K^~[m[K
[01m[K/home/basmala/ros2_ws/act_cont_ex/src/action_server.cpp:77:117:[m[K [01;31m[Kerror: [m[K‘[01m[Kusing std::__shared_ptr_access<action_interfaces::action::Movetogoal_Feedback_<std::allocator<void> >, __gnu_cxx::_S_atomic, false, false>::element_type = struct action_interfaces::action::Movetogoal_Feedback_<std::allocator<void> >[m[K’ {aka ‘[01m[Kstruct action_interfaces::action::Movetogoal_Feedback_<std::allocator<void> >[m[K’} has no member named ‘[01m[Kcurrent_pose[m[K’
   77 | CPP_INFO(this->get_logger(), "Publishing feedback: current position (%.2f, %.2f)", feedback->[01;31m[Kcurrent_pose[m[K.pose.position.x, feedback->current_pose.pose.position.y);
      |                                                                                              [01;31m[K^~~~~~~~~~~~[m[K

[01m[K/home/basmala/ros2_ws/act_cont_ex/src/action_server.cpp:77:157:[m[K [01;31m[Kerror: [m[K‘[01m[Kusing std::__shared_ptr_access<action_interfaces::action::Movetogoal_Feedback_<std::allocator<void> >, __gnu_cxx::_S_atomic, false, false>::element_type = struct action_interfaces::action::Movetogoal_Feedback_<std::allocator<void> >[m[K’ {aka ‘[01m[Kstruct action_interfaces::action::Movetogoal_Feedback_<std::allocator<void> >[m[K’} has no member named ‘[01m[Kcurrent_pose[m[K’
   77 |  feedback: current position (%.2f, %.2f)", feedback->current_pose.pose.position.x, feedback->[01;31m[Kcurrent_pose[m[K.pose.position.y);
      |                                                                                              [01;31m[K^~~~~~~~~~~~[m[K

[01m[K/home/basmala/ros2_ws/act_cont_ex/src/action_server.cpp:80:25:[m[K [01;31m[Kerror: [m[K‘[01m[Kusing std::__shared_ptr_access<action_interfaces::action::Movetogoal_Result_<std::allocator<void> >, __gnu_cxx::_S_atomic, false, false>::element_type = struct action_interfaces::action::Movetogoal_Result_<std::allocator<void> >[m[K’ {aka ‘[01m[Kstruct action_interfaces::action::Movetogoal_Result_<std::allocator<void> >[m[K’} has no member named ‘[01m[Ksuccess[m[K’
   80 |                 result->[01;31m[Ksuccess[m[K = true;
      |                         [01;31m[K^~~~~~~[m[K
[01m[K/home/basmala/ros2_ws/act_cont_ex/src/action_server.cpp:81:28:[m[K [01;31m[Kerror: [m[Kbase operand of ‘[01m[K->[m[K’ is not a pointer
   81 |                 goal_handle[01;31m[K->[m[Ksucceed(result);
      |                            [01;31m[K^~[m[K
[01m[K/home/basmala/ros2_ws/act_cont_ex/src/action_server.cpp:[m[K In member function ‘[01m[Kvoid act_cont_ex::RobotControllerActionServer::[01;32m[Ktimer_callback[m[K()[m[K’:
[01m[K/home/basmala/ros2_ws/act_cont_ex/src/action_server.cpp:93:36:[m[K [01;31m[Kerror: [m[Kexpected primary-expression before ‘[01m[Kconst[m[K’
   93 |                 if(handle_accepted([01;31m[Kconst[m[K int))
      |                                    [01;31m[K^~~~~[m[K
[01m[K/home/basmala/ros2_ws/act_cont_ex/src/action_server.cpp:96:56:[m[K [01;31m[Kerror: [m[K‘[01m[Kgoal_handle[m[K’ was not declared in this scope
   96 |                         if(current_pose_.position.x >= [01;31m[Kgoal_handle[m[K->get_goal()->goal_coord_x && current_pose_.position.y >= goal_handle->get_goal()->goal_coord_y)
      |                                                        [01;31m[K^~~~~~~~~~~[m[K
In file included from [01m[K/usr/include/c++/13/future:51[m[K,
                 from [01m[K/opt/ros/jazzy/include/rclcpp/rclcpp/executors.hpp:18[m[K,
                 from [01m[K/opt/ros/jazzy/include/rclcpp/rclcpp/rclcpp.hpp:172[m[K:
/usr/include/c++/13/bits/std_thread.h: In instantiation of ‘[01m[Kstd::thread::[01;32m[Kthread[m[K(_Callable&&, _Args&& ...) [35m[K[with _Callable = std::_Bind<void (act_cont_ex::RobotControllerActionServer::*(act_cont_ex::RobotControllerActionServer*, std::_Placeholder<1>))(int)>; _Args = {const std::shared_ptr<rclcpp_action::ServerGoalHandle<action_interfaces::action::Movetogoal> >&}; <template-parameter-1-3> = void][m[K[m[K’:
[01m[K/home/basmala/ros2_ws/act_cont_ex/src/action_server.cpp:56:119:[m[K   required from here
[01m[K/usr/include/c++/13/bits/std_thread.h:157:72:[m[K [01;31m[Kerror: [m[Kstatic assertion failed: std::thread arguments must be invocable after conversion to rvalues
  157 |                                       typename decay<_Args>::type...>::[01;31m[Kvalue[m[K,
      |                                                                        [01;31m[K^~~~~[m[K
[01m[K/usr/include/c++/13/bits/std_thread.h:157:72:[m[K [01;36m[Knote: [m[K‘[01m[Kstd::integral_constant<bool, false>::value[m[K’ evaluates to false
/usr/include/c++/13/bits/std_thread.h: In instantiation of ‘[01m[Kstruct std::thread::_Invoker<std::tuple<std::_Bind<void (act_cont_ex::RobotControllerActionServer::*(act_cont_ex::RobotControllerActionServer*, std::_Placeholder<1>))(int)>, std::shared_ptr<rclcpp_action::ServerGoalHandle<action_interfaces::action::Movetogoal> > > >[m[K’:
[01m[K/usr/include/c++/13/bits/std_thread.h:236:13:[m[K   required from ‘[01m[Kstruct std::thread::_State_impl<std::thread::_Invoker<std::tuple<std::_Bind<void (act_cont_ex::RobotControllerActionServer::*(act_cont_ex::RobotControllerActionServer*, std::_Placeholder<1>))(int)>, std::shared_ptr<rclcpp_action::ServerGoalHandle<action_interfaces::action::Movetogoal> > > > >[m[K’
[01m[K/usr/include/c++/13/bits/std_thread.h:164:29:[m[K   required from ‘[01m[Kstd::thread::[01;32m[Kthread[m[K(_Callable&&, _Args&& ...) [35m[K[with _Callable = std::_Bind<void (act_cont_ex::RobotControllerActionServer::*(act_cont_ex::RobotControllerActionServer*, std::_Placeholder<1>))(int)>; _Args = {const std::shared_ptr<rclcpp_action::ServerGoalHandle<action_interfaces::action::Movetogoal> >&}; <template-parameter-1-3> = void][m[K[m[K’
[01m[K/home/basmala/ros2_ws/act_cont_ex/src/action_server.cpp:56:119:[m[K   required from here
[01m[K/usr/include/c++/13/bits/std_thread.h:291:11:[m[K [01;31m[Kerror: [m[Kno type named ‘[01m[Ktype[m[K’ in ‘[01m[Kstruct std::thread::_Invoker<std::tuple<std::_Bind<void (act_cont_ex::RobotControllerActionServer::*(act_cont_ex::RobotControllerActionServer*, std::_Placeholder<1>))(int)>, std::shared_ptr<rclcpp_action::ServerGoalHandle<action_interfaces::action::Movetogoal> > > >::__result<std::tuple<std::_Bind<void (act_cont_ex::RobotControllerActionServer::*(act_cont_ex::RobotControllerActionServer*, std::_Placeholder<1>))(int)>, std::shared_ptr<rclcpp_action::ServerGoalHandle<action_interfaces::action::Movetogoal> > > >[m[K’
  291 |           [01;31m[K_M_invoke[m[K(_Index_tuple<_Ind...>)
      |           [01;31m[K^~~~~~~~~[m[K
[01m[K/usr/include/c++/13/bits/std_thread.h:295:9:[m[K [01;31m[Kerror: [m[Kno type named ‘[01m[Ktype[m[K’ in ‘[01m[Kstruct std::thread::_Invoker<std::tuple<std::_Bind<void (act_cont_ex::RobotControllerActionServer::*(act_cont_ex::RobotControllerActionServer*, std::_Placeholder<1>))(int)>, std::shared_ptr<rclcpp_action::ServerGoalHandle<action_interfaces::action::Movetogoal> > > >::__result<std::tuple<std::_Bind<void (act_cont_ex::RobotControllerActionServer::*(act_cont_ex::RobotControllerActionServer*, std::_Placeholder<1>))(int)>, std::shared_ptr<rclcpp_action::ServerGoalHandle<action_interfaces::action::Movetogoal> > > >[m[K’
  295 |         [01;31m[Koperator[m[K()()
      |         [01;31m[K^~~~~~~~[m[K
gmake[2]: *** [CMakeFiles/action_server.dir/build.make:76: CMakeFiles/action_server.dir/src/action_server.cpp.o] Error 1
gmake[1]: *** [CMakeFiles/Makefile2:143: CMakeFiles/action_server.dir/all] Error 2
gmake: *** [Makefile:146: all] Error 2
