[0.016s] Invoking command in '/home/basmala/ros2_ws/build/act_cont_ex': CMAKE_PREFIX_PATH=/home/basmala/ros2_ws/install/action_interfaces:/home/basmala/ros2_ws/install/yahboom_rosmaster:/home/basmala/ros2_ws/install/yahboom_rosmaster_system_tests:/home/basmala/ros2_ws/install/yahboom_rosmaster_gazebo:/home/basmala/ros2_ws/install/yahboom_rosmaster_description:/home/basmala/ros2_ws/install/yahboom_rosmaster_bringup:/home/basmala/ros2_ws/install/turtlesim_controller:/home/basmala/ros2_ws/install/turtlesim_custom_msgs:/home/basmala/ros2_ws/install/turtle_action_cpp:/home/basmala/ros2_ws/install/mecanum_drive_controller:/home/basmala/ros2_ws/install/first_package_cpp:/home/basmala/ros2_ws/install/bme_gazebo_sensors:/home/basmala/ros2_ws/install/assignment2_rt:/home/basmala/ros2_ws/install/assignment2_custom_msgs_srvs:/home/basmala/ros2_ws/install/assignment1_rt:/opt/ros/jazzy/opt/gz_sim_vendor:/opt/ros/jazzy/opt/gz_sensors_vendor:/opt/ros/jazzy/opt/gz_physics_vendor:/opt/ros/jazzy/opt/sdformat_vendor:/opt/ros/jazzy/opt/gz_gui_vendor:/opt/ros/jazzy/opt/gz_transport_vendor:/opt/ros/jazzy/opt/gz_rendering_vendor:/opt/ros/jazzy/opt/gz_plugin_vendor:/opt/ros/jazzy/opt/gz_fuel_tools_vendor:/opt/ros/jazzy/opt/gz_msgs_vendor:/opt/ros/jazzy/opt/gz_common_vendor:/opt/ros/jazzy/opt/gz_math_vendor:/opt/ros/jazzy/opt/gz_utils_vendor:/opt/ros/jazzy/opt/gz_tools_vendor:/opt/ros/jazzy/opt/gz_ogre_next_vendor:/opt/ros/jazzy/opt/gz_dartsim_vendor:/opt/ros/jazzy/opt/gz_cmake_vendor:/home/basmala/ros2_ws/install/turtle_action_client:/home/basmala/ros2_ws/install/first_package_python:/home/basmala/ros2_ws/install/fibonacci:/opt/ros/jazzy DEBUGINFOD_URLS=https://debuginfod.ubuntu.com LD_LIBRARY_PATH=/home/basmala/ros2_ws/install/action_interfaces/lib:/home/basmala/ros2_ws/install/turtlesim_custom_msgs/lib:/home/basmala/ros2_ws/install/mecanum_drive_controller/lib:/home/basmala/ros2_ws/install/first_package_cpp/lib:/home/basmala/ros2_ws/install/assignment2_custom_msgs_srvs/lib:/opt/ros/jazzy/opt/gz_sim_vendor/lib:/opt/ros/jazzy/opt/gz_sensors_vendor/lib:/opt/ros/jazzy/opt/gz_physics_vendor/lib:/opt/ros/jazzy/opt/sdformat_vendor/lib:/opt/ros/jazzy/opt/rviz_ogre_vendor/lib:/opt/ros/jazzy/lib/x86_64-linux-gnu:/opt/ros/jazzy/opt/gz_gui_vendor/lib:/opt/ros/jazzy/opt/gz_transport_vendor/lib:/opt/ros/jazzy/opt/gz_rendering_vendor/lib:/opt/ros/jazzy/opt/gz_plugin_vendor/lib:/opt/ros/jazzy/opt/gz_fuel_tools_vendor/lib:/opt/ros/jazzy/opt/gz_msgs_vendor/lib:/opt/ros/jazzy/opt/gz_common_vendor/lib:/opt/ros/jazzy/opt/gz_math_vendor/lib:/opt/ros/jazzy/opt/gz_utils_vendor/lib:/opt/ros/jazzy/opt/gz_tools_vendor/lib:/opt/ros/jazzy/opt/gz_ogre_next_vendor/lib:/opt/ros/jazzy/opt/gz_dartsim_vendor/lib:/opt/ros/jazzy/opt/gz_cmake_vendor/lib:/opt/ros/jazzy/lib PYTHONPATH=/home/basmala/ros2_ws/install/action_interfaces/lib/python3.12/site-packages:/home/basmala/ros2_ws/install/turtlesim_custom_msgs/lib/python3.12/site-packages:/home/basmala/ros2_ws/install/turtle_action_client/lib/python3.12/site-packages:/home/basmala/ros2_ws/install/first_package_python/lib/python3.12/site-packages:/home/basmala/ros2_ws/install/fibonacci/lib/python3.12/site-packages:/home/basmala/ros2_ws/install/assignment2_custom_msgs_srvs/lib/python3.12/site-packages:/opt/ros/jazzy/lib/python3.12/site-packages /usr/bin/cmake --build /home/basmala/ros2_ws/build/act_cont_ex -- -j20 -l20
[0.123s] [ 25%] Built target action_client_exe
[0.125s] [ 50%] Built target action_server_exe
[0.138s] [ 62%] [32mBuilding CXX object CMakeFiles/action_client.dir/src/action_client.cpp.o[0m
[0.139s] [ 75%] [32mBuilding CXX object CMakeFiles/action_server.dir/src/action_server.cpp.o[0m
[2.190s] [01m[K/home/basmala/ros2_ws/act_cont_ex/src/action_server.cpp:59:107:[m[K [01;31m[Kerror: [m[K‘[01m[KMoveToGoal[m[K’ is not a member of ‘[01m[Kaction_interfaces::action[m[K’; did you mean ‘[01m[KMovetogoal[m[K’?
[2.190s]    59 | oid execute(const std::shared_ptr<rclcpp_action::ServerGoalHandle<action_interfaces::action::[01;31m[KMoveToGoal[m[K>> goal_handle)
[2.191s]       |                                                                                              [01;31m[K^~~~~~~~~~[m[K
[2.191s]       |                                                                                              [32m[KMovetogoal[m[K
[2.191s] [01m[K/home/basmala/ros2_ws/act_cont_ex/src/action_server.cpp:59:107:[m[K [01;31m[Kerror: [m[Ktemplate argument 1 is invalid
[2.191s] [01m[K/home/basmala/ros2_ws/act_cont_ex/src/action_server.cpp:59:117:[m[K [01;31m[Kerror: [m[Ktemplate argument 1 is invalid
[2.191s]    59 | e(const std::shared_ptr<rclcpp_action::ServerGoalHandle<action_interfaces::action::MoveToGoal[01;31m[K>>[m[K goal_handle)
[2.191s]       |                                                                                              [01;31m[K^~[m[K
[2.191s] 
[2.228s] In file included from [01m[K/opt/ros/jazzy/include/rclcpp/rclcpp/logging.hpp:24[m[K,
[2.228s]                  from [01m[K/opt/ros/jazzy/include/rclcpp/rclcpp/copy_all_parameter_values.hpp:27[m[K,
[2.229s]                  from [01m[K/opt/ros/jazzy/include/rclcpp/rclcpp/rclcpp.hpp:171[m[K,
[2.229s]                  from [01m[K/home/basmala/ros2_ws/act_cont_ex/src/action_server.cpp:1[m[K:
[2.229s] [01m[K/home/basmala/ros2_ws/act_cont_ex/src/action_server.cpp:[m[K In member function ‘[01m[Krclcpp_action::GoalResponse act_cont_ex::RobotControllerActionServer::[01;32m[Khandle_goal[m[K(const rclcpp_action::GoalUUID&, std::shared_ptr<const action_interfaces::action::Movetogoal_Goal_<std::allocator<void> > >)[m[K’:
[2.230s] [01m[K/home/basmala/ros2_ws/act_cont_ex/src/action_server.cpp:44:105:[m[K [01;31m[Kerror: [m[K‘[01m[Kusing std::__shared_ptr_access<const action_interfaces::action::Movetogoal_Goal_<std::allocator<void> >, __gnu_cxx::_S_atomic, false, false>::element_type = const struct action_interfaces::action::Movetogoal_Goal_<std::allocator<void> >[m[K’ {aka ‘[01m[Kconst struct action_interfaces::action::Movetogoal_Goal_<std::allocator<void> >[m[K’} has no member named ‘[01m[Ktarget_pose[m[K’
[2.230s]    44 |      RCLCPP_INFO(this->get_logger(), "Received goal request with target (%.2f, %.2f)", goal->[01;31m[Ktarget_pose[m[K.pose.position.x, goal->target_pose.pose.position.y);
[2.230s]       |                                                                                              [01;31m[K^~~~~~~~~~~[m[K
[2.231s] 
[2.231s] [01m[K/home/basmala/ros2_ws/act_cont_ex/src/action_server.cpp:44:140:[m[K [01;31m[Kerror: [m[K‘[01m[Kusing std::__shared_ptr_access<const action_interfaces::action::Movetogoal_Goal_<std::allocator<void> >, __gnu_cxx::_S_atomic, false, false>::element_type = const struct action_interfaces::action::Movetogoal_Goal_<std::allocator<void> >[m[K’ {aka ‘[01m[Kconst struct action_interfaces::action::Movetogoal_Goal_<std::allocator<void> >[m[K’} has no member named ‘[01m[Ktarget_pose[m[K’
[2.231s]    44 | , "Received goal request with target (%.2f, %.2f)", goal->target_pose.pose.position.x, goal->[01;31m[Ktarget_pose[m[K.pose.position.y);
[2.231s]       |                                                                                              [01;31m[K^~~~~~~~~~~[m[K
[2.231s] 
[2.232s] [01m[K/home/basmala/ros2_ws/act_cont_ex/src/action_server.cpp:42:85:[m[K [01;35m[Kwarning: [m[Kunused parameter ‘[01m[Kuuid[m[K’ [[01;35m[K]8;;https://gcc.gnu.org/onlinedocs/gcc/Warning-Options.html#index-Wunused-parameter-Wunused-parameter]8;;[m[K]
[2.232s]    42 |             rclcpp_action::GoalResponse handle_goal([01;35m[Kconst rclcpp_action::GoalUUID & uuid[m[K, std::shared_ptr<const action_interfaces::action::Movetogoal::Goal> goal)
[2.232s]       |                                                     [01;35m[K~~~~~~~~~~~~~~~~~~~~~~~~~~~~~~~~^~~~[m[K
[2.232s] [01m[K/home/basmala/ros2_ws/act_cont_ex/src/action_server.cpp:[m[K In member function ‘[01m[Krclcpp_action::CancelResponse act_cont_ex::RobotControllerActionServer::[01;32m[Khandle_cancel[m[K(std::shared_ptr<rclcpp_action::ServerGoalHandle<action_interfaces::action::Movetogoal> >)[m[K’:
[2.232s] [01m[K/home/basmala/ros2_ws/act_cont_ex/src/action_server.cpp:48:151:[m[K [01;35m[Kwarning: [m[Kunused parameter ‘[01m[Kgoal_handle[m[K’ [[01;35m[K]8;;https://gcc.gnu.org/onlinedocs/gcc/Warning-Options.html#index-Wunused-parameter-Wunused-parameter]8;;[m[K]
[2.232s]    48 | [01;35m[Konst std::shared_ptr<rclcpp_action::ServerGoalHandle<action_interfaces::action::Movetogoal>> goal_handle[m[K)
[2.232s]       | [01;35m[K~~~~~~~~~~~~~~~~~~~~~~~~~~~~~~~~~~~~~~~~~~~~~~~~~~~~~~~~~~~~~~~~~~~~~~~~~~~~~~~~~~~~~~~~~~~~~^~~~~~~~~~~[m[K
[2.232s] 
[2.233s] [01m[K/home/basmala/ros2_ws/act_cont_ex/src/action_server.cpp:[m[K In member function ‘[01m[Kvoid act_cont_ex::RobotControllerActionServer::[01;32m[Kexecute[m[K(int)[m[K’:
[2.233s] [01m[K/home/basmala/ros2_ws/act_cont_ex/src/action_server.cpp:63:46:[m[K [01;31m[Kerror: [m[Kbase operand of ‘[01m[K->[m[K’ is not a pointer
[2.233s]    63 |                 const auto goal = goal_handle[01;31m[K->[m[Kget_goal();
[2.233s]       |                                              [01;31m[K^~[m[K
[2.237s] [01m[K/home/basmala/ros2_ws/act_cont_ex/src/action_server.cpp:68:36:[m[K [01;31m[Kerror: [m[Kbase operand of ‘[01m[K->[m[K’ is not a pointer
[2.237s]    68 |                     if (goal_handle[01;31m[K->[m[Kis_canceling()) {
[2.238s]       |                                    [01;31m[K^~[m[K
[2.238s] [01m[K/home/basmala/ros2_ws/act_cont_ex/src/action_server.cpp:69:33:[m[K [01;31m[Kerror: [m[K‘[01m[Kusing std::__shared_ptr_access<action_interfaces::action::Movetogoal_Result_<std::allocator<void> >, __gnu_cxx::_S_atomic, false, false>::element_type = struct action_interfaces::action::Movetogoal_Result_<std::allocator<void> >[m[K’ {aka ‘[01m[Kstruct action_interfaces::action::Movetogoal_Result_<std::allocator<void> >[m[K’} has no member named ‘[01m[Ksuccess[m[K’
[2.238s]    69 |                         result->[01;31m[Ksuccess[m[K = false;
[2.238s]       |                                 [01;31m[K^~~~~~~[m[K
[2.238s] [01m[K/home/basmala/ros2_ws/act_cont_ex/src/action_server.cpp:70:36:[m[K [01;31m[Kerror: [m[Kbase operand of ‘[01m[K->[m[K’ is not a pointer
[2.239s]    70 |                         goal_handle[01;31m[K->[m[Kcanceled(result);
[2.239s]       |                                    [01;31m[K^~[m[K
[2.239s] [01m[K/home/basmala/ros2_ws/act_cont_ex/src/action_server.cpp:76:32:[m[K [01;31m[Kerror: [m[Kbase operand of ‘[01m[K->[m[K’ is not a pointer
[2.239s]    76 |                     goal_handle[01;31m[K->[m[Kpublish_feedback(feedback);
[2.240s]       |                                [01;31m[K^~[m[K
[2.240s] [01m[K/home/basmala/ros2_ws/act_cont_ex/src/action_server.cpp:77:117:[m[K [01;31m[Kerror: [m[K‘[01m[Kusing std::__shared_ptr_access<action_interfaces::action::Movetogoal_Feedback_<std::allocator<void> >, __gnu_cxx::_S_atomic, false, false>::element_type = struct action_interfaces::action::Movetogoal_Feedback_<std::allocator<void> >[m[K’ {aka ‘[01m[Kstruct action_interfaces::action::Movetogoal_Feedback_<std::allocator<void> >[m[K’} has no member named ‘[01m[Kcurrent_pose[m[K’
[2.240s]    77 | CPP_INFO(this->get_logger(), "Publishing feedback: current position (%.2f, %.2f)", feedback->[01;31m[Kcurrent_pose[m[K.pose.position.x, feedback->current_pose.pose.position.y);
[2.240s]       |                                                                                              [01;31m[K^~~~~~~~~~~~[m[K
[2.240s] 
[2.240s] [01m[K/home/basmala/ros2_ws/act_cont_ex/src/action_server.cpp:77:157:[m[K [01;31m[Kerror: [m[K‘[01m[Kusing std::__shared_ptr_access<action_interfaces::action::Movetogoal_Feedback_<std::allocator<void> >, __gnu_cxx::_S_atomic, false, false>::element_type = struct action_interfaces::action::Movetogoal_Feedback_<std::allocator<void> >[m[K’ {aka ‘[01m[Kstruct action_interfaces::action::Movetogoal_Feedback_<std::allocator<void> >[m[K’} has no member named ‘[01m[Kcurrent_pose[m[K’
[2.240s]    77 |  feedback: current position (%.2f, %.2f)", feedback->current_pose.pose.position.x, feedback->[01;31m[Kcurrent_pose[m[K.pose.position.y);
[2.240s]       |                                                                                              [01;31m[K^~~~~~~~~~~~[m[K
[2.241s] 
[2.241s] [01m[K/home/basmala/ros2_ws/act_cont_ex/src/action_server.cpp:80:25:[m[K [01;31m[Kerror: [m[K‘[01m[Kusing std::__shared_ptr_access<action_interfaces::action::Movetogoal_Result_<std::allocator<void> >, __gnu_cxx::_S_atomic, false, false>::element_type = struct action_interfaces::action::Movetogoal_Result_<std::allocator<void> >[m[K’ {aka ‘[01m[Kstruct action_interfaces::action::Movetogoal_Result_<std::allocator<void> >[m[K’} has no member named ‘[01m[Ksuccess[m[K’
[2.241s]    80 |                 result->[01;31m[Ksuccess[m[K = true;
[2.241s]       |                         [01;31m[K^~~~~~~[m[K
[2.241s] [01m[K/home/basmala/ros2_ws/act_cont_ex/src/action_server.cpp:81:28:[m[K [01;31m[Kerror: [m[Kbase operand of ‘[01m[K->[m[K’ is not a pointer
[2.241s]    81 |                 goal_handle[01;31m[K->[m[Ksucceed(result);
[2.241s]       |                            [01;31m[K^~[m[K
[2.242s] [01m[K/home/basmala/ros2_ws/act_cont_ex/src/action_server.cpp:[m[K In member function ‘[01m[Kvoid act_cont_ex::RobotControllerActionServer::[01;32m[Ktimer_callback[m[K()[m[K’:
[2.242s] [01m[K/home/basmala/ros2_ws/act_cont_ex/src/action_server.cpp:93:36:[m[K [01;31m[Kerror: [m[Kexpected primary-expression before ‘[01m[Kconst[m[K’
[2.242s]    93 |                 if(handle_accepted([01;31m[Kconst[m[K int))
[2.242s]       |                                    [01;31m[K^~~~~[m[K
[2.251s] [01m[K/home/basmala/ros2_ws/act_cont_ex/src/action_server.cpp:96:56:[m[K [01;31m[Kerror: [m[K‘[01m[Kgoal_handle[m[K’ was not declared in this scope
[2.252s]    96 |                         if(current_pose_.position.x >= [01;31m[Kgoal_handle[m[K->get_goal()->goal_coord_x && current_pose_.position.y >= goal_handle->get_goal()->goal_coord_y)
[2.252s]       |                                                        [01;31m[K^~~~~~~~~~~[m[K
[2.441s] In file included from [01m[K/usr/include/c++/13/future:51[m[K,
[2.441s]                  from [01m[K/opt/ros/jazzy/include/rclcpp/rclcpp/executors.hpp:18[m[K,
[2.441s]                  from [01m[K/opt/ros/jazzy/include/rclcpp/rclcpp/rclcpp.hpp:172[m[K:
[2.441s] /usr/include/c++/13/bits/std_thread.h: In instantiation of ‘[01m[Kstd::thread::[01;32m[Kthread[m[K(_Callable&&, _Args&& ...) [35m[K[with _Callable = std::_Bind<void (act_cont_ex::RobotControllerActionServer::*(act_cont_ex::RobotControllerActionServer*, std::_Placeholder<1>))(int)>; _Args = {const std::shared_ptr<rclcpp_action::ServerGoalHandle<action_interfaces::action::Movetogoal> >&}; <template-parameter-1-3> = void][m[K[m[K’:
[2.441s] [01m[K/home/basmala/ros2_ws/act_cont_ex/src/action_server.cpp:56:119:[m[K   required from here
[2.441s] [01m[K/usr/include/c++/13/bits/std_thread.h:157:72:[m[K [01;31m[Kerror: [m[Kstatic assertion failed: std::thread arguments must be invocable after conversion to rvalues
[2.442s]   157 |                                       typename decay<_Args>::type...>::[01;31m[Kvalue[m[K,
[2.442s]       |                                                                        [01;31m[K^~~~~[m[K
[2.442s] [01m[K/usr/include/c++/13/bits/std_thread.h:157:72:[m[K [01;36m[Knote: [m[K‘[01m[Kstd::integral_constant<bool, false>::value[m[K’ evaluates to false
[2.444s] /usr/include/c++/13/bits/std_thread.h: In instantiation of ‘[01m[Kstruct std::thread::_Invoker<std::tuple<std::_Bind<void (act_cont_ex::RobotControllerActionServer::*(act_cont_ex::RobotControllerActionServer*, std::_Placeholder<1>))(int)>, std::shared_ptr<rclcpp_action::ServerGoalHandle<action_interfaces::action::Movetogoal> > > >[m[K’:
[2.444s] [01m[K/usr/include/c++/13/bits/std_thread.h:236:13:[m[K   required from ‘[01m[Kstruct std::thread::_State_impl<std::thread::_Invoker<std::tuple<std::_Bind<void (act_cont_ex::RobotControllerActionServer::*(act_cont_ex::RobotControllerActionServer*, std::_Placeholder<1>))(int)>, std::shared_ptr<rclcpp_action::ServerGoalHandle<action_interfaces::action::Movetogoal> > > > >[m[K’
[2.444s] [01m[K/usr/include/c++/13/bits/std_thread.h:164:29:[m[K   required from ‘[01m[Kstd::thread::[01;32m[Kthread[m[K(_Callable&&, _Args&& ...) [35m[K[with _Callable = std::_Bind<void (act_cont_ex::RobotControllerActionServer::*(act_cont_ex::RobotControllerActionServer*, std::_Placeholder<1>))(int)>; _Args = {const std::shared_ptr<rclcpp_action::ServerGoalHandle<action_interfaces::action::Movetogoal> >&}; <template-parameter-1-3> = void][m[K[m[K’
[2.444s] [01m[K/home/basmala/ros2_ws/act_cont_ex/src/action_server.cpp:56:119:[m[K   required from here
[2.445s] [01m[K/usr/include/c++/13/bits/std_thread.h:291:11:[m[K [01;31m[Kerror: [m[Kno type named ‘[01m[Ktype[m[K’ in ‘[01m[Kstruct std::thread::_Invoker<std::tuple<std::_Bind<void (act_cont_ex::RobotControllerActionServer::*(act_cont_ex::RobotControllerActionServer*, std::_Placeholder<1>))(int)>, std::shared_ptr<rclcpp_action::ServerGoalHandle<action_interfaces::action::Movetogoal> > > >::__result<std::tuple<std::_Bind<void (act_cont_ex::RobotControllerActionServer::*(act_cont_ex::RobotControllerActionServer*, std::_Placeholder<1>))(int)>, std::shared_ptr<rclcpp_action::ServerGoalHandle<action_interfaces::action::Movetogoal> > > >[m[K’
[2.445s]   291 |           [01;31m[K_M_invoke[m[K(_Index_tuple<_Ind...>)
[2.445s]       |           [01;31m[K^~~~~~~~~[m[K
[2.445s] [01m[K/usr/include/c++/13/bits/std_thread.h:295:9:[m[K [01;31m[Kerror: [m[Kno type named ‘[01m[Ktype[m[K’ in ‘[01m[Kstruct std::thread::_Invoker<std::tuple<std::_Bind<void (act_cont_ex::RobotControllerActionServer::*(act_cont_ex::RobotControllerActionServer*, std::_Placeholder<1>))(int)>, std::shared_ptr<rclcpp_action::ServerGoalHandle<action_interfaces::action::Movetogoal> > > >::__result<std::tuple<std::_Bind<void (act_cont_ex::RobotControllerActionServer::*(act_cont_ex::RobotControllerActionServer*, std::_Placeholder<1>))(int)>, std::shared_ptr<rclcpp_action::ServerGoalHandle<action_interfaces::action::Movetogoal> > > >[m[K’
[2.445s]   295 |         [01;31m[Koperator[m[K()()
[2.445s]       |         [01;31m[K^~~~~~~~[m[K
[3.964s] [ 87%] [32m[1mLinking CXX shared library libaction_client.so[0m
[4.116s] [ 87%] Built target action_client
[4.350s] gmake[2]: *** [CMakeFiles/action_server.dir/build.make:76: CMakeFiles/action_server.dir/src/action_server.cpp.o] Error 1
[4.351s] gmake[1]: *** [CMakeFiles/Makefile2:143: CMakeFiles/action_server.dir/all] Error 2
[4.351s] gmake: *** [Makefile:146: all] Error 2
[4.354s] Invoked command in '/home/basmala/ros2_ws/build/act_cont_ex' returned '2': CMAKE_PREFIX_PATH=/home/basmala/ros2_ws/install/action_interfaces:/home/basmala/ros2_ws/install/yahboom_rosmaster:/home/basmala/ros2_ws/install/yahboom_rosmaster_system_tests:/home/basmala/ros2_ws/install/yahboom_rosmaster_gazebo:/home/basmala/ros2_ws/install/yahboom_rosmaster_description:/home/basmala/ros2_ws/install/yahboom_rosmaster_bringup:/home/basmala/ros2_ws/install/turtlesim_controller:/home/basmala/ros2_ws/install/turtlesim_custom_msgs:/home/basmala/ros2_ws/install/turtle_action_cpp:/home/basmala/ros2_ws/install/mecanum_drive_controller:/home/basmala/ros2_ws/install/first_package_cpp:/home/basmala/ros2_ws/install/bme_gazebo_sensors:/home/basmala/ros2_ws/install/assignment2_rt:/home/basmala/ros2_ws/install/assignment2_custom_msgs_srvs:/home/basmala/ros2_ws/install/assignment1_rt:/opt/ros/jazzy/opt/gz_sim_vendor:/opt/ros/jazzy/opt/gz_sensors_vendor:/opt/ros/jazzy/opt/gz_physics_vendor:/opt/ros/jazzy/opt/sdformat_vendor:/opt/ros/jazzy/opt/gz_gui_vendor:/opt/ros/jazzy/opt/gz_transport_vendor:/opt/ros/jazzy/opt/gz_rendering_vendor:/opt/ros/jazzy/opt/gz_plugin_vendor:/opt/ros/jazzy/opt/gz_fuel_tools_vendor:/opt/ros/jazzy/opt/gz_msgs_vendor:/opt/ros/jazzy/opt/gz_common_vendor:/opt/ros/jazzy/opt/gz_math_vendor:/opt/ros/jazzy/opt/gz_utils_vendor:/opt/ros/jazzy/opt/gz_tools_vendor:/opt/ros/jazzy/opt/gz_ogre_next_vendor:/opt/ros/jazzy/opt/gz_dartsim_vendor:/opt/ros/jazzy/opt/gz_cmake_vendor:/home/basmala/ros2_ws/install/turtle_action_client:/home/basmala/ros2_ws/install/first_package_python:/home/basmala/ros2_ws/install/fibonacci:/opt/ros/jazzy DEBUGINFOD_URLS=https://debuginfod.ubuntu.com LD_LIBRARY_PATH=/home/basmala/ros2_ws/install/action_interfaces/lib:/home/basmala/ros2_ws/install/turtlesim_custom_msgs/lib:/home/basmala/ros2_ws/install/mecanum_drive_controller/lib:/home/basmala/ros2_ws/install/first_package_cpp/lib:/home/basmala/ros2_ws/install/assignment2_custom_msgs_srvs/lib:/opt/ros/jazzy/opt/gz_sim_vendor/lib:/opt/ros/jazzy/opt/gz_sensors_vendor/lib:/opt/ros/jazzy/opt/gz_physics_vendor/lib:/opt/ros/jazzy/opt/sdformat_vendor/lib:/opt/ros/jazzy/opt/rviz_ogre_vendor/lib:/opt/ros/jazzy/lib/x86_64-linux-gnu:/opt/ros/jazzy/opt/gz_gui_vendor/lib:/opt/ros/jazzy/opt/gz_transport_vendor/lib:/opt/ros/jazzy/opt/gz_rendering_vendor/lib:/opt/ros/jazzy/opt/gz_plugin_vendor/lib:/opt/ros/jazzy/opt/gz_fuel_tools_vendor/lib:/opt/ros/jazzy/opt/gz_msgs_vendor/lib:/opt/ros/jazzy/opt/gz_common_vendor/lib:/opt/ros/jazzy/opt/gz_math_vendor/lib:/opt/ros/jazzy/opt/gz_utils_vendor/lib:/opt/ros/jazzy/opt/gz_tools_vendor/lib:/opt/ros/jazzy/opt/gz_ogre_next_vendor/lib:/opt/ros/jazzy/opt/gz_dartsim_vendor/lib:/opt/ros/jazzy/opt/gz_cmake_vendor/lib:/opt/ros/jazzy/lib PYTHONPATH=/home/basmala/ros2_ws/install/action_interfaces/lib/python3.12/site-packages:/home/basmala/ros2_ws/install/turtlesim_custom_msgs/lib/python3.12/site-packages:/home/basmala/ros2_ws/install/turtle_action_client/lib/python3.12/site-packages:/home/basmala/ros2_ws/install/first_package_python/lib/python3.12/site-packages:/home/basmala/ros2_ws/install/fibonacci/lib/python3.12/site-packages:/home/basmala/ros2_ws/install/assignment2_custom_msgs_srvs/lib/python3.12/site-packages:/opt/ros/jazzy/lib/python3.12/site-packages /usr/bin/cmake --build /home/basmala/ros2_ws/build/act_cont_ex -- -j20 -l20
