[0.020s] Invoking command in '/home/basmala/ros2_ws/build/assignment2_rt': AMENT_PREFIX_PATH=/home/basmala/ros2_ws/install/assignment2_custom_msgs_srvs:${AMENT_PREFIX_PATH} CMAKE_PREFIX_PATH=/home/basmala/ros2_ws/install/assignment2_custom_msgs_srvs:/home/basmala/ros2_ws/install/yahboom_rosmaster:/home/basmala/ros2_ws/install/yahboom_rosmaster_system_tests:/home/basmala/ros2_ws/install/yahboom_rosmaster_gazebo:/home/basmala/ros2_ws/install/yahboom_rosmaster_description:/home/basmala/ros2_ws/install/yahboom_rosmaster_bringup:/home/basmala/ros2_ws/install/turtlesim_controller:/home/basmala/ros2_ws/install/turtlesim_custom_msgs:/home/basmala/ros2_ws/install/mecanum_drive_controller:/home/basmala/ros2_ws/install/first_package_cpp:/home/basmala/ros2_ws/install/bme_gazebo_sensors:/home/basmala/ros2_ws/install/assignment1_rt:/opt/ros/jazzy/opt/gz_sim_vendor:/opt/ros/jazzy/opt/gz_sensors_vendor:/opt/ros/jazzy/opt/gz_physics_vendor:/opt/ros/jazzy/opt/sdformat_vendor:/opt/ros/jazzy/opt/gz_gui_vendor:/opt/ros/jazzy/opt/gz_transport_vendor:/opt/ros/jazzy/opt/gz_rendering_vendor:/opt/ros/jazzy/opt/gz_plugin_vendor:/opt/ros/jazzy/opt/gz_fuel_tools_vendor:/opt/ros/jazzy/opt/gz_msgs_vendor:/opt/ros/jazzy/opt/gz_common_vendor:/opt/ros/jazzy/opt/gz_math_vendor:/opt/ros/jazzy/opt/gz_utils_vendor:/opt/ros/jazzy/opt/gz_tools_vendor:/opt/ros/jazzy/opt/gz_ogre_next_vendor:/opt/ros/jazzy/opt/gz_dartsim_vendor:/opt/ros/jazzy/opt/gz_cmake_vendor:/home/basmala/ros2_ws/install/first_package_python:/opt/ros/jazzy DEBUGINFOD_URLS=https://debuginfod.ubuntu.com LD_LIBRARY_PATH=/home/basmala/ros2_ws/install/assignment2_custom_msgs_srvs/lib:${LD_LIBRARY_PATH} PYTHONPATH=/home/basmala/ros2_ws/install/assignment2_custom_msgs_srvs/lib/python3.12/site-packages:${PYTHONPATH} /usr/bin/cmake --build /home/basmala/ros2_ws/build/assignment2_rt -- -j20 -l20
[0.074s] -- Found ament_cmake: 2.5.4 (/opt/ros/jazzy/share/ament_cmake/cmake)
[0.397s] -- Found rclcpp: 28.1.13 (/opt/ros/jazzy/share/rclcpp/cmake)
[0.433s] -- Found rosidl_generator_c: 4.6.6 (/opt/ros/jazzy/share/rosidl_generator_c/cmake)
[0.445s] -- Found rosidl_generator_cpp: 4.6.6 (/opt/ros/jazzy/share/rosidl_generator_cpp/cmake)
[0.456s] -- Using all available rosidl_typesupport_c: rosidl_typesupport_fastrtps_c;rosidl_typesupport_introspection_c
[0.466s] -- Using all available rosidl_typesupport_cpp: rosidl_typesupport_fastrtps_cpp;rosidl_typesupport_introspection_cpp
[0.512s] -- Found rmw_implementation_cmake: 7.3.2 (/opt/ros/jazzy/share/rmw_implementation_cmake/cmake)
[0.514s] -- Found rmw_fastrtps_cpp: 8.4.3 (/opt/ros/jazzy/share/rmw_fastrtps_cpp/cmake)
[0.602s] -- Using RMW implementation 'rmw_fastrtps_cpp' as default
[0.719s] -- Found geometry_msgs: 5.3.6 (/opt/ros/jazzy/share/geometry_msgs/cmake)
[0.754s] -- Found sensor_msgs: 5.3.6 (/opt/ros/jazzy/share/sensor_msgs/cmake)
[0.780s] -- Found nav_msgs: 5.3.6 (/opt/ros/jazzy/share/nav_msgs/cmake)
[0.802s] -- Found assignment2_custom_msgs_srvs: 0.0.0 (/home/basmala/ros2_ws/install/assignment2_custom_msgs_srvs/share/assignment2_custom_msgs_srvs/cmake)
[0.821s] -- Found ament_lint_auto: 0.17.3 (/opt/ros/jazzy/share/ament_lint_auto/cmake)
[0.903s] -- Added test 'cppcheck' to perform static code analysis on C / C++ code
[0.903s] -- Configured cppcheck include dirs: 
[0.903s] -- Configured cppcheck exclude dirs and/or files: 
[0.903s] -- Added test 'flake8' to check Python code syntax and style conventions
[0.903s] -- Configured 'flake8' exclude dirs and/or files: 
[0.903s] -- Added test 'lint_cmake' to check CMake code style
[0.903s] -- Added test 'pep257' to check Python code against some of the docstring style conventions in PEP 257
[0.904s] -- Added test 'uncrustify' to check C / C++ code style
[0.904s] -- Configured uncrustify additional arguments: 
[0.904s] -- Added test 'xmllint' to check XML markup files
[0.905s] -- Configuring done (0.8s)
[0.925s] -- Generating done (0.0s)
[0.934s] -- Build files have been written to: /home/basmala/ros2_ws/build/assignment2_rt
[1.020s] [ 25%] [32mBuilding CXX object CMakeFiles/Robot_Control.dir/src/Robot_Control.cpp.o[0m
[1.021s] [ 75%] Built target UI
[16.921s] [100%] [32m[1mLinking CXX executable Robot_Control[0m
[17.758s] [100%] Built target Robot_Control
[17.777s] Invoked command in '/home/basmala/ros2_ws/build/assignment2_rt' returned '0': AMENT_PREFIX_PATH=/home/basmala/ros2_ws/install/assignment2_custom_msgs_srvs:${AMENT_PREFIX_PATH} CMAKE_PREFIX_PATH=/home/basmala/ros2_ws/install/assignment2_custom_msgs_srvs:/home/basmala/ros2_ws/install/yahboom_rosmaster:/home/basmala/ros2_ws/install/yahboom_rosmaster_system_tests:/home/basmala/ros2_ws/install/yahboom_rosmaster_gazebo:/home/basmala/ros2_ws/install/yahboom_rosmaster_description:/home/basmala/ros2_ws/install/yahboom_rosmaster_bringup:/home/basmala/ros2_ws/install/turtlesim_controller:/home/basmala/ros2_ws/install/turtlesim_custom_msgs:/home/basmala/ros2_ws/install/mecanum_drive_controller:/home/basmala/ros2_ws/install/first_package_cpp:/home/basmala/ros2_ws/install/bme_gazebo_sensors:/home/basmala/ros2_ws/install/assignment1_rt:/opt/ros/jazzy/opt/gz_sim_vendor:/opt/ros/jazzy/opt/gz_sensors_vendor:/opt/ros/jazzy/opt/gz_physics_vendor:/opt/ros/jazzy/opt/sdformat_vendor:/opt/ros/jazzy/opt/gz_gui_vendor:/opt/ros/jazzy/opt/gz_transport_vendor:/opt/ros/jazzy/opt/gz_rendering_vendor:/opt/ros/jazzy/opt/gz_plugin_vendor:/opt/ros/jazzy/opt/gz_fuel_tools_vendor:/opt/ros/jazzy/opt/gz_msgs_vendor:/opt/ros/jazzy/opt/gz_common_vendor:/opt/ros/jazzy/opt/gz_math_vendor:/opt/ros/jazzy/opt/gz_utils_vendor:/opt/ros/jazzy/opt/gz_tools_vendor:/opt/ros/jazzy/opt/gz_ogre_next_vendor:/opt/ros/jazzy/opt/gz_dartsim_vendor:/opt/ros/jazzy/opt/gz_cmake_vendor:/home/basmala/ros2_ws/install/first_package_python:/opt/ros/jazzy DEBUGINFOD_URLS=https://debuginfod.ubuntu.com LD_LIBRARY_PATH=/home/basmala/ros2_ws/install/assignment2_custom_msgs_srvs/lib:${LD_LIBRARY_PATH} PYTHONPATH=/home/basmala/ros2_ws/install/assignment2_custom_msgs_srvs/lib/python3.12/site-packages:${PYTHONPATH} /usr/bin/cmake --build /home/basmala/ros2_ws/build/assignment2_rt -- -j20 -l20
[17.779s] Invoking command in '/home/basmala/ros2_ws/build/assignment2_rt': AMENT_PREFIX_PATH=/home/basmala/ros2_ws/install/assignment2_custom_msgs_srvs:${AMENT_PREFIX_PATH} CMAKE_PREFIX_PATH=/home/basmala/ros2_ws/install/assignment2_custom_msgs_srvs:/home/basmala/ros2_ws/install/yahboom_rosmaster:/home/basmala/ros2_ws/install/yahboom_rosmaster_system_tests:/home/basmala/ros2_ws/install/yahboom_rosmaster_gazebo:/home/basmala/ros2_ws/install/yahboom_rosmaster_description:/home/basmala/ros2_ws/install/yahboom_rosmaster_bringup:/home/basmala/ros2_ws/install/turtlesim_controller:/home/basmala/ros2_ws/install/turtlesim_custom_msgs:/home/basmala/ros2_ws/install/mecanum_drive_controller:/home/basmala/ros2_ws/install/first_package_cpp:/home/basmala/ros2_ws/install/bme_gazebo_sensors:/home/basmala/ros2_ws/install/assignment1_rt:/opt/ros/jazzy/opt/gz_sim_vendor:/opt/ros/jazzy/opt/gz_sensors_vendor:/opt/ros/jazzy/opt/gz_physics_vendor:/opt/ros/jazzy/opt/sdformat_vendor:/opt/ros/jazzy/opt/gz_gui_vendor:/opt/ros/jazzy/opt/gz_transport_vendor:/opt/ros/jazzy/opt/gz_rendering_vendor:/opt/ros/jazzy/opt/gz_plugin_vendor:/opt/ros/jazzy/opt/gz_fuel_tools_vendor:/opt/ros/jazzy/opt/gz_msgs_vendor:/opt/ros/jazzy/opt/gz_common_vendor:/opt/ros/jazzy/opt/gz_math_vendor:/opt/ros/jazzy/opt/gz_utils_vendor:/opt/ros/jazzy/opt/gz_tools_vendor:/opt/ros/jazzy/opt/gz_ogre_next_vendor:/opt/ros/jazzy/opt/gz_dartsim_vendor:/opt/ros/jazzy/opt/gz_cmake_vendor:/home/basmala/ros2_ws/install/first_package_python:/opt/ros/jazzy DEBUGINFOD_URLS=https://debuginfod.ubuntu.com LD_LIBRARY_PATH=/home/basmala/ros2_ws/install/assignment2_custom_msgs_srvs/lib:${LD_LIBRARY_PATH} PYTHONPATH=/home/basmala/ros2_ws/install/assignment2_custom_msgs_srvs/lib/python3.12/site-packages:${PYTHONPATH} /usr/bin/cmake --install /home/basmala/ros2_ws/build/assignment2_rt
[17.794s] -- Install configuration: ""
[17.795s] -- Installing: /home/basmala/ros2_ws/install/assignment2_rt/lib/assignment2_rt/Robot_Control
[17.815s] -- Set non-toolchain portion of runtime path of "/home/basmala/ros2_ws/install/assignment2_rt/lib/assignment2_rt/Robot_Control" to ""
[17.815s] -- Up-to-date: /home/basmala/ros2_ws/install/assignment2_rt/lib/assignment2_rt/UI
[17.815s] -- Up-to-date: /home/basmala/ros2_ws/install/assignment2_rt/share/assignment2_rt/launch
[17.815s] -- Installing: /home/basmala/ros2_ws/install/assignment2_rt/share/assignment2_rt/launch/assignment2.launch.py
[17.816s] -- Installing: /home/basmala/ros2_ws/install/assignment2_rt/share/ament_index/resource_index/package_run_dependencies/assignment2_rt
[17.816s] -- Up-to-date: /home/basmala/ros2_ws/install/assignment2_rt/share/ament_index/resource_index/parent_prefix_path/assignment2_rt
[17.816s] -- Up-to-date: /home/basmala/ros2_ws/install/assignment2_rt/share/assignment2_rt/environment/ament_prefix_path.sh
[17.816s] -- Up-to-date: /home/basmala/ros2_ws/install/assignment2_rt/share/assignment2_rt/environment/ament_prefix_path.dsv
[17.816s] -- Up-to-date: /home/basmala/ros2_ws/install/assignment2_rt/share/assignment2_rt/environment/path.sh
[17.817s] -- Up-to-date: /home/basmala/ros2_ws/install/assignment2_rt/share/assignment2_rt/environment/path.dsv
[17.817s] -- Up-to-date: /home/basmala/ros2_ws/install/assignment2_rt/share/assignment2_rt/local_setup.bash
[17.817s] -- Up-to-date: /home/basmala/ros2_ws/install/assignment2_rt/share/assignment2_rt/local_setup.sh
[17.817s] -- Up-to-date: /home/basmala/ros2_ws/install/assignment2_rt/share/assignment2_rt/local_setup.zsh
[17.817s] -- Up-to-date: /home/basmala/ros2_ws/install/assignment2_rt/share/assignment2_rt/local_setup.dsv
[17.817s] -- Installing: /home/basmala/ros2_ws/install/assignment2_rt/share/assignment2_rt/package.dsv
[17.818s] -- Up-to-date: /home/basmala/ros2_ws/install/assignment2_rt/share/ament_index/resource_index/packages/assignment2_rt
[17.818s] -- Up-to-date: /home/basmala/ros2_ws/install/assignment2_rt/share/assignment2_rt/cmake/assignment2_rtConfig.cmake
[17.819s] -- Up-to-date: /home/basmala/ros2_ws/install/assignment2_rt/share/assignment2_rt/cmake/assignment2_rtConfig-version.cmake
[17.819s] -- Installing: /home/basmala/ros2_ws/install/assignment2_rt/share/assignment2_rt/package.xml
[17.822s] Invoked command in '/home/basmala/ros2_ws/build/assignment2_rt' returned '0': AMENT_PREFIX_PATH=/home/basmala/ros2_ws/install/assignment2_custom_msgs_srvs:${AMENT_PREFIX_PATH} CMAKE_PREFIX_PATH=/home/basmala/ros2_ws/install/assignment2_custom_msgs_srvs:/home/basmala/ros2_ws/install/yahboom_rosmaster:/home/basmala/ros2_ws/install/yahboom_rosmaster_system_tests:/home/basmala/ros2_ws/install/yahboom_rosmaster_gazebo:/home/basmala/ros2_ws/install/yahboom_rosmaster_description:/home/basmala/ros2_ws/install/yahboom_rosmaster_bringup:/home/basmala/ros2_ws/install/turtlesim_controller:/home/basmala/ros2_ws/install/turtlesim_custom_msgs:/home/basmala/ros2_ws/install/mecanum_drive_controller:/home/basmala/ros2_ws/install/first_package_cpp:/home/basmala/ros2_ws/install/bme_gazebo_sensors:/home/basmala/ros2_ws/install/assignment1_rt:/opt/ros/jazzy/opt/gz_sim_vendor:/opt/ros/jazzy/opt/gz_sensors_vendor:/opt/ros/jazzy/opt/gz_physics_vendor:/opt/ros/jazzy/opt/sdformat_vendor:/opt/ros/jazzy/opt/gz_gui_vendor:/opt/ros/jazzy/opt/gz_transport_vendor:/opt/ros/jazzy/opt/gz_rendering_vendor:/opt/ros/jazzy/opt/gz_plugin_vendor:/opt/ros/jazzy/opt/gz_fuel_tools_vendor:/opt/ros/jazzy/opt/gz_msgs_vendor:/opt/ros/jazzy/opt/gz_common_vendor:/opt/ros/jazzy/opt/gz_math_vendor:/opt/ros/jazzy/opt/gz_utils_vendor:/opt/ros/jazzy/opt/gz_tools_vendor:/opt/ros/jazzy/opt/gz_ogre_next_vendor:/opt/ros/jazzy/opt/gz_dartsim_vendor:/opt/ros/jazzy/opt/gz_cmake_vendor:/home/basmala/ros2_ws/install/first_package_python:/opt/ros/jazzy DEBUGINFOD_URLS=https://debuginfod.ubuntu.com LD_LIBRARY_PATH=/home/basmala/ros2_ws/install/assignment2_custom_msgs_srvs/lib:${LD_LIBRARY_PATH} PYTHONPATH=/home/basmala/ros2_ws/install/assignment2_custom_msgs_srvs/lib/python3.12/site-packages:${PYTHONPATH} /usr/bin/cmake --install /home/basmala/ros2_ws/build/assignment2_rt
