[ 16%] Built target turtle_ex2
[ 33%] Built target turtle_ex1
[ 50%] Built target turtlesim_controller3
[ 66%] Built target turtlesim_sub
[ 83%] Built target turtlesim_service
[100%] Built target turtlesim_pub
-- Install configuration: ""
-- Up-to-date: /home/basmala/ros2_ws/install/turtlesim_controller/lib/turtlesim_controller/turtlesim_sub
-- Up-to-date: /home/basmala/ros2_ws/install/turtlesim_controller/lib/turtlesim_controller/turtlesim_pub
-- Up-to-date: /home/basmala/ros2_ws/install/turtlesim_controller/lib/turtlesim_controller/turtle_ex1
-- Up-to-date: /home/basmala/ros2_ws/install/turtlesim_controller/lib/turtlesim_controller/turtle_ex2
-- Up-to-date: /home/basmala/ros2_ws/install/turtlesim_controller/lib/turtlesim_controller/turtlesim_service
-- Up-to-date: /home/basmala/ros2_ws/install/turtlesim_controller/lib/turtlesim_controller/turtlesim_controller3
-- Up-to-date: /home/basmala/ros2_ws/install/turtlesim_controller/share/turtlesim_controller/launch
-- Up-to-date: /home/basmala/ros2_ws/install/turtlesim_controller/share/turtlesim_controller/launch/turtlesim_controller.launch.xml
-- Up-to-date: /home/basmala/ros2_ws/install/turtlesim_controller/share/ament_index/resource_index/package_run_dependencies/turtlesim_controller
-- Up-to-date: /home/basmala/ros2_ws/install/turtlesim_controller/share/ament_index/resource_index/parent_prefix_path/turtlesim_controller
-- Up-to-date: /home/basmala/ros2_ws/install/turtlesim_controller/share/turtlesim_controller/environment/ament_prefix_path.sh
-- Up-to-date: /home/basmala/ros2_ws/install/turtlesim_controller/share/turtlesim_controller/environment/ament_prefix_path.dsv
-- Up-to-date: /home/basmala/ros2_ws/install/turtlesim_controller/share/turtlesim_controller/environment/path.sh
-- Up-to-date: /home/basmala/ros2_ws/install/turtlesim_controller/share/turtlesim_controller/environment/path.dsv
-- Up-to-date: /home/basmala/ros2_ws/install/turtlesim_controller/share/turtlesim_controller/local_setup.bash
-- Up-to-date: /home/basmala/ros2_ws/install/turtlesim_controller/share/turtlesim_controller/local_setup.sh
-- Up-to-date: /home/basmala/ros2_ws/install/turtlesim_controller/share/turtlesim_controller/local_setup.zsh
-- Up-to-date: /home/basmala/ros2_ws/install/turtlesim_controller/share/turtlesim_controller/local_setup.dsv
-- Installing: /home/basmala/ros2_ws/install/turtlesim_controller/share/turtlesim_controller/package.dsv
-- Up-to-date: /home/basmala/ros2_ws/install/turtlesim_controller/share/ament_index/resource_index/packages/turtlesim_controller
-- Up-to-date: /home/basmala/ros2_ws/install/turtlesim_controller/share/turtlesim_controller/cmake/turtlesim_controllerConfig.cmake
-- Up-to-date: /home/basmala/ros2_ws/install/turtlesim_controller/share/turtlesim_controller/cmake/turtlesim_controllerConfig-version.cmake
-- Up-to-date: /home/basmala/ros2_ws/install/turtlesim_controller/share/turtlesim_controller/package.xml
