-- Found ament_cmake: 2.5.5 (/opt/ros/jazzy/share/ament_cmake/cmake)
-- Override CMake install command with custom implementation using symlinks instead of copying resources
-- Found rclcpp: 28.1.16 (/opt/ros/jazzy/share/rclcpp/cmake)
-- Found rosidl_generator_c: 4.6.7 (/opt/ros/jazzy/share/rosidl_generator_c/cmake)
-- Found rosidl_generator_cpp: 4.6.7 (/opt/ros/jazzy/share/rosidl_generator_cpp/cmake)
-- Using all available rosidl_typesupport_c: rosidl_typesupport_fastrtps_c;rosidl_typesupport_introspection_c
-- Using all available rosidl_typesupport_cpp: rosidl_typesupport_fastrtps_cpp;rosidl_typesupport_introspection_cpp
-- Found rmw_implementation_cmake: 7.3.3 (/opt/ros/jazzy/share/rmw_implementation_cmake/cmake)
-- Found rmw_fastrtps_cpp: 8.4.3 (/opt/ros/jazzy/share/rmw_fastrtps_cpp/cmake)
-- Using RMW implementation 'rmw_fastrtps_cpp' as default
-- Found geometry_msgs: 5.3.6 (/opt/ros/jazzy/share/geometry_msgs/cmake)
-- Found turtlesim: 1.8.3 (/opt/ros/jazzy/share/turtlesim/cmake)
-- Found ament_lint_auto: 0.17.4 (/opt/ros/jazzy/share/ament_lint_auto/cmake)
-- Added test 'cppcheck' to perform static code analysis on C / C++ code
-- Configured cppcheck include dirs: 
-- Configured cppcheck exclude dirs and/or files: 
-- Added test 'flake8' to check Python code syntax and style conventions
-- Configured 'flake8' exclude dirs and/or files: 
-- Added test 'lint_cmake' to check CMake code style
-- Added test 'pep257' to check Python code against some of the docstring style conventions in PEP 257
-- Added test 'uncrustify' to check C / C++ code style
-- Configured uncrustify additional arguments: 
-- Added test 'xmllint' to check XML markup files
-- Configuring done (0.9s)
-- Generating done (0.0s)
-- Build files have been written to: /home/basmala/ros2_ws/build/assignment1_rt
[ 50%] [32mBuilding CXX object CMakeFiles/DistanceControl.dir/src/DistanceControl.cpp.o[0m
[ 50%] [32mBuilding CXX object CMakeFiles/UI.dir/src/UI.cpp.o[0m
[01m[K/home/basmala/ros2_ws/assignment1_rt/src/DistanceControl.cpp:[m[K In member function ‘[01m[Kvoid DistanceMonitor::[01;32m[Kcheck_metrics[m[K()[m[K’:
[01m[K/home/basmala/ros2_ws/assignment1_rt/src/DistanceControl.cpp:81:9:[m[K [01;31m[Kerror: [m[K‘[01m[Kelse[m[K’ without a previous ‘[01m[Kif[m[K’
   81 |         [01;31m[Kelse[m[K if ((pose1_.x > 10.0 && pose1_.x > prev_x1_) ||
      |         [01;31m[K^~~~[m[K
[ 75%] [32m[1mLinking CXX executable UI[0m
[ 75%] Built target UI
gmake[2]: *** [CMakeFiles/DistanceControl.dir/build.make:76: CMakeFiles/DistanceControl.dir/src/DistanceControl.cpp.o] Error 1
gmake[1]: *** [CMakeFiles/Makefile2:165: CMakeFiles/DistanceControl.dir/all] Error 2
gmake: *** [Makefile:146: all] Error 2
