[0.015s] Invoking command in '/home/basmala/ros2_ws/build/assignment2_rt': CMAKE_PREFIX_PATH=/home/basmala/ros2_ws/install/assignment2_custom_msgs_srvs:/home/basmala/ros2_ws/install/yahboom_rosmaster:/home/basmala/ros2_ws/install/yahboom_rosmaster_system_tests:/home/basmala/ros2_ws/install/yahboom_rosmaster_gazebo:/home/basmala/ros2_ws/install/yahboom_rosmaster_description:/home/basmala/ros2_ws/install/yahboom_rosmaster_bringup:/home/basmala/ros2_ws/install/turtlesim_controller:/home/basmala/ros2_ws/install/turtlesim_custom_msgs:/home/basmala/ros2_ws/install/mecanum_drive_controller:/home/basmala/ros2_ws/install/first_package_cpp:/home/basmala/ros2_ws/install/bme_gazebo_sensors:/home/basmala/ros2_ws/install/assignment2_rt:/home/basmala/ros2_ws/install/assignment1_rt:/opt/ros/jazzy/opt/gz_sim_vendor:/opt/ros/jazzy/opt/gz_sensors_vendor:/opt/ros/jazzy/opt/gz_physics_vendor:/opt/ros/jazzy/opt/sdformat_vendor:/opt/ros/jazzy/opt/gz_gui_vendor:/opt/ros/jazzy/opt/gz_transport_vendor:/opt/ros/jazzy/opt/gz_rendering_vendor:/opt/ros/jazzy/opt/gz_plugin_vendor:/opt/ros/jazzy/opt/gz_fuel_tools_vendor:/opt/ros/jazzy/opt/gz_msgs_vendor:/opt/ros/jazzy/opt/gz_common_vendor:/opt/ros/jazzy/opt/gz_math_vendor:/opt/ros/jazzy/opt/gz_utils_vendor:/opt/ros/jazzy/opt/gz_tools_vendor:/opt/ros/jazzy/opt/gz_ogre_next_vendor:/opt/ros/jazzy/opt/gz_dartsim_vendor:/opt/ros/jazzy/opt/gz_cmake_vendor:/home/basmala/ros2_ws/install/first_package_python:/opt/ros/jazzy DEBUGINFOD_URLS=https://debuginfod.ubuntu.com LD_LIBRARY_PATH=/home/basmala/ros2_ws/install/assignment2_custom_msgs_srvs/lib:/home/basmala/ros2_ws/install/turtlesim_custom_msgs/lib:/home/basmala/ros2_ws/install/mecanum_drive_controller/lib:/opt/ros/jazzy/opt/gz_sim_vendor/lib:/opt/ros/jazzy/opt/gz_sensors_vendor/lib:/opt/ros/jazzy/opt/gz_physics_vendor/lib:/opt/ros/jazzy/opt/sdformat_vendor/lib:/opt/ros/jazzy/opt/rviz_ogre_vendor/lib:/opt/ros/jazzy/lib/x86_64-linux-gnu:/opt/ros/jazzy/opt/gz_gui_vendor/lib:/opt/ros/jazzy/opt/gz_transport_vendor/lib:/opt/ros/jazzy/opt/gz_rendering_vendor/lib:/opt/ros/jazzy/opt/gz_plugin_vendor/lib:/opt/ros/jazzy/opt/gz_fuel_tools_vendor/lib:/opt/ros/jazzy/opt/gz_msgs_vendor/lib:/opt/ros/jazzy/opt/gz_common_vendor/lib:/opt/ros/jazzy/opt/gz_math_vendor/lib:/opt/ros/jazzy/opt/gz_utils_vendor/lib:/opt/ros/jazzy/opt/gz_tools_vendor/lib:/opt/ros/jazzy/opt/gz_ogre_next_vendor/lib:/opt/ros/jazzy/opt/gz_dartsim_vendor/lib:/opt/ros/jazzy/opt/gz_cmake_vendor/lib:/opt/ros/jazzy/lib PYTHONPATH=/home/basmala/ros2_ws/install/assignment2_custom_msgs_srvs/lib/python3.12/site-packages:/home/basmala/ros2_ws/install/turtlesim_custom_msgs/lib/python3.12/site-packages:/home/basmala/ros2_ws/install/first_package_python/lib/python3.12/site-packages:/opt/ros/jazzy/lib/python3.12/site-packages /usr/bin/cmake --build /home/basmala/ros2_ws/build/assignment2_rt -- -j20 -l20
[0.107s] [ 25%] [32mBuilding CXX object CMakeFiles/UI.dir/src/UI.cpp.o[0m
[0.108s] [ 50%] [32mBuilding CXX object CMakeFiles/Robot_Control.dir/src/Robot_Control.cpp.o[0m
[2.070s] [01m[K/home/basmala/ros2_ws/assignment2_rt/src/Robot_Control.cpp:99:38:[m[K [01;31m[Kerror: [m[K‘[01m[KFloat32[m[K’ is not a member of ‘[01m[Kstd_msgs::msg[m[K’
[2.070s]    99 |     rclcpp::Publisher<std_msgs::msg::[01;31m[KFloat32[m[K>::SharedPtr fixed_point_distance_publisher_;
[2.070s]       |                                      [01;31m[K^~~~~~~[m[K
[2.070s] [01m[K/home/basmala/ros2_ws/assignment2_rt/src/Robot_Control.cpp:99:45:[m[K [01;31m[Kerror: [m[Ktemplate argument 1 is invalid
[2.070s]    99 |     rclcpp::Publisher<std_msgs::msg::Float32[01;31m[K>[m[K::SharedPtr fixed_point_distance_publisher_;
[2.070s]       |                                             [01;31m[K^[m[K
[2.071s] [01m[K/home/basmala/ros2_ws/assignment2_rt/src/Robot_Control.cpp:99:48:[m[K [01;31m[Kerror: [m[Kexpected ‘[01m[K;[m[K’ at end of member declaration
[2.071s]    99 |     rclcpp::Publisher<std_msgs::msg::Float32>::[01;31m[KSharedPtr[m[K fixed_point_distance_publisher_;
[2.072s]       |                                                [01;31m[K^~~~~~~~~[m[K
[2.072s]       |                                                         [32m[K;[m[K
[2.081s] [01m[K/home/basmala/ros2_ws/assignment2_rt/src/Robot_Control.cpp:99:58:[m[K [01;31m[Kerror: [m[K‘[01m[Kfixed_point_distance_publisher_[m[K’ does not name a type
[2.081s]    99 |     rclcpp::Publisher<std_msgs::msg::Float32>::SharedPtr [01;31m[Kfixed_point_distance_publisher_[m[K;
[2.081s]       |                                                          [01;31m[K^~~~~~~~~~~~~~~~~~~~~~~~~~~~~~~[m[K
[2.167s] [01m[K/home/basmala/ros2_ws/assignment2_rt/src/Robot_Control.cpp:[m[K In constructor ‘[01m[KRobotControlNode::[01;32m[KRobotControlNode[m[K()[m[K’:
[2.167s] [01m[K/home/basmala/ros2_ws/assignment2_rt/src/Robot_Control.cpp:34:9:[m[K [01;31m[Kerror: [m[K‘[01m[Kfixed_point_distance_publisher_[m[K’ was not declared in this scope
[2.167s]    34 |         [01;31m[Kfixed_point_distance_publisher_[m[K = this->create_publisher<std_msgs::msg::Float32>(
[2.168s]       |         [01;31m[K^~~~~~~~~~~~~~~~~~~~~~~~~~~~~~~[m[K
[2.168s] [01m[K/home/basmala/ros2_ws/assignment2_rt/src/Robot_Control.cpp:34:81:[m[K [01;31m[Kerror: [m[K‘[01m[KFloat32[m[K’ is not a member of ‘[01m[Kstd_msgs::msg[m[K’
[2.168s]    34 |         fixed_point_distance_publisher_ = this->create_publisher<std_msgs::msg::[01;31m[KFloat32[m[K>(
[2.168s]       |                                                                                 [01;31m[K^~~~~~~[m[K
[2.168s] [01m[K/home/basmala/ros2_ws/assignment2_rt/src/Robot_Control.cpp:34:89:[m[K [01;31m[Kerror: [m[Kno matching function for call to ‘[01m[KRobotControlNode::create_publisher<<expression error> >(const char [21], int)[m[K’
[2.168s]    34 |         fixed_point_distance_publisher_ = [01;31m[Kthis->create_publisher<std_msgs::msg::Float32>([m[K
[2.168s]       |                                           [01;31m[K~~~~~~~~~~~~~~~~~~~~~~~~~~~~~~~~~~~~~~~~~~~~~~^[m[K
[2.169s]    35 | [01;31m[K            "fixed_point_distance", 10)[m[K;
[2.169s]       |             [01;31m[K~~~~~~~~~~~~~~~~~~~~~~~~~~~[m[K                                                  
[2.169s] In file included from [01m[K/opt/ros/jazzy/include/rclcpp/rclcpp/node.hpp:1663[m[K,
[2.169s]                  from [01m[K/opt/ros/jazzy/include/rclcpp/rclcpp/executors/single_threaded_executor.hpp:28[m[K,
[2.169s]                  from [01m[K/opt/ros/jazzy/include/rclcpp/rclcpp/executors.hpp:22[m[K,
[2.169s]                  from [01m[K/opt/ros/jazzy/include/rclcpp/rclcpp/rclcpp.hpp:172[m[K,
[2.169s]                  from [01m[K/home/basmala/ros2_ws/assignment2_rt/src/Robot_Control.cpp:8[m[K:
[2.169s] [01m[K/opt/ros/jazzy/include/rclcpp/rclcpp/node_impl.hpp:73:1:[m[K [01;36m[Knote: [m[Kcandidate: ‘[01m[Ktemplate<class MessageT, class AllocatorT, class PublisherT> std::shared_ptr<PublisherT> rclcpp::Node::[01;32m[Kcreate_publisher[m[K(const std::string&, const rclcpp::QoS&, const rclcpp::PublisherOptionsWithAllocator<AllocatorT>&)[m[K’
[2.169s]    73 | [01;36m[KNode[m[K::create_publisher(
[2.169s]       | [01;36m[K^~~~[m[K
[2.169s] [01m[K/opt/ros/jazzy/include/rclcpp/rclcpp/node_impl.hpp:73:1:[m[K [01;36m[Knote: [m[K  template argument deduction/substitution failed:
[2.169s] [01m[K/home/basmala/ros2_ws/assignment2_rt/src/Robot_Control.cpp:34:89:[m[K [01;31m[Kerror: [m[Ktemplate argument 1 is invalid
[2.169s]    34 |         fixed_point_distance_publisher_ = [01;31m[Kthis->create_publisher<std_msgs::msg::Float32>([m[K
[2.169s]       |                                           [01;31m[K~~~~~~~~~~~~~~~~~~~~~~~~~~~~~~~~~~~~~~~~~~~~~~^[m[K
[2.170s]    35 | [01;31m[K            "fixed_point_distance", 10)[m[K;
[2.170s]       |             [01;31m[K~~~~~~~~~~~~~~~~~~~~~~~~~~~[m[K                                                  
[2.217s] [01m[K/home/basmala/ros2_ws/assignment2_rt/src/Robot_Control.cpp:[m[K In member function ‘[01m[Kvoid RobotControlNode::[01;32m[KmodifyFixedPointCallback[m[K(std::shared_ptr<assignment2_custom_msgs_srvs::srv::ModifyFixedPoint_Request_<std::allocator<void> > >, std::shared_ptr<assignment2_custom_msgs_srvs::srv::ModifyFixedPoint_Response_<std::allocator<void> > >)[m[K’:
[2.218s] [01m[K/home/basmala/ros2_ws/assignment2_rt/src/Robot_Control.cpp:214:19:[m[K [01;31m[Kerror: [m[K‘[01m[Kusing std::__shared_ptr_access<assignment2_custom_msgs_srvs::srv::ModifyFixedPoint_Response_<std::allocator<void> >, __gnu_cxx::_S_atomic, false, false>::element_type = struct assignment2_custom_msgs_srvs::srv::ModifyFixedPoint_Response_<std::allocator<void> >[m[K’ {aka ‘[01m[Kstruct assignment2_custom_msgs_srvs::srv::ModifyFixedPoint_Response_<std::allocator<void> >[m[K’} has no member named ‘[01m[Ksuccess[m[K’
[2.218s]   214 |         response->[01;31m[Ksuccess[m[K = true;
[2.218s]       |                   [01;31m[K^~~~~~~[m[K
[2.218s] [01m[K/home/basmala/ros2_ws/assignment2_rt/src/Robot_Control.cpp:[m[K In member function ‘[01m[Kvoid RobotControlNode::[01;32m[KcheckFixedPointDistance[m[K()[m[K’:
[2.218s] [01m[K/home/basmala/ros2_ws/assignment2_rt/src/Robot_Control.cpp:225:44:[m[K [01;31m[Kerror: [m[K‘[01m[KFloat32[m[K’ is not a member of ‘[01m[Kstd_msgs::msg[m[K’
[2.218s]   225 |         auto distance_msg = std_msgs::msg::[01;31m[KFloat32[m[K();
[2.218s]       |                                            [01;31m[K^~~~~~~[m[K
[2.235s] [01m[K/home/basmala/ros2_ws/assignment2_rt/src/Robot_Control.cpp:227:9:[m[K [01;31m[Kerror: [m[K‘[01m[Kfixed_point_distance_publisher_[m[K’ was not declared in this scope
[2.235s]   227 |         [01;31m[Kfixed_point_distance_publisher_[m[K->publish(distance_msg);
[2.235s]       |         [01;31m[K^~~~~~~~~~~~~~~~~~~~~~~~~~~~~~~[m[K
[5.327s] [ 75%] [32m[1mLinking CXX executable UI[0m
[5.552s] [ 75%] Built target UI
[5.562s] gmake[2]: *** [CMakeFiles/Robot_Control.dir/build.make:76: CMakeFiles/Robot_Control.dir/src/Robot_Control.cpp.o] Error 1
[5.562s] gmake[1]: *** [CMakeFiles/Makefile2:139: CMakeFiles/Robot_Control.dir/all] Error 2
[5.562s] gmake: *** [Makefile:146: all] Error 2
[5.566s] Invoked command in '/home/basmala/ros2_ws/build/assignment2_rt' returned '2': CMAKE_PREFIX_PATH=/home/basmala/ros2_ws/install/assignment2_custom_msgs_srvs:/home/basmala/ros2_ws/install/yahboom_rosmaster:/home/basmala/ros2_ws/install/yahboom_rosmaster_system_tests:/home/basmala/ros2_ws/install/yahboom_rosmaster_gazebo:/home/basmala/ros2_ws/install/yahboom_rosmaster_description:/home/basmala/ros2_ws/install/yahboom_rosmaster_bringup:/home/basmala/ros2_ws/install/turtlesim_controller:/home/basmala/ros2_ws/install/turtlesim_custom_msgs:/home/basmala/ros2_ws/install/mecanum_drive_controller:/home/basmala/ros2_ws/install/first_package_cpp:/home/basmala/ros2_ws/install/bme_gazebo_sensors:/home/basmala/ros2_ws/install/assignment2_rt:/home/basmala/ros2_ws/install/assignment1_rt:/opt/ros/jazzy/opt/gz_sim_vendor:/opt/ros/jazzy/opt/gz_sensors_vendor:/opt/ros/jazzy/opt/gz_physics_vendor:/opt/ros/jazzy/opt/sdformat_vendor:/opt/ros/jazzy/opt/gz_gui_vendor:/opt/ros/jazzy/opt/gz_transport_vendor:/opt/ros/jazzy/opt/gz_rendering_vendor:/opt/ros/jazzy/opt/gz_plugin_vendor:/opt/ros/jazzy/opt/gz_fuel_tools_vendor:/opt/ros/jazzy/opt/gz_msgs_vendor:/opt/ros/jazzy/opt/gz_common_vendor:/opt/ros/jazzy/opt/gz_math_vendor:/opt/ros/jazzy/opt/gz_utils_vendor:/opt/ros/jazzy/opt/gz_tools_vendor:/opt/ros/jazzy/opt/gz_ogre_next_vendor:/opt/ros/jazzy/opt/gz_dartsim_vendor:/opt/ros/jazzy/opt/gz_cmake_vendor:/home/basmala/ros2_ws/install/first_package_python:/opt/ros/jazzy DEBUGINFOD_URLS=https://debuginfod.ubuntu.com LD_LIBRARY_PATH=/home/basmala/ros2_ws/install/assignment2_custom_msgs_srvs/lib:/home/basmala/ros2_ws/install/turtlesim_custom_msgs/lib:/home/basmala/ros2_ws/install/mecanum_drive_controller/lib:/opt/ros/jazzy/opt/gz_sim_vendor/lib:/opt/ros/jazzy/opt/gz_sensors_vendor/lib:/opt/ros/jazzy/opt/gz_physics_vendor/lib:/opt/ros/jazzy/opt/sdformat_vendor/lib:/opt/ros/jazzy/opt/rviz_ogre_vendor/lib:/opt/ros/jazzy/lib/x86_64-linux-gnu:/opt/ros/jazzy/opt/gz_gui_vendor/lib:/opt/ros/jazzy/opt/gz_transport_vendor/lib:/opt/ros/jazzy/opt/gz_rendering_vendor/lib:/opt/ros/jazzy/opt/gz_plugin_vendor/lib:/opt/ros/jazzy/opt/gz_fuel_tools_vendor/lib:/opt/ros/jazzy/opt/gz_msgs_vendor/lib:/opt/ros/jazzy/opt/gz_common_vendor/lib:/opt/ros/jazzy/opt/gz_math_vendor/lib:/opt/ros/jazzy/opt/gz_utils_vendor/lib:/opt/ros/jazzy/opt/gz_tools_vendor/lib:/opt/ros/jazzy/opt/gz_ogre_next_vendor/lib:/opt/ros/jazzy/opt/gz_dartsim_vendor/lib:/opt/ros/jazzy/opt/gz_cmake_vendor/lib:/opt/ros/jazzy/lib PYTHONPATH=/home/basmala/ros2_ws/install/assignment2_custom_msgs_srvs/lib/python3.12/site-packages:/home/basmala/ros2_ws/install/turtlesim_custom_msgs/lib/python3.12/site-packages:/home/basmala/ros2_ws/install/first_package_python/lib/python3.12/site-packages:/opt/ros/jazzy/lib/python3.12/site-packages /usr/bin/cmake --build /home/basmala/ros2_ws/build/assignment2_rt -- -j20 -l20
