[0.904s] Invoking command in '/home/basmala/ros2_ws/turtle_action_client': DEBUGINFOD_URLS=https://debuginfod.ubuntu.com PYTHONPATH=/home/basmala/ros2_ws/build/turtle_action_client/prefix_override:/usr/lib/python3/dist-packages/colcon_core/task/python/colcon_distutils_commands:/home/basmala/ros2_ws/install/turtle_action_client/lib/python3.12/site-packages:${PYTHONPATH} /usr/bin/python3 -W ignore:setup.py install is deprecated -W ignore:easy_install command is deprecated setup.py egg_info --egg-base ../build/turtle_action_client build --build-base /home/basmala/ros2_ws/build/turtle_action_client/build install --record /home/basmala/ros2_ws/build/turtle_action_client/install.log --single-version-externally-managed install_data
[1.120s] running egg_info
[1.134s] writing ../build/turtle_action_client/turtle_action_client.egg-info/PKG-INFO
[1.134s] writing dependency_links to ../build/turtle_action_client/turtle_action_client.egg-info/dependency_links.txt
[1.135s] writing entry points to ../build/turtle_action_client/turtle_action_client.egg-info/entry_points.txt
[1.135s] writing requirements to ../build/turtle_action_client/turtle_action_client.egg-info/requires.txt
[1.135s] writing top-level names to ../build/turtle_action_client/turtle_action_client.egg-info/top_level.txt
[1.161s] reading manifest file '../build/turtle_action_client/turtle_action_client.egg-info/SOURCES.txt'
[1.162s] writing manifest file '../build/turtle_action_client/turtle_action_client.egg-info/SOURCES.txt'
[1.162s] running build
[1.162s] running build_py
[1.162s] copying turtle_action_client/cancel_goal.py -> /home/basmala/ros2_ws/build/turtle_action_client/build/lib/turtle_action_client
[1.162s] running install
[1.167s] running install_lib
[1.178s] copying /home/basmala/ros2_ws/build/turtle_action_client/build/lib/turtle_action_client/cancel_goal.py -> /home/basmala/ros2_ws/install/turtle_action_client/lib/python3.12/site-packages/turtle_action_client
[1.178s] byte-compiling /home/basmala/ros2_ws/install/turtle_action_client/lib/python3.12/site-packages/turtle_action_client/cancel_goal.py to cancel_goal.cpython-312.pyc
[1.180s] running install_data
[1.180s] running install_egg_info
[1.191s] removing '/home/basmala/ros2_ws/install/turtle_action_client/lib/python3.12/site-packages/turtle_action_client-0.0.0-py3.12.egg-info' (and everything under it)
[1.192s] Copying ../build/turtle_action_client/turtle_action_client.egg-info to /home/basmala/ros2_ws/install/turtle_action_client/lib/python3.12/site-packages/turtle_action_client-0.0.0-py3.12.egg-info
[1.192s] running install_scripts
[1.282s] Installing cancel_goal script to /home/basmala/ros2_ws/install/turtle_action_client/lib/turtle_action_client
[1.282s] Installing complete_min_act_client script to /home/basmala/ros2_ws/install/turtle_action_client/lib/turtle_action_client
[1.282s] Installing feedback_result script to /home/basmala/ros2_ws/install/turtle_action_client/lib/turtle_action_client
[1.282s] Installing minimal_action_client script to /home/basmala/ros2_ws/install/turtle_action_client/lib/turtle_action_client
[1.282s] writing list of installed files to '/home/basmala/ros2_ws/build/turtle_action_client/install.log'
[1.301s] Invoked command in '/home/basmala/ros2_ws/turtle_action_client' returned '0': DEBUGINFOD_URLS=https://debuginfod.ubuntu.com PYTHONPATH=/home/basmala/ros2_ws/build/turtle_action_client/prefix_override:/usr/lib/python3/dist-packages/colcon_core/task/python/colcon_distutils_commands:/home/basmala/ros2_ws/install/turtle_action_client/lib/python3.12/site-packages:${PYTHONPATH} /usr/bin/python3 -W ignore:setup.py install is deprecated -W ignore:easy_install command is deprecated setup.py egg_info --egg-base ../build/turtle_action_client build --build-base /home/basmala/ros2_ws/build/turtle_action_client/build install --record /home/basmala/ros2_ws/build/turtle_action_client/install.log --single-version-externally-managed install_data
