[0.011s] Invoking command in '/home/basmala/ros2_ws/build/assignment2_custom_msgs_srvs': CMAKE_PREFIX_PATH=${CMAKE_PREFIX_PATH}:/home/basmala/ros2_ws/install/first_package_python:/opt/ros/jazzy DEBUGINFOD_URLS=https://debuginfod.ubuntu.com /usr/bin/cmake --build /home/basmala/ros2_ws/build/assignment2_custom_msgs_srvs -- -j20 -l20
[0.043s] -- Found ament_cmake: 2.5.4 (/opt/ros/jazzy/share/ament_cmake/cmake)
[0.077s] -- Found Python3: /usr/bin/python3 (found version "3.12.3") found components: Interpreter 
[0.156s] -- Found rosidl_default_generators: 1.6.0 (/opt/ros/jazzy/share/rosidl_default_generators/cmake)
[0.159s] -- Using all available rosidl_typesupport_c: rosidl_typesupport_fastrtps_c;rosidl_typesupport_introspection_c
[0.204s] -- Using all available rosidl_typesupport_cpp: rosidl_typesupport_fastrtps_cpp;rosidl_typesupport_introspection_cpp
[0.232s] -- Found rosidl_adapter: 4.6.6 (/opt/ros/jazzy/share/rosidl_adapter/cmake)
[0.633s] -- Found ament_cmake_ros: 0.12.0 (/opt/ros/jazzy/share/ament_cmake_ros/cmake)
[0.776s] -- Using all available rosidl_typesupport_c: rosidl_typesupport_fastrtps_c;rosidl_typesupport_introspection_c
[0.940s] -- Using all available rosidl_typesupport_cpp: rosidl_typesupport_fastrtps_cpp;rosidl_typesupport_introspection_cpp
[0.941s] -- Found python_cmake_module: 0.11.1 (/opt/ros/jazzy/share/python_cmake_module/cmake)
[1.183s] -- Found Python3: /usr/bin/python3 (found version "3.12.3") found components: Interpreter Development NumPy Development.Module Development.Embed 
[1.193s] -- Found ament_lint_auto: 0.17.3 (/opt/ros/jazzy/share/ament_lint_auto/cmake)
[1.199s] -- Added test 'lint_cmake' to check CMake code style
[1.200s] -- Added test 'xmllint' to check XML markup files
[1.201s] -- Configuring done (1.2s)
[1.248s] -- Generating done (0.0s)
[1.259s] -- Build files have been written to: /home/basmala/ros2_ws/build/assignment2_custom_msgs_srvs
[1.301s] [  1%] [34m[1mGenerating type hashes for ROS interfaces[0m
[1.320s] [  1%] Built target ament_cmake_python_copy_assignment2_custom_msgs_srvs
[1.522s] running egg_info
[1.526s] [  1%] Built target assignment2_custom_msgs_srvs__rosidl_generator_type_description
[1.542s] [  3%] [34m[1mGenerating C code for ROS interfaces[0m
[1.542s] writing assignment2_custom_msgs_srvs.egg-info/PKG-INFO
[1.543s] writing dependency_links to assignment2_custom_msgs_srvs.egg-info/dependency_links.txt
[1.543s] writing top-level names to assignment2_custom_msgs_srvs.egg-info/top_level.txt
[1.558s] [  4%] [34m[1mGenerating C++ code for ROS interfaces[0m
[1.589s] reading manifest file 'assignment2_custom_msgs_srvs.egg-info/SOURCES.txt'
[1.590s] writing manifest file 'assignment2_custom_msgs_srvs.egg-info/SOURCES.txt'
[1.624s] [  4%] Built target ament_cmake_python_build_assignment2_custom_msgs_srvs_egg
[1.993s] [  4%] Built target assignment2_custom_msgs_srvs__cpp
[2.092s] [  6%] [32mBuilding C object CMakeFiles/assignment2_custom_msgs_srvs__rosidl_generator_c.dir/rosidl_generator_c/assignment2_custom_msgs_srvs/srv/detail/average_velocities__functions.c.o[0m
[2.092s] [  7%] [32mBuilding C object CMakeFiles/assignment2_custom_msgs_srvs__rosidl_generator_c.dir/rosidl_generator_c/assignment2_custom_msgs_srvs/srv/detail/average_velocities__type_support.c.o[0m
[2.093s] [  9%] [32mBuilding C object CMakeFiles/assignment2_custom_msgs_srvs__rosidl_generator_c.dir/rosidl_generator_c/assignment2_custom_msgs_srvs/srv/detail/modify_fixed_point__description.c.o[0m
[2.094s] [ 12%] [32mBuilding C object CMakeFiles/assignment2_custom_msgs_srvs__rosidl_generator_c.dir/rosidl_generator_c/assignment2_custom_msgs_srvs/srv/detail/modify_fixed_point__functions.c.o[0m
[2.094s] [ 12%] [32mBuilding C object CMakeFiles/assignment2_custom_msgs_srvs__rosidl_generator_c.dir/rosidl_generator_c/assignment2_custom_msgs_srvs/srv/detail/modify_fixed_point__type_support.c.o[0m
[2.094s] [ 14%] [32mBuilding C object CMakeFiles/assignment2_custom_msgs_srvs__rosidl_generator_c.dir/rosidl_generator_c/assignment2_custom_msgs_srvs/msg/detail/obstacle__description.c.o[0m
[2.094s] [ 15%] [32mBuilding C object CMakeFiles/assignment2_custom_msgs_srvs__rosidl_generator_c.dir/rosidl_generator_c/assignment2_custom_msgs_srvs/msg/detail/obstacle__functions.c.o[0m
[2.095s] [ 17%] [32mBuilding C object CMakeFiles/assignment2_custom_msgs_srvs__rosidl_generator_c.dir/rosidl_generator_c/assignment2_custom_msgs_srvs/msg/detail/obstacle__type_support.c.o[0m
[2.095s] [ 18%] [32mBuilding C object CMakeFiles/assignment2_custom_msgs_srvs__rosidl_generator_c.dir/rosidl_generator_c/assignment2_custom_msgs_srvs/srv/detail/average_velocities__description.c.o[0m
[2.098s] [ 20%] [32mBuilding C object CMakeFiles/assignment2_custom_msgs_srvs__rosidl_generator_c.dir/rosidl_generator_c/assignment2_custom_msgs_srvs/srv/detail/change_threshold__description.c.o[0m
[2.098s] [ 23%] [32mBuilding C object CMakeFiles/assignment2_custom_msgs_srvs__rosidl_generator_c.dir/rosidl_generator_c/assignment2_custom_msgs_srvs/srv/detail/change_threshold__type_support.c.o[0m
[2.098s] [ 23%] [32mBuilding C object CMakeFiles/assignment2_custom_msgs_srvs__rosidl_generator_c.dir/rosidl_generator_c/assignment2_custom_msgs_srvs/srv/detail/change_threshold__functions.c.o[0m
[2.219s] [ 25%] [32m[1mLinking C shared library libassignment2_custom_msgs_srvs__rosidl_generator_c.so[0m
[2.273s] [ 25%] Built target assignment2_custom_msgs_srvs__rosidl_generator_c
[2.288s] [ 29%] [34m[1mGenerating C++ type support dispatch for ROS interfaces[0m
[2.289s] [ 29%] [34m[1mGenerating C++ introspection for ROS interfaces[0m
[2.289s] [ 29%] [34m[1mGenerating C type support dispatch for ROS interfaces[0m
[2.289s] [ 31%] [34m[1mGenerating C introspection for ROS interfaces[0m
[2.292s] [ 32%] [34m[1mGenerating C type support for eProsima Fast-RTPS[0m
[2.293s] [ 34%] [34m[1mGenerating C++ type support for eProsima Fast-RTPS[0m
[2.711s] [ 39%] [32mBuilding CXX object CMakeFiles/assignment2_custom_msgs_srvs__rosidl_typesupport_c.dir/rosidl_typesupport_c/assignment2_custom_msgs_srvs/srv/change_threshold__type_support.cpp.o[0m
[2.712s] [ 39%] [32mBuilding CXX object CMakeFiles/assignment2_custom_msgs_srvs__rosidl_typesupport_c.dir/rosidl_typesupport_c/assignment2_custom_msgs_srvs/srv/average_velocities__type_support.cpp.o[0m
[2.712s] [ 39%] [32mBuilding CXX object CMakeFiles/assignment2_custom_msgs_srvs__rosidl_typesupport_c.dir/rosidl_typesupport_c/assignment2_custom_msgs_srvs/msg/obstacle__type_support.cpp.o[0m
[2.712s] [ 40%] [32mBuilding CXX object CMakeFiles/assignment2_custom_msgs_srvs__rosidl_typesupport_c.dir/rosidl_typesupport_c/assignment2_custom_msgs_srvs/srv/modify_fixed_point__type_support.cpp.o[0m
[2.803s] [ 42%] [32mBuilding CXX object CMakeFiles/assignment2_custom_msgs_srvs__rosidl_typesupport_cpp.dir/rosidl_typesupport_cpp/assignment2_custom_msgs_srvs/msg/obstacle__type_support.cpp.o[0m
[2.803s] [ 43%] [32m[1mLinking CXX shared library libassignment2_custom_msgs_srvs__rosidl_typesupport_c.so[0m
[2.803s] [ 45%] [32mBuilding CXX object CMakeFiles/assignment2_custom_msgs_srvs__rosidl_typesupport_cpp.dir/rosidl_typesupport_cpp/assignment2_custom_msgs_srvs/srv/change_threshold__type_support.cpp.o[0m
[2.807s] [ 46%] [32mBuilding CXX object CMakeFiles/assignment2_custom_msgs_srvs__rosidl_typesupport_cpp.dir/rosidl_typesupport_cpp/assignment2_custom_msgs_srvs/srv/average_velocities__type_support.cpp.o[0m
[2.808s] [ 48%] [32mBuilding CXX object CMakeFiles/assignment2_custom_msgs_srvs__rosidl_typesupport_cpp.dir/rosidl_typesupport_cpp/assignment2_custom_msgs_srvs/srv/modify_fixed_point__type_support.cpp.o[0m
[2.809s] [ 50%] [32mBuilding CXX object CMakeFiles/assignment2_custom_msgs_srvs__rosidl_typesupport_introspection_cpp.dir/rosidl_typesupport_introspection_cpp/assignment2_custom_msgs_srvs/msg/detail/obstacle__type_support.cpp.o[0m
[2.811s] [ 51%] [32mBuilding CXX object CMakeFiles/assignment2_custom_msgs_srvs__rosidl_typesupport_introspection_cpp.dir/rosidl_typesupport_introspection_cpp/assignment2_custom_msgs_srvs/srv/detail/modify_fixed_point__type_support.cpp.o[0m
[2.812s] [ 53%] [32mBuilding CXX object CMakeFiles/assignment2_custom_msgs_srvs__rosidl_typesupport_introspection_cpp.dir/rosidl_typesupport_introspection_cpp/assignment2_custom_msgs_srvs/srv/detail/average_velocities__type_support.cpp.o[0m
[2.812s] [ 54%] [32mBuilding CXX object CMakeFiles/assignment2_custom_msgs_srvs__rosidl_typesupport_introspection_cpp.dir/rosidl_typesupport_introspection_cpp/assignment2_custom_msgs_srvs/srv/detail/change_threshold__type_support.cpp.o[0m
[2.827s] [ 56%] [32mBuilding C object CMakeFiles/assignment2_custom_msgs_srvs__rosidl_typesupport_introspection_c.dir/rosidl_typesupport_introspection_c/assignment2_custom_msgs_srvs/msg/detail/obstacle__type_support.c.o[0m
[2.829s] [ 59%] [32mBuilding C object CMakeFiles/assignment2_custom_msgs_srvs__rosidl_typesupport_introspection_c.dir/rosidl_typesupport_introspection_c/assignment2_custom_msgs_srvs/srv/detail/average_velocities__type_support.c.o[0m
[2.830s] [ 59%] [32mBuilding C object CMakeFiles/assignment2_custom_msgs_srvs__rosidl_typesupport_introspection_c.dir/rosidl_typesupport_introspection_c/assignment2_custom_msgs_srvs/srv/detail/change_threshold__type_support.c.o[0m
[2.830s] [ 60%] [32mBuilding C object CMakeFiles/assignment2_custom_msgs_srvs__rosidl_typesupport_introspection_c.dir/rosidl_typesupport_introspection_c/assignment2_custom_msgs_srvs/srv/detail/modify_fixed_point__type_support.c.o[0m
[2.892s] [ 60%] Built target assignment2_custom_msgs_srvs__rosidl_typesupport_c
[2.942s] [ 62%] [32m[1mLinking C shared library libassignment2_custom_msgs_srvs__rosidl_typesupport_introspection_c.so[0m
[3.003s] [ 62%] Built target assignment2_custom_msgs_srvs__rosidl_typesupport_introspection_c
[3.051s] [ 64%] [32mBuilding CXX object CMakeFiles/assignment2_custom_msgs_srvs__rosidl_typesupport_fastrtps_cpp.dir/rosidl_typesupport_fastrtps_cpp/assignment2_custom_msgs_srvs/srv/detail/dds_fastrtps/change_threshold__type_support.cpp.o[0m
[3.053s] [ 65%] [32mBuilding CXX object CMakeFiles/assignment2_custom_msgs_srvs__rosidl_typesupport_fastrtps_cpp.dir/rosidl_typesupport_fastrtps_cpp/assignment2_custom_msgs_srvs/msg/detail/dds_fastrtps/obstacle__type_support.cpp.o[0m
[3.053s] [ 67%] [32mBuilding CXX object CMakeFiles/assignment2_custom_msgs_srvs__rosidl_typesupport_fastrtps_cpp.dir/rosidl_typesupport_fastrtps_cpp/assignment2_custom_msgs_srvs/srv/detail/dds_fastrtps/average_velocities__type_support.cpp.o[0m
[3.056s] [ 68%] [32mBuilding CXX object CMakeFiles/assignment2_custom_msgs_srvs__rosidl_typesupport_fastrtps_cpp.dir/rosidl_typesupport_fastrtps_cpp/assignment2_custom_msgs_srvs/srv/detail/dds_fastrtps/modify_fixed_point__type_support.cpp.o[0m
[3.139s] [ 70%] [32mBuilding CXX object CMakeFiles/assignment2_custom_msgs_srvs__rosidl_typesupport_fastrtps_c.dir/rosidl_typesupport_fastrtps_c/assignment2_custom_msgs_srvs/srv/detail/change_threshold__type_support_c.cpp.o[0m
[3.141s] [ 71%] [32mBuilding CXX object CMakeFiles/assignment2_custom_msgs_srvs__rosidl_typesupport_fastrtps_c.dir/rosidl_typesupport_fastrtps_c/assignment2_custom_msgs_srvs/msg/detail/obstacle__type_support_c.cpp.o[0m
[3.143s] [ 73%] [32mBuilding CXX object CMakeFiles/assignment2_custom_msgs_srvs__rosidl_typesupport_fastrtps_c.dir/rosidl_typesupport_fastrtps_c/assignment2_custom_msgs_srvs/srv/detail/average_velocities__type_support_c.cpp.o[0m
[3.143s] [ 75%] [32mBuilding CXX object CMakeFiles/assignment2_custom_msgs_srvs__rosidl_typesupport_fastrtps_c.dir/rosidl_typesupport_fastrtps_c/assignment2_custom_msgs_srvs/srv/detail/modify_fixed_point__type_support_c.cpp.o[0m
[3.654s] [ 76%] [32m[1mLinking CXX shared library libassignment2_custom_msgs_srvs__rosidl_typesupport_introspection_cpp.so[0m
[3.801s] [ 78%] [32m[1mLinking CXX shared library libassignment2_custom_msgs_srvs__rosidl_typesupport_cpp.so[0m
[3.816s] [ 78%] Built target assignment2_custom_msgs_srvs__rosidl_typesupport_introspection_cpp
[3.926s] [ 78%] Built target assignment2_custom_msgs_srvs__rosidl_typesupport_cpp
[3.992s] [ 79%] [32m[1mLinking CXX shared library libassignment2_custom_msgs_srvs__rosidl_typesupport_fastrtps_c.so[0m
[4.091s] [ 79%] Built target assignment2_custom_msgs_srvs__rosidl_typesupport_fastrtps_c
[4.238s] [ 81%] [32m[1mLinking CXX shared library libassignment2_custom_msgs_srvs__rosidl_typesupport_fastrtps_cpp.so[0m
[4.350s] [ 81%] Built target assignment2_custom_msgs_srvs__rosidl_typesupport_fastrtps_cpp
[4.380s] [ 81%] Built target assignment2_custom_msgs_srvs
[4.415s] [ 82%] [34m[1mGenerating Python code for ROS interfaces[0m
[4.953s] [ 82%] Built target assignment2_custom_msgs_srvs__py
[4.992s] [ 85%] [32mBuilding C object CMakeFiles/assignment2_custom_msgs_srvs__rosidl_generator_py.dir/rosidl_generator_py/assignment2_custom_msgs_srvs/msg/_obstacle_s.c.o[0m
[4.993s] [ 85%] [32mBuilding C object CMakeFiles/assignment2_custom_msgs_srvs__rosidl_generator_py.dir/rosidl_generator_py/assignment2_custom_msgs_srvs/srv/_average_velocities_s.c.o[0m
[4.993s] [ 87%] [32mBuilding C object CMakeFiles/assignment2_custom_msgs_srvs__rosidl_generator_py.dir/rosidl_generator_py/assignment2_custom_msgs_srvs/srv/_change_threshold_s.c.o[0m
[4.994s] [ 89%] [32mBuilding C object CMakeFiles/assignment2_custom_msgs_srvs__rosidl_generator_py.dir/rosidl_generator_py/assignment2_custom_msgs_srvs/srv/_modify_fixed_point_s.c.o[0m
[5.185s] [ 90%] [32m[1mLinking C shared library libassignment2_custom_msgs_srvs__rosidl_generator_py.so[0m
[5.254s] [ 90%] Built target assignment2_custom_msgs_srvs__rosidl_generator_py
[5.296s] [ 92%] [32mBuilding C object CMakeFiles/assignment2_custom_msgs_srvs_s__rosidl_typesupport_c.dir/rosidl_generator_py/assignment2_custom_msgs_srvs/_assignment2_custom_msgs_srvs_s.ep.rosidl_typesupport_c.c.o[0m
[5.298s] [ 93%] [32mBuilding C object CMakeFiles/assignment2_custom_msgs_srvs_s__rosidl_typesupport_fastrtps_c.dir/rosidl_generator_py/assignment2_custom_msgs_srvs/_assignment2_custom_msgs_srvs_s.ep.rosidl_typesupport_fastrtps_c.c.o[0m
[5.300s] [ 95%] [32mBuilding C object CMakeFiles/assignment2_custom_msgs_srvs_s__rosidl_typesupport_introspection_c.dir/rosidl_generator_py/assignment2_custom_msgs_srvs/_assignment2_custom_msgs_srvs_s.ep.rosidl_typesupport_introspection_c.c.o[0m
[5.462s] [ 96%] [32m[1mLinking C shared module rosidl_generator_py/assignment2_custom_msgs_srvs/assignment2_custom_msgs_srvs_s__rosidl_typesupport_c.so[0m
[5.464s] [ 98%] [32m[1mLinking C shared module rosidl_generator_py/assignment2_custom_msgs_srvs/assignment2_custom_msgs_srvs_s__rosidl_typesupport_introspection_c.so[0m
[5.468s] [100%] [32m[1mLinking C shared module rosidl_generator_py/assignment2_custom_msgs_srvs/assignment2_custom_msgs_srvs_s__rosidl_typesupport_fastrtps_c.so[0m
[5.502s] [100%] Built target assignment2_custom_msgs_srvs_s__rosidl_typesupport_c
[5.507s] [100%] Built target assignment2_custom_msgs_srvs_s__rosidl_typesupport_introspection_c
[5.508s] [100%] Built target assignment2_custom_msgs_srvs_s__rosidl_typesupport_fastrtps_c
[5.522s] Invoked command in '/home/basmala/ros2_ws/build/assignment2_custom_msgs_srvs' returned '0': CMAKE_PREFIX_PATH=${CMAKE_PREFIX_PATH}:/home/basmala/ros2_ws/install/first_package_python:/opt/ros/jazzy DEBUGINFOD_URLS=https://debuginfod.ubuntu.com /usr/bin/cmake --build /home/basmala/ros2_ws/build/assignment2_custom_msgs_srvs -- -j20 -l20
[5.537s] Invoking command in '/home/basmala/ros2_ws/build/assignment2_custom_msgs_srvs': CMAKE_PREFIX_PATH=${CMAKE_PREFIX_PATH}:/home/basmala/ros2_ws/install/first_package_python:/opt/ros/jazzy DEBUGINFOD_URLS=https://debuginfod.ubuntu.com /usr/bin/cmake --install /home/basmala/ros2_ws/build/assignment2_custom_msgs_srvs
[5.548s] -- Install configuration: ""
[5.548s] -- Up-to-date: /home/basmala/ros2_ws/install/assignment2_custom_msgs_srvs/share/ament_index/resource_index/rosidl_interfaces/assignment2_custom_msgs_srvs
[5.548s] -- Installing: /home/basmala/ros2_ws/install/assignment2_custom_msgs_srvs/share/assignment2_custom_msgs_srvs/msg/Obstacle.json
[5.548s] -- Installing: /home/basmala/ros2_ws/install/assignment2_custom_msgs_srvs/share/assignment2_custom_msgs_srvs/srv/AverageVelocities.json
[5.549s] -- Installing: /home/basmala/ros2_ws/install/assignment2_custom_msgs_srvs/share/assignment2_custom_msgs_srvs/srv/ChangeThreshold.json
[5.549s] -- Installing: /home/basmala/ros2_ws/install/assignment2_custom_msgs_srvs/share/assignment2_custom_msgs_srvs/srv/ModifyFixedPoint.json
[5.549s] -- Up-to-date: /home/basmala/ros2_ws/install/assignment2_custom_msgs_srvs/include/assignment2_custom_msgs_srvs/assignment2_custom_msgs_srvs
[5.549s] -- Up-to-date: /home/basmala/ros2_ws/install/assignment2_custom_msgs_srvs/include/assignment2_custom_msgs_srvs/assignment2_custom_msgs_srvs/srv
[5.549s] -- Up-to-date: /home/basmala/ros2_ws/install/assignment2_custom_msgs_srvs/include/assignment2_custom_msgs_srvs/assignment2_custom_msgs_srvs/srv/detail
[5.549s] -- Installing: /home/basmala/ros2_ws/install/assignment2_custom_msgs_srvs/include/assignment2_custom_msgs_srvs/assignment2_custom_msgs_srvs/srv/detail/average_velocities__struct.h
[5.550s] -- Installing: /home/basmala/ros2_ws/install/assignment2_custom_msgs_srvs/include/assignment2_custom_msgs_srvs/assignment2_custom_msgs_srvs/srv/detail/average_velocities__type_support.h
[5.550s] -- Installing: /home/basmala/ros2_ws/install/assignment2_custom_msgs_srvs/include/assignment2_custom_msgs_srvs/assignment2_custom_msgs_srvs/srv/detail/modify_fixed_point__type_support.h
[5.550s] -- Installing: /home/basmala/ros2_ws/install/assignment2_custom_msgs_srvs/include/assignment2_custom_msgs_srvs/assignment2_custom_msgs_srvs/srv/detail/change_threshold__functions.h
[5.550s] -- Installing: /home/basmala/ros2_ws/install/assignment2_custom_msgs_srvs/include/assignment2_custom_msgs_srvs/assignment2_custom_msgs_srvs/srv/detail/change_threshold__type_support.h
[5.550s] -- Installing: /home/basmala/ros2_ws/install/assignment2_custom_msgs_srvs/include/assignment2_custom_msgs_srvs/assignment2_custom_msgs_srvs/srv/detail/average_velocities__functions.c
[5.550s] -- Installing: /home/basmala/ros2_ws/install/assignment2_custom_msgs_srvs/include/assignment2_custom_msgs_srvs/assignment2_custom_msgs_srvs/srv/detail/modify_fixed_point__functions.h
[5.551s] -- Installing: /home/basmala/ros2_ws/install/assignment2_custom_msgs_srvs/include/assignment2_custom_msgs_srvs/assignment2_custom_msgs_srvs/srv/detail/modify_fixed_point__functions.c
[5.551s] -- Installing: /home/basmala/ros2_ws/install/assignment2_custom_msgs_srvs/include/assignment2_custom_msgs_srvs/assignment2_custom_msgs_srvs/srv/detail/modify_fixed_point__struct.h
[5.551s] -- Installing: /home/basmala/ros2_ws/install/assignment2_custom_msgs_srvs/include/assignment2_custom_msgs_srvs/assignment2_custom_msgs_srvs/srv/detail/change_threshold__description.c
[5.551s] -- Installing: /home/basmala/ros2_ws/install/assignment2_custom_msgs_srvs/include/assignment2_custom_msgs_srvs/assignment2_custom_msgs_srvs/srv/detail/change_threshold__type_support.c
[5.551s] -- Installing: /home/basmala/ros2_ws/install/assignment2_custom_msgs_srvs/include/assignment2_custom_msgs_srvs/assignment2_custom_msgs_srvs/srv/detail/average_velocities__functions.h
[5.551s] -- Installing: /home/basmala/ros2_ws/install/assignment2_custom_msgs_srvs/include/assignment2_custom_msgs_srvs/assignment2_custom_msgs_srvs/srv/detail/modify_fixed_point__description.c
[5.551s] -- Installing: /home/basmala/ros2_ws/install/assignment2_custom_msgs_srvs/include/assignment2_custom_msgs_srvs/assignment2_custom_msgs_srvs/srv/detail/change_threshold__struct.h
[5.551s] -- Installing: /home/basmala/ros2_ws/install/assignment2_custom_msgs_srvs/include/assignment2_custom_msgs_srvs/assignment2_custom_msgs_srvs/srv/detail/modify_fixed_point__type_support.c
[5.552s] -- Installing: /home/basmala/ros2_ws/install/assignment2_custom_msgs_srvs/include/assignment2_custom_msgs_srvs/assignment2_custom_msgs_srvs/srv/detail/average_velocities__description.c
[5.552s] -- Installing: /home/basmala/ros2_ws/install/assignment2_custom_msgs_srvs/include/assignment2_custom_msgs_srvs/assignment2_custom_msgs_srvs/srv/detail/change_threshold__functions.c
[5.552s] -- Installing: /home/basmala/ros2_ws/install/assignment2_custom_msgs_srvs/include/assignment2_custom_msgs_srvs/assignment2_custom_msgs_srvs/srv/detail/average_velocities__type_support.c
[5.552s] -- Installing: /home/basmala/ros2_ws/install/assignment2_custom_msgs_srvs/include/assignment2_custom_msgs_srvs/assignment2_custom_msgs_srvs/srv/modify_fixed_point.h
[5.552s] -- Installing: /home/basmala/ros2_ws/install/assignment2_custom_msgs_srvs/include/assignment2_custom_msgs_srvs/assignment2_custom_msgs_srvs/srv/average_velocities.h
[5.552s] -- Installing: /home/basmala/ros2_ws/install/assignment2_custom_msgs_srvs/include/assignment2_custom_msgs_srvs/assignment2_custom_msgs_srvs/srv/change_threshold.h
[5.552s] -- Up-to-date: /home/basmala/ros2_ws/install/assignment2_custom_msgs_srvs/include/assignment2_custom_msgs_srvs/assignment2_custom_msgs_srvs/msg
[5.552s] -- Up-to-date: /home/basmala/ros2_ws/install/assignment2_custom_msgs_srvs/include/assignment2_custom_msgs_srvs/assignment2_custom_msgs_srvs/msg/detail
[5.552s] -- Installing: /home/basmala/ros2_ws/install/assignment2_custom_msgs_srvs/include/assignment2_custom_msgs_srvs/assignment2_custom_msgs_srvs/msg/detail/obstacle__type_support.h
[5.552s] -- Installing: /home/basmala/ros2_ws/install/assignment2_custom_msgs_srvs/include/assignment2_custom_msgs_srvs/assignment2_custom_msgs_srvs/msg/detail/obstacle__type_support.c
[5.552s] -- Installing: /home/basmala/ros2_ws/install/assignment2_custom_msgs_srvs/include/assignment2_custom_msgs_srvs/assignment2_custom_msgs_srvs/msg/detail/obstacle__functions.h
[5.552s] -- Installing: /home/basmala/ros2_ws/install/assignment2_custom_msgs_srvs/include/assignment2_custom_msgs_srvs/assignment2_custom_msgs_srvs/msg/detail/obstacle__description.c
[5.552s] -- Installing: /home/basmala/ros2_ws/install/assignment2_custom_msgs_srvs/include/assignment2_custom_msgs_srvs/assignment2_custom_msgs_srvs/msg/detail/obstacle__struct.h
[5.552s] -- Installing: /home/basmala/ros2_ws/install/assignment2_custom_msgs_srvs/include/assignment2_custom_msgs_srvs/assignment2_custom_msgs_srvs/msg/detail/obstacle__functions.c
[5.553s] -- Up-to-date: /home/basmala/ros2_ws/install/assignment2_custom_msgs_srvs/include/assignment2_custom_msgs_srvs/assignment2_custom_msgs_srvs/msg/rosidl_generator_c__visibility_control.h
[5.553s] -- Installing: /home/basmala/ros2_ws/install/assignment2_custom_msgs_srvs/include/assignment2_custom_msgs_srvs/assignment2_custom_msgs_srvs/msg/obstacle.h
[5.553s] -- Up-to-date: /home/basmala/ros2_ws/install/assignment2_custom_msgs_srvs/share/assignment2_custom_msgs_srvs/environment/library_path.sh
[5.553s] -- Up-to-date: /home/basmala/ros2_ws/install/assignment2_custom_msgs_srvs/share/assignment2_custom_msgs_srvs/environment/library_path.dsv
[5.553s] -- Installing: /home/basmala/ros2_ws/install/assignment2_custom_msgs_srvs/lib/libassignment2_custom_msgs_srvs__rosidl_generator_c.so
[5.553s] -- Set non-toolchain portion of runtime path of "/home/basmala/ros2_ws/install/assignment2_custom_msgs_srvs/lib/libassignment2_custom_msgs_srvs__rosidl_generator_c.so" to ""
[5.553s] -- Up-to-date: /home/basmala/ros2_ws/install/assignment2_custom_msgs_srvs/include/assignment2_custom_msgs_srvs/assignment2_custom_msgs_srvs
[5.553s] -- Up-to-date: /home/basmala/ros2_ws/install/assignment2_custom_msgs_srvs/include/assignment2_custom_msgs_srvs/assignment2_custom_msgs_srvs/srv
[5.553s] -- Up-to-date: /home/basmala/ros2_ws/install/assignment2_custom_msgs_srvs/include/assignment2_custom_msgs_srvs/assignment2_custom_msgs_srvs/srv/detail
[5.553s] -- Installing: /home/basmala/ros2_ws/install/assignment2_custom_msgs_srvs/include/assignment2_custom_msgs_srvs/assignment2_custom_msgs_srvs/srv/detail/change_threshold__rosidl_typesupport_fastrtps_c.h
[5.553s] -- Installing: /home/basmala/ros2_ws/install/assignment2_custom_msgs_srvs/include/assignment2_custom_msgs_srvs/assignment2_custom_msgs_srvs/srv/detail/modify_fixed_point__rosidl_typesupport_fastrtps_c.h
[5.553s] -- Installing: /home/basmala/ros2_ws/install/assignment2_custom_msgs_srvs/include/assignment2_custom_msgs_srvs/assignment2_custom_msgs_srvs/srv/detail/average_velocities__rosidl_typesupport_fastrtps_c.h
[5.553s] -- Up-to-date: /home/basmala/ros2_ws/install/assignment2_custom_msgs_srvs/include/assignment2_custom_msgs_srvs/assignment2_custom_msgs_srvs/msg
[5.554s] -- Up-to-date: /home/basmala/ros2_ws/install/assignment2_custom_msgs_srvs/include/assignment2_custom_msgs_srvs/assignment2_custom_msgs_srvs/msg/detail
[5.554s] -- Installing: /home/basmala/ros2_ws/install/assignment2_custom_msgs_srvs/include/assignment2_custom_msgs_srvs/assignment2_custom_msgs_srvs/msg/detail/obstacle__rosidl_typesupport_fastrtps_c.h
[5.554s] -- Up-to-date: /home/basmala/ros2_ws/install/assignment2_custom_msgs_srvs/include/assignment2_custom_msgs_srvs/assignment2_custom_msgs_srvs/msg/rosidl_typesupport_fastrtps_c__visibility_control.h
[5.554s] -- Installing: /home/basmala/ros2_ws/install/assignment2_custom_msgs_srvs/lib/libassignment2_custom_msgs_srvs__rosidl_typesupport_fastrtps_c.so
[5.554s] -- Set non-toolchain portion of runtime path of "/home/basmala/ros2_ws/install/assignment2_custom_msgs_srvs/lib/libassignment2_custom_msgs_srvs__rosidl_typesupport_fastrtps_c.so" to ""
[5.554s] -- Up-to-date: /home/basmala/ros2_ws/install/assignment2_custom_msgs_srvs/include/assignment2_custom_msgs_srvs/assignment2_custom_msgs_srvs
[5.554s] -- Up-to-date: /home/basmala/ros2_ws/install/assignment2_custom_msgs_srvs/include/assignment2_custom_msgs_srvs/assignment2_custom_msgs_srvs/srv
[5.554s] -- Up-to-date: /home/basmala/ros2_ws/install/assignment2_custom_msgs_srvs/include/assignment2_custom_msgs_srvs/assignment2_custom_msgs_srvs/srv/detail
[5.554s] -- Installing: /home/basmala/ros2_ws/install/assignment2_custom_msgs_srvs/include/assignment2_custom_msgs_srvs/assignment2_custom_msgs_srvs/srv/detail/modify_fixed_point__rosidl_typesupport_introspection_c.h
[5.554s] -- Installing: /home/basmala/ros2_ws/install/assignment2_custom_msgs_srvs/include/assignment2_custom_msgs_srvs/assignment2_custom_msgs_srvs/srv/detail/change_threshold__rosidl_typesupport_introspection_c.h
[5.554s] -- Up-to-date: /home/basmala/ros2_ws/install/assignment2_custom_msgs_srvs/include/assignment2_custom_msgs_srvs/assignment2_custom_msgs_srvs/srv/detail/change_threshold__type_support.c
[5.554s] -- Installing: /home/basmala/ros2_ws/install/assignment2_custom_msgs_srvs/include/assignment2_custom_msgs_srvs/assignment2_custom_msgs_srvs/srv/detail/average_velocities__rosidl_typesupport_introspection_c.h
[5.555s] -- Up-to-date: /home/basmala/ros2_ws/install/assignment2_custom_msgs_srvs/include/assignment2_custom_msgs_srvs/assignment2_custom_msgs_srvs/srv/detail/modify_fixed_point__type_support.c
[5.555s] -- Up-to-date: /home/basmala/ros2_ws/install/assignment2_custom_msgs_srvs/include/assignment2_custom_msgs_srvs/assignment2_custom_msgs_srvs/srv/detail/average_velocities__type_support.c
[5.555s] -- Up-to-date: /home/basmala/ros2_ws/install/assignment2_custom_msgs_srvs/include/assignment2_custom_msgs_srvs/assignment2_custom_msgs_srvs/msg
[5.555s] -- Up-to-date: /home/basmala/ros2_ws/install/assignment2_custom_msgs_srvs/include/assignment2_custom_msgs_srvs/assignment2_custom_msgs_srvs/msg/detail
[5.555s] -- Installing: /home/basmala/ros2_ws/install/assignment2_custom_msgs_srvs/include/assignment2_custom_msgs_srvs/assignment2_custom_msgs_srvs/msg/detail/obstacle__rosidl_typesupport_introspection_c.h
[5.555s] -- Up-to-date: /home/basmala/ros2_ws/install/assignment2_custom_msgs_srvs/include/assignment2_custom_msgs_srvs/assignment2_custom_msgs_srvs/msg/detail/obstacle__type_support.c
[5.555s] -- Up-to-date: /home/basmala/ros2_ws/install/assignment2_custom_msgs_srvs/include/assignment2_custom_msgs_srvs/assignment2_custom_msgs_srvs/msg/rosidl_typesupport_introspection_c__visibility_control.h
[5.555s] -- Installing: /home/basmala/ros2_ws/install/assignment2_custom_msgs_srvs/lib/libassignment2_custom_msgs_srvs__rosidl_typesupport_introspection_c.so
[5.555s] -- Set non-toolchain portion of runtime path of "/home/basmala/ros2_ws/install/assignment2_custom_msgs_srvs/lib/libassignment2_custom_msgs_srvs__rosidl_typesupport_introspection_c.so" to ""
[5.555s] -- Installing: /home/basmala/ros2_ws/install/assignment2_custom_msgs_srvs/lib/libassignment2_custom_msgs_srvs__rosidl_typesupport_c.so
[5.555s] -- Set non-toolchain portion of runtime path of "/home/basmala/ros2_ws/install/assignment2_custom_msgs_srvs/lib/libassignment2_custom_msgs_srvs__rosidl_typesupport_c.so" to ""
[5.555s] -- Up-to-date: /home/basmala/ros2_ws/install/assignment2_custom_msgs_srvs/include/assignment2_custom_msgs_srvs/assignment2_custom_msgs_srvs
[5.555s] -- Up-to-date: /home/basmala/ros2_ws/install/assignment2_custom_msgs_srvs/include/assignment2_custom_msgs_srvs/assignment2_custom_msgs_srvs/srv
[5.556s] -- Installing: /home/basmala/ros2_ws/install/assignment2_custom_msgs_srvs/include/assignment2_custom_msgs_srvs/assignment2_custom_msgs_srvs/srv/change_threshold.hpp
[5.556s] -- Up-to-date: /home/basmala/ros2_ws/install/assignment2_custom_msgs_srvs/include/assignment2_custom_msgs_srvs/assignment2_custom_msgs_srvs/srv/detail
[5.556s] -- Installing: /home/basmala/ros2_ws/install/assignment2_custom_msgs_srvs/include/assignment2_custom_msgs_srvs/assignment2_custom_msgs_srvs/srv/detail/modify_fixed_point__builder.hpp
[5.556s] -- Installing: /home/basmala/ros2_ws/install/assignment2_custom_msgs_srvs/include/assignment2_custom_msgs_srvs/assignment2_custom_msgs_srvs/srv/detail/average_velocities__builder.hpp
[5.556s] -- Installing: /home/basmala/ros2_ws/install/assignment2_custom_msgs_srvs/include/assignment2_custom_msgs_srvs/assignment2_custom_msgs_srvs/srv/detail/modify_fixed_point__struct.hpp
[5.556s] -- Installing: /home/basmala/ros2_ws/install/assignment2_custom_msgs_srvs/include/assignment2_custom_msgs_srvs/assignment2_custom_msgs_srvs/srv/detail/change_threshold__traits.hpp
[5.556s] -- Installing: /home/basmala/ros2_ws/install/assignment2_custom_msgs_srvs/include/assignment2_custom_msgs_srvs/assignment2_custom_msgs_srvs/srv/detail/modify_fixed_point__traits.hpp
[5.556s] -- Installing: /home/basmala/ros2_ws/install/assignment2_custom_msgs_srvs/include/assignment2_custom_msgs_srvs/assignment2_custom_msgs_srvs/srv/detail/average_velocities__struct.hpp
[5.556s] -- Installing: /home/basmala/ros2_ws/install/assignment2_custom_msgs_srvs/include/assignment2_custom_msgs_srvs/assignment2_custom_msgs_srvs/srv/detail/average_velocities__traits.hpp
[5.556s] -- Installing: /home/basmala/ros2_ws/install/assignment2_custom_msgs_srvs/include/assignment2_custom_msgs_srvs/assignment2_custom_msgs_srvs/srv/detail/change_threshold__struct.hpp
[5.556s] -- Installing: /home/basmala/ros2_ws/install/assignment2_custom_msgs_srvs/include/assignment2_custom_msgs_srvs/assignment2_custom_msgs_srvs/srv/detail/average_velocities__type_support.hpp
[5.557s] -- Installing: /home/basmala/ros2_ws/install/assignment2_custom_msgs_srvs/include/assignment2_custom_msgs_srvs/assignment2_custom_msgs_srvs/srv/detail/change_threshold__builder.hpp
[5.557s] -- Installing: /home/basmala/ros2_ws/install/assignment2_custom_msgs_srvs/include/assignment2_custom_msgs_srvs/assignment2_custom_msgs_srvs/srv/detail/change_threshold__type_support.hpp
[5.557s] -- Installing: /home/basmala/ros2_ws/install/assignment2_custom_msgs_srvs/include/assignment2_custom_msgs_srvs/assignment2_custom_msgs_srvs/srv/detail/modify_fixed_point__type_support.hpp
[5.557s] -- Installing: /home/basmala/ros2_ws/install/assignment2_custom_msgs_srvs/include/assignment2_custom_msgs_srvs/assignment2_custom_msgs_srvs/srv/modify_fixed_point.hpp
[5.557s] -- Installing: /home/basmala/ros2_ws/install/assignment2_custom_msgs_srvs/include/assignment2_custom_msgs_srvs/assignment2_custom_msgs_srvs/srv/average_velocities.hpp
[5.557s] -- Up-to-date: /home/basmala/ros2_ws/install/assignment2_custom_msgs_srvs/include/assignment2_custom_msgs_srvs/assignment2_custom_msgs_srvs/msg
[5.557s] -- Up-to-date: /home/basmala/ros2_ws/install/assignment2_custom_msgs_srvs/include/assignment2_custom_msgs_srvs/assignment2_custom_msgs_srvs/msg/detail
[5.557s] -- Installing: /home/basmala/ros2_ws/install/assignment2_custom_msgs_srvs/include/assignment2_custom_msgs_srvs/assignment2_custom_msgs_srvs/msg/detail/obstacle__traits.hpp
[5.557s] -- Installing: /home/basmala/ros2_ws/install/assignment2_custom_msgs_srvs/include/assignment2_custom_msgs_srvs/assignment2_custom_msgs_srvs/msg/detail/obstacle__builder.hpp
[5.557s] -- Installing: /home/basmala/ros2_ws/install/assignment2_custom_msgs_srvs/include/assignment2_custom_msgs_srvs/assignment2_custom_msgs_srvs/msg/detail/obstacle__struct.hpp
[5.558s] -- Installing: /home/basmala/ros2_ws/install/assignment2_custom_msgs_srvs/include/assignment2_custom_msgs_srvs/assignment2_custom_msgs_srvs/msg/detail/obstacle__type_support.hpp
[5.558s] -- Installing: /home/basmala/ros2_ws/install/assignment2_custom_msgs_srvs/include/assignment2_custom_msgs_srvs/assignment2_custom_msgs_srvs/msg/rosidl_generator_cpp__visibility_control.hpp
[5.558s] -- Installing: /home/basmala/ros2_ws/install/assignment2_custom_msgs_srvs/include/assignment2_custom_msgs_srvs/assignment2_custom_msgs_srvs/msg/obstacle.hpp
[5.558s] -- Up-to-date: /home/basmala/ros2_ws/install/assignment2_custom_msgs_srvs/include/assignment2_custom_msgs_srvs/assignment2_custom_msgs_srvs
[5.558s] -- Up-to-date: /home/basmala/ros2_ws/install/assignment2_custom_msgs_srvs/include/assignment2_custom_msgs_srvs/assignment2_custom_msgs_srvs/srv
[5.558s] -- Up-to-date: /home/basmala/ros2_ws/install/assignment2_custom_msgs_srvs/include/assignment2_custom_msgs_srvs/assignment2_custom_msgs_srvs/srv/detail
[5.558s] -- Installing: /home/basmala/ros2_ws/install/assignment2_custom_msgs_srvs/include/assignment2_custom_msgs_srvs/assignment2_custom_msgs_srvs/srv/detail/modify_fixed_point__rosidl_typesupport_fastrtps_cpp.hpp
[5.558s] -- Up-to-date: /home/basmala/ros2_ws/install/assignment2_custom_msgs_srvs/include/assignment2_custom_msgs_srvs/assignment2_custom_msgs_srvs/srv/detail/dds_fastrtps
[5.558s] -- Installing: /home/basmala/ros2_ws/install/assignment2_custom_msgs_srvs/include/assignment2_custom_msgs_srvs/assignment2_custom_msgs_srvs/srv/detail/average_velocities__rosidl_typesupport_fastrtps_cpp.hpp
[5.558s] -- Installing: /home/basmala/ros2_ws/install/assignment2_custom_msgs_srvs/include/assignment2_custom_msgs_srvs/assignment2_custom_msgs_srvs/srv/detail/change_threshold__rosidl_typesupport_fastrtps_cpp.hpp
[5.558s] -- Up-to-date: /home/basmala/ros2_ws/install/assignment2_custom_msgs_srvs/include/assignment2_custom_msgs_srvs/assignment2_custom_msgs_srvs/msg
[5.559s] -- Up-to-date: /home/basmala/ros2_ws/install/assignment2_custom_msgs_srvs/include/assignment2_custom_msgs_srvs/assignment2_custom_msgs_srvs/msg/detail
[5.559s] -- Up-to-date: /home/basmala/ros2_ws/install/assignment2_custom_msgs_srvs/include/assignment2_custom_msgs_srvs/assignment2_custom_msgs_srvs/msg/detail/dds_fastrtps
[5.559s] -- Installing: /home/basmala/ros2_ws/install/assignment2_custom_msgs_srvs/include/assignment2_custom_msgs_srvs/assignment2_custom_msgs_srvs/msg/detail/obstacle__rosidl_typesupport_fastrtps_cpp.hpp
[5.559s] -- Up-to-date: /home/basmala/ros2_ws/install/assignment2_custom_msgs_srvs/include/assignment2_custom_msgs_srvs/assignment2_custom_msgs_srvs/msg/rosidl_typesupport_fastrtps_cpp__visibility_control.h
[5.559s] -- Installing: /home/basmala/ros2_ws/install/assignment2_custom_msgs_srvs/lib/libassignment2_custom_msgs_srvs__rosidl_typesupport_fastrtps_cpp.so
[5.560s] -- Set non-toolchain portion of runtime path of "/home/basmala/ros2_ws/install/assignment2_custom_msgs_srvs/lib/libassignment2_custom_msgs_srvs__rosidl_typesupport_fastrtps_cpp.so" to ""
[5.560s] -- Up-to-date: /home/basmala/ros2_ws/install/assignment2_custom_msgs_srvs/include/assignment2_custom_msgs_srvs/assignment2_custom_msgs_srvs
[5.560s] -- Up-to-date: /home/basmala/ros2_ws/install/assignment2_custom_msgs_srvs/include/assignment2_custom_msgs_srvs/assignment2_custom_msgs_srvs/srv
[5.560s] -- Up-to-date: /home/basmala/ros2_ws/install/assignment2_custom_msgs_srvs/include/assignment2_custom_msgs_srvs/assignment2_custom_msgs_srvs/srv/detail
[5.560s] -- Installing: /home/basmala/ros2_ws/install/assignment2_custom_msgs_srvs/include/assignment2_custom_msgs_srvs/assignment2_custom_msgs_srvs/srv/detail/average_velocities__rosidl_typesupport_introspection_cpp.hpp
[5.560s] -- Installing: /home/basmala/ros2_ws/install/assignment2_custom_msgs_srvs/include/assignment2_custom_msgs_srvs/assignment2_custom_msgs_srvs/srv/detail/change_threshold__type_support.cpp
[5.560s] -- Installing: /home/basmala/ros2_ws/install/assignment2_custom_msgs_srvs/include/assignment2_custom_msgs_srvs/assignment2_custom_msgs_srvs/srv/detail/change_threshold__rosidl_typesupport_introspection_cpp.hpp
[5.560s] -- Installing: /home/basmala/ros2_ws/install/assignment2_custom_msgs_srvs/include/assignment2_custom_msgs_srvs/assignment2_custom_msgs_srvs/srv/detail/average_velocities__type_support.cpp
[5.560s] -- Installing: /home/basmala/ros2_ws/install/assignment2_custom_msgs_srvs/include/assignment2_custom_msgs_srvs/assignment2_custom_msgs_srvs/srv/detail/modify_fixed_point__rosidl_typesupport_introspection_cpp.hpp
[5.560s] -- Installing: /home/basmala/ros2_ws/install/assignment2_custom_msgs_srvs/include/assignment2_custom_msgs_srvs/assignment2_custom_msgs_srvs/srv/detail/modify_fixed_point__type_support.cpp
[5.561s] -- Up-to-date: /home/basmala/ros2_ws/install/assignment2_custom_msgs_srvs/include/assignment2_custom_msgs_srvs/assignment2_custom_msgs_srvs/msg
[5.561s] -- Up-to-date: /home/basmala/ros2_ws/install/assignment2_custom_msgs_srvs/include/assignment2_custom_msgs_srvs/assignment2_custom_msgs_srvs/msg/detail
[5.561s] -- Installing: /home/basmala/ros2_ws/install/assignment2_custom_msgs_srvs/include/assignment2_custom_msgs_srvs/assignment2_custom_msgs_srvs/msg/detail/obstacle__rosidl_typesupport_introspection_cpp.hpp
[5.561s] -- Installing: /home/basmala/ros2_ws/install/assignment2_custom_msgs_srvs/include/assignment2_custom_msgs_srvs/assignment2_custom_msgs_srvs/msg/detail/obstacle__type_support.cpp
[5.561s] -- Installing: /home/basmala/ros2_ws/install/assignment2_custom_msgs_srvs/lib/libassignment2_custom_msgs_srvs__rosidl_typesupport_introspection_cpp.so
[5.562s] -- Set non-toolchain portion of runtime path of "/home/basmala/ros2_ws/install/assignment2_custom_msgs_srvs/lib/libassignment2_custom_msgs_srvs__rosidl_typesupport_introspection_cpp.so" to ""
[5.562s] -- Installing: /home/basmala/ros2_ws/install/assignment2_custom_msgs_srvs/lib/libassignment2_custom_msgs_srvs__rosidl_typesupport_cpp.so
[5.563s] -- Set non-toolchain portion of runtime path of "/home/basmala/ros2_ws/install/assignment2_custom_msgs_srvs/lib/libassignment2_custom_msgs_srvs__rosidl_typesupport_cpp.so" to ""
[5.563s] -- Up-to-date: /home/basmala/ros2_ws/install/assignment2_custom_msgs_srvs/share/assignment2_custom_msgs_srvs/environment/pythonpath.sh
[5.563s] -- Up-to-date: /home/basmala/ros2_ws/install/assignment2_custom_msgs_srvs/share/assignment2_custom_msgs_srvs/environment/pythonpath.dsv
[5.563s] -- Up-to-date: /home/basmala/ros2_ws/install/assignment2_custom_msgs_srvs/lib/python3.12/site-packages/assignment2_custom_msgs_srvs-0.0.0-py3.12.egg-info
[5.563s] -- Installing: /home/basmala/ros2_ws/install/assignment2_custom_msgs_srvs/lib/python3.12/site-packages/assignment2_custom_msgs_srvs-0.0.0-py3.12.egg-info/dependency_links.txt
[5.563s] -- Installing: /home/basmala/ros2_ws/install/assignment2_custom_msgs_srvs/lib/python3.12/site-packages/assignment2_custom_msgs_srvs-0.0.0-py3.12.egg-info/SOURCES.txt
[5.563s] -- Installing: /home/basmala/ros2_ws/install/assignment2_custom_msgs_srvs/lib/python3.12/site-packages/assignment2_custom_msgs_srvs-0.0.0-py3.12.egg-info/PKG-INFO
[5.563s] -- Installing: /home/basmala/ros2_ws/install/assignment2_custom_msgs_srvs/lib/python3.12/site-packages/assignment2_custom_msgs_srvs-0.0.0-py3.12.egg-info/top_level.txt
[5.563s] -- Up-to-date: /home/basmala/ros2_ws/install/assignment2_custom_msgs_srvs/lib/python3.12/site-packages/assignment2_custom_msgs_srvs
[5.563s] -- Installing: /home/basmala/ros2_ws/install/assignment2_custom_msgs_srvs/lib/python3.12/site-packages/assignment2_custom_msgs_srvs/_assignment2_custom_msgs_srvs_s.ep.rosidl_typesupport_fastrtps_c.c
[5.564s] -- Installing: /home/basmala/ros2_ws/install/assignment2_custom_msgs_srvs/lib/python3.12/site-packages/assignment2_custom_msgs_srvs/assignment2_custom_msgs_srvs_s__rosidl_typesupport_c.so
[5.564s] -- Installing: /home/basmala/ros2_ws/install/assignment2_custom_msgs_srvs/lib/python3.12/site-packages/assignment2_custom_msgs_srvs/assignment2_custom_msgs_srvs_s__rosidl_typesupport_fastrtps_c.so
[5.564s] -- Up-to-date: /home/basmala/ros2_ws/install/assignment2_custom_msgs_srvs/lib/python3.12/site-packages/assignment2_custom_msgs_srvs/srv
[5.564s] -- Installing: /home/basmala/ros2_ws/install/assignment2_custom_msgs_srvs/lib/python3.12/site-packages/assignment2_custom_msgs_srvs/srv/_average_velocities.py
[5.564s] -- Installing: /home/basmala/ros2_ws/install/assignment2_custom_msgs_srvs/lib/python3.12/site-packages/assignment2_custom_msgs_srvs/srv/_average_velocities_s.c
[5.564s] -- Installing: /home/basmala/ros2_ws/install/assignment2_custom_msgs_srvs/lib/python3.12/site-packages/assignment2_custom_msgs_srvs/srv/_change_threshold_s.c
[5.564s] -- Installing: /home/basmala/ros2_ws/install/assignment2_custom_msgs_srvs/lib/python3.12/site-packages/assignment2_custom_msgs_srvs/srv/_modify_fixed_point_s.c
[5.564s] -- Installing: /home/basmala/ros2_ws/install/assignment2_custom_msgs_srvs/lib/python3.12/site-packages/assignment2_custom_msgs_srvs/srv/_change_threshold.py
[5.564s] -- Installing: /home/basmala/ros2_ws/install/assignment2_custom_msgs_srvs/lib/python3.12/site-packages/assignment2_custom_msgs_srvs/srv/__init__.py
[5.564s] -- Installing: /home/basmala/ros2_ws/install/assignment2_custom_msgs_srvs/lib/python3.12/site-packages/assignment2_custom_msgs_srvs/srv/_modify_fixed_point.py
[5.565s] -- Installing: /home/basmala/ros2_ws/install/assignment2_custom_msgs_srvs/lib/python3.12/site-packages/assignment2_custom_msgs_srvs/_assignment2_custom_msgs_srvs_s.ep.rosidl_typesupport_c.c
[5.565s] -- Installing: /home/basmala/ros2_ws/install/assignment2_custom_msgs_srvs/lib/python3.12/site-packages/assignment2_custom_msgs_srvs/assignment2_custom_msgs_srvs_s__rosidl_typesupport_introspection_c.so
[5.565s] -- Installing: /home/basmala/ros2_ws/install/assignment2_custom_msgs_srvs/lib/python3.12/site-packages/assignment2_custom_msgs_srvs/__init__.py
[5.565s] -- Up-to-date: /home/basmala/ros2_ws/install/assignment2_custom_msgs_srvs/lib/python3.12/site-packages/assignment2_custom_msgs_srvs/msg
[5.565s] -- Installing: /home/basmala/ros2_ws/install/assignment2_custom_msgs_srvs/lib/python3.12/site-packages/assignment2_custom_msgs_srvs/msg/_obstacle.py
[5.565s] -- Installing: /home/basmala/ros2_ws/install/assignment2_custom_msgs_srvs/lib/python3.12/site-packages/assignment2_custom_msgs_srvs/msg/_obstacle_s.c
[5.565s] -- Installing: /home/basmala/ros2_ws/install/assignment2_custom_msgs_srvs/lib/python3.12/site-packages/assignment2_custom_msgs_srvs/msg/__init__.py
[5.565s] -- Installing: /home/basmala/ros2_ws/install/assignment2_custom_msgs_srvs/lib/python3.12/site-packages/assignment2_custom_msgs_srvs/_assignment2_custom_msgs_srvs_s.ep.rosidl_typesupport_introspection_c.c
[5.618s] Listing '/home/basmala/ros2_ws/install/assignment2_custom_msgs_srvs/lib/python3.12/site-packages/assignment2_custom_msgs_srvs'...
[5.618s] Compiling '/home/basmala/ros2_ws/install/assignment2_custom_msgs_srvs/lib/python3.12/site-packages/assignment2_custom_msgs_srvs/__init__.py'...
[5.618s] Listing '/home/basmala/ros2_ws/install/assignment2_custom_msgs_srvs/lib/python3.12/site-packages/assignment2_custom_msgs_srvs/msg'...
[5.618s] Compiling '/home/basmala/ros2_ws/install/assignment2_custom_msgs_srvs/lib/python3.12/site-packages/assignment2_custom_msgs_srvs/msg/__init__.py'...
[5.618s] Compiling '/home/basmala/ros2_ws/install/assignment2_custom_msgs_srvs/lib/python3.12/site-packages/assignment2_custom_msgs_srvs/msg/_obstacle.py'...
[5.618s] Listing '/home/basmala/ros2_ws/install/assignment2_custom_msgs_srvs/lib/python3.12/site-packages/assignment2_custom_msgs_srvs/srv'...
[5.619s] Compiling '/home/basmala/ros2_ws/install/assignment2_custom_msgs_srvs/lib/python3.12/site-packages/assignment2_custom_msgs_srvs/srv/__init__.py'...
[5.619s] Compiling '/home/basmala/ros2_ws/install/assignment2_custom_msgs_srvs/lib/python3.12/site-packages/assignment2_custom_msgs_srvs/srv/_average_velocities.py'...
[5.619s] Compiling '/home/basmala/ros2_ws/install/assignment2_custom_msgs_srvs/lib/python3.12/site-packages/assignment2_custom_msgs_srvs/srv/_change_threshold.py'...
[5.619s] Compiling '/home/basmala/ros2_ws/install/assignment2_custom_msgs_srvs/lib/python3.12/site-packages/assignment2_custom_msgs_srvs/srv/_modify_fixed_point.py'...
[5.626s] -- Installing: /home/basmala/ros2_ws/install/assignment2_custom_msgs_srvs/lib/python3.12/site-packages/assignment2_custom_msgs_srvs/assignment2_custom_msgs_srvs_s__rosidl_typesupport_fastrtps_c.so
[5.626s] -- Set non-toolchain portion of runtime path of "/home/basmala/ros2_ws/install/assignment2_custom_msgs_srvs/lib/python3.12/site-packages/assignment2_custom_msgs_srvs/assignment2_custom_msgs_srvs_s__rosidl_typesupport_fastrtps_c.so" to ""
[5.627s] -- Installing: /home/basmala/ros2_ws/install/assignment2_custom_msgs_srvs/lib/python3.12/site-packages/assignment2_custom_msgs_srvs/assignment2_custom_msgs_srvs_s__rosidl_typesupport_introspection_c.so
[5.627s] -- Set non-toolchain portion of runtime path of "/home/basmala/ros2_ws/install/assignment2_custom_msgs_srvs/lib/python3.12/site-packages/assignment2_custom_msgs_srvs/assignment2_custom_msgs_srvs_s__rosidl_typesupport_introspection_c.so" to ""
[5.628s] -- Installing: /home/basmala/ros2_ws/install/assignment2_custom_msgs_srvs/lib/python3.12/site-packages/assignment2_custom_msgs_srvs/assignment2_custom_msgs_srvs_s__rosidl_typesupport_c.so
[5.628s] -- Set non-toolchain portion of runtime path of "/home/basmala/ros2_ws/install/assignment2_custom_msgs_srvs/lib/python3.12/site-packages/assignment2_custom_msgs_srvs/assignment2_custom_msgs_srvs_s__rosidl_typesupport_c.so" to ""
[5.628s] -- Installing: /home/basmala/ros2_ws/install/assignment2_custom_msgs_srvs/lib/libassignment2_custom_msgs_srvs__rosidl_generator_py.so
[5.628s] -- Set non-toolchain portion of runtime path of "/home/basmala/ros2_ws/install/assignment2_custom_msgs_srvs/lib/libassignment2_custom_msgs_srvs__rosidl_generator_py.so" to ""
[5.629s] -- Up-to-date: /home/basmala/ros2_ws/install/assignment2_custom_msgs_srvs/share/assignment2_custom_msgs_srvs/msg/Obstacle.idl
[5.629s] -- Up-to-date: /home/basmala/ros2_ws/install/assignment2_custom_msgs_srvs/share/assignment2_custom_msgs_srvs/srv/AverageVelocities.idl
[5.629s] -- Up-to-date: /home/basmala/ros2_ws/install/assignment2_custom_msgs_srvs/share/assignment2_custom_msgs_srvs/srv/ChangeThreshold.idl
[5.629s] -- Installing: /home/basmala/ros2_ws/install/assignment2_custom_msgs_srvs/share/assignment2_custom_msgs_srvs/srv/ModifyFixedPoint.idl
[5.629s] -- Up-to-date: /home/basmala/ros2_ws/install/assignment2_custom_msgs_srvs/share/assignment2_custom_msgs_srvs/msg/Obstacle.msg
[5.629s] -- Up-to-date: /home/basmala/ros2_ws/install/assignment2_custom_msgs_srvs/share/assignment2_custom_msgs_srvs/srv/AverageVelocities.srv
[5.629s] -- Up-to-date: /home/basmala/ros2_ws/install/assignment2_custom_msgs_srvs/share/assignment2_custom_msgs_srvs/srv/ChangeThreshold.srv
[5.630s] -- Installing: /home/basmala/ros2_ws/install/assignment2_custom_msgs_srvs/share/assignment2_custom_msgs_srvs/srv/ModifyFixedPoint.srv
[5.630s] -- Up-to-date: /home/basmala/ros2_ws/install/assignment2_custom_msgs_srvs/share/ament_index/resource_index/package_run_dependencies/assignment2_custom_msgs_srvs
[5.630s] -- Up-to-date: /home/basmala/ros2_ws/install/assignment2_custom_msgs_srvs/share/ament_index/resource_index/parent_prefix_path/assignment2_custom_msgs_srvs
[5.630s] -- Up-to-date: /home/basmala/ros2_ws/install/assignment2_custom_msgs_srvs/share/assignment2_custom_msgs_srvs/environment/ament_prefix_path.sh
[5.630s] -- Up-to-date: /home/basmala/ros2_ws/install/assignment2_custom_msgs_srvs/share/assignment2_custom_msgs_srvs/environment/ament_prefix_path.dsv
[5.630s] -- Up-to-date: /home/basmala/ros2_ws/install/assignment2_custom_msgs_srvs/share/assignment2_custom_msgs_srvs/environment/path.sh
[5.630s] -- Up-to-date: /home/basmala/ros2_ws/install/assignment2_custom_msgs_srvs/share/assignment2_custom_msgs_srvs/environment/path.dsv
[5.631s] -- Up-to-date: /home/basmala/ros2_ws/install/assignment2_custom_msgs_srvs/share/assignment2_custom_msgs_srvs/local_setup.bash
[5.631s] -- Up-to-date: /home/basmala/ros2_ws/install/assignment2_custom_msgs_srvs/share/assignment2_custom_msgs_srvs/local_setup.sh
[5.631s] -- Up-to-date: /home/basmala/ros2_ws/install/assignment2_custom_msgs_srvs/share/assignment2_custom_msgs_srvs/local_setup.zsh
[5.631s] -- Up-to-date: /home/basmala/ros2_ws/install/assignment2_custom_msgs_srvs/share/assignment2_custom_msgs_srvs/local_setup.dsv
[5.631s] -- Installing: /home/basmala/ros2_ws/install/assignment2_custom_msgs_srvs/share/assignment2_custom_msgs_srvs/package.dsv
[5.631s] -- Up-to-date: /home/basmala/ros2_ws/install/assignment2_custom_msgs_srvs/share/ament_index/resource_index/packages/assignment2_custom_msgs_srvs
[5.631s] -- Up-to-date: /home/basmala/ros2_ws/install/assignment2_custom_msgs_srvs/share/assignment2_custom_msgs_srvs/cmake/export_assignment2_custom_msgs_srvs__rosidl_generator_cExport.cmake
[5.631s] -- Up-to-date: /home/basmala/ros2_ws/install/assignment2_custom_msgs_srvs/share/assignment2_custom_msgs_srvs/cmake/export_assignment2_custom_msgs_srvs__rosidl_generator_cExport-noconfig.cmake
[5.631s] -- Up-to-date: /home/basmala/ros2_ws/install/assignment2_custom_msgs_srvs/share/assignment2_custom_msgs_srvs/cmake/export_assignment2_custom_msgs_srvs__rosidl_typesupport_fastrtps_cExport.cmake
[5.631s] -- Up-to-date: /home/basmala/ros2_ws/install/assignment2_custom_msgs_srvs/share/assignment2_custom_msgs_srvs/cmake/export_assignment2_custom_msgs_srvs__rosidl_typesupport_fastrtps_cExport-noconfig.cmake
[5.632s] -- Up-to-date: /home/basmala/ros2_ws/install/assignment2_custom_msgs_srvs/share/assignment2_custom_msgs_srvs/cmake/assignment2_custom_msgs_srvs__rosidl_typesupport_introspection_cExport.cmake
[5.632s] -- Up-to-date: /home/basmala/ros2_ws/install/assignment2_custom_msgs_srvs/share/assignment2_custom_msgs_srvs/cmake/assignment2_custom_msgs_srvs__rosidl_typesupport_introspection_cExport-noconfig.cmake
[5.632s] -- Up-to-date: /home/basmala/ros2_ws/install/assignment2_custom_msgs_srvs/share/assignment2_custom_msgs_srvs/cmake/assignment2_custom_msgs_srvs__rosidl_typesupport_cExport.cmake
[5.632s] -- Up-to-date: /home/basmala/ros2_ws/install/assignment2_custom_msgs_srvs/share/assignment2_custom_msgs_srvs/cmake/assignment2_custom_msgs_srvs__rosidl_typesupport_cExport-noconfig.cmake
[5.632s] -- Up-to-date: /home/basmala/ros2_ws/install/assignment2_custom_msgs_srvs/share/assignment2_custom_msgs_srvs/cmake/export_assignment2_custom_msgs_srvs__rosidl_generator_cppExport.cmake
[5.632s] -- Up-to-date: /home/basmala/ros2_ws/install/assignment2_custom_msgs_srvs/share/assignment2_custom_msgs_srvs/cmake/export_assignment2_custom_msgs_srvs__rosidl_typesupport_fastrtps_cppExport.cmake
[5.632s] -- Up-to-date: /home/basmala/ros2_ws/install/assignment2_custom_msgs_srvs/share/assignment2_custom_msgs_srvs/cmake/export_assignment2_custom_msgs_srvs__rosidl_typesupport_fastrtps_cppExport-noconfig.cmake
[5.632s] -- Up-to-date: /home/basmala/ros2_ws/install/assignment2_custom_msgs_srvs/share/assignment2_custom_msgs_srvs/cmake/assignment2_custom_msgs_srvs__rosidl_typesupport_introspection_cppExport.cmake
[5.632s] -- Up-to-date: /home/basmala/ros2_ws/install/assignment2_custom_msgs_srvs/share/assignment2_custom_msgs_srvs/cmake/assignment2_custom_msgs_srvs__rosidl_typesupport_introspection_cppExport-noconfig.cmake
[5.633s] -- Up-to-date: /home/basmala/ros2_ws/install/assignment2_custom_msgs_srvs/share/assignment2_custom_msgs_srvs/cmake/assignment2_custom_msgs_srvs__rosidl_typesupport_cppExport.cmake
[5.633s] -- Up-to-date: /home/basmala/ros2_ws/install/assignment2_custom_msgs_srvs/share/assignment2_custom_msgs_srvs/cmake/assignment2_custom_msgs_srvs__rosidl_typesupport_cppExport-noconfig.cmake
[5.633s] -- Up-to-date: /home/basmala/ros2_ws/install/assignment2_custom_msgs_srvs/share/assignment2_custom_msgs_srvs/cmake/export_assignment2_custom_msgs_srvs__rosidl_generator_pyExport.cmake
[5.633s] -- Up-to-date: /home/basmala/ros2_ws/install/assignment2_custom_msgs_srvs/share/assignment2_custom_msgs_srvs/cmake/export_assignment2_custom_msgs_srvs__rosidl_generator_pyExport-noconfig.cmake
[5.633s] -- Up-to-date: /home/basmala/ros2_ws/install/assignment2_custom_msgs_srvs/share/assignment2_custom_msgs_srvs/cmake/rosidl_cmake-extras.cmake
[5.633s] -- Up-to-date: /home/basmala/ros2_ws/install/assignment2_custom_msgs_srvs/share/assignment2_custom_msgs_srvs/cmake/ament_cmake_export_dependencies-extras.cmake
[5.633s] -- Up-to-date: /home/basmala/ros2_ws/install/assignment2_custom_msgs_srvs/share/assignment2_custom_msgs_srvs/cmake/ament_cmake_export_include_directories-extras.cmake
[5.633s] -- Up-to-date: /home/basmala/ros2_ws/install/assignment2_custom_msgs_srvs/share/assignment2_custom_msgs_srvs/cmake/ament_cmake_export_libraries-extras.cmake
[5.633s] -- Up-to-date: /home/basmala/ros2_ws/install/assignment2_custom_msgs_srvs/share/assignment2_custom_msgs_srvs/cmake/ament_cmake_export_targets-extras.cmake
[5.633s] -- Up-to-date: /home/basmala/ros2_ws/install/assignment2_custom_msgs_srvs/share/assignment2_custom_msgs_srvs/cmake/rosidl_cmake_export_typesupport_targets-extras.cmake
[5.633s] -- Up-to-date: /home/basmala/ros2_ws/install/assignment2_custom_msgs_srvs/share/assignment2_custom_msgs_srvs/cmake/rosidl_cmake_export_typesupport_libraries-extras.cmake
[5.633s] -- Up-to-date: /home/basmala/ros2_ws/install/assignment2_custom_msgs_srvs/share/assignment2_custom_msgs_srvs/cmake/assignment2_custom_msgs_srvsConfig.cmake
[5.634s] -- Up-to-date: /home/basmala/ros2_ws/install/assignment2_custom_msgs_srvs/share/assignment2_custom_msgs_srvs/cmake/assignment2_custom_msgs_srvsConfig-version.cmake
[5.634s] -- Up-to-date: /home/basmala/ros2_ws/install/assignment2_custom_msgs_srvs/share/assignment2_custom_msgs_srvs/package.xml
[5.636s] Invoked command in '/home/basmala/ros2_ws/build/assignment2_custom_msgs_srvs' returned '0': CMAKE_PREFIX_PATH=${CMAKE_PREFIX_PATH}:/home/basmala/ros2_ws/install/first_package_python:/opt/ros/jazzy DEBUGINFOD_URLS=https://debuginfod.ubuntu.com /usr/bin/cmake --install /home/basmala/ros2_ws/build/assignment2_custom_msgs_srvs
