[0.688s] Invoking command in '/home/basmala/ros2_ws/turtle_action_client': DEBUGINFOD_URLS=https://debuginfod.ubuntu.com PYTHONPATH=/home/basmala/ros2_ws/build/turtle_action_client/prefix_override:/usr/lib/python3/dist-packages/colcon_core/task/python/colcon_distutils_commands:/home/basmala/ros2_ws/install/turtle_action_client/lib/python3.12/site-packages:${PYTHONPATH} /usr/bin/python3 -W ignore:setup.py install is deprecated -W ignore:easy_install command is deprecated setup.py egg_info --egg-base ../build/turtle_action_client build --build-base /home/basmala/ros2_ws/build/turtle_action_client/build install --record /home/basmala/ros2_ws/build/turtle_action_client/install.log --single-version-externally-managed install_data
[0.937s] running egg_info
[0.948s] writing ../build/turtle_action_client/turtle_action_client.egg-info/PKG-INFO
[0.949s] writing dependency_links to ../build/turtle_action_client/turtle_action_client.egg-info/dependency_links.txt
[0.949s] writing entry points to ../build/turtle_action_client/turtle_action_client.egg-info/entry_points.txt
[0.949s] writing requirements to ../build/turtle_action_client/turtle_action_client.egg-info/requires.txt
[0.949s] writing top-level names to ../build/turtle_action_client/turtle_action_client.egg-info/top_level.txt
[0.971s] reading manifest file '../build/turtle_action_client/turtle_action_client.egg-info/SOURCES.txt'
[0.971s] writing manifest file '../build/turtle_action_client/turtle_action_client.egg-info/SOURCES.txt'
[0.971s] running build
[0.971s] running build_py
[0.971s] running install
[0.976s] running install_lib
[0.987s] running install_data
[0.987s] running install_egg_info
[0.999s] removing '/home/basmala/ros2_ws/install/turtle_action_client/lib/python3.12/site-packages/turtle_action_client-0.0.0-py3.12.egg-info' (and everything under it)
[0.999s] Copying ../build/turtle_action_client/turtle_action_client.egg-info to /home/basmala/ros2_ws/install/turtle_action_client/lib/python3.12/site-packages/turtle_action_client-0.0.0-py3.12.egg-info
[1.000s] running install_scripts
[1.086s] Installing minimal_action_client script to /home/basmala/ros2_ws/install/turtle_action_client/lib/turtle_action_client
[1.087s] writing list of installed files to '/home/basmala/ros2_ws/build/turtle_action_client/install.log'
[1.107s] Invoked command in '/home/basmala/ros2_ws/turtle_action_client' returned '0': DEBUGINFOD_URLS=https://debuginfod.ubuntu.com PYTHONPATH=/home/basmala/ros2_ws/build/turtle_action_client/prefix_override:/usr/lib/python3/dist-packages/colcon_core/task/python/colcon_distutils_commands:/home/basmala/ros2_ws/install/turtle_action_client/lib/python3.12/site-packages:${PYTHONPATH} /usr/bin/python3 -W ignore:setup.py install is deprecated -W ignore:easy_install command is deprecated setup.py egg_info --egg-base ../build/turtle_action_client build --build-base /home/basmala/ros2_ws/build/turtle_action_client/build install --record /home/basmala/ros2_ws/build/turtle_action_client/install.log --single-version-externally-managed install_data
