[0.063s] Invoking command in '/home/basmala/ros2_ws/build/first_package_cpp': CMAKE_PREFIX_PATH=${CMAKE_PREFIX_PATH}:/home/basmala/ros2_ws/install/first_package_python:/opt/ros/jazzy DEBUGINFOD_URLS=https://debuginfod.ubuntu.com /usr/bin/cmake /home/basmala/ros2_ws/first_package_cpp -DCMAKE_INSTALL_PREFIX=/home/basmala/ros2_ws/install/first_package_cpp
[0.650s] -- The C compiler identification is GNU 13.3.0
[0.651s] -- The CXX compiler identification is GNU 13.3.0
[0.651s] -- Detecting C compiler ABI info
[0.652s] -- Detecting C compiler ABI info - done
[0.652s] -- Check for working C compiler: /usr/bin/cc - skipped
[0.652s] -- Detecting C compile features
[0.653s] -- Detecting C compile features - done
[0.653s] -- Detecting CXX compiler ABI info
[0.712s] -- Detecting CXX compiler ABI info - done
[0.738s] -- Check for working CXX compiler: /usr/bin/c++ - skipped
[0.738s] -- Detecting CXX compile features
[0.739s] -- Detecting CXX compile features - done
[0.749s] -- Found ament_cmake: 2.5.4 (/opt/ros/jazzy/share/ament_cmake/cmake)
[1.142s] -- Found Python3: /usr/bin/python3 (found version "3.12.3") found components: Interpreter 
[1.419s] -- Found rclcpp: 28.1.13 (/opt/ros/jazzy/share/rclcpp/cmake)
[1.550s] -- Found rosidl_generator_c: 4.6.6 (/opt/ros/jazzy/share/rosidl_generator_c/cmake)
[1.595s] -- Found rosidl_generator_cpp: 4.6.6 (/opt/ros/jazzy/share/rosidl_generator_cpp/cmake)
[1.634s] -- Using all available rosidl_typesupport_c: rosidl_typesupport_fastrtps_c;rosidl_typesupport_introspection_c
[1.692s] -- Using all available rosidl_typesupport_cpp: rosidl_typesupport_fastrtps_cpp;rosidl_typesupport_introspection_cpp
[1.808s] -- Found rmw_implementation_cmake: 7.3.2 (/opt/ros/jazzy/share/rmw_implementation_cmake/cmake)
[1.813s] -- Found rmw_fastrtps_cpp: 8.4.3 (/opt/ros/jazzy/share/rmw_fastrtps_cpp/cmake)
[1.943s] -- Found OpenSSL: /usr/lib/x86_64-linux-gnu/libcrypto.so (found version "3.0.13")  
[1.989s] -- Found FastRTPS: /opt/ros/jazzy/include (Required is at least version "2.13") 
[2.023s] -- Using RMW implementation 'rmw_fastrtps_cpp' as default
[2.123s] -- Found std_msgs: 5.3.6 (/opt/ros/jazzy/share/std_msgs/cmake)
[2.147s] -- Found ament_lint_auto: 0.17.3 (/opt/ros/jazzy/share/ament_lint_auto/cmake)
[2.290s] -- Added test 'cppcheck' to perform static code analysis on C / C++ code
[2.290s] -- Configured cppcheck include dirs: 
[2.290s] -- Configured cppcheck exclude dirs and/or files: 
[2.291s] -- Added test 'lint_cmake' to check CMake code style
[2.293s] -- Added test 'uncrustify' to check C / C++ code style
[2.293s] -- Configured uncrustify additional arguments: 
[2.294s] -- Added test 'xmllint' to check XML markup files
[2.296s] -- Configuring done (2.2s)
[2.311s] -- Generating done (0.0s)
[2.316s] -- Build files have been written to: /home/basmala/ros2_ws/build/first_package_cpp
