[0.011s] Invoking command in '/home/basmala/ros2_ws/build/action_interfaces': CMAKE_PREFIX_PATH=${CMAKE_PREFIX_PATH}:/home/basmala/ros2_ws/install/turtle_action_client:/home/basmala/ros2_ws/install/first_package_python:/opt/ros/jazzy DEBUGINFOD_URLS=https://debuginfod.ubuntu.com /usr/bin/cmake /home/basmala/ros2_ws/action_interfaces -DCMAKE_INSTALL_PREFIX=/home/basmala/ros2_ws/install/action_interfaces
[0.038s] -- Found ament_cmake: 2.5.5 (/opt/ros/jazzy/share/ament_cmake/cmake)
[0.374s] -- Found rosidl_default_generators: 1.6.0 (/opt/ros/jazzy/share/rosidl_default_generators/cmake)
[0.381s] -- Using all available rosidl_typesupport_c: rosidl_typesupport_fastrtps_c;rosidl_typesupport_introspection_c
[0.450s] -- Using all available rosidl_typesupport_cpp: rosidl_typesupport_fastrtps_cpp;rosidl_typesupport_introspection_cpp
[0.498s] -- Found rosidl_adapter: 4.6.7 (/opt/ros/jazzy/share/rosidl_adapter/cmake)
[1.570s] -- Found ament_cmake_ros: 0.12.0 (/opt/ros/jazzy/share/ament_cmake_ros/cmake)
[2.277s] -- Using all available rosidl_typesupport_c: rosidl_typesupport_fastrtps_c;rosidl_typesupport_introspection_c
[3.181s] -- Using all available rosidl_typesupport_cpp: rosidl_typesupport_fastrtps_cpp;rosidl_typesupport_introspection_cpp
[3.195s] -- Found python_cmake_module: 0.11.1 (/opt/ros/jazzy/share/python_cmake_module/cmake)
[3.410s] -- Found PythonExtra: /usr/bin/python3  
[4.088s] -- Found Python3: /usr/bin/python3 (found version "3.12.3") found components: Interpreter Development NumPy Development.Module Development.Embed 
[4.148s] -- Found ament_lint_auto: 0.17.4 (/opt/ros/jazzy/share/ament_lint_auto/cmake)
[4.194s] -- Added test 'lint_cmake' to check CMake code style
[4.196s] -- Added test 'xmllint' to check XML markup files
[4.200s] -- Configuring done (4.2s)
[4.248s] -- Generating done (0.0s)
[4.260s] -- Build files have been written to: /home/basmala/ros2_ws/build/action_interfaces
[4.268s] Invoked command in '/home/basmala/ros2_ws/build/action_interfaces' returned '0': CMAKE_PREFIX_PATH=${CMAKE_PREFIX_PATH}:/home/basmala/ros2_ws/install/turtle_action_client:/home/basmala/ros2_ws/install/first_package_python:/opt/ros/jazzy DEBUGINFOD_URLS=https://debuginfod.ubuntu.com /usr/bin/cmake /home/basmala/ros2_ws/action_interfaces -DCMAKE_INSTALL_PREFIX=/home/basmala/ros2_ws/install/action_interfaces
[4.268s] Invoking command in '/home/basmala/ros2_ws/build/action_interfaces': CMAKE_PREFIX_PATH=${CMAKE_PREFIX_PATH}:/home/basmala/ros2_ws/install/turtle_action_client:/home/basmala/ros2_ws/install/first_package_python:/opt/ros/jazzy DEBUGINFOD_URLS=https://debuginfod.ubuntu.com /usr/bin/cmake --build /home/basmala/ros2_ws/build/action_interfaces -- -j20 -l20
[4.348s] [  2%] [34m[1mGenerating type hashes for ROS interfaces[0m
[4.363s] [  2%] Built target ament_cmake_python_copy_action_interfaces
[4.598s] [  2%] Built target action_interfaces__rosidl_generator_type_description
[4.610s] running egg_info
[4.611s] creating action_interfaces.egg-info
[4.611s] [  5%] [34m[1mGenerating C code for ROS interfaces[0m
[4.623s] [  8%] [34m[1mGenerating C++ code for ROS interfaces[0m
[4.627s] writing action_interfaces.egg-info/PKG-INFO
[4.628s] writing dependency_links to action_interfaces.egg-info/dependency_links.txt
[4.628s] writing top-level names to action_interfaces.egg-info/top_level.txt
[4.628s] writing manifest file 'action_interfaces.egg-info/SOURCES.txt'
[4.681s] reading manifest file 'action_interfaces.egg-info/SOURCES.txt'
[4.681s] writing manifest file 'action_interfaces.egg-info/SOURCES.txt'
[4.708s] [  8%] Built target ament_cmake_python_build_action_interfaces_egg
[4.961s] [  8%] Built target action_interfaces__cpp
[4.992s] [ 11%] [32mBuilding C object CMakeFiles/action_interfaces__rosidl_generator_c.dir/rosidl_generator_c/action_interfaces/action/detail/fibonacci__functions.c.o[0m
[4.994s] [ 14%] [32mBuilding C object CMakeFiles/action_interfaces__rosidl_generator_c.dir/rosidl_generator_c/action_interfaces/action/detail/fibonacci__description.c.o[0m
[4.994s] [ 17%] [32mBuilding C object CMakeFiles/action_interfaces__rosidl_generator_c.dir/rosidl_generator_c/action_interfaces/action/detail/fibonacci__type_support.c.o[0m
[5.231s] [ 20%] [32m[1mLinking C shared library libaction_interfaces__rosidl_generator_c.so[0m
[5.291s] [ 20%] Built target action_interfaces__rosidl_generator_c
[5.307s] [ 23%] [34m[1mGenerating C++ type support dispatch for ROS interfaces[0m
[5.308s] [ 26%] [34m[1mGenerating C++ type support for eProsima Fast-RTPS[0m
[5.310s] [ 29%] [34m[1mGenerating C introspection for ROS interfaces[0m
[5.310s] [ 32%] [34m[1mGenerating C++ introspection for ROS interfaces[0m
[5.311s] [ 38%] [34m[1mGenerating C type support for eProsima Fast-RTPS[0m
[5.311s] [ 38%] [34m[1mGenerating C type support dispatch for ROS interfaces[0m
[5.690s] [ 41%] [32mBuilding CXX object CMakeFiles/action_interfaces__rosidl_typesupport_c.dir/rosidl_typesupport_c/action_interfaces/action/fibonacci__type_support.cpp.o[0m
[5.694s] [ 44%] [32mBuilding CXX object CMakeFiles/action_interfaces__rosidl_typesupport_cpp.dir/rosidl_typesupport_cpp/action_interfaces/action/fibonacci__type_support.cpp.o[0m
[5.759s] [ 47%] [32mBuilding CXX object CMakeFiles/action_interfaces__rosidl_typesupport_introspection_cpp.dir/rosidl_typesupport_introspection_cpp/action_interfaces/action/detail/fibonacci__type_support.cpp.o[0m
[5.765s] [ 50%] [32m[1mLinking CXX shared library libaction_interfaces__rosidl_typesupport_c.so[0m
[5.785s] [ 52%] [32mBuilding C object CMakeFiles/action_interfaces__rosidl_typesupport_introspection_c.dir/rosidl_typesupport_introspection_c/action_interfaces/action/detail/fibonacci__type_support.c.o[0m
[5.826s] [ 52%] Built target action_interfaces__rosidl_typesupport_c
[5.885s] [ 55%] [32m[1mLinking C shared library libaction_interfaces__rosidl_typesupport_introspection_c.so[0m
[5.898s] [ 58%] [32mBuilding CXX object CMakeFiles/action_interfaces__rosidl_typesupport_fastrtps_cpp.dir/rosidl_typesupport_fastrtps_cpp/action_interfaces/action/detail/dds_fastrtps/fibonacci__type_support.cpp.o[0m
[5.936s] [ 58%] Built target action_interfaces__rosidl_typesupport_introspection_c
[5.941s] [ 61%] [32mBuilding CXX object CMakeFiles/action_interfaces__rosidl_typesupport_fastrtps_c.dir/rosidl_typesupport_fastrtps_c/action_interfaces/action/detail/fibonacci__type_support_c.cpp.o[0m
[6.414s] [ 64%] [32m[1mLinking CXX shared library libaction_interfaces__rosidl_typesupport_cpp.so[0m
[6.505s] [ 64%] Built target action_interfaces__rosidl_typesupport_cpp
[6.523s] [ 67%] [32m[1mLinking CXX shared library libaction_interfaces__rosidl_typesupport_fastrtps_c.so[0m
[6.586s] [ 70%] [32m[1mLinking CXX shared library libaction_interfaces__rosidl_typesupport_introspection_cpp.so[0m
[6.607s] [ 70%] Built target action_interfaces__rosidl_typesupport_fastrtps_c
[6.671s] [ 70%] Built target action_interfaces__rosidl_typesupport_introspection_cpp
[6.884s] [ 73%] [32m[1mLinking CXX shared library libaction_interfaces__rosidl_typesupport_fastrtps_cpp.so[0m
[6.998s] [ 73%] Built target action_interfaces__rosidl_typesupport_fastrtps_cpp
[7.028s] [ 73%] Built target action_interfaces
[7.064s] [ 76%] [34m[1mGenerating Python code for ROS interfaces[0m
[7.692s] [ 76%] Built target action_interfaces__py
[7.727s] [ 79%] [32mBuilding C object CMakeFiles/action_interfaces__rosidl_generator_py.dir/rosidl_generator_py/action_interfaces/action/_fibonacci_s.c.o[0m
[8.042s] [ 82%] [32m[1mLinking C shared library libaction_interfaces__rosidl_generator_py.so[0m
[8.113s] [ 82%] Built target action_interfaces__rosidl_generator_py
[8.148s] [ 88%] [32mBuilding C object CMakeFiles/action_interfaces_s__rosidl_typesupport_fastrtps_c.dir/rosidl_generator_py/action_interfaces/_action_interfaces_s.ep.rosidl_typesupport_fastrtps_c.c.o[0m
[8.149s] [ 88%] [32mBuilding C object CMakeFiles/action_interfaces_s__rosidl_typesupport_c.dir/rosidl_generator_py/action_interfaces/_action_interfaces_s.ep.rosidl_typesupport_c.c.o[0m
[8.149s] [ 91%] [32mBuilding C object CMakeFiles/action_interfaces_s__rosidl_typesupport_introspection_c.dir/rosidl_generator_py/action_interfaces/_action_interfaces_s.ep.rosidl_typesupport_introspection_c.c.o[0m
[8.328s] [ 94%] [32m[1mLinking C shared module rosidl_generator_py/action_interfaces/action_interfaces_s__rosidl_typesupport_c.so[0m
[8.329s] [ 97%] [32m[1mLinking C shared module rosidl_generator_py/action_interfaces/action_interfaces_s__rosidl_typesupport_fastrtps_c.so[0m
[8.330s] [100%] [32m[1mLinking C shared module rosidl_generator_py/action_interfaces/action_interfaces_s__rosidl_typesupport_introspection_c.so[0m
[8.390s] [100%] Built target action_interfaces_s__rosidl_typesupport_fastrtps_c
[8.390s] [100%] Built target action_interfaces_s__rosidl_typesupport_c
[8.392s] [100%] Built target action_interfaces_s__rosidl_typesupport_introspection_c
[8.415s] Invoked command in '/home/basmala/ros2_ws/build/action_interfaces' returned '0': CMAKE_PREFIX_PATH=${CMAKE_PREFIX_PATH}:/home/basmala/ros2_ws/install/turtle_action_client:/home/basmala/ros2_ws/install/first_package_python:/opt/ros/jazzy DEBUGINFOD_URLS=https://debuginfod.ubuntu.com /usr/bin/cmake --build /home/basmala/ros2_ws/build/action_interfaces -- -j20 -l20
[8.430s] Invoking command in '/home/basmala/ros2_ws/build/action_interfaces': CMAKE_PREFIX_PATH=${CMAKE_PREFIX_PATH}:/home/basmala/ros2_ws/install/turtle_action_client:/home/basmala/ros2_ws/install/first_package_python:/opt/ros/jazzy DEBUGINFOD_URLS=https://debuginfod.ubuntu.com /usr/bin/cmake --install /home/basmala/ros2_ws/build/action_interfaces
[8.444s] -- Install configuration: ""
[8.444s] -- Installing: /home/basmala/ros2_ws/install/action_interfaces/share/ament_index/resource_index/rosidl_interfaces/action_interfaces
[8.445s] -- Installing: /home/basmala/ros2_ws/install/action_interfaces/share/action_interfaces/action/Fibonacci.json
[8.445s] -- Installing: /home/basmala/ros2_ws/install/action_interfaces/include/action_interfaces/action_interfaces
[8.445s] -- Installing: /home/basmala/ros2_ws/install/action_interfaces/include/action_interfaces/action_interfaces/action
[8.445s] -- Installing: /home/basmala/ros2_ws/install/action_interfaces/include/action_interfaces/action_interfaces/action/fibonacci.h
[8.446s] -- Installing: /home/basmala/ros2_ws/install/action_interfaces/include/action_interfaces/action_interfaces/action/detail
[8.446s] -- Installing: /home/basmala/ros2_ws/install/action_interfaces/include/action_interfaces/action_interfaces/action/detail/fibonacci__functions.h
[8.446s] -- Installing: /home/basmala/ros2_ws/install/action_interfaces/include/action_interfaces/action_interfaces/action/detail/fibonacci__functions.c
[8.447s] -- Installing: /home/basmala/ros2_ws/install/action_interfaces/include/action_interfaces/action_interfaces/action/detail/fibonacci__description.c
[8.447s] -- Installing: /home/basmala/ros2_ws/install/action_interfaces/include/action_interfaces/action_interfaces/action/detail/fibonacci__type_support.c
[8.447s] -- Installing: /home/basmala/ros2_ws/install/action_interfaces/include/action_interfaces/action_interfaces/action/detail/fibonacci__type_support.h
[8.447s] -- Installing: /home/basmala/ros2_ws/install/action_interfaces/include/action_interfaces/action_interfaces/action/detail/fibonacci__struct.h
[8.447s] -- Installing: /home/basmala/ros2_ws/install/action_interfaces/include/action_interfaces/action_interfaces/msg
[8.447s] -- Installing: /home/basmala/ros2_ws/install/action_interfaces/include/action_interfaces/action_interfaces/msg/rosidl_generator_c__visibility_control.h
[8.447s] -- Installing: /home/basmala/ros2_ws/install/action_interfaces/share/action_interfaces/environment/library_path.sh
[8.447s] -- Installing: /home/basmala/ros2_ws/install/action_interfaces/share/action_interfaces/environment/library_path.dsv
[8.447s] -- Installing: /home/basmala/ros2_ws/install/action_interfaces/lib/libaction_interfaces__rosidl_generator_c.so
[8.448s] -- Set non-toolchain portion of runtime path of "/home/basmala/ros2_ws/install/action_interfaces/lib/libaction_interfaces__rosidl_generator_c.so" to ""
[8.448s] -- Up-to-date: /home/basmala/ros2_ws/install/action_interfaces/include/action_interfaces/action_interfaces
[8.448s] -- Up-to-date: /home/basmala/ros2_ws/install/action_interfaces/include/action_interfaces/action_interfaces/action
[8.448s] -- Up-to-date: /home/basmala/ros2_ws/install/action_interfaces/include/action_interfaces/action_interfaces/action/detail
[8.448s] -- Installing: /home/basmala/ros2_ws/install/action_interfaces/include/action_interfaces/action_interfaces/action/detail/fibonacci__rosidl_typesupport_fastrtps_c.h
[8.448s] -- Up-to-date: /home/basmala/ros2_ws/install/action_interfaces/include/action_interfaces/action_interfaces/msg
[8.448s] -- Installing: /home/basmala/ros2_ws/install/action_interfaces/include/action_interfaces/action_interfaces/msg/rosidl_typesupport_fastrtps_c__visibility_control.h
[8.448s] -- Installing: /home/basmala/ros2_ws/install/action_interfaces/lib/libaction_interfaces__rosidl_typesupport_fastrtps_c.so
[8.449s] -- Set non-toolchain portion of runtime path of "/home/basmala/ros2_ws/install/action_interfaces/lib/libaction_interfaces__rosidl_typesupport_fastrtps_c.so" to ""
[8.449s] -- Up-to-date: /home/basmala/ros2_ws/install/action_interfaces/include/action_interfaces/action_interfaces
[8.449s] -- Up-to-date: /home/basmala/ros2_ws/install/action_interfaces/include/action_interfaces/action_interfaces/action
[8.449s] -- Up-to-date: /home/basmala/ros2_ws/install/action_interfaces/include/action_interfaces/action_interfaces/action/detail
[8.449s] -- Installing: /home/basmala/ros2_ws/install/action_interfaces/include/action_interfaces/action_interfaces/action/detail/fibonacci__rosidl_typesupport_introspection_c.h
[8.449s] -- Up-to-date: /home/basmala/ros2_ws/install/action_interfaces/include/action_interfaces/action_interfaces/action/detail/fibonacci__type_support.c
[8.449s] -- Up-to-date: /home/basmala/ros2_ws/install/action_interfaces/include/action_interfaces/action_interfaces/msg
[8.449s] -- Installing: /home/basmala/ros2_ws/install/action_interfaces/include/action_interfaces/action_interfaces/msg/rosidl_typesupport_introspection_c__visibility_control.h
[8.450s] -- Installing: /home/basmala/ros2_ws/install/action_interfaces/lib/libaction_interfaces__rosidl_typesupport_introspection_c.so
[8.450s] -- Set non-toolchain portion of runtime path of "/home/basmala/ros2_ws/install/action_interfaces/lib/libaction_interfaces__rosidl_typesupport_introspection_c.so" to ""
[8.450s] -- Installing: /home/basmala/ros2_ws/install/action_interfaces/lib/libaction_interfaces__rosidl_typesupport_c.so
[8.450s] -- Set non-toolchain portion of runtime path of "/home/basmala/ros2_ws/install/action_interfaces/lib/libaction_interfaces__rosidl_typesupport_c.so" to ""
[8.450s] -- Up-to-date: /home/basmala/ros2_ws/install/action_interfaces/include/action_interfaces/action_interfaces
[8.450s] -- Up-to-date: /home/basmala/ros2_ws/install/action_interfaces/include/action_interfaces/action_interfaces/action
[8.450s] -- Up-to-date: /home/basmala/ros2_ws/install/action_interfaces/include/action_interfaces/action_interfaces/action/detail
[8.450s] -- Installing: /home/basmala/ros2_ws/install/action_interfaces/include/action_interfaces/action_interfaces/action/detail/fibonacci__builder.hpp
[8.451s] -- Installing: /home/basmala/ros2_ws/install/action_interfaces/include/action_interfaces/action_interfaces/action/detail/fibonacci__traits.hpp
[8.451s] -- Installing: /home/basmala/ros2_ws/install/action_interfaces/include/action_interfaces/action_interfaces/action/detail/fibonacci__struct.hpp
[8.451s] -- Installing: /home/basmala/ros2_ws/install/action_interfaces/include/action_interfaces/action_interfaces/action/detail/fibonacci__type_support.hpp
[8.451s] -- Installing: /home/basmala/ros2_ws/install/action_interfaces/include/action_interfaces/action_interfaces/action/fibonacci.hpp
[8.451s] -- Up-to-date: /home/basmala/ros2_ws/install/action_interfaces/include/action_interfaces/action_interfaces/msg
[8.451s] -- Installing: /home/basmala/ros2_ws/install/action_interfaces/include/action_interfaces/action_interfaces/msg/rosidl_generator_cpp__visibility_control.hpp
[8.451s] -- Up-to-date: /home/basmala/ros2_ws/install/action_interfaces/include/action_interfaces/action_interfaces
[8.451s] -- Up-to-date: /home/basmala/ros2_ws/install/action_interfaces/include/action_interfaces/action_interfaces/action
[8.451s] -- Up-to-date: /home/basmala/ros2_ws/install/action_interfaces/include/action_interfaces/action_interfaces/action/detail
[8.452s] -- Installing: /home/basmala/ros2_ws/install/action_interfaces/include/action_interfaces/action_interfaces/action/detail/dds_fastrtps
[8.452s] -- Installing: /home/basmala/ros2_ws/install/action_interfaces/include/action_interfaces/action_interfaces/action/detail/fibonacci__rosidl_typesupport_fastrtps_cpp.hpp
[8.452s] -- Up-to-date: /home/basmala/ros2_ws/install/action_interfaces/include/action_interfaces/action_interfaces/msg
[8.452s] -- Installing: /home/basmala/ros2_ws/install/action_interfaces/include/action_interfaces/action_interfaces/msg/rosidl_typesupport_fastrtps_cpp__visibility_control.h
[8.452s] -- Installing: /home/basmala/ros2_ws/install/action_interfaces/lib/libaction_interfaces__rosidl_typesupport_fastrtps_cpp.so
[8.452s] -- Set non-toolchain portion of runtime path of "/home/basmala/ros2_ws/install/action_interfaces/lib/libaction_interfaces__rosidl_typesupport_fastrtps_cpp.so" to ""
[8.453s] -- Up-to-date: /home/basmala/ros2_ws/install/action_interfaces/include/action_interfaces/action_interfaces
[8.453s] -- Up-to-date: /home/basmala/ros2_ws/install/action_interfaces/include/action_interfaces/action_interfaces/action
[8.453s] -- Up-to-date: /home/basmala/ros2_ws/install/action_interfaces/include/action_interfaces/action_interfaces/action/detail
[8.453s] -- Installing: /home/basmala/ros2_ws/install/action_interfaces/include/action_interfaces/action_interfaces/action/detail/fibonacci__type_support.cpp
[8.453s] -- Installing: /home/basmala/ros2_ws/install/action_interfaces/include/action_interfaces/action_interfaces/action/detail/fibonacci__rosidl_typesupport_introspection_cpp.hpp
[8.453s] -- Installing: /home/basmala/ros2_ws/install/action_interfaces/lib/libaction_interfaces__rosidl_typesupport_introspection_cpp.so
[8.453s] -- Set non-toolchain portion of runtime path of "/home/basmala/ros2_ws/install/action_interfaces/lib/libaction_interfaces__rosidl_typesupport_introspection_cpp.so" to ""
[8.453s] -- Installing: /home/basmala/ros2_ws/install/action_interfaces/lib/libaction_interfaces__rosidl_typesupport_cpp.so
[8.454s] -- Set non-toolchain portion of runtime path of "/home/basmala/ros2_ws/install/action_interfaces/lib/libaction_interfaces__rosidl_typesupport_cpp.so" to ""
[8.454s] -- Installing: /home/basmala/ros2_ws/install/action_interfaces/share/action_interfaces/environment/pythonpath.sh
[8.454s] -- Installing: /home/basmala/ros2_ws/install/action_interfaces/share/action_interfaces/environment/pythonpath.dsv
[8.454s] -- Installing: /home/basmala/ros2_ws/install/action_interfaces/lib/python3.12/site-packages/action_interfaces-0.0.0-py3.12.egg-info
[8.454s] -- Installing: /home/basmala/ros2_ws/install/action_interfaces/lib/python3.12/site-packages/action_interfaces-0.0.0-py3.12.egg-info/dependency_links.txt
[8.455s] -- Installing: /home/basmala/ros2_ws/install/action_interfaces/lib/python3.12/site-packages/action_interfaces-0.0.0-py3.12.egg-info/SOURCES.txt
[8.455s] -- Installing: /home/basmala/ros2_ws/install/action_interfaces/lib/python3.12/site-packages/action_interfaces-0.0.0-py3.12.egg-info/PKG-INFO
[8.455s] -- Installing: /home/basmala/ros2_ws/install/action_interfaces/lib/python3.12/site-packages/action_interfaces-0.0.0-py3.12.egg-info/top_level.txt
[8.455s] -- Installing: /home/basmala/ros2_ws/install/action_interfaces/lib/python3.12/site-packages/action_interfaces
[8.455s] -- Installing: /home/basmala/ros2_ws/install/action_interfaces/lib/python3.12/site-packages/action_interfaces/_action_interfaces_s.ep.rosidl_typesupport_c.c
[8.455s] -- Installing: /home/basmala/ros2_ws/install/action_interfaces/lib/python3.12/site-packages/action_interfaces/_action_interfaces_s.ep.rosidl_typesupport_fastrtps_c.c
[8.455s] -- Installing: /home/basmala/ros2_ws/install/action_interfaces/lib/python3.12/site-packages/action_interfaces/action_interfaces_s__rosidl_typesupport_fastrtps_c.so
[8.455s] -- Installing: /home/basmala/ros2_ws/install/action_interfaces/lib/python3.12/site-packages/action_interfaces/__init__.py
[8.456s] -- Installing: /home/basmala/ros2_ws/install/action_interfaces/lib/python3.12/site-packages/action_interfaces/action
[8.456s] -- Installing: /home/basmala/ros2_ws/install/action_interfaces/lib/python3.12/site-packages/action_interfaces/action/_fibonacci_s.c
[8.456s] -- Installing: /home/basmala/ros2_ws/install/action_interfaces/lib/python3.12/site-packages/action_interfaces/action/_fibonacci.py
[8.456s] -- Installing: /home/basmala/ros2_ws/install/action_interfaces/lib/python3.12/site-packages/action_interfaces/action/__init__.py
[8.456s] -- Installing: /home/basmala/ros2_ws/install/action_interfaces/lib/python3.12/site-packages/action_interfaces/action_interfaces_s__rosidl_typesupport_c.so
[8.456s] -- Installing: /home/basmala/ros2_ws/install/action_interfaces/lib/python3.12/site-packages/action_interfaces/action_interfaces_s__rosidl_typesupport_introspection_c.so
[8.456s] -- Installing: /home/basmala/ros2_ws/install/action_interfaces/lib/python3.12/site-packages/action_interfaces/_action_interfaces_s.ep.rosidl_typesupport_introspection_c.c
[8.533s] Listing '/home/basmala/ros2_ws/install/action_interfaces/lib/python3.12/site-packages/action_interfaces'...
[8.533s] Compiling '/home/basmala/ros2_ws/install/action_interfaces/lib/python3.12/site-packages/action_interfaces/__init__.py'...
[8.533s] Listing '/home/basmala/ros2_ws/install/action_interfaces/lib/python3.12/site-packages/action_interfaces/action'...
[8.533s] Compiling '/home/basmala/ros2_ws/install/action_interfaces/lib/python3.12/site-packages/action_interfaces/action/__init__.py'...
[8.533s] Compiling '/home/basmala/ros2_ws/install/action_interfaces/lib/python3.12/site-packages/action_interfaces/action/_fibonacci.py'...
[8.541s] -- Installing: /home/basmala/ros2_ws/install/action_interfaces/lib/python3.12/site-packages/action_interfaces/action_interfaces_s__rosidl_typesupport_fastrtps_c.so
[8.541s] -- Set non-toolchain portion of runtime path of "/home/basmala/ros2_ws/install/action_interfaces/lib/python3.12/site-packages/action_interfaces/action_interfaces_s__rosidl_typesupport_fastrtps_c.so" to ""
[8.541s] -- Installing: /home/basmala/ros2_ws/install/action_interfaces/lib/python3.12/site-packages/action_interfaces/action_interfaces_s__rosidl_typesupport_introspection_c.so
[8.542s] -- Set non-toolchain portion of runtime path of "/home/basmala/ros2_ws/install/action_interfaces/lib/python3.12/site-packages/action_interfaces/action_interfaces_s__rosidl_typesupport_introspection_c.so" to ""
[8.542s] -- Installing: /home/basmala/ros2_ws/install/action_interfaces/lib/python3.12/site-packages/action_interfaces/action_interfaces_s__rosidl_typesupport_c.so
[8.542s] -- Set non-toolchain portion of runtime path of "/home/basmala/ros2_ws/install/action_interfaces/lib/python3.12/site-packages/action_interfaces/action_interfaces_s__rosidl_typesupport_c.so" to ""
[8.542s] -- Installing: /home/basmala/ros2_ws/install/action_interfaces/lib/libaction_interfaces__rosidl_generator_py.so
[8.543s] -- Set non-toolchain portion of runtime path of "/home/basmala/ros2_ws/install/action_interfaces/lib/libaction_interfaces__rosidl_generator_py.so" to ""
[8.543s] -- Installing: /home/basmala/ros2_ws/install/action_interfaces/share/action_interfaces/action/Fibonacci.idl
[8.543s] -- Installing: /home/basmala/ros2_ws/install/action_interfaces/share/action_interfaces/action/Fibonacci.action
[8.543s] -- Installing: /home/basmala/ros2_ws/install/action_interfaces/share/ament_index/resource_index/package_run_dependencies/action_interfaces
[8.543s] -- Installing: /home/basmala/ros2_ws/install/action_interfaces/share/ament_index/resource_index/parent_prefix_path/action_interfaces
[8.543s] -- Installing: /home/basmala/ros2_ws/install/action_interfaces/share/action_interfaces/environment/ament_prefix_path.sh
[8.543s] -- Installing: /home/basmala/ros2_ws/install/action_interfaces/share/action_interfaces/environment/ament_prefix_path.dsv
[8.544s] -- Installing: /home/basmala/ros2_ws/install/action_interfaces/share/action_interfaces/environment/path.sh
[8.544s] -- Installing: /home/basmala/ros2_ws/install/action_interfaces/share/action_interfaces/environment/path.dsv
[8.544s] -- Installing: /home/basmala/ros2_ws/install/action_interfaces/share/action_interfaces/local_setup.bash
[8.544s] -- Installing: /home/basmala/ros2_ws/install/action_interfaces/share/action_interfaces/local_setup.sh
[8.544s] -- Installing: /home/basmala/ros2_ws/install/action_interfaces/share/action_interfaces/local_setup.zsh
[8.544s] -- Installing: /home/basmala/ros2_ws/install/action_interfaces/share/action_interfaces/local_setup.dsv
[8.544s] -- Installing: /home/basmala/ros2_ws/install/action_interfaces/share/action_interfaces/package.dsv
[8.544s] -- Installing: /home/basmala/ros2_ws/install/action_interfaces/share/ament_index/resource_index/packages/action_interfaces
[8.544s] -- Installing: /home/basmala/ros2_ws/install/action_interfaces/share/action_interfaces/cmake/export_action_interfaces__rosidl_generator_cExport.cmake
[8.544s] -- Installing: /home/basmala/ros2_ws/install/action_interfaces/share/action_interfaces/cmake/export_action_interfaces__rosidl_generator_cExport-noconfig.cmake
[8.545s] -- Installing: /home/basmala/ros2_ws/install/action_interfaces/share/action_interfaces/cmake/export_action_interfaces__rosidl_typesupport_fastrtps_cExport.cmake
[8.545s] -- Installing: /home/basmala/ros2_ws/install/action_interfaces/share/action_interfaces/cmake/export_action_interfaces__rosidl_typesupport_fastrtps_cExport-noconfig.cmake
[8.545s] -- Installing: /home/basmala/ros2_ws/install/action_interfaces/share/action_interfaces/cmake/action_interfaces__rosidl_typesupport_introspection_cExport.cmake
[8.545s] -- Installing: /home/basmala/ros2_ws/install/action_interfaces/share/action_interfaces/cmake/action_interfaces__rosidl_typesupport_introspection_cExport-noconfig.cmake
[8.545s] -- Installing: /home/basmala/ros2_ws/install/action_interfaces/share/action_interfaces/cmake/action_interfaces__rosidl_typesupport_cExport.cmake
[8.545s] -- Installing: /home/basmala/ros2_ws/install/action_interfaces/share/action_interfaces/cmake/action_interfaces__rosidl_typesupport_cExport-noconfig.cmake
[8.545s] -- Installing: /home/basmala/ros2_ws/install/action_interfaces/share/action_interfaces/cmake/export_action_interfaces__rosidl_generator_cppExport.cmake
[8.545s] -- Installing: /home/basmala/ros2_ws/install/action_interfaces/share/action_interfaces/cmake/export_action_interfaces__rosidl_typesupport_fastrtps_cppExport.cmake
[8.545s] -- Installing: /home/basmala/ros2_ws/install/action_interfaces/share/action_interfaces/cmake/export_action_interfaces__rosidl_typesupport_fastrtps_cppExport-noconfig.cmake
[8.545s] -- Installing: /home/basmala/ros2_ws/install/action_interfaces/share/action_interfaces/cmake/action_interfaces__rosidl_typesupport_introspection_cppExport.cmake
[8.545s] -- Installing: /home/basmala/ros2_ws/install/action_interfaces/share/action_interfaces/cmake/action_interfaces__rosidl_typesupport_introspection_cppExport-noconfig.cmake
[8.546s] -- Installing: /home/basmala/ros2_ws/install/action_interfaces/share/action_interfaces/cmake/action_interfaces__rosidl_typesupport_cppExport.cmake
[8.546s] -- Installing: /home/basmala/ros2_ws/install/action_interfaces/share/action_interfaces/cmake/action_interfaces__rosidl_typesupport_cppExport-noconfig.cmake
[8.546s] -- Installing: /home/basmala/ros2_ws/install/action_interfaces/share/action_interfaces/cmake/export_action_interfaces__rosidl_generator_pyExport.cmake
[8.546s] -- Installing: /home/basmala/ros2_ws/install/action_interfaces/share/action_interfaces/cmake/export_action_interfaces__rosidl_generator_pyExport-noconfig.cmake
[8.546s] -- Installing: /home/basmala/ros2_ws/install/action_interfaces/share/action_interfaces/cmake/rosidl_cmake-extras.cmake
[8.546s] -- Installing: /home/basmala/ros2_ws/install/action_interfaces/share/action_interfaces/cmake/ament_cmake_export_dependencies-extras.cmake
[8.546s] -- Installing: /home/basmala/ros2_ws/install/action_interfaces/share/action_interfaces/cmake/ament_cmake_export_include_directories-extras.cmake
[8.546s] -- Installing: /home/basmala/ros2_ws/install/action_interfaces/share/action_interfaces/cmake/ament_cmake_export_libraries-extras.cmake
[8.546s] -- Installing: /home/basmala/ros2_ws/install/action_interfaces/share/action_interfaces/cmake/ament_cmake_export_targets-extras.cmake
[8.546s] -- Installing: /home/basmala/ros2_ws/install/action_interfaces/share/action_interfaces/cmake/rosidl_cmake_export_typesupport_targets-extras.cmake
[8.547s] -- Installing: /home/basmala/ros2_ws/install/action_interfaces/share/action_interfaces/cmake/rosidl_cmake_export_typesupport_libraries-extras.cmake
[8.547s] -- Installing: /home/basmala/ros2_ws/install/action_interfaces/share/action_interfaces/cmake/action_interfacesConfig.cmake
[8.547s] -- Installing: /home/basmala/ros2_ws/install/action_interfaces/share/action_interfaces/cmake/action_interfacesConfig-version.cmake
[8.547s] -- Installing: /home/basmala/ros2_ws/install/action_interfaces/share/action_interfaces/package.xml
[8.550s] Invoked command in '/home/basmala/ros2_ws/build/action_interfaces' returned '0': CMAKE_PREFIX_PATH=${CMAKE_PREFIX_PATH}:/home/basmala/ros2_ws/install/turtle_action_client:/home/basmala/ros2_ws/install/first_package_python:/opt/ros/jazzy DEBUGINFOD_URLS=https://debuginfod.ubuntu.com /usr/bin/cmake --install /home/basmala/ros2_ws/build/action_interfaces
