[ 25%] Built target action_server_exe
[ 50%] Built target action_client_exe
[ 75%] Built target action_client
[ 87%] [32mBuilding CXX object CMakeFiles/action_server.dir/src/action_server.cpp.o[0m
[01m[K/home/basmala/ros2_ws/act_cont_ex/src/action_server.cpp:[m[K In member function ‘[01m[Krclcpp_action::GoalResponse act_cont_ex::RobotControllerActionServer::[01;32m[Khandle_goal[m[K(const rclcpp_action::GoalUUID&, std::shared_ptr<const action_interfaces::action::Movetogoal_Goal_<std::allocator<void> > >)[m[K’:
[01m[K/home/basmala/ros2_ws/act_cont_ex/src/action_server.cpp:50:85:[m[K [01;35m[Kwarning: [m[Kunused parameter ‘[01m[Kuuid[m[K’ [[01;35m[K]8;;https://gcc.gnu.org/onlinedocs/gcc/Warning-Options.html#index-Wunused-parameter-Wunused-parameter]8;;[m[K]
   50 |             rclcpp_action::GoalResponse handle_goal([01;35m[Kconst rclcpp_action::GoalUUID & uuid[m[K, std::shared_ptr<const action_interfaces::action::Movetogoal::Goal> goal)
      |                                                     [01;35m[K~~~~~~~~~~~~~~~~~~~~~~~~~~~~~~~~^~~~[m[K
[01m[K/home/basmala/ros2_ws/act_cont_ex/src/action_server.cpp:[m[K In member function ‘[01m[Krclcpp_action::CancelResponse act_cont_ex::RobotControllerActionServer::[01;32m[Khandle_cancel[m[K(std::shared_ptr<rclcpp_action::ServerGoalHandle<action_interfaces::action::Movetogoal> >)[m[K’:
[01m[K/home/basmala/ros2_ws/act_cont_ex/src/action_server.cpp:56:151:[m[K [01;35m[Kwarning: [m[Kunused parameter ‘[01m[Kgoal_handle[m[K’ [[01;35m[K]8;;https://gcc.gnu.org/onlinedocs/gcc/Warning-Options.html#index-Wunused-parameter-Wunused-parameter]8;;[m[K]
   56 | [01;35m[Knst std::shared_ptr<rclcpp_action::ServerGoalHandle<action_interfaces::action::Movetogoal>> goal_handle[m[K)
      | [01;35m[K~~~~~~~~~~~~~~~~~~~~~~~~~~~~~~~~~~~~~~~~~~~~~~~~~~~~~~~~~~~~~~~~~~~~~~~~~~~~~~~~~~~~~~~~~~~~^~~~~~~~~~~[m[K

[100%] [32m[1mLinking CXX shared library libaction_server.so[0m
[100%] Built target action_server
-- Install configuration: ""
-- Up-to-date: /home/basmala/ros2_ws/install/act_cont_ex/lib/act_cont_ex/action_server_exe
-- Up-to-date: /home/basmala/ros2_ws/install/act_cont_ex/lib/act_cont_ex/action_client_exe
-- Up-to-date: /home/basmala/ros2_ws/install/act_cont_ex/lib/act_cont_ex/action_server_exe
-- Up-to-date: /home/basmala/ros2_ws/install/act_cont_ex/lib/act_cont_ex/action_client_exe
-- Installing: /home/basmala/ros2_ws/install/act_cont_ex/lib/libaction_server.so
-- Set non-toolchain portion of runtime path of "/home/basmala/ros2_ws/install/act_cont_ex/lib/libaction_server.so" to ""
-- Up-to-date: /home/basmala/ros2_ws/install/act_cont_ex/lib/libaction_client.so
-- Up-to-date: /home/basmala/ros2_ws/install/act_cont_ex/share/act_cont_ex//launch
-- Installing: /home/basmala/ros2_ws/install/act_cont_ex/share/act_cont_ex//launch/robot_control.launch.py
-- Installing: /home/basmala/ros2_ws/install/act_cont_ex/share/act_cont_ex//launch/all.launch.py
-- Up-to-date: /home/basmala/ros2_ws/install/act_cont_ex/share/ament_index/resource_index/package_run_dependencies/act_cont_ex
-- Up-to-date: /home/basmala/ros2_ws/install/act_cont_ex/share/ament_index/resource_index/parent_prefix_path/act_cont_ex
-- Up-to-date: /home/basmala/ros2_ws/install/act_cont_ex/share/act_cont_ex/environment/ament_prefix_path.sh
-- Up-to-date: /home/basmala/ros2_ws/install/act_cont_ex/share/act_cont_ex/environment/ament_prefix_path.dsv
-- Up-to-date: /home/basmala/ros2_ws/install/act_cont_ex/share/act_cont_ex/environment/path.sh
-- Up-to-date: /home/basmala/ros2_ws/install/act_cont_ex/share/act_cont_ex/environment/path.dsv
-- Up-to-date: /home/basmala/ros2_ws/install/act_cont_ex/share/act_cont_ex/local_setup.bash
-- Up-to-date: /home/basmala/ros2_ws/install/act_cont_ex/share/act_cont_ex/local_setup.sh
-- Up-to-date: /home/basmala/ros2_ws/install/act_cont_ex/share/act_cont_ex/local_setup.zsh
-- Up-to-date: /home/basmala/ros2_ws/install/act_cont_ex/share/act_cont_ex/local_setup.dsv
-- Installing: /home/basmala/ros2_ws/install/act_cont_ex/share/act_cont_ex/package.dsv
-- Up-to-date: /home/basmala/ros2_ws/install/act_cont_ex/share/ament_index/resource_index/packages/act_cont_ex
-- Up-to-date: /home/basmala/ros2_ws/install/act_cont_ex/share/ament_index/resource_index/rclcpp_components/act_cont_ex
-- Up-to-date: /home/basmala/ros2_ws/install/act_cont_ex/share/act_cont_ex/cmake/export_act_cont_ex_action_serverExport.cmake
-- Up-to-date: /home/basmala/ros2_ws/install/act_cont_ex/share/act_cont_ex/cmake/export_act_cont_ex_action_serverExport-noconfig.cmake
-- Up-to-date: /home/basmala/ros2_ws/install/act_cont_ex/share/act_cont_ex/cmake/export_act_cont_ex_action_clientExport.cmake
-- Up-to-date: /home/basmala/ros2_ws/install/act_cont_ex/share/act_cont_ex/cmake/export_act_cont_ex_action_clientExport-noconfig.cmake
-- Up-to-date: /home/basmala/ros2_ws/install/act_cont_ex/share/act_cont_ex/cmake/ament_cmake_export_targets-extras.cmake
-- Up-to-date: /home/basmala/ros2_ws/install/act_cont_ex/share/act_cont_ex/cmake/act_cont_exConfig.cmake
-- Up-to-date: /home/basmala/ros2_ws/install/act_cont_ex/share/act_cont_ex/cmake/act_cont_exConfig-version.cmake
-- Up-to-date: /home/basmala/ros2_ws/install/act_cont_ex/share/act_cont_ex/package.xml
