[0.704s] Invoking command in '/home/basmala/ros2_ws/fibonacci': DEBUGINFOD_URLS=https://debuginfod.ubuntu.com PYTHONPATH=/home/basmala/ros2_ws/build/fibonacci/prefix_override:/usr/lib/python3/dist-packages/colcon_core/task/python/colcon_distutils_commands:/home/basmala/ros2_ws/install/fibonacci/lib/python3.12/site-packages:${PYTHONPATH} /usr/bin/python3 -W ignore:setup.py install is deprecated -W ignore:easy_install command is deprecated setup.py egg_info --egg-base ../build/fibonacci build --build-base /home/basmala/ros2_ws/build/fibonacci/build install --record /home/basmala/ros2_ws/build/fibonacci/install.log --single-version-externally-managed install_data
[0.932s] running egg_info
[0.946s] writing ../build/fibonacci/fibonacci.egg-info/PKG-INFO
[0.946s] writing dependency_links to ../build/fibonacci/fibonacci.egg-info/dependency_links.txt
[0.946s] writing entry points to ../build/fibonacci/fibonacci.egg-info/entry_points.txt
[0.946s] writing requirements to ../build/fibonacci/fibonacci.egg-info/requires.txt
[0.946s] writing top-level names to ../build/fibonacci/fibonacci.egg-info/top_level.txt
[0.976s] reading manifest file '../build/fibonacci/fibonacci.egg-info/SOURCES.txt'
[0.976s] writing manifest file '../build/fibonacci/fibonacci.egg-info/SOURCES.txt'
[0.976s] running build
[0.977s] running build_py
[0.977s] running install
[0.984s] running install_lib
[0.997s] running install_data
[0.997s] running install_egg_info
[1.010s] removing '/home/basmala/ros2_ws/install/fibonacci/lib/python3.12/site-packages/fibonacci-0.0.0-py3.12.egg-info' (and everything under it)
[1.010s] Copying ../build/fibonacci/fibonacci.egg-info to /home/basmala/ros2_ws/install/fibonacci/lib/python3.12/site-packages/fibonacci-0.0.0-py3.12.egg-info
[1.011s] running install_scripts
[1.096s] Installing action_client script to /home/basmala/ros2_ws/install/fibonacci/lib/fibonacci
[1.096s] Installing action_server script to /home/basmala/ros2_ws/install/fibonacci/lib/fibonacci
[1.096s] Installing action_server2 script to /home/basmala/ros2_ws/install/fibonacci/lib/fibonacci
[1.097s] writing list of installed files to '/home/basmala/ros2_ws/build/fibonacci/install.log'
[1.119s] Invoked command in '/home/basmala/ros2_ws/fibonacci' returned '0': DEBUGINFOD_URLS=https://debuginfod.ubuntu.com PYTHONPATH=/home/basmala/ros2_ws/build/fibonacci/prefix_override:/usr/lib/python3/dist-packages/colcon_core/task/python/colcon_distutils_commands:/home/basmala/ros2_ws/install/fibonacci/lib/python3.12/site-packages:${PYTHONPATH} /usr/bin/python3 -W ignore:setup.py install is deprecated -W ignore:easy_install command is deprecated setup.py egg_info --egg-base ../build/fibonacci build --build-base /home/basmala/ros2_ws/build/fibonacci/build install --record /home/basmala/ros2_ws/build/fibonacci/install.log --single-version-externally-managed install_data
