[  2%] [34m[1mGenerating type hashes for ROS interfaces[0m
[  2%] Built target ament_cmake_python_copy_turtlesim_custom_msgs
[  2%] Built target turtlesim_custom_msgs__rosidl_generator_type_description
running egg_info
creating turtlesim_custom_msgs.egg-info
[  4%] [34m[1mGenerating C code for ROS interfaces[0m
[  6%] [34m[1mGenerating C++ code for ROS interfaces[0m
writing turtlesim_custom_msgs.egg-info/PKG-INFO
writing dependency_links to turtlesim_custom_msgs.egg-info/dependency_links.txt
writing top-level names to turtlesim_custom_msgs.egg-info/top_level.txt
writing manifest file 'turtlesim_custom_msgs.egg-info/SOURCES.txt'
reading manifest file 'turtlesim_custom_msgs.egg-info/SOURCES.txt'
writing manifest file 'turtlesim_custom_msgs.egg-info/SOURCES.txt'
[  6%] Built target ament_cmake_python_build_turtlesim_custom_msgs_egg
[  6%] Built target turtlesim_custom_msgs__cpp
[  9%] [32mBuilding C object CMakeFiles/turtlesim_custom_msgs__rosidl_generator_c.dir/rosidl_generator_c/turtlesim_custom_msgs/msg/detail/vel__functions.c.o[0m
[ 11%] [32mBuilding C object CMakeFiles/turtlesim_custom_msgs__rosidl_generator_c.dir/rosidl_generator_c/turtlesim_custom_msgs/srv/detail/velocity__functions.c.o[0m
[ 13%] [32mBuilding C object CMakeFiles/turtlesim_custom_msgs__rosidl_generator_c.dir/rosidl_generator_c/turtlesim_custom_msgs/msg/detail/vel__description.c.o[0m
[ 15%] [32mBuilding C object CMakeFiles/turtlesim_custom_msgs__rosidl_generator_c.dir/rosidl_generator_c/turtlesim_custom_msgs/msg/detail/vel__type_support.c.o[0m
[ 18%] [32mBuilding C object CMakeFiles/turtlesim_custom_msgs__rosidl_generator_c.dir/rosidl_generator_c/turtlesim_custom_msgs/srv/detail/velocity__description.c.o[0m
[ 20%] [32mBuilding C object CMakeFiles/turtlesim_custom_msgs__rosidl_generator_c.dir/rosidl_generator_c/turtlesim_custom_msgs/srv/detail/velocity__type_support.c.o[0m
[ 22%] [32m[1mLinking C shared library libturtlesim_custom_msgs__rosidl_generator_c.so[0m
[ 22%] Built target turtlesim_custom_msgs__rosidl_generator_c
[ 25%] [34m[1mGenerating C type support dispatch for ROS interfaces[0m
[ 27%] [34m[1mGenerating C++ type support dispatch for ROS interfaces[0m
[ 34%] [34m[1mGenerating C++ type support for eProsima Fast-RTPS[0m
[ 34%] [34m[1mGenerating C type support for eProsima Fast-RTPS[0m
[ 34%] [34m[1mGenerating C++ introspection for ROS interfaces[0m
[ 36%] [34m[1mGenerating C introspection for ROS interfaces[0m
[ 38%] [32mBuilding C object CMakeFiles/turtlesim_custom_msgs__rosidl_typesupport_introspection_c.dir/rosidl_typesupport_introspection_c/turtlesim_custom_msgs/srv/detail/velocity__type_support.c.o[0m
[ 40%] [32mBuilding C object CMakeFiles/turtlesim_custom_msgs__rosidl_typesupport_introspection_c.dir/rosidl_typesupport_introspection_c/turtlesim_custom_msgs/msg/detail/vel__type_support.c.o[0m
[ 43%] [32m[1mLinking C shared library libturtlesim_custom_msgs__rosidl_typesupport_introspection_c.so[0m
[ 47%] [32mBuilding CXX object CMakeFiles/turtlesim_custom_msgs__rosidl_typesupport_cpp.dir/rosidl_typesupport_cpp/turtlesim_custom_msgs/msg/vel__type_support.cpp.o[0m
[ 47%] [32mBuilding CXX object CMakeFiles/turtlesim_custom_msgs__rosidl_typesupport_c.dir/rosidl_typesupport_c/turtlesim_custom_msgs/srv/velocity__type_support.cpp.o[0m
[ 50%] [32mBuilding CXX object CMakeFiles/turtlesim_custom_msgs__rosidl_typesupport_cpp.dir/rosidl_typesupport_cpp/turtlesim_custom_msgs/srv/velocity__type_support.cpp.o[0m
[ 52%] [32mBuilding CXX object CMakeFiles/turtlesim_custom_msgs__rosidl_typesupport_c.dir/rosidl_typesupport_c/turtlesim_custom_msgs/msg/vel__type_support.cpp.o[0m
[ 54%] [32mBuilding CXX object CMakeFiles/turtlesim_custom_msgs__rosidl_typesupport_fastrtps_cpp.dir/rosidl_typesupport_fastrtps_cpp/turtlesim_custom_msgs/msg/detail/dds_fastrtps/vel__type_support.cpp.o[0m
[ 56%] [32mBuilding CXX object CMakeFiles/turtlesim_custom_msgs__rosidl_typesupport_fastrtps_cpp.dir/rosidl_typesupport_fastrtps_cpp/turtlesim_custom_msgs/srv/detail/dds_fastrtps/velocity__type_support.cpp.o[0m
[ 59%] [32mBuilding CXX object CMakeFiles/turtlesim_custom_msgs__rosidl_typesupport_introspection_cpp.dir/rosidl_typesupport_introspection_cpp/turtlesim_custom_msgs/msg/detail/vel__type_support.cpp.o[0m
[ 61%] [32mBuilding CXX object CMakeFiles/turtlesim_custom_msgs__rosidl_typesupport_introspection_cpp.dir/rosidl_typesupport_introspection_cpp/turtlesim_custom_msgs/srv/detail/velocity__type_support.cpp.o[0m
[ 61%] Built target turtlesim_custom_msgs__rosidl_typesupport_introspection_c
[ 63%] [32m[1mLinking CXX shared library libturtlesim_custom_msgs__rosidl_typesupport_c.so[0m
[ 63%] Built target turtlesim_custom_msgs__rosidl_typesupport_c
[ 68%] [32mBuilding CXX object CMakeFiles/turtlesim_custom_msgs__rosidl_typesupport_fastrtps_c.dir/rosidl_typesupport_fastrtps_c/turtlesim_custom_msgs/srv/detail/velocity__type_support_c.cpp.o[0m
[ 68%] [32mBuilding CXX object CMakeFiles/turtlesim_custom_msgs__rosidl_typesupport_fastrtps_c.dir/rosidl_typesupport_fastrtps_c/turtlesim_custom_msgs/msg/detail/vel__type_support_c.cpp.o[0m
[ 70%] [32m[1mLinking CXX shared library libturtlesim_custom_msgs__rosidl_typesupport_cpp.so[0m
[ 70%] Built target turtlesim_custom_msgs__rosidl_typesupport_cpp
[ 72%] [32m[1mLinking CXX shared library libturtlesim_custom_msgs__rosidl_typesupport_introspection_cpp.so[0m
[ 75%] [32m[1mLinking CXX shared library libturtlesim_custom_msgs__rosidl_typesupport_fastrtps_c.so[0m
[ 75%] Built target turtlesim_custom_msgs__rosidl_typesupport_introspection_cpp
[ 75%] Built target turtlesim_custom_msgs__rosidl_typesupport_fastrtps_c
[ 77%] [32m[1mLinking CXX shared library libturtlesim_custom_msgs__rosidl_typesupport_fastrtps_cpp.so[0m
[ 77%] Built target turtlesim_custom_msgs__rosidl_typesupport_fastrtps_cpp
[ 77%] Built target turtlesim_custom_msgs
[ 79%] [34m[1mGenerating Python code for ROS interfaces[0m
[ 79%] Built target turtlesim_custom_msgs__py
[ 84%] [32mBuilding C object CMakeFiles/turtlesim_custom_msgs__rosidl_generator_py.dir/rosidl_generator_py/turtlesim_custom_msgs/msg/_vel_s.c.o[0m
[ 84%] [32mBuilding C object CMakeFiles/turtlesim_custom_msgs__rosidl_generator_py.dir/rosidl_generator_py/turtlesim_custom_msgs/srv/_velocity_s.c.o[0m
[ 86%] [32m[1mLinking C shared library libturtlesim_custom_msgs__rosidl_generator_py.so[0m
[ 86%] Built target turtlesim_custom_msgs__rosidl_generator_py
[ 90%] [32mBuilding C object CMakeFiles/turtlesim_custom_msgs_s__rosidl_typesupport_introspection_c.dir/rosidl_generator_py/turtlesim_custom_msgs/_turtlesim_custom_msgs_s.ep.rosidl_typesupport_introspection_c.c.o[0m
[ 90%] [32mBuilding C object CMakeFiles/turtlesim_custom_msgs_s__rosidl_typesupport_fastrtps_c.dir/rosidl_generator_py/turtlesim_custom_msgs/_turtlesim_custom_msgs_s.ep.rosidl_typesupport_fastrtps_c.c.o[0m
[ 93%] [32mBuilding C object CMakeFiles/turtlesim_custom_msgs_s__rosidl_typesupport_c.dir/rosidl_generator_py/turtlesim_custom_msgs/_turtlesim_custom_msgs_s.ep.rosidl_typesupport_c.c.o[0m
[ 95%] [32m[1mLinking C shared module rosidl_generator_py/turtlesim_custom_msgs/turtlesim_custom_msgs_s__rosidl_typesupport_c.so[0m
[ 97%] [32m[1mLinking C shared module rosidl_generator_py/turtlesim_custom_msgs/turtlesim_custom_msgs_s__rosidl_typesupport_introspection_c.so[0m
[100%] [32m[1mLinking C shared module rosidl_generator_py/turtlesim_custom_msgs/turtlesim_custom_msgs_s__rosidl_typesupport_fastrtps_c.so[0m
[100%] Built target turtlesim_custom_msgs_s__rosidl_typesupport_c
[100%] Built target turtlesim_custom_msgs_s__rosidl_typesupport_fastrtps_c
[100%] Built target turtlesim_custom_msgs_s__rosidl_typesupport_introspection_c
-- Install configuration: ""
-- Installing: /home/basmala/ros2_ws/install/turtlesim_custom_msgs/share/ament_index/resource_index/rosidl_interfaces/turtlesim_custom_msgs
-- Installing: /home/basmala/ros2_ws/install/turtlesim_custom_msgs/share/turtlesim_custom_msgs/msg/Vel.json
-- Installing: /home/basmala/ros2_ws/install/turtlesim_custom_msgs/share/turtlesim_custom_msgs/srv/Velocity.json
-- Installing: /home/basmala/ros2_ws/install/turtlesim_custom_msgs/include/turtlesim_custom_msgs/turtlesim_custom_msgs
-- Installing: /home/basmala/ros2_ws/install/turtlesim_custom_msgs/include/turtlesim_custom_msgs/turtlesim_custom_msgs/srv
-- Installing: /home/basmala/ros2_ws/install/turtlesim_custom_msgs/include/turtlesim_custom_msgs/turtlesim_custom_msgs/srv/detail
-- Installing: /home/basmala/ros2_ws/install/turtlesim_custom_msgs/include/turtlesim_custom_msgs/turtlesim_custom_msgs/srv/detail/velocity__description.c
-- Installing: /home/basmala/ros2_ws/install/turtlesim_custom_msgs/include/turtlesim_custom_msgs/turtlesim_custom_msgs/srv/detail/velocity__functions.c
-- Installing: /home/basmala/ros2_ws/install/turtlesim_custom_msgs/include/turtlesim_custom_msgs/turtlesim_custom_msgs/srv/detail/velocity__type_support.c
-- Installing: /home/basmala/ros2_ws/install/turtlesim_custom_msgs/include/turtlesim_custom_msgs/turtlesim_custom_msgs/srv/detail/velocity__struct.h
-- Installing: /home/basmala/ros2_ws/install/turtlesim_custom_msgs/include/turtlesim_custom_msgs/turtlesim_custom_msgs/srv/detail/velocity__functions.h
-- Installing: /home/basmala/ros2_ws/install/turtlesim_custom_msgs/include/turtlesim_custom_msgs/turtlesim_custom_msgs/srv/detail/velocity__type_support.h
-- Installing: /home/basmala/ros2_ws/install/turtlesim_custom_msgs/include/turtlesim_custom_msgs/turtlesim_custom_msgs/srv/velocity.h
-- Installing: /home/basmala/ros2_ws/install/turtlesim_custom_msgs/include/turtlesim_custom_msgs/turtlesim_custom_msgs/msg
-- Installing: /home/basmala/ros2_ws/install/turtlesim_custom_msgs/include/turtlesim_custom_msgs/turtlesim_custom_msgs/msg/detail
-- Installing: /home/basmala/ros2_ws/install/turtlesim_custom_msgs/include/turtlesim_custom_msgs/turtlesim_custom_msgs/msg/detail/vel__functions.c
-- Installing: /home/basmala/ros2_ws/install/turtlesim_custom_msgs/include/turtlesim_custom_msgs/turtlesim_custom_msgs/msg/detail/vel__description.c
-- Installing: /home/basmala/ros2_ws/install/turtlesim_custom_msgs/include/turtlesim_custom_msgs/turtlesim_custom_msgs/msg/detail/vel__type_support.h
-- Installing: /home/basmala/ros2_ws/install/turtlesim_custom_msgs/include/turtlesim_custom_msgs/turtlesim_custom_msgs/msg/detail/vel__functions.h
-- Installing: /home/basmala/ros2_ws/install/turtlesim_custom_msgs/include/turtlesim_custom_msgs/turtlesim_custom_msgs/msg/detail/vel__type_support.c
-- Installing: /home/basmala/ros2_ws/install/turtlesim_custom_msgs/include/turtlesim_custom_msgs/turtlesim_custom_msgs/msg/detail/vel__struct.h
-- Installing: /home/basmala/ros2_ws/install/turtlesim_custom_msgs/include/turtlesim_custom_msgs/turtlesim_custom_msgs/msg/rosidl_generator_c__visibility_control.h
-- Installing: /home/basmala/ros2_ws/install/turtlesim_custom_msgs/include/turtlesim_custom_msgs/turtlesim_custom_msgs/msg/vel.h
-- Installing: /home/basmala/ros2_ws/install/turtlesim_custom_msgs/share/turtlesim_custom_msgs/environment/library_path.sh
-- Installing: /home/basmala/ros2_ws/install/turtlesim_custom_msgs/share/turtlesim_custom_msgs/environment/library_path.dsv
-- Installing: /home/basmala/ros2_ws/install/turtlesim_custom_msgs/lib/libturtlesim_custom_msgs__rosidl_generator_c.so
-- Set non-toolchain portion of runtime path of "/home/basmala/ros2_ws/install/turtlesim_custom_msgs/lib/libturtlesim_custom_msgs__rosidl_generator_c.so" to ""
-- Up-to-date: /home/basmala/ros2_ws/install/turtlesim_custom_msgs/include/turtlesim_custom_msgs/turtlesim_custom_msgs
-- Up-to-date: /home/basmala/ros2_ws/install/turtlesim_custom_msgs/include/turtlesim_custom_msgs/turtlesim_custom_msgs/srv
-- Up-to-date: /home/basmala/ros2_ws/install/turtlesim_custom_msgs/include/turtlesim_custom_msgs/turtlesim_custom_msgs/srv/detail
-- Installing: /home/basmala/ros2_ws/install/turtlesim_custom_msgs/include/turtlesim_custom_msgs/turtlesim_custom_msgs/srv/detail/velocity__rosidl_typesupport_fastrtps_c.h
-- Up-to-date: /home/basmala/ros2_ws/install/turtlesim_custom_msgs/include/turtlesim_custom_msgs/turtlesim_custom_msgs/msg
-- Up-to-date: /home/basmala/ros2_ws/install/turtlesim_custom_msgs/include/turtlesim_custom_msgs/turtlesim_custom_msgs/msg/detail
-- Installing: /home/basmala/ros2_ws/install/turtlesim_custom_msgs/include/turtlesim_custom_msgs/turtlesim_custom_msgs/msg/detail/vel__rosidl_typesupport_fastrtps_c.h
-- Installing: /home/basmala/ros2_ws/install/turtlesim_custom_msgs/include/turtlesim_custom_msgs/turtlesim_custom_msgs/msg/rosidl_typesupport_fastrtps_c__visibility_control.h
-- Installing: /home/basmala/ros2_ws/install/turtlesim_custom_msgs/lib/libturtlesim_custom_msgs__rosidl_typesupport_fastrtps_c.so
-- Set non-toolchain portion of runtime path of "/home/basmala/ros2_ws/install/turtlesim_custom_msgs/lib/libturtlesim_custom_msgs__rosidl_typesupport_fastrtps_c.so" to ""
-- Up-to-date: /home/basmala/ros2_ws/install/turtlesim_custom_msgs/include/turtlesim_custom_msgs/turtlesim_custom_msgs
-- Up-to-date: /home/basmala/ros2_ws/install/turtlesim_custom_msgs/include/turtlesim_custom_msgs/turtlesim_custom_msgs/srv
-- Up-to-date: /home/basmala/ros2_ws/install/turtlesim_custom_msgs/include/turtlesim_custom_msgs/turtlesim_custom_msgs/srv/detail
-- Installing: /home/basmala/ros2_ws/install/turtlesim_custom_msgs/include/turtlesim_custom_msgs/turtlesim_custom_msgs/srv/detail/velocity__rosidl_typesupport_introspection_c.h
-- Installing: /home/basmala/ros2_ws/install/turtlesim_custom_msgs/include/turtlesim_custom_msgs/turtlesim_custom_msgs/srv/detail/velocity__type_support.c
-- Up-to-date: /home/basmala/ros2_ws/install/turtlesim_custom_msgs/include/turtlesim_custom_msgs/turtlesim_custom_msgs/msg
-- Up-to-date: /home/basmala/ros2_ws/install/turtlesim_custom_msgs/include/turtlesim_custom_msgs/turtlesim_custom_msgs/msg/detail
-- Installing: /home/basmala/ros2_ws/install/turtlesim_custom_msgs/include/turtlesim_custom_msgs/turtlesim_custom_msgs/msg/detail/vel__rosidl_typesupport_introspection_c.h
-- Installing: /home/basmala/ros2_ws/install/turtlesim_custom_msgs/include/turtlesim_custom_msgs/turtlesim_custom_msgs/msg/detail/vel__type_support.c
-- Installing: /home/basmala/ros2_ws/install/turtlesim_custom_msgs/include/turtlesim_custom_msgs/turtlesim_custom_msgs/msg/rosidl_typesupport_introspection_c__visibility_control.h
-- Installing: /home/basmala/ros2_ws/install/turtlesim_custom_msgs/lib/libturtlesim_custom_msgs__rosidl_typesupport_introspection_c.so
-- Set non-toolchain portion of runtime path of "/home/basmala/ros2_ws/install/turtlesim_custom_msgs/lib/libturtlesim_custom_msgs__rosidl_typesupport_introspection_c.so" to ""
-- Installing: /home/basmala/ros2_ws/install/turtlesim_custom_msgs/lib/libturtlesim_custom_msgs__rosidl_typesupport_c.so
-- Set non-toolchain portion of runtime path of "/home/basmala/ros2_ws/install/turtlesim_custom_msgs/lib/libturtlesim_custom_msgs__rosidl_typesupport_c.so" to ""
-- Up-to-date: /home/basmala/ros2_ws/install/turtlesim_custom_msgs/include/turtlesim_custom_msgs/turtlesim_custom_msgs
-- Up-to-date: /home/basmala/ros2_ws/install/turtlesim_custom_msgs/include/turtlesim_custom_msgs/turtlesim_custom_msgs/srv
-- Up-to-date: /home/basmala/ros2_ws/install/turtlesim_custom_msgs/include/turtlesim_custom_msgs/turtlesim_custom_msgs/srv/detail
-- Installing: /home/basmala/ros2_ws/install/turtlesim_custom_msgs/include/turtlesim_custom_msgs/turtlesim_custom_msgs/srv/detail/velocity__struct.hpp
-- Installing: /home/basmala/ros2_ws/install/turtlesim_custom_msgs/include/turtlesim_custom_msgs/turtlesim_custom_msgs/srv/detail/velocity__traits.hpp
-- Installing: /home/basmala/ros2_ws/install/turtlesim_custom_msgs/include/turtlesim_custom_msgs/turtlesim_custom_msgs/srv/detail/velocity__type_support.hpp
-- Installing: /home/basmala/ros2_ws/install/turtlesim_custom_msgs/include/turtlesim_custom_msgs/turtlesim_custom_msgs/srv/detail/velocity__builder.hpp
-- Installing: /home/basmala/ros2_ws/install/turtlesim_custom_msgs/include/turtlesim_custom_msgs/turtlesim_custom_msgs/srv/velocity.hpp
-- Up-to-date: /home/basmala/ros2_ws/install/turtlesim_custom_msgs/include/turtlesim_custom_msgs/turtlesim_custom_msgs/msg
-- Up-to-date: /home/basmala/ros2_ws/install/turtlesim_custom_msgs/include/turtlesim_custom_msgs/turtlesim_custom_msgs/msg/detail
-- Installing: /home/basmala/ros2_ws/install/turtlesim_custom_msgs/include/turtlesim_custom_msgs/turtlesim_custom_msgs/msg/detail/vel__builder.hpp
-- Installing: /home/basmala/ros2_ws/install/turtlesim_custom_msgs/include/turtlesim_custom_msgs/turtlesim_custom_msgs/msg/detail/vel__type_support.hpp
-- Installing: /home/basmala/ros2_ws/install/turtlesim_custom_msgs/include/turtlesim_custom_msgs/turtlesim_custom_msgs/msg/detail/vel__traits.hpp
-- Installing: /home/basmala/ros2_ws/install/turtlesim_custom_msgs/include/turtlesim_custom_msgs/turtlesim_custom_msgs/msg/detail/vel__struct.hpp
-- Installing: /home/basmala/ros2_ws/install/turtlesim_custom_msgs/include/turtlesim_custom_msgs/turtlesim_custom_msgs/msg/rosidl_generator_cpp__visibility_control.hpp
-- Installing: /home/basmala/ros2_ws/install/turtlesim_custom_msgs/include/turtlesim_custom_msgs/turtlesim_custom_msgs/msg/vel.hpp
-- Up-to-date: /home/basmala/ros2_ws/install/turtlesim_custom_msgs/include/turtlesim_custom_msgs/turtlesim_custom_msgs
-- Up-to-date: /home/basmala/ros2_ws/install/turtlesim_custom_msgs/include/turtlesim_custom_msgs/turtlesim_custom_msgs/srv
-- Up-to-date: /home/basmala/ros2_ws/install/turtlesim_custom_msgs/include/turtlesim_custom_msgs/turtlesim_custom_msgs/srv/detail
-- Installing: /home/basmala/ros2_ws/install/turtlesim_custom_msgs/include/turtlesim_custom_msgs/turtlesim_custom_msgs/srv/detail/velocity__rosidl_typesupport_fastrtps_cpp.hpp
-- Installing: /home/basmala/ros2_ws/install/turtlesim_custom_msgs/include/turtlesim_custom_msgs/turtlesim_custom_msgs/srv/detail/dds_fastrtps
-- Up-to-date: /home/basmala/ros2_ws/install/turtlesim_custom_msgs/include/turtlesim_custom_msgs/turtlesim_custom_msgs/msg
-- Up-to-date: /home/basmala/ros2_ws/install/turtlesim_custom_msgs/include/turtlesim_custom_msgs/turtlesim_custom_msgs/msg/detail
-- Installing: /home/basmala/ros2_ws/install/turtlesim_custom_msgs/include/turtlesim_custom_msgs/turtlesim_custom_msgs/msg/detail/dds_fastrtps
-- Installing: /home/basmala/ros2_ws/install/turtlesim_custom_msgs/include/turtlesim_custom_msgs/turtlesim_custom_msgs/msg/detail/vel__rosidl_typesupport_fastrtps_cpp.hpp
-- Installing: /home/basmala/ros2_ws/install/turtlesim_custom_msgs/include/turtlesim_custom_msgs/turtlesim_custom_msgs/msg/rosidl_typesupport_fastrtps_cpp__visibility_control.h
-- Installing: /home/basmala/ros2_ws/install/turtlesim_custom_msgs/lib/libturtlesim_custom_msgs__rosidl_typesupport_fastrtps_cpp.so
-- Set non-toolchain portion of runtime path of "/home/basmala/ros2_ws/install/turtlesim_custom_msgs/lib/libturtlesim_custom_msgs__rosidl_typesupport_fastrtps_cpp.so" to ""
-- Up-to-date: /home/basmala/ros2_ws/install/turtlesim_custom_msgs/include/turtlesim_custom_msgs/turtlesim_custom_msgs
-- Up-to-date: /home/basmala/ros2_ws/install/turtlesim_custom_msgs/include/turtlesim_custom_msgs/turtlesim_custom_msgs/srv
-- Up-to-date: /home/basmala/ros2_ws/install/turtlesim_custom_msgs/include/turtlesim_custom_msgs/turtlesim_custom_msgs/srv/detail
-- Installing: /home/basmala/ros2_ws/install/turtlesim_custom_msgs/include/turtlesim_custom_msgs/turtlesim_custom_msgs/srv/detail/velocity__rosidl_typesupport_introspection_cpp.hpp
-- Installing: /home/basmala/ros2_ws/install/turtlesim_custom_msgs/include/turtlesim_custom_msgs/turtlesim_custom_msgs/srv/detail/velocity__type_support.cpp
-- Up-to-date: /home/basmala/ros2_ws/install/turtlesim_custom_msgs/include/turtlesim_custom_msgs/turtlesim_custom_msgs/msg
-- Up-to-date: /home/basmala/ros2_ws/install/turtlesim_custom_msgs/include/turtlesim_custom_msgs/turtlesim_custom_msgs/msg/detail
-- Installing: /home/basmala/ros2_ws/install/turtlesim_custom_msgs/include/turtlesim_custom_msgs/turtlesim_custom_msgs/msg/detail/vel__rosidl_typesupport_introspection_cpp.hpp
-- Installing: /home/basmala/ros2_ws/install/turtlesim_custom_msgs/include/turtlesim_custom_msgs/turtlesim_custom_msgs/msg/detail/vel__type_support.cpp
-- Installing: /home/basmala/ros2_ws/install/turtlesim_custom_msgs/lib/libturtlesim_custom_msgs__rosidl_typesupport_introspection_cpp.so
-- Set non-toolchain portion of runtime path of "/home/basmala/ros2_ws/install/turtlesim_custom_msgs/lib/libturtlesim_custom_msgs__rosidl_typesupport_introspection_cpp.so" to ""
-- Installing: /home/basmala/ros2_ws/install/turtlesim_custom_msgs/lib/libturtlesim_custom_msgs__rosidl_typesupport_cpp.so
-- Set non-toolchain portion of runtime path of "/home/basmala/ros2_ws/install/turtlesim_custom_msgs/lib/libturtlesim_custom_msgs__rosidl_typesupport_cpp.so" to ""
-- Installing: /home/basmala/ros2_ws/install/turtlesim_custom_msgs/share/turtlesim_custom_msgs/environment/pythonpath.sh
-- Installing: /home/basmala/ros2_ws/install/turtlesim_custom_msgs/share/turtlesim_custom_msgs/environment/pythonpath.dsv
-- Installing: /home/basmala/ros2_ws/install/turtlesim_custom_msgs/lib/python3.12/site-packages/turtlesim_custom_msgs-0.0.0-py3.12.egg-info
-- Installing: /home/basmala/ros2_ws/install/turtlesim_custom_msgs/lib/python3.12/site-packages/turtlesim_custom_msgs-0.0.0-py3.12.egg-info/dependency_links.txt
-- Installing: /home/basmala/ros2_ws/install/turtlesim_custom_msgs/lib/python3.12/site-packages/turtlesim_custom_msgs-0.0.0-py3.12.egg-info/SOURCES.txt
-- Installing: /home/basmala/ros2_ws/install/turtlesim_custom_msgs/lib/python3.12/site-packages/turtlesim_custom_msgs-0.0.0-py3.12.egg-info/PKG-INFO
-- Installing: /home/basmala/ros2_ws/install/turtlesim_custom_msgs/lib/python3.12/site-packages/turtlesim_custom_msgs-0.0.0-py3.12.egg-info/top_level.txt
-- Installing: /home/basmala/ros2_ws/install/turtlesim_custom_msgs/lib/python3.12/site-packages/turtlesim_custom_msgs
-- Installing: /home/basmala/ros2_ws/install/turtlesim_custom_msgs/lib/python3.12/site-packages/turtlesim_custom_msgs/srv
-- Installing: /home/basmala/ros2_ws/install/turtlesim_custom_msgs/lib/python3.12/site-packages/turtlesim_custom_msgs/srv/_velocity.py
-- Installing: /home/basmala/ros2_ws/install/turtlesim_custom_msgs/lib/python3.12/site-packages/turtlesim_custom_msgs/srv/__init__.py
-- Installing: /home/basmala/ros2_ws/install/turtlesim_custom_msgs/lib/python3.12/site-packages/turtlesim_custom_msgs/srv/_velocity_s.c
-- Installing: /home/basmala/ros2_ws/install/turtlesim_custom_msgs/lib/python3.12/site-packages/turtlesim_custom_msgs/_turtlesim_custom_msgs_s.ep.rosidl_typesupport_introspection_c.c
-- Installing: /home/basmala/ros2_ws/install/turtlesim_custom_msgs/lib/python3.12/site-packages/turtlesim_custom_msgs/_turtlesim_custom_msgs_s.ep.rosidl_typesupport_fastrtps_c.c
-- Installing: /home/basmala/ros2_ws/install/turtlesim_custom_msgs/lib/python3.12/site-packages/turtlesim_custom_msgs/turtlesim_custom_msgs_s__rosidl_typesupport_introspection_c.so
-- Installing: /home/basmala/ros2_ws/install/turtlesim_custom_msgs/lib/python3.12/site-packages/turtlesim_custom_msgs/turtlesim_custom_msgs_s__rosidl_typesupport_c.so
-- Installing: /home/basmala/ros2_ws/install/turtlesim_custom_msgs/lib/python3.12/site-packages/turtlesim_custom_msgs/turtlesim_custom_msgs_s__rosidl_typesupport_fastrtps_c.so
-- Installing: /home/basmala/ros2_ws/install/turtlesim_custom_msgs/lib/python3.12/site-packages/turtlesim_custom_msgs/__init__.py
-- Installing: /home/basmala/ros2_ws/install/turtlesim_custom_msgs/lib/python3.12/site-packages/turtlesim_custom_msgs/msg
-- Installing: /home/basmala/ros2_ws/install/turtlesim_custom_msgs/lib/python3.12/site-packages/turtlesim_custom_msgs/msg/__init__.py
-- Installing: /home/basmala/ros2_ws/install/turtlesim_custom_msgs/lib/python3.12/site-packages/turtlesim_custom_msgs/msg/_vel_s.c
-- Installing: /home/basmala/ros2_ws/install/turtlesim_custom_msgs/lib/python3.12/site-packages/turtlesim_custom_msgs/msg/_vel.py
-- Installing: /home/basmala/ros2_ws/install/turtlesim_custom_msgs/lib/python3.12/site-packages/turtlesim_custom_msgs/_turtlesim_custom_msgs_s.ep.rosidl_typesupport_c.c
Listing '/home/basmala/ros2_ws/install/turtlesim_custom_msgs/lib/python3.12/site-packages/turtlesim_custom_msgs'...
Compiling '/home/basmala/ros2_ws/install/turtlesim_custom_msgs/lib/python3.12/site-packages/turtlesim_custom_msgs/__init__.py'...
Listing '/home/basmala/ros2_ws/install/turtlesim_custom_msgs/lib/python3.12/site-packages/turtlesim_custom_msgs/msg'...
Compiling '/home/basmala/ros2_ws/install/turtlesim_custom_msgs/lib/python3.12/site-packages/turtlesim_custom_msgs/msg/__init__.py'...
Compiling '/home/basmala/ros2_ws/install/turtlesim_custom_msgs/lib/python3.12/site-packages/turtlesim_custom_msgs/msg/_vel.py'...
Listing '/home/basmala/ros2_ws/install/turtlesim_custom_msgs/lib/python3.12/site-packages/turtlesim_custom_msgs/srv'...
Compiling '/home/basmala/ros2_ws/install/turtlesim_custom_msgs/lib/python3.12/site-packages/turtlesim_custom_msgs/srv/__init__.py'...
Compiling '/home/basmala/ros2_ws/install/turtlesim_custom_msgs/lib/python3.12/site-packages/turtlesim_custom_msgs/srv/_velocity.py'...
-- Installing: /home/basmala/ros2_ws/install/turtlesim_custom_msgs/lib/python3.12/site-packages/turtlesim_custom_msgs/turtlesim_custom_msgs_s__rosidl_typesupport_fastrtps_c.so
-- Set non-toolchain portion of runtime path of "/home/basmala/ros2_ws/install/turtlesim_custom_msgs/lib/python3.12/site-packages/turtlesim_custom_msgs/turtlesim_custom_msgs_s__rosidl_typesupport_fastrtps_c.so" to ""
-- Installing: /home/basmala/ros2_ws/install/turtlesim_custom_msgs/lib/python3.12/site-packages/turtlesim_custom_msgs/turtlesim_custom_msgs_s__rosidl_typesupport_introspection_c.so
-- Set non-toolchain portion of runtime path of "/home/basmala/ros2_ws/install/turtlesim_custom_msgs/lib/python3.12/site-packages/turtlesim_custom_msgs/turtlesim_custom_msgs_s__rosidl_typesupport_introspection_c.so" to ""
-- Installing: /home/basmala/ros2_ws/install/turtlesim_custom_msgs/lib/python3.12/site-packages/turtlesim_custom_msgs/turtlesim_custom_msgs_s__rosidl_typesupport_c.so
-- Set non-toolchain portion of runtime path of "/home/basmala/ros2_ws/install/turtlesim_custom_msgs/lib/python3.12/site-packages/turtlesim_custom_msgs/turtlesim_custom_msgs_s__rosidl_typesupport_c.so" to ""
-- Installing: /home/basmala/ros2_ws/install/turtlesim_custom_msgs/lib/libturtlesim_custom_msgs__rosidl_generator_py.so
-- Set non-toolchain portion of runtime path of "/home/basmala/ros2_ws/install/turtlesim_custom_msgs/lib/libturtlesim_custom_msgs__rosidl_generator_py.so" to ""
-- Installing: /home/basmala/ros2_ws/install/turtlesim_custom_msgs/share/turtlesim_custom_msgs/msg/Vel.idl
-- Installing: /home/basmala/ros2_ws/install/turtlesim_custom_msgs/share/turtlesim_custom_msgs/srv/Velocity.idl
-- Installing: /home/basmala/ros2_ws/install/turtlesim_custom_msgs/share/turtlesim_custom_msgs/msg/Vel.msg
-- Installing: /home/basmala/ros2_ws/install/turtlesim_custom_msgs/share/turtlesim_custom_msgs/srv/Velocity.srv
-- Installing: /home/basmala/ros2_ws/install/turtlesim_custom_msgs/share/ament_index/resource_index/package_run_dependencies/turtlesim_custom_msgs
-- Installing: /home/basmala/ros2_ws/install/turtlesim_custom_msgs/share/ament_index/resource_index/parent_prefix_path/turtlesim_custom_msgs
-- Installing: /home/basmala/ros2_ws/install/turtlesim_custom_msgs/share/turtlesim_custom_msgs/environment/ament_prefix_path.sh
-- Installing: /home/basmala/ros2_ws/install/turtlesim_custom_msgs/share/turtlesim_custom_msgs/environment/ament_prefix_path.dsv
-- Installing: /home/basmala/ros2_ws/install/turtlesim_custom_msgs/share/turtlesim_custom_msgs/environment/path.sh
-- Installing: /home/basmala/ros2_ws/install/turtlesim_custom_msgs/share/turtlesim_custom_msgs/environment/path.dsv
-- Installing: /home/basmala/ros2_ws/install/turtlesim_custom_msgs/share/turtlesim_custom_msgs/local_setup.bash
-- Installing: /home/basmala/ros2_ws/install/turtlesim_custom_msgs/share/turtlesim_custom_msgs/local_setup.sh
-- Installing: /home/basmala/ros2_ws/install/turtlesim_custom_msgs/share/turtlesim_custom_msgs/local_setup.zsh
-- Installing: /home/basmala/ros2_ws/install/turtlesim_custom_msgs/share/turtlesim_custom_msgs/local_setup.dsv
-- Installing: /home/basmala/ros2_ws/install/turtlesim_custom_msgs/share/turtlesim_custom_msgs/package.dsv
-- Installing: /home/basmala/ros2_ws/install/turtlesim_custom_msgs/share/ament_index/resource_index/packages/turtlesim_custom_msgs
-- Installing: /home/basmala/ros2_ws/install/turtlesim_custom_msgs/share/turtlesim_custom_msgs/cmake/export_turtlesim_custom_msgs__rosidl_generator_cExport.cmake
-- Installing: /home/basmala/ros2_ws/install/turtlesim_custom_msgs/share/turtlesim_custom_msgs/cmake/export_turtlesim_custom_msgs__rosidl_generator_cExport-noconfig.cmake
-- Installing: /home/basmala/ros2_ws/install/turtlesim_custom_msgs/share/turtlesim_custom_msgs/cmake/export_turtlesim_custom_msgs__rosidl_typesupport_fastrtps_cExport.cmake
-- Installing: /home/basmala/ros2_ws/install/turtlesim_custom_msgs/share/turtlesim_custom_msgs/cmake/export_turtlesim_custom_msgs__rosidl_typesupport_fastrtps_cExport-noconfig.cmake
-- Installing: /home/basmala/ros2_ws/install/turtlesim_custom_msgs/share/turtlesim_custom_msgs/cmake/turtlesim_custom_msgs__rosidl_typesupport_introspection_cExport.cmake
-- Installing: /home/basmala/ros2_ws/install/turtlesim_custom_msgs/share/turtlesim_custom_msgs/cmake/turtlesim_custom_msgs__rosidl_typesupport_introspection_cExport-noconfig.cmake
-- Installing: /home/basmala/ros2_ws/install/turtlesim_custom_msgs/share/turtlesim_custom_msgs/cmake/turtlesim_custom_msgs__rosidl_typesupport_cExport.cmake
-- Installing: /home/basmala/ros2_ws/install/turtlesim_custom_msgs/share/turtlesim_custom_msgs/cmake/turtlesim_custom_msgs__rosidl_typesupport_cExport-noconfig.cmake
-- Installing: /home/basmala/ros2_ws/install/turtlesim_custom_msgs/share/turtlesim_custom_msgs/cmake/export_turtlesim_custom_msgs__rosidl_generator_cppExport.cmake
-- Installing: /home/basmala/ros2_ws/install/turtlesim_custom_msgs/share/turtlesim_custom_msgs/cmake/export_turtlesim_custom_msgs__rosidl_typesupport_fastrtps_cppExport.cmake
-- Installing: /home/basmala/ros2_ws/install/turtlesim_custom_msgs/share/turtlesim_custom_msgs/cmake/export_turtlesim_custom_msgs__rosidl_typesupport_fastrtps_cppExport-noconfig.cmake
-- Installing: /home/basmala/ros2_ws/install/turtlesim_custom_msgs/share/turtlesim_custom_msgs/cmake/turtlesim_custom_msgs__rosidl_typesupport_introspection_cppExport.cmake
-- Installing: /home/basmala/ros2_ws/install/turtlesim_custom_msgs/share/turtlesim_custom_msgs/cmake/turtlesim_custom_msgs__rosidl_typesupport_introspection_cppExport-noconfig.cmake
-- Installing: /home/basmala/ros2_ws/install/turtlesim_custom_msgs/share/turtlesim_custom_msgs/cmake/turtlesim_custom_msgs__rosidl_typesupport_cppExport.cmake
-- Installing: /home/basmala/ros2_ws/install/turtlesim_custom_msgs/share/turtlesim_custom_msgs/cmake/turtlesim_custom_msgs__rosidl_typesupport_cppExport-noconfig.cmake
-- Installing: /home/basmala/ros2_ws/install/turtlesim_custom_msgs/share/turtlesim_custom_msgs/cmake/export_turtlesim_custom_msgs__rosidl_generator_pyExport.cmake
-- Installing: /home/basmala/ros2_ws/install/turtlesim_custom_msgs/share/turtlesim_custom_msgs/cmake/export_turtlesim_custom_msgs__rosidl_generator_pyExport-noconfig.cmake
-- Installing: /home/basmala/ros2_ws/install/turtlesim_custom_msgs/share/turtlesim_custom_msgs/cmake/rosidl_cmake-extras.cmake
-- Installing: /home/basmala/ros2_ws/install/turtlesim_custom_msgs/share/turtlesim_custom_msgs/cmake/ament_cmake_export_dependencies-extras.cmake
-- Installing: /home/basmala/ros2_ws/install/turtlesim_custom_msgs/share/turtlesim_custom_msgs/cmake/ament_cmake_export_include_directories-extras.cmake
-- Installing: /home/basmala/ros2_ws/install/turtlesim_custom_msgs/share/turtlesim_custom_msgs/cmake/ament_cmake_export_libraries-extras.cmake
-- Installing: /home/basmala/ros2_ws/install/turtlesim_custom_msgs/share/turtlesim_custom_msgs/cmake/ament_cmake_export_targets-extras.cmake
-- Installing: /home/basmala/ros2_ws/install/turtlesim_custom_msgs/share/turtlesim_custom_msgs/cmake/rosidl_cmake_export_typesupport_targets-extras.cmake
-- Installing: /home/basmala/ros2_ws/install/turtlesim_custom_msgs/share/turtlesim_custom_msgs/cmake/rosidl_cmake_export_typesupport_libraries-extras.cmake
-- Installing: /home/basmala/ros2_ws/install/turtlesim_custom_msgs/share/turtlesim_custom_msgs/cmake/turtlesim_custom_msgsConfig.cmake
-- Installing: /home/basmala/ros2_ws/install/turtlesim_custom_msgs/share/turtlesim_custom_msgs/cmake/turtlesim_custom_msgsConfig-version.cmake
-- Installing: /home/basmala/ros2_ws/install/turtlesim_custom_msgs/share/turtlesim_custom_msgs/package.xml
