[0.488s] Invoking command in '/home/basmala/ros2_ws/fibonacci': DEBUGINFOD_URLS=https://debuginfod.ubuntu.com PYTHONPATH=/home/basmala/ros2_ws/build/fibonacci/prefix_override:/usr/lib/python3/dist-packages/colcon_core/task/python/colcon_distutils_commands:/home/basmala/ros2_ws/install/fibonacci/lib/python3.12/site-packages:${PYTHONPATH} /usr/bin/python3 -W ignore:setup.py install is deprecated -W ignore:easy_install command is deprecated setup.py egg_info --egg-base ../build/fibonacci build --build-base /home/basmala/ros2_ws/build/fibonacci/build install --record /home/basmala/ros2_ws/build/fibonacci/install.log --single-version-externally-managed install_data
[0.649s] running egg_info
[0.659s] writing ../build/fibonacci/fibonacci.egg-info/PKG-INFO
[0.659s] writing dependency_links to ../build/fibonacci/fibonacci.egg-info/dependency_links.txt
[0.660s] writing entry points to ../build/fibonacci/fibonacci.egg-info/entry_points.txt
[0.660s] writing requirements to ../build/fibonacci/fibonacci.egg-info/requires.txt
[0.660s] writing top-level names to ../build/fibonacci/fibonacci.egg-info/top_level.txt
[0.681s] reading manifest file '../build/fibonacci/fibonacci.egg-info/SOURCES.txt'
[0.682s] writing manifest file '../build/fibonacci/fibonacci.egg-info/SOURCES.txt'
[0.682s] running build
[0.682s] running build_py
[0.682s] copying fibonacci/cancel_client.py -> /home/basmala/ros2_ws/build/fibonacci/build/lib/fibonacci
[0.682s] running install
[0.686s] running install_lib
[0.697s] copying /home/basmala/ros2_ws/build/fibonacci/build/lib/fibonacci/cancel_client.py -> /home/basmala/ros2_ws/install/fibonacci/lib/python3.12/site-packages/fibonacci
[0.697s] byte-compiling /home/basmala/ros2_ws/install/fibonacci/lib/python3.12/site-packages/fibonacci/cancel_client.py to cancel_client.cpython-312.pyc
[0.698s] running install_data
[0.698s] running install_egg_info
[0.710s] removing '/home/basmala/ros2_ws/install/fibonacci/lib/python3.12/site-packages/fibonacci-0.0.0-py3.12.egg-info' (and everything under it)
[0.710s] Copying ../build/fibonacci/fibonacci.egg-info to /home/basmala/ros2_ws/install/fibonacci/lib/python3.12/site-packages/fibonacci-0.0.0-py3.12.egg-info
[0.710s] running install_scripts
[0.786s] Installing action_client script to /home/basmala/ros2_ws/install/fibonacci/lib/fibonacci
[0.786s] Installing action_client2 script to /home/basmala/ros2_ws/install/fibonacci/lib/fibonacci
[0.786s] Installing action_server script to /home/basmala/ros2_ws/install/fibonacci/lib/fibonacci
[0.786s] Installing action_server2 script to /home/basmala/ros2_ws/install/fibonacci/lib/fibonacci
[0.786s] Installing action_server3 script to /home/basmala/ros2_ws/install/fibonacci/lib/fibonacci
[0.786s] Installing cancel_client script to /home/basmala/ros2_ws/install/fibonacci/lib/fibonacci
[0.786s] writing list of installed files to '/home/basmala/ros2_ws/build/fibonacci/install.log'
[0.804s] Invoked command in '/home/basmala/ros2_ws/fibonacci' returned '0': DEBUGINFOD_URLS=https://debuginfod.ubuntu.com PYTHONPATH=/home/basmala/ros2_ws/build/fibonacci/prefix_override:/usr/lib/python3/dist-packages/colcon_core/task/python/colcon_distutils_commands:/home/basmala/ros2_ws/install/fibonacci/lib/python3.12/site-packages:${PYTHONPATH} /usr/bin/python3 -W ignore:setup.py install is deprecated -W ignore:easy_install command is deprecated setup.py egg_info --egg-base ../build/fibonacci build --build-base /home/basmala/ros2_ws/build/fibonacci/build install --record /home/basmala/ros2_ws/build/fibonacci/install.log --single-version-externally-managed install_data
