[0.019s] Invoking command in '/home/basmala/ros2_ws/build/assignment1_rt': CMAKE_PREFIX_PATH=${CMAKE_PREFIX_PATH}:/home/basmala/ros2_ws/install/first_package_python:/opt/ros/jazzy DEBUGINFOD_URLS=https://debuginfod.ubuntu.com /usr/bin/cmake /home/basmala/ros2_ws/assignment1_rt -DCMAKE_INSTALL_PREFIX=/home/basmala/ros2_ws/install/assignment1_rt
[0.054s] -- Found ament_cmake: 2.5.5 (/opt/ros/jazzy/share/ament_cmake/cmake)
[0.456s] -- Override CMake install command with custom implementation using symlinks instead of copying resources
[0.485s] -- Found rclcpp: 28.1.16 (/opt/ros/jazzy/share/rclcpp/cmake)
[0.562s] -- Found rosidl_generator_c: 4.6.7 (/opt/ros/jazzy/share/rosidl_generator_c/cmake)
[0.580s] -- Found rosidl_generator_cpp: 4.6.7 (/opt/ros/jazzy/share/rosidl_generator_cpp/cmake)
[0.604s] -- Using all available rosidl_typesupport_c: rosidl_typesupport_fastrtps_c;rosidl_typesupport_introspection_c
[0.635s] -- Using all available rosidl_typesupport_cpp: rosidl_typesupport_fastrtps_cpp;rosidl_typesupport_introspection_cpp
[0.763s] -- Found rmw_implementation_cmake: 7.3.3 (/opt/ros/jazzy/share/rmw_implementation_cmake/cmake)
[0.767s] -- Found rmw_fastrtps_cpp: 8.4.3 (/opt/ros/jazzy/share/rmw_fastrtps_cpp/cmake)
[0.897s] -- Using RMW implementation 'rmw_fastrtps_cpp' as default
[1.032s] -- Found geometry_msgs: 5.3.6 (/opt/ros/jazzy/share/geometry_msgs/cmake)
[1.103s] -- Found nav_msgs: 5.3.6 (/opt/ros/jazzy/share/nav_msgs/cmake)
[1.155s] -- Found ament_lint_auto: 0.17.4 (/opt/ros/jazzy/share/ament_lint_auto/cmake)
[1.305s] -- Added test 'cppcheck' to perform static code analysis on C / C++ code
[1.305s] -- Configured cppcheck include dirs: 
[1.305s] -- Configured cppcheck exclude dirs and/or files: 
[1.306s] -- Added test 'flake8' to check Python code syntax and style conventions
[1.306s] -- Configured 'flake8' exclude dirs and/or files: 
[1.308s] -- Added test 'lint_cmake' to check CMake code style
[1.310s] -- Added test 'pep257' to check Python code against some of the docstring style conventions in PEP 257
[1.319s] -- Added test 'uncrustify' to check C / C++ code style
[1.320s] -- Configured uncrustify additional arguments: 
[1.321s] -- Added test 'xmllint' to check XML markup files
[1.324s] -- Configuring done (1.3s)
[1.357s] -- Generating done (0.0s)
[1.364s] -- Build files have been written to: /home/basmala/ros2_ws/build/assignment1_rt
[1.376s] Invoked command in '/home/basmala/ros2_ws/build/assignment1_rt' returned '0': CMAKE_PREFIX_PATH=${CMAKE_PREFIX_PATH}:/home/basmala/ros2_ws/install/first_package_python:/opt/ros/jazzy DEBUGINFOD_URLS=https://debuginfod.ubuntu.com /usr/bin/cmake /home/basmala/ros2_ws/assignment1_rt -DCMAKE_INSTALL_PREFIX=/home/basmala/ros2_ws/install/assignment1_rt
[1.379s] Invoking command in '/home/basmala/ros2_ws/build/assignment1_rt': CMAKE_PREFIX_PATH=${CMAKE_PREFIX_PATH}:/home/basmala/ros2_ws/install/first_package_python:/opt/ros/jazzy DEBUGINFOD_URLS=https://debuginfod.ubuntu.com /usr/bin/cmake --build /home/basmala/ros2_ws/build/assignment1_rt -- -j20 -l20
[1.506s] [ 25%] [32mBuilding CXX object CMakeFiles/DistanceControl.dir/src/DistanceControl.cpp.o[0m
[1.508s] [ 50%] [32mBuilding CXX object CMakeFiles/UI.dir/src/UI.cpp.o[0m
[3.629s] [01m[K/home/basmala/ros2_ws/assignment1_rt/src/UI.cpp:[m[K In function ‘[01m[Kint[01;32m[K main[m[K(int, char**)[m[K’:
[3.629s] [01m[K/home/basmala/ros2_ws/assignment1_rt/src/UI.cpp:59:29:[m[K [01;31m[Kerror: [m[K‘[01m[KTurtle_Controller[m[K’ was not declared in this scope
[3.629s]    59 |     auto node = make_shared<[01;31m[KTurtle_Controller[m[K>();
[3.629s]       |                             [01;31m[K^~~~~~~~~~~~~~~~~[m[K
[3.629s] [01m[K/home/basmala/ros2_ws/assignment1_rt/src/UI.cpp:59:47:[m[K [01;31m[Kerror: [m[Kno matching function for call to ‘[01m[Kmake_shared<<expression error> >()[m[K’
[3.629s]    59 |     auto node = [01;31m[Kmake_shared<Turtle_Controller>()[m[K;
[3.629s]       |                 [01;31m[K~~~~~~~~~~~~~~~~~~~~~~~~~~~~~~^~[m[K
[3.630s] In file included from [01m[K/usr/include/c++/13/memory:80[m[K,
[3.630s]                  from [01m[K/opt/ros/jazzy/include/rclcpp/rclcpp/rclcpp.hpp:169[m[K,
[3.630s]                  from [01m[K/home/basmala/ros2_ws/assignment1_rt/src/UI.cpp:1[m[K:
[3.630s] [01m[K/usr/include/c++/13/bits/shared_ptr.h:1005:5:[m[K [01;36m[Knote: [m[Kcandidate: ‘[01m[Ktemplate<class _Tp, class ... _Args> std::shared_ptr<typename std::enable_if<(! std::is_array< <template-parameter-1-1> >::value), _Tp>::type> std::[01;32m[Kmake_shared[m[K(_Args&& ...)[m[K’
[3.630s]  1005 |     [01;36m[Kmake_shared[m[K(_Args&&... __args)
[3.630s]       |     [01;36m[K^~~~~~~~~~~[m[K
[3.630s] [01m[K/usr/include/c++/13/bits/shared_ptr.h:1005:5:[m[K [01;36m[Knote: [m[K  template argument deduction/substitution failed:
[3.630s] [01m[K/home/basmala/ros2_ws/assignment1_rt/src/UI.cpp:59:47:[m[K [01;31m[Kerror: [m[Ktemplate argument 1 is invalid
[3.630s]    59 |     auto node = [01;31m[Kmake_shared<Turtle_Controller>()[m[K;
[3.630s]       |                 [01;31m[K~~~~~~~~~~~~~~~~~~~~~~~~~~~~~~^~[m[K
[3.665s] [01m[K/home/basmala/ros2_ws/assignment1_rt/src/DistanceControl.cpp:[m[K In member function ‘[01m[Kvoid DistanceMonitor::[01;32m[Kcallback_robot1[m[K(nav_msgs::msg::Odometry_<std::allocator<void> >::SharedPtr)[m[K’:
[3.665s] [01m[K/home/basmala/ros2_ws/assignment1_rt/src/DistanceControl.cpp:56:27:[m[K [01;31m[Kerror: [m[K‘[01m[Kusing nav_msgs::msg::Odometry = struct nav_msgs::msg::Odometry_<std::allocator<void> >[m[K’ {aka ‘[01m[Kstruct nav_msgs::msg::Odometry_<std::allocator<void> >[m[K’} has no member named ‘[01m[Kx[m[K’
[3.666s]    56 |         prev_x1_ = pose1_.[01;31m[Kx[m[K;
[3.666s]       |                           [01;31m[K^[m[K
[3.666s] [01m[K/home/basmala/ros2_ws/assignment1_rt/src/DistanceControl.cpp:57:27:[m[K [01;31m[Kerror: [m[K‘[01m[Kusing nav_msgs::msg::Odometry = struct nav_msgs::msg::Odometry_<std::allocator<void> >[m[K’ {aka ‘[01m[Kstruct nav_msgs::msg::Odometry_<std::allocator<void> >[m[K’} has no member named ‘[01m[Ky[m[K’
[3.666s]    57 |         prev_y1_ = pose1_.[01;31m[Ky[m[K;
[3.666s]       |                           [01;31m[K^[m[K
[3.666s] [01m[K/home/basmala/ros2_ws/assignment1_rt/src/DistanceControl.cpp:[m[K In member function ‘[01m[Kvoid DistanceMonitor::[01;32m[Kcheck_metrics[m[K()[m[K’:
[3.666s] [01m[K/home/basmala/ros2_ws/assignment1_rt/src/DistanceControl.cpp:69:60:[m[K [01;31m[Kerror: [m[K‘[01m[Kusing nav_msgs::msg::Odometry = struct nav_msgs::msg::Odometry_<std::allocator<void> >[m[K’ {aka ‘[01m[Kstruct nav_msgs::msg::Odometry_<std::allocator<void> >[m[K’} has no member named ‘[01m[Kx[m[K’
[3.666s]    69 |         float current_distance = std::sqrt(std::pow(pose1_.[01;31m[Kx[m[K - pose2_.x, 2) +
[3.666s]       |                                                            [01;31m[K^[m[K
[3.667s] [01m[K/home/basmala/ros2_ws/assignment1_rt/src/DistanceControl.cpp:69:71:[m[K [01;31m[Kerror: [m[K‘[01m[Kusing nav_msgs::msg::Odometry = struct nav_msgs::msg::Odometry_<std::allocator<void> >[m[K’ {aka ‘[01m[Kstruct nav_msgs::msg::Odometry_<std::allocator<void> >[m[K’} has no member named ‘[01m[Kx[m[K’
[3.667s]    69 |         float current_distance = std::sqrt(std::pow(pose1_.x - pose2_.[01;31m[Kx[m[K, 2) +
[3.667s]       |                                                                       [01;31m[K^[m[K
[3.667s] [01m[K/home/basmala/ros2_ws/assignment1_rt/src/DistanceControl.cpp:70:52:[m[K [01;31m[Kerror: [m[K‘[01m[Kusing nav_msgs::msg::Odometry = struct nav_msgs::msg::Odometry_<std::allocator<void> >[m[K’ {aka ‘[01m[Kstruct nav_msgs::msg::Odometry_<std::allocator<void> >[m[K’} has no member named ‘[01m[Ky[m[K’
[3.667s]    70 |                                    std::pow(pose1_.[01;31m[Ky[m[K - pose2_.y, 2));
[3.667s]       |                                                    [01;31m[K^[m[K
[3.667s] [01m[K/home/basmala/ros2_ws/assignment1_rt/src/DistanceControl.cpp:70:63:[m[K [01;31m[Kerror: [m[K‘[01m[Kusing nav_msgs::msg::Odometry = struct nav_msgs::msg::Odometry_<std::allocator<void> >[m[K’ {aka ‘[01m[Kstruct nav_msgs::msg::Odometry_<std::allocator<void> >[m[K’} has no member named ‘[01m[Ky[m[K’
[3.667s]    70 |                                    std::pow(pose1_.y - pose2_.[01;31m[Ky[m[K, 2));
[3.667s]       |                                                               [01;31m[K^[m[K
[3.668s] [01m[K/home/basmala/ros2_ws/assignment1_rt/src/DistanceControl.cpp:83:20:[m[K [01;31m[Kerror: [m[K‘[01m[Kusing nav_msgs::msg::Odometry = struct nav_msgs::msg::Odometry_<std::allocator<void> >[m[K’ {aka ‘[01m[Kstruct nav_msgs::msg::Odometry_<std::allocator<void> >[m[K’} has no member named ‘[01m[Kx[m[K’
[3.668s]    83 |         if (pose1_.[01;31m[Kx[m[K > 10.0 && pose1_.x > prev_x1_)
[3.668s]       |                    [01;31m[K^[m[K
[3.668s] [01m[K/home/basmala/ros2_ws/assignment1_rt/src/DistanceControl.cpp:83:39:[m[K [01;31m[Kerror: [m[K‘[01m[Kusing nav_msgs::msg::Odometry = struct nav_msgs::msg::Odometry_<std::allocator<void> >[m[K’ {aka ‘[01m[Kstruct nav_msgs::msg::Odometry_<std::allocator<void> >[m[K’} has no member named ‘[01m[Kx[m[K’
[3.668s]    83 |         if (pose1_.x > 10.0 && pose1_.[01;31m[Kx[m[K > prev_x1_)
[3.668s]       |                                       [01;31m[K^[m[K
[3.668s] [01m[K/home/basmala/ros2_ws/assignment1_rt/src/DistanceControl.cpp:88:25:[m[K [01;31m[Kerror: [m[K‘[01m[Kusing nav_msgs::msg::Odometry = struct nav_msgs::msg::Odometry_<std::allocator<void> >[m[K’ {aka ‘[01m[Kstruct nav_msgs::msg::Odometry_<std::allocator<void> >[m[K’} has no member named ‘[01m[Kx[m[K’
[3.668s]    88 |         else if (pose1_.[01;31m[Kx[m[K < 1.0 && pose1_.x < prev_x1_)
[3.668s]       |                         [01;31m[K^[m[K
[3.668s] [01m[K/home/basmala/ros2_ws/assignment1_rt/src/DistanceControl.cpp:88:43:[m[K [01;31m[Kerror: [m[K‘[01m[Kusing nav_msgs::msg::Odometry = struct nav_msgs::msg::Odometry_<std::allocator<void> >[m[K’ {aka ‘[01m[Kstruct nav_msgs::msg::Odometry_<std::allocator<void> >[m[K’} has no member named ‘[01m[Kx[m[K’
[3.668s]    88 |         else if (pose1_.x < 1.0 && pose1_.[01;31m[Kx[m[K < prev_x1_)
[3.668s]       |                                           [01;31m[K^[m[K
[3.668s] [01m[K/home/basmala/ros2_ws/assignment1_rt/src/DistanceControl.cpp:93:25:[m[K [01;31m[Kerror: [m[K‘[01m[Kusing nav_msgs::msg::Odometry = struct nav_msgs::msg::Odometry_<std::allocator<void> >[m[K’ {aka ‘[01m[Kstruct nav_msgs::msg::Odometry_<std::allocator<void> >[m[K’} has no member named ‘[01m[Ky[m[K’
[3.668s]    93 |         else if (pose1_.[01;31m[Ky[m[K > 10.0 && pose1_.y > prev_y1_)
[3.668s]       |                         [01;31m[K^[m[K
[3.668s] [01m[K/home/basmala/ros2_ws/assignment1_rt/src/DistanceControl.cpp:93:44:[m[K [01;31m[Kerror: [m[K‘[01m[Kusing nav_msgs::msg::Odometry = struct nav_msgs::msg::Odometry_<std::allocator<void> >[m[K’ {aka ‘[01m[Kstruct nav_msgs::msg::Odometry_<std::allocator<void> >[m[K’} has no member named ‘[01m[Ky[m[K’
[3.668s]    93 |         else if (pose1_.y > 10.0 && pose1_.[01;31m[Ky[m[K > prev_y1_)
[3.668s]       |                                            [01;31m[K^[m[K
[3.669s] [01m[K/home/basmala/ros2_ws/assignment1_rt/src/DistanceControl.cpp:98:25:[m[K [01;31m[Kerror: [m[K‘[01m[Kusing nav_msgs::msg::Odometry = struct nav_msgs::msg::Odometry_<std::allocator<void> >[m[K’ {aka ‘[01m[Kstruct nav_msgs::msg::Odometry_<std::allocator<void> >[m[K’} has no member named ‘[01m[Ky[m[K’
[3.669s]    98 |         else if (pose1_.[01;31m[Ky[m[K < 1.0 && pose1_.y < prev_y1_)
[3.669s]       |                         [01;31m[K^[m[K
[3.669s] [01m[K/home/basmala/ros2_ws/assignment1_rt/src/DistanceControl.cpp:98:43:[m[K [01;31m[Kerror: [m[K‘[01m[Kusing nav_msgs::msg::Odometry = struct nav_msgs::msg::Odometry_<std::allocator<void> >[m[K’ {aka ‘[01m[Kstruct nav_msgs::msg::Odometry_<std::allocator<void> >[m[K’} has no member named ‘[01m[Ky[m[K’
[3.669s]    98 |         else if (pose1_.y < 1.0 && pose1_.[01;31m[Ky[m[K < prev_y1_)
[3.669s]       |                                           [01;31m[K^[m[K
[4.375s] gmake[2]: *** [CMakeFiles/UI.dir/build.make:76: CMakeFiles/UI.dir/src/UI.cpp.o] Error 1
[4.375s] gmake[1]: *** [CMakeFiles/Makefile2:139: CMakeFiles/UI.dir/all] Error 2
[4.375s] gmake[1]: *** Waiting for unfinished jobs....
[5.509s] gmake[2]: *** [CMakeFiles/DistanceControl.dir/build.make:76: CMakeFiles/DistanceControl.dir/src/DistanceControl.cpp.o] Error 1
[5.509s] gmake[1]: *** [CMakeFiles/Makefile2:165: CMakeFiles/DistanceControl.dir/all] Error 2
[5.509s] gmake: *** [Makefile:146: all] Error 2
[5.511s] Invoked command in '/home/basmala/ros2_ws/build/assignment1_rt' returned '2': CMAKE_PREFIX_PATH=${CMAKE_PREFIX_PATH}:/home/basmala/ros2_ws/install/first_package_python:/opt/ros/jazzy DEBUGINFOD_URLS=https://debuginfod.ubuntu.com /usr/bin/cmake --build /home/basmala/ros2_ws/build/assignment1_rt -- -j20 -l20
