[0.011s] Invoking command in '/home/basmala/ros2_ws/build/assignment2_custom_msgs_srvs': CMAKE_PREFIX_PATH=${CMAKE_PREFIX_PATH}:/home/basmala/ros2_ws/install/first_package_python:/opt/ros/jazzy DEBUGINFOD_URLS=https://debuginfod.ubuntu.com /usr/bin/cmake --build /home/basmala/ros2_ws/build/assignment2_custom_msgs_srvs -- -j20 -l20
[0.089s] [  1%] Built target assignment2_custom_msgs_srvs__rosidl_generator_type_description
[0.104s] [  1%] Built target ament_cmake_python_copy_assignment2_custom_msgs_srvs
[0.128s] [  3%] Built target assignment2_custom_msgs_srvs__cpp
[0.132s] [ 24%] Built target assignment2_custom_msgs_srvs__rosidl_generator_c
[0.176s] [ 33%] Built target assignment2_custom_msgs_srvs__rosidl_typesupport_cpp
[0.177s] [ 42%] Built target assignment2_custom_msgs_srvs__rosidl_typesupport_fastrtps_c
[0.178s] [ 53%] Built target assignment2_custom_msgs_srvs__rosidl_typesupport_c
[0.179s] [ 70%] Built target assignment2_custom_msgs_srvs__rosidl_typesupport_introspection_cpp
[0.179s] [ 70%] Built target assignment2_custom_msgs_srvs__rosidl_typesupport_introspection_c
[0.179s] [ 79%] Built target assignment2_custom_msgs_srvs__rosidl_typesupport_fastrtps_cpp
[0.221s] [ 79%] Built target assignment2_custom_msgs_srvs
[0.271s] [ 81%] Built target assignment2_custom_msgs_srvs__py
[0.318s] [ 88%] Built target assignment2_custom_msgs_srvs__rosidl_generator_py
[0.357s] [ 96%] Built target assignment2_custom_msgs_srvs_s__rosidl_typesupport_introspection_c
[0.357s] [ 96%] Built target assignment2_custom_msgs_srvs_s__rosidl_typesupport_c
[0.359s] [100%] Built target assignment2_custom_msgs_srvs_s__rosidl_typesupport_fastrtps_c
[0.418s] running egg_info
[0.432s] writing assignment2_custom_msgs_srvs.egg-info/PKG-INFO
[0.432s] writing dependency_links to assignment2_custom_msgs_srvs.egg-info/dependency_links.txt
[0.432s] writing top-level names to assignment2_custom_msgs_srvs.egg-info/top_level.txt
[0.467s] reading manifest file 'assignment2_custom_msgs_srvs.egg-info/SOURCES.txt'
[0.468s] writing manifest file 'assignment2_custom_msgs_srvs.egg-info/SOURCES.txt'
[0.503s] [100%] Built target ament_cmake_python_build_assignment2_custom_msgs_srvs_egg
[0.532s] Invoked command in '/home/basmala/ros2_ws/build/assignment2_custom_msgs_srvs' returned '0': CMAKE_PREFIX_PATH=${CMAKE_PREFIX_PATH}:/home/basmala/ros2_ws/install/first_package_python:/opt/ros/jazzy DEBUGINFOD_URLS=https://debuginfod.ubuntu.com /usr/bin/cmake --build /home/basmala/ros2_ws/build/assignment2_custom_msgs_srvs -- -j20 -l20
[0.553s] Invoking command in '/home/basmala/ros2_ws/build/assignment2_custom_msgs_srvs': CMAKE_PREFIX_PATH=${CMAKE_PREFIX_PATH}:/home/basmala/ros2_ws/install/first_package_python:/opt/ros/jazzy DEBUGINFOD_URLS=https://debuginfod.ubuntu.com /usr/bin/cmake --install /home/basmala/ros2_ws/build/assignment2_custom_msgs_srvs
[0.569s] -- Install configuration: ""
[0.570s] -- Up-to-date: /home/basmala/ros2_ws/install/assignment2_custom_msgs_srvs/share/ament_index/resource_index/rosidl_interfaces/assignment2_custom_msgs_srvs
[0.570s] -- Up-to-date: /home/basmala/ros2_ws/install/assignment2_custom_msgs_srvs/share/assignment2_custom_msgs_srvs/msg/Obstacle.json
[0.570s] -- Up-to-date: /home/basmala/ros2_ws/install/assignment2_custom_msgs_srvs/share/assignment2_custom_msgs_srvs/srv/AverageVelocities.json
[0.570s] -- Up-to-date: /home/basmala/ros2_ws/install/assignment2_custom_msgs_srvs/share/assignment2_custom_msgs_srvs/srv/ChangeThreshold.json
[0.570s] -- Up-to-date: /home/basmala/ros2_ws/install/assignment2_custom_msgs_srvs/include/assignment2_custom_msgs_srvs/assignment2_custom_msgs_srvs
[0.571s] -- Up-to-date: /home/basmala/ros2_ws/install/assignment2_custom_msgs_srvs/include/assignment2_custom_msgs_srvs/assignment2_custom_msgs_srvs/srv
[0.571s] -- Up-to-date: /home/basmala/ros2_ws/install/assignment2_custom_msgs_srvs/include/assignment2_custom_msgs_srvs/assignment2_custom_msgs_srvs/srv/detail
[0.571s] -- Up-to-date: /home/basmala/ros2_ws/install/assignment2_custom_msgs_srvs/include/assignment2_custom_msgs_srvs/assignment2_custom_msgs_srvs/srv/detail/average_velocities__struct.h
[0.571s] -- Up-to-date: /home/basmala/ros2_ws/install/assignment2_custom_msgs_srvs/include/assignment2_custom_msgs_srvs/assignment2_custom_msgs_srvs/srv/detail/average_velocities__type_support.h
[0.571s] -- Up-to-date: /home/basmala/ros2_ws/install/assignment2_custom_msgs_srvs/include/assignment2_custom_msgs_srvs/assignment2_custom_msgs_srvs/srv/detail/change_threshold__functions.h
[0.571s] -- Up-to-date: /home/basmala/ros2_ws/install/assignment2_custom_msgs_srvs/include/assignment2_custom_msgs_srvs/assignment2_custom_msgs_srvs/srv/detail/change_threshold__type_support.h
[0.571s] -- Up-to-date: /home/basmala/ros2_ws/install/assignment2_custom_msgs_srvs/include/assignment2_custom_msgs_srvs/assignment2_custom_msgs_srvs/srv/detail/average_velocities__functions.c
[0.572s] -- Up-to-date: /home/basmala/ros2_ws/install/assignment2_custom_msgs_srvs/include/assignment2_custom_msgs_srvs/assignment2_custom_msgs_srvs/srv/detail/change_threshold__description.c
[0.572s] -- Up-to-date: /home/basmala/ros2_ws/install/assignment2_custom_msgs_srvs/include/assignment2_custom_msgs_srvs/assignment2_custom_msgs_srvs/srv/detail/change_threshold__type_support.c
[0.573s] -- Up-to-date: /home/basmala/ros2_ws/install/assignment2_custom_msgs_srvs/include/assignment2_custom_msgs_srvs/assignment2_custom_msgs_srvs/srv/detail/average_velocities__functions.h
[0.573s] -- Up-to-date: /home/basmala/ros2_ws/install/assignment2_custom_msgs_srvs/include/assignment2_custom_msgs_srvs/assignment2_custom_msgs_srvs/srv/detail/change_threshold__struct.h
[0.574s] -- Up-to-date: /home/basmala/ros2_ws/install/assignment2_custom_msgs_srvs/include/assignment2_custom_msgs_srvs/assignment2_custom_msgs_srvs/srv/detail/average_velocities__description.c
[0.575s] -- Up-to-date: /home/basmala/ros2_ws/install/assignment2_custom_msgs_srvs/include/assignment2_custom_msgs_srvs/assignment2_custom_msgs_srvs/srv/detail/change_threshold__functions.c
[0.575s] -- Up-to-date: /home/basmala/ros2_ws/install/assignment2_custom_msgs_srvs/include/assignment2_custom_msgs_srvs/assignment2_custom_msgs_srvs/srv/detail/average_velocities__type_support.c
[0.576s] -- Up-to-date: /home/basmala/ros2_ws/install/assignment2_custom_msgs_srvs/include/assignment2_custom_msgs_srvs/assignment2_custom_msgs_srvs/srv/average_velocities.h
[0.576s] -- Up-to-date: /home/basmala/ros2_ws/install/assignment2_custom_msgs_srvs/include/assignment2_custom_msgs_srvs/assignment2_custom_msgs_srvs/srv/change_threshold.h
[0.576s] -- Up-to-date: /home/basmala/ros2_ws/install/assignment2_custom_msgs_srvs/include/assignment2_custom_msgs_srvs/assignment2_custom_msgs_srvs/msg
[0.577s] -- Up-to-date: /home/basmala/ros2_ws/install/assignment2_custom_msgs_srvs/include/assignment2_custom_msgs_srvs/assignment2_custom_msgs_srvs/msg/detail
[0.577s] -- Up-to-date: /home/basmala/ros2_ws/install/assignment2_custom_msgs_srvs/include/assignment2_custom_msgs_srvs/assignment2_custom_msgs_srvs/msg/detail/obstacle__type_support.h
[0.577s] -- Up-to-date: /home/basmala/ros2_ws/install/assignment2_custom_msgs_srvs/include/assignment2_custom_msgs_srvs/assignment2_custom_msgs_srvs/msg/detail/obstacle__type_support.c
[0.577s] -- Up-to-date: /home/basmala/ros2_ws/install/assignment2_custom_msgs_srvs/include/assignment2_custom_msgs_srvs/assignment2_custom_msgs_srvs/msg/detail/obstacle__functions.h
[0.578s] -- Up-to-date: /home/basmala/ros2_ws/install/assignment2_custom_msgs_srvs/include/assignment2_custom_msgs_srvs/assignment2_custom_msgs_srvs/msg/detail/obstacle__description.c
[0.578s] -- Up-to-date: /home/basmala/ros2_ws/install/assignment2_custom_msgs_srvs/include/assignment2_custom_msgs_srvs/assignment2_custom_msgs_srvs/msg/detail/obstacle__struct.h
[0.578s] -- Up-to-date: /home/basmala/ros2_ws/install/assignment2_custom_msgs_srvs/include/assignment2_custom_msgs_srvs/assignment2_custom_msgs_srvs/msg/detail/obstacle__functions.c
[0.578s] -- Up-to-date: /home/basmala/ros2_ws/install/assignment2_custom_msgs_srvs/include/assignment2_custom_msgs_srvs/assignment2_custom_msgs_srvs/msg/rosidl_generator_c__visibility_control.h
[0.579s] -- Up-to-date: /home/basmala/ros2_ws/install/assignment2_custom_msgs_srvs/include/assignment2_custom_msgs_srvs/assignment2_custom_msgs_srvs/msg/obstacle.h
[0.579s] -- Up-to-date: /home/basmala/ros2_ws/install/assignment2_custom_msgs_srvs/share/assignment2_custom_msgs_srvs/environment/library_path.sh
[0.579s] -- Up-to-date: /home/basmala/ros2_ws/install/assignment2_custom_msgs_srvs/share/assignment2_custom_msgs_srvs/environment/library_path.dsv
[0.580s] -- Up-to-date: /home/basmala/ros2_ws/install/assignment2_custom_msgs_srvs/lib/libassignment2_custom_msgs_srvs__rosidl_generator_c.so
[0.580s] -- Up-to-date: /home/basmala/ros2_ws/install/assignment2_custom_msgs_srvs/include/assignment2_custom_msgs_srvs/assignment2_custom_msgs_srvs
[0.580s] -- Up-to-date: /home/basmala/ros2_ws/install/assignment2_custom_msgs_srvs/include/assignment2_custom_msgs_srvs/assignment2_custom_msgs_srvs/srv
[0.580s] -- Up-to-date: /home/basmala/ros2_ws/install/assignment2_custom_msgs_srvs/include/assignment2_custom_msgs_srvs/assignment2_custom_msgs_srvs/srv/detail
[0.581s] -- Up-to-date: /home/basmala/ros2_ws/install/assignment2_custom_msgs_srvs/include/assignment2_custom_msgs_srvs/assignment2_custom_msgs_srvs/srv/detail/change_threshold__rosidl_typesupport_fastrtps_c.h
[0.581s] -- Up-to-date: /home/basmala/ros2_ws/install/assignment2_custom_msgs_srvs/include/assignment2_custom_msgs_srvs/assignment2_custom_msgs_srvs/srv/detail/average_velocities__rosidl_typesupport_fastrtps_c.h
[0.581s] -- Up-to-date: /home/basmala/ros2_ws/install/assignment2_custom_msgs_srvs/include/assignment2_custom_msgs_srvs/assignment2_custom_msgs_srvs/msg
[0.582s] -- Up-to-date: /home/basmala/ros2_ws/install/assignment2_custom_msgs_srvs/include/assignment2_custom_msgs_srvs/assignment2_custom_msgs_srvs/msg/detail
[0.582s] -- Up-to-date: /home/basmala/ros2_ws/install/assignment2_custom_msgs_srvs/include/assignment2_custom_msgs_srvs/assignment2_custom_msgs_srvs/msg/detail/obstacle__rosidl_typesupport_fastrtps_c.h
[0.582s] -- Up-to-date: /home/basmala/ros2_ws/install/assignment2_custom_msgs_srvs/include/assignment2_custom_msgs_srvs/assignment2_custom_msgs_srvs/msg/rosidl_typesupport_fastrtps_c__visibility_control.h
[0.582s] -- Up-to-date: /home/basmala/ros2_ws/install/assignment2_custom_msgs_srvs/lib/libassignment2_custom_msgs_srvs__rosidl_typesupport_fastrtps_c.so
[0.583s] -- Up-to-date: /home/basmala/ros2_ws/install/assignment2_custom_msgs_srvs/include/assignment2_custom_msgs_srvs/assignment2_custom_msgs_srvs
[0.583s] -- Up-to-date: /home/basmala/ros2_ws/install/assignment2_custom_msgs_srvs/include/assignment2_custom_msgs_srvs/assignment2_custom_msgs_srvs/srv
[0.583s] -- Up-to-date: /home/basmala/ros2_ws/install/assignment2_custom_msgs_srvs/include/assignment2_custom_msgs_srvs/assignment2_custom_msgs_srvs/srv/detail
[0.583s] -- Up-to-date: /home/basmala/ros2_ws/install/assignment2_custom_msgs_srvs/include/assignment2_custom_msgs_srvs/assignment2_custom_msgs_srvs/srv/detail/change_threshold__rosidl_typesupport_introspection_c.h
[0.583s] -- Up-to-date: /home/basmala/ros2_ws/install/assignment2_custom_msgs_srvs/include/assignment2_custom_msgs_srvs/assignment2_custom_msgs_srvs/srv/detail/change_threshold__type_support.c
[0.584s] -- Up-to-date: /home/basmala/ros2_ws/install/assignment2_custom_msgs_srvs/include/assignment2_custom_msgs_srvs/assignment2_custom_msgs_srvs/srv/detail/average_velocities__rosidl_typesupport_introspection_c.h
[0.584s] -- Up-to-date: /home/basmala/ros2_ws/install/assignment2_custom_msgs_srvs/include/assignment2_custom_msgs_srvs/assignment2_custom_msgs_srvs/srv/detail/average_velocities__type_support.c
[0.584s] -- Up-to-date: /home/basmala/ros2_ws/install/assignment2_custom_msgs_srvs/include/assignment2_custom_msgs_srvs/assignment2_custom_msgs_srvs/msg
[0.584s] -- Up-to-date: /home/basmala/ros2_ws/install/assignment2_custom_msgs_srvs/include/assignment2_custom_msgs_srvs/assignment2_custom_msgs_srvs/msg/detail
[0.584s] -- Up-to-date: /home/basmala/ros2_ws/install/assignment2_custom_msgs_srvs/include/assignment2_custom_msgs_srvs/assignment2_custom_msgs_srvs/msg/detail/obstacle__rosidl_typesupport_introspection_c.h
[0.584s] -- Up-to-date: /home/basmala/ros2_ws/install/assignment2_custom_msgs_srvs/include/assignment2_custom_msgs_srvs/assignment2_custom_msgs_srvs/msg/detail/obstacle__type_support.c
[0.585s] -- Up-to-date: /home/basmala/ros2_ws/install/assignment2_custom_msgs_srvs/include/assignment2_custom_msgs_srvs/assignment2_custom_msgs_srvs/msg/rosidl_typesupport_introspection_c__visibility_control.h
[0.585s] -- Up-to-date: /home/basmala/ros2_ws/install/assignment2_custom_msgs_srvs/lib/libassignment2_custom_msgs_srvs__rosidl_typesupport_introspection_c.so
[0.585s] -- Up-to-date: /home/basmala/ros2_ws/install/assignment2_custom_msgs_srvs/lib/libassignment2_custom_msgs_srvs__rosidl_typesupport_c.so
[0.585s] -- Up-to-date: /home/basmala/ros2_ws/install/assignment2_custom_msgs_srvs/include/assignment2_custom_msgs_srvs/assignment2_custom_msgs_srvs
[0.585s] -- Up-to-date: /home/basmala/ros2_ws/install/assignment2_custom_msgs_srvs/include/assignment2_custom_msgs_srvs/assignment2_custom_msgs_srvs/srv
[0.586s] -- Up-to-date: /home/basmala/ros2_ws/install/assignment2_custom_msgs_srvs/include/assignment2_custom_msgs_srvs/assignment2_custom_msgs_srvs/srv/change_threshold.hpp
[0.586s] -- Up-to-date: /home/basmala/ros2_ws/install/assignment2_custom_msgs_srvs/include/assignment2_custom_msgs_srvs/assignment2_custom_msgs_srvs/srv/detail
[0.586s] -- Up-to-date: /home/basmala/ros2_ws/install/assignment2_custom_msgs_srvs/include/assignment2_custom_msgs_srvs/assignment2_custom_msgs_srvs/srv/detail/average_velocities__builder.hpp
[0.586s] -- Up-to-date: /home/basmala/ros2_ws/install/assignment2_custom_msgs_srvs/include/assignment2_custom_msgs_srvs/assignment2_custom_msgs_srvs/srv/detail/change_threshold__traits.hpp
[0.587s] -- Up-to-date: /home/basmala/ros2_ws/install/assignment2_custom_msgs_srvs/include/assignment2_custom_msgs_srvs/assignment2_custom_msgs_srvs/srv/detail/average_velocities__struct.hpp
[0.587s] -- Up-to-date: /home/basmala/ros2_ws/install/assignment2_custom_msgs_srvs/include/assignment2_custom_msgs_srvs/assignment2_custom_msgs_srvs/srv/detail/average_velocities__traits.hpp
[0.587s] -- Up-to-date: /home/basmala/ros2_ws/install/assignment2_custom_msgs_srvs/include/assignment2_custom_msgs_srvs/assignment2_custom_msgs_srvs/srv/detail/change_threshold__struct.hpp
[0.587s] -- Up-to-date: /home/basmala/ros2_ws/install/assignment2_custom_msgs_srvs/include/assignment2_custom_msgs_srvs/assignment2_custom_msgs_srvs/srv/detail/average_velocities__type_support.hpp
[0.588s] -- Up-to-date: /home/basmala/ros2_ws/install/assignment2_custom_msgs_srvs/include/assignment2_custom_msgs_srvs/assignment2_custom_msgs_srvs/srv/detail/change_threshold__builder.hpp
[0.588s] -- Up-to-date: /home/basmala/ros2_ws/install/assignment2_custom_msgs_srvs/include/assignment2_custom_msgs_srvs/assignment2_custom_msgs_srvs/srv/detail/change_threshold__type_support.hpp
[0.588s] -- Up-to-date: /home/basmala/ros2_ws/install/assignment2_custom_msgs_srvs/include/assignment2_custom_msgs_srvs/assignment2_custom_msgs_srvs/srv/average_velocities.hpp
[0.588s] -- Up-to-date: /home/basmala/ros2_ws/install/assignment2_custom_msgs_srvs/include/assignment2_custom_msgs_srvs/assignment2_custom_msgs_srvs/msg
[0.589s] -- Up-to-date: /home/basmala/ros2_ws/install/assignment2_custom_msgs_srvs/include/assignment2_custom_msgs_srvs/assignment2_custom_msgs_srvs/msg/detail
[0.589s] -- Up-to-date: /home/basmala/ros2_ws/install/assignment2_custom_msgs_srvs/include/assignment2_custom_msgs_srvs/assignment2_custom_msgs_srvs/msg/detail/obstacle__traits.hpp
[0.589s] -- Up-to-date: /home/basmala/ros2_ws/install/assignment2_custom_msgs_srvs/include/assignment2_custom_msgs_srvs/assignment2_custom_msgs_srvs/msg/detail/obstacle__builder.hpp
[0.589s] -- Up-to-date: /home/basmala/ros2_ws/install/assignment2_custom_msgs_srvs/include/assignment2_custom_msgs_srvs/assignment2_custom_msgs_srvs/msg/detail/obstacle__struct.hpp
[0.590s] -- Up-to-date: /home/basmala/ros2_ws/install/assignment2_custom_msgs_srvs/include/assignment2_custom_msgs_srvs/assignment2_custom_msgs_srvs/msg/detail/obstacle__type_support.hpp
[0.590s] -- Up-to-date: /home/basmala/ros2_ws/install/assignment2_custom_msgs_srvs/include/assignment2_custom_msgs_srvs/assignment2_custom_msgs_srvs/msg/rosidl_generator_cpp__visibility_control.hpp
[0.590s] -- Up-to-date: /home/basmala/ros2_ws/install/assignment2_custom_msgs_srvs/include/assignment2_custom_msgs_srvs/assignment2_custom_msgs_srvs/msg/obstacle.hpp
[0.590s] -- Up-to-date: /home/basmala/ros2_ws/install/assignment2_custom_msgs_srvs/include/assignment2_custom_msgs_srvs/assignment2_custom_msgs_srvs
[0.591s] -- Up-to-date: /home/basmala/ros2_ws/install/assignment2_custom_msgs_srvs/include/assignment2_custom_msgs_srvs/assignment2_custom_msgs_srvs/srv
[0.591s] -- Up-to-date: /home/basmala/ros2_ws/install/assignment2_custom_msgs_srvs/include/assignment2_custom_msgs_srvs/assignment2_custom_msgs_srvs/srv/detail
[0.591s] -- Up-to-date: /home/basmala/ros2_ws/install/assignment2_custom_msgs_srvs/include/assignment2_custom_msgs_srvs/assignment2_custom_msgs_srvs/srv/detail/dds_fastrtps
[0.591s] -- Up-to-date: /home/basmala/ros2_ws/install/assignment2_custom_msgs_srvs/include/assignment2_custom_msgs_srvs/assignment2_custom_msgs_srvs/srv/detail/average_velocities__rosidl_typesupport_fastrtps_cpp.hpp
[0.592s] -- Up-to-date: /home/basmala/ros2_ws/install/assignment2_custom_msgs_srvs/include/assignment2_custom_msgs_srvs/assignment2_custom_msgs_srvs/srv/detail/change_threshold__rosidl_typesupport_fastrtps_cpp.hpp
[0.592s] -- Up-to-date: /home/basmala/ros2_ws/install/assignment2_custom_msgs_srvs/include/assignment2_custom_msgs_srvs/assignment2_custom_msgs_srvs/msg
[0.592s] -- Up-to-date: /home/basmala/ros2_ws/install/assignment2_custom_msgs_srvs/include/assignment2_custom_msgs_srvs/assignment2_custom_msgs_srvs/msg/detail
[0.592s] -- Up-to-date: /home/basmala/ros2_ws/install/assignment2_custom_msgs_srvs/include/assignment2_custom_msgs_srvs/assignment2_custom_msgs_srvs/msg/detail/dds_fastrtps
[0.593s] -- Up-to-date: /home/basmala/ros2_ws/install/assignment2_custom_msgs_srvs/include/assignment2_custom_msgs_srvs/assignment2_custom_msgs_srvs/msg/detail/obstacle__rosidl_typesupport_fastrtps_cpp.hpp
[0.593s] -- Up-to-date: /home/basmala/ros2_ws/install/assignment2_custom_msgs_srvs/include/assignment2_custom_msgs_srvs/assignment2_custom_msgs_srvs/msg/rosidl_typesupport_fastrtps_cpp__visibility_control.h
[0.593s] -- Up-to-date: /home/basmala/ros2_ws/install/assignment2_custom_msgs_srvs/lib/libassignment2_custom_msgs_srvs__rosidl_typesupport_fastrtps_cpp.so
[0.593s] -- Up-to-date: /home/basmala/ros2_ws/install/assignment2_custom_msgs_srvs/include/assignment2_custom_msgs_srvs/assignment2_custom_msgs_srvs
[0.593s] -- Up-to-date: /home/basmala/ros2_ws/install/assignment2_custom_msgs_srvs/include/assignment2_custom_msgs_srvs/assignment2_custom_msgs_srvs/srv
[0.594s] -- Up-to-date: /home/basmala/ros2_ws/install/assignment2_custom_msgs_srvs/include/assignment2_custom_msgs_srvs/assignment2_custom_msgs_srvs/srv/detail
[0.594s] -- Up-to-date: /home/basmala/ros2_ws/install/assignment2_custom_msgs_srvs/include/assignment2_custom_msgs_srvs/assignment2_custom_msgs_srvs/srv/detail/average_velocities__rosidl_typesupport_introspection_cpp.hpp
[0.594s] -- Up-to-date: /home/basmala/ros2_ws/install/assignment2_custom_msgs_srvs/include/assignment2_custom_msgs_srvs/assignment2_custom_msgs_srvs/srv/detail/change_threshold__type_support.cpp
[0.594s] -- Up-to-date: /home/basmala/ros2_ws/install/assignment2_custom_msgs_srvs/include/assignment2_custom_msgs_srvs/assignment2_custom_msgs_srvs/srv/detail/change_threshold__rosidl_typesupport_introspection_cpp.hpp
[0.594s] -- Up-to-date: /home/basmala/ros2_ws/install/assignment2_custom_msgs_srvs/include/assignment2_custom_msgs_srvs/assignment2_custom_msgs_srvs/srv/detail/average_velocities__type_support.cpp
[0.595s] -- Up-to-date: /home/basmala/ros2_ws/install/assignment2_custom_msgs_srvs/include/assignment2_custom_msgs_srvs/assignment2_custom_msgs_srvs/msg
[0.595s] -- Up-to-date: /home/basmala/ros2_ws/install/assignment2_custom_msgs_srvs/include/assignment2_custom_msgs_srvs/assignment2_custom_msgs_srvs/msg/detail
[0.595s] -- Up-to-date: /home/basmala/ros2_ws/install/assignment2_custom_msgs_srvs/include/assignment2_custom_msgs_srvs/assignment2_custom_msgs_srvs/msg/detail/obstacle__rosidl_typesupport_introspection_cpp.hpp
[0.595s] -- Up-to-date: /home/basmala/ros2_ws/install/assignment2_custom_msgs_srvs/include/assignment2_custom_msgs_srvs/assignment2_custom_msgs_srvs/msg/detail/obstacle__type_support.cpp
[0.596s] -- Up-to-date: /home/basmala/ros2_ws/install/assignment2_custom_msgs_srvs/lib/libassignment2_custom_msgs_srvs__rosidl_typesupport_introspection_cpp.so
[0.596s] -- Up-to-date: /home/basmala/ros2_ws/install/assignment2_custom_msgs_srvs/lib/libassignment2_custom_msgs_srvs__rosidl_typesupport_cpp.so
[0.596s] -- Up-to-date: /home/basmala/ros2_ws/install/assignment2_custom_msgs_srvs/share/assignment2_custom_msgs_srvs/environment/pythonpath.sh
[0.596s] -- Up-to-date: /home/basmala/ros2_ws/install/assignment2_custom_msgs_srvs/share/assignment2_custom_msgs_srvs/environment/pythonpath.dsv
[0.597s] -- Up-to-date: /home/basmala/ros2_ws/install/assignment2_custom_msgs_srvs/lib/python3.12/site-packages/assignment2_custom_msgs_srvs-0.0.0-py3.12.egg-info
[0.597s] -- Installing: /home/basmala/ros2_ws/install/assignment2_custom_msgs_srvs/lib/python3.12/site-packages/assignment2_custom_msgs_srvs-0.0.0-py3.12.egg-info/dependency_links.txt
[0.597s] -- Installing: /home/basmala/ros2_ws/install/assignment2_custom_msgs_srvs/lib/python3.12/site-packages/assignment2_custom_msgs_srvs-0.0.0-py3.12.egg-info/SOURCES.txt
[0.597s] -- Installing: /home/basmala/ros2_ws/install/assignment2_custom_msgs_srvs/lib/python3.12/site-packages/assignment2_custom_msgs_srvs-0.0.0-py3.12.egg-info/PKG-INFO
[0.597s] -- Installing: /home/basmala/ros2_ws/install/assignment2_custom_msgs_srvs/lib/python3.12/site-packages/assignment2_custom_msgs_srvs-0.0.0-py3.12.egg-info/top_level.txt
[0.598s] -- Up-to-date: /home/basmala/ros2_ws/install/assignment2_custom_msgs_srvs/lib/python3.12/site-packages/assignment2_custom_msgs_srvs
[0.598s] -- Up-to-date: /home/basmala/ros2_ws/install/assignment2_custom_msgs_srvs/lib/python3.12/site-packages/assignment2_custom_msgs_srvs/_assignment2_custom_msgs_srvs_s.ep.rosidl_typesupport_fastrtps_c.c
[0.598s] -- Up-to-date: /home/basmala/ros2_ws/install/assignment2_custom_msgs_srvs/lib/python3.12/site-packages/assignment2_custom_msgs_srvs/assignment2_custom_msgs_srvs_s__rosidl_typesupport_c.so
[0.598s] -- Up-to-date: /home/basmala/ros2_ws/install/assignment2_custom_msgs_srvs/lib/python3.12/site-packages/assignment2_custom_msgs_srvs/assignment2_custom_msgs_srvs_s__rosidl_typesupport_fastrtps_c.so
[0.599s] -- Up-to-date: /home/basmala/ros2_ws/install/assignment2_custom_msgs_srvs/lib/python3.12/site-packages/assignment2_custom_msgs_srvs/srv
[0.599s] -- Up-to-date: /home/basmala/ros2_ws/install/assignment2_custom_msgs_srvs/lib/python3.12/site-packages/assignment2_custom_msgs_srvs/srv/_average_velocities.py
[0.599s] -- Up-to-date: /home/basmala/ros2_ws/install/assignment2_custom_msgs_srvs/lib/python3.12/site-packages/assignment2_custom_msgs_srvs/srv/_average_velocities_s.c
[0.599s] -- Up-to-date: /home/basmala/ros2_ws/install/assignment2_custom_msgs_srvs/lib/python3.12/site-packages/assignment2_custom_msgs_srvs/srv/_change_threshold_s.c
[0.599s] -- Up-to-date: /home/basmala/ros2_ws/install/assignment2_custom_msgs_srvs/lib/python3.12/site-packages/assignment2_custom_msgs_srvs/srv/_change_threshold.py
[0.600s] -- Up-to-date: /home/basmala/ros2_ws/install/assignment2_custom_msgs_srvs/lib/python3.12/site-packages/assignment2_custom_msgs_srvs/srv/__init__.py
[0.600s] -- Up-to-date: /home/basmala/ros2_ws/install/assignment2_custom_msgs_srvs/lib/python3.12/site-packages/assignment2_custom_msgs_srvs/_assignment2_custom_msgs_srvs_s.ep.rosidl_typesupport_c.c
[0.601s] -- Up-to-date: /home/basmala/ros2_ws/install/assignment2_custom_msgs_srvs/lib/python3.12/site-packages/assignment2_custom_msgs_srvs/assignment2_custom_msgs_srvs_s__rosidl_typesupport_introspection_c.so
[0.601s] -- Up-to-date: /home/basmala/ros2_ws/install/assignment2_custom_msgs_srvs/lib/python3.12/site-packages/assignment2_custom_msgs_srvs/__init__.py
[0.601s] -- Up-to-date: /home/basmala/ros2_ws/install/assignment2_custom_msgs_srvs/lib/python3.12/site-packages/assignment2_custom_msgs_srvs/msg
[0.601s] -- Up-to-date: /home/basmala/ros2_ws/install/assignment2_custom_msgs_srvs/lib/python3.12/site-packages/assignment2_custom_msgs_srvs/msg/_obstacle.py
[0.602s] -- Up-to-date: /home/basmala/ros2_ws/install/assignment2_custom_msgs_srvs/lib/python3.12/site-packages/assignment2_custom_msgs_srvs/msg/_obstacle_s.c
[0.602s] -- Up-to-date: /home/basmala/ros2_ws/install/assignment2_custom_msgs_srvs/lib/python3.12/site-packages/assignment2_custom_msgs_srvs/msg/__init__.py
[0.602s] -- Up-to-date: /home/basmala/ros2_ws/install/assignment2_custom_msgs_srvs/lib/python3.12/site-packages/assignment2_custom_msgs_srvs/_assignment2_custom_msgs_srvs_s.ep.rosidl_typesupport_introspection_c.c
[0.644s] Listing '/home/basmala/ros2_ws/install/assignment2_custom_msgs_srvs/lib/python3.12/site-packages/assignment2_custom_msgs_srvs'...
[0.645s] Listing '/home/basmala/ros2_ws/install/assignment2_custom_msgs_srvs/lib/python3.12/site-packages/assignment2_custom_msgs_srvs/msg'...
[0.645s] Listing '/home/basmala/ros2_ws/install/assignment2_custom_msgs_srvs/lib/python3.12/site-packages/assignment2_custom_msgs_srvs/srv'...
[0.651s] -- Up-to-date: /home/basmala/ros2_ws/install/assignment2_custom_msgs_srvs/lib/python3.12/site-packages/assignment2_custom_msgs_srvs/assignment2_custom_msgs_srvs_s__rosidl_typesupport_fastrtps_c.so
[0.651s] -- Up-to-date: /home/basmala/ros2_ws/install/assignment2_custom_msgs_srvs/lib/python3.12/site-packages/assignment2_custom_msgs_srvs/assignment2_custom_msgs_srvs_s__rosidl_typesupport_introspection_c.so
[0.651s] -- Up-to-date: /home/basmala/ros2_ws/install/assignment2_custom_msgs_srvs/lib/python3.12/site-packages/assignment2_custom_msgs_srvs/assignment2_custom_msgs_srvs_s__rosidl_typesupport_c.so
[0.652s] -- Up-to-date: /home/basmala/ros2_ws/install/assignment2_custom_msgs_srvs/lib/libassignment2_custom_msgs_srvs__rosidl_generator_py.so
[0.652s] -- Up-to-date: /home/basmala/ros2_ws/install/assignment2_custom_msgs_srvs/share/assignment2_custom_msgs_srvs/msg/Obstacle.idl
[0.652s] -- Up-to-date: /home/basmala/ros2_ws/install/assignment2_custom_msgs_srvs/share/assignment2_custom_msgs_srvs/srv/AverageVelocities.idl
[0.652s] -- Up-to-date: /home/basmala/ros2_ws/install/assignment2_custom_msgs_srvs/share/assignment2_custom_msgs_srvs/srv/ChangeThreshold.idl
[0.652s] -- Up-to-date: /home/basmala/ros2_ws/install/assignment2_custom_msgs_srvs/share/assignment2_custom_msgs_srvs/msg/Obstacle.msg
[0.652s] -- Up-to-date: /home/basmala/ros2_ws/install/assignment2_custom_msgs_srvs/share/assignment2_custom_msgs_srvs/srv/AverageVelocities.srv
[0.653s] -- Up-to-date: /home/basmala/ros2_ws/install/assignment2_custom_msgs_srvs/share/assignment2_custom_msgs_srvs/srv/ChangeThreshold.srv
[0.653s] -- Up-to-date: /home/basmala/ros2_ws/install/assignment2_custom_msgs_srvs/share/ament_index/resource_index/package_run_dependencies/assignment2_custom_msgs_srvs
[0.653s] -- Up-to-date: /home/basmala/ros2_ws/install/assignment2_custom_msgs_srvs/share/ament_index/resource_index/parent_prefix_path/assignment2_custom_msgs_srvs
[0.653s] -- Up-to-date: /home/basmala/ros2_ws/install/assignment2_custom_msgs_srvs/share/assignment2_custom_msgs_srvs/environment/ament_prefix_path.sh
[0.653s] -- Up-to-date: /home/basmala/ros2_ws/install/assignment2_custom_msgs_srvs/share/assignment2_custom_msgs_srvs/environment/ament_prefix_path.dsv
[0.653s] -- Up-to-date: /home/basmala/ros2_ws/install/assignment2_custom_msgs_srvs/share/assignment2_custom_msgs_srvs/environment/path.sh
[0.653s] -- Up-to-date: /home/basmala/ros2_ws/install/assignment2_custom_msgs_srvs/share/assignment2_custom_msgs_srvs/environment/path.dsv
[0.654s] -- Up-to-date: /home/basmala/ros2_ws/install/assignment2_custom_msgs_srvs/share/assignment2_custom_msgs_srvs/local_setup.bash
[0.654s] -- Up-to-date: /home/basmala/ros2_ws/install/assignment2_custom_msgs_srvs/share/assignment2_custom_msgs_srvs/local_setup.sh
[0.654s] -- Up-to-date: /home/basmala/ros2_ws/install/assignment2_custom_msgs_srvs/share/assignment2_custom_msgs_srvs/local_setup.zsh
[0.654s] -- Up-to-date: /home/basmala/ros2_ws/install/assignment2_custom_msgs_srvs/share/assignment2_custom_msgs_srvs/local_setup.dsv
[0.654s] -- Installing: /home/basmala/ros2_ws/install/assignment2_custom_msgs_srvs/share/assignment2_custom_msgs_srvs/package.dsv
[0.654s] -- Up-to-date: /home/basmala/ros2_ws/install/assignment2_custom_msgs_srvs/share/ament_index/resource_index/packages/assignment2_custom_msgs_srvs
[0.654s] -- Up-to-date: /home/basmala/ros2_ws/install/assignment2_custom_msgs_srvs/share/assignment2_custom_msgs_srvs/cmake/export_assignment2_custom_msgs_srvs__rosidl_generator_cExport.cmake
[0.654s] -- Up-to-date: /home/basmala/ros2_ws/install/assignment2_custom_msgs_srvs/share/assignment2_custom_msgs_srvs/cmake/export_assignment2_custom_msgs_srvs__rosidl_generator_cExport-noconfig.cmake
[0.655s] -- Up-to-date: /home/basmala/ros2_ws/install/assignment2_custom_msgs_srvs/share/assignment2_custom_msgs_srvs/cmake/export_assignment2_custom_msgs_srvs__rosidl_typesupport_fastrtps_cExport.cmake
[0.655s] -- Up-to-date: /home/basmala/ros2_ws/install/assignment2_custom_msgs_srvs/share/assignment2_custom_msgs_srvs/cmake/export_assignment2_custom_msgs_srvs__rosidl_typesupport_fastrtps_cExport-noconfig.cmake
[0.655s] -- Up-to-date: /home/basmala/ros2_ws/install/assignment2_custom_msgs_srvs/share/assignment2_custom_msgs_srvs/cmake/assignment2_custom_msgs_srvs__rosidl_typesupport_introspection_cExport.cmake
[0.655s] -- Up-to-date: /home/basmala/ros2_ws/install/assignment2_custom_msgs_srvs/share/assignment2_custom_msgs_srvs/cmake/assignment2_custom_msgs_srvs__rosidl_typesupport_introspection_cExport-noconfig.cmake
[0.655s] -- Up-to-date: /home/basmala/ros2_ws/install/assignment2_custom_msgs_srvs/share/assignment2_custom_msgs_srvs/cmake/assignment2_custom_msgs_srvs__rosidl_typesupport_cExport.cmake
[0.655s] -- Up-to-date: /home/basmala/ros2_ws/install/assignment2_custom_msgs_srvs/share/assignment2_custom_msgs_srvs/cmake/assignment2_custom_msgs_srvs__rosidl_typesupport_cExport-noconfig.cmake
[0.656s] -- Up-to-date: /home/basmala/ros2_ws/install/assignment2_custom_msgs_srvs/share/assignment2_custom_msgs_srvs/cmake/export_assignment2_custom_msgs_srvs__rosidl_generator_cppExport.cmake
[0.656s] -- Up-to-date: /home/basmala/ros2_ws/install/assignment2_custom_msgs_srvs/share/assignment2_custom_msgs_srvs/cmake/export_assignment2_custom_msgs_srvs__rosidl_typesupport_fastrtps_cppExport.cmake
[0.657s] -- Up-to-date: /home/basmala/ros2_ws/install/assignment2_custom_msgs_srvs/share/assignment2_custom_msgs_srvs/cmake/export_assignment2_custom_msgs_srvs__rosidl_typesupport_fastrtps_cppExport-noconfig.cmake
[0.658s] -- Up-to-date: /home/basmala/ros2_ws/install/assignment2_custom_msgs_srvs/share/assignment2_custom_msgs_srvs/cmake/assignment2_custom_msgs_srvs__rosidl_typesupport_introspection_cppExport.cmake
[0.658s] -- Up-to-date: /home/basmala/ros2_ws/install/assignment2_custom_msgs_srvs/share/assignment2_custom_msgs_srvs/cmake/assignment2_custom_msgs_srvs__rosidl_typesupport_introspection_cppExport-noconfig.cmake
[0.658s] -- Up-to-date: /home/basmala/ros2_ws/install/assignment2_custom_msgs_srvs/share/assignment2_custom_msgs_srvs/cmake/assignment2_custom_msgs_srvs__rosidl_typesupport_cppExport.cmake
[0.658s] -- Up-to-date: /home/basmala/ros2_ws/install/assignment2_custom_msgs_srvs/share/assignment2_custom_msgs_srvs/cmake/assignment2_custom_msgs_srvs__rosidl_typesupport_cppExport-noconfig.cmake
[0.658s] -- Up-to-date: /home/basmala/ros2_ws/install/assignment2_custom_msgs_srvs/share/assignment2_custom_msgs_srvs/cmake/export_assignment2_custom_msgs_srvs__rosidl_generator_pyExport.cmake
[0.659s] -- Up-to-date: /home/basmala/ros2_ws/install/assignment2_custom_msgs_srvs/share/assignment2_custom_msgs_srvs/cmake/export_assignment2_custom_msgs_srvs__rosidl_generator_pyExport-noconfig.cmake
[0.659s] -- Up-to-date: /home/basmala/ros2_ws/install/assignment2_custom_msgs_srvs/share/assignment2_custom_msgs_srvs/cmake/rosidl_cmake-extras.cmake
[0.660s] -- Up-to-date: /home/basmala/ros2_ws/install/assignment2_custom_msgs_srvs/share/assignment2_custom_msgs_srvs/cmake/ament_cmake_export_dependencies-extras.cmake
[0.660s] -- Up-to-date: /home/basmala/ros2_ws/install/assignment2_custom_msgs_srvs/share/assignment2_custom_msgs_srvs/cmake/ament_cmake_export_include_directories-extras.cmake
[0.660s] -- Up-to-date: /home/basmala/ros2_ws/install/assignment2_custom_msgs_srvs/share/assignment2_custom_msgs_srvs/cmake/ament_cmake_export_libraries-extras.cmake
[0.660s] -- Up-to-date: /home/basmala/ros2_ws/install/assignment2_custom_msgs_srvs/share/assignment2_custom_msgs_srvs/cmake/ament_cmake_export_targets-extras.cmake
[0.661s] -- Up-to-date: /home/basmala/ros2_ws/install/assignment2_custom_msgs_srvs/share/assignment2_custom_msgs_srvs/cmake/rosidl_cmake_export_typesupport_targets-extras.cmake
[0.661s] -- Up-to-date: /home/basmala/ros2_ws/install/assignment2_custom_msgs_srvs/share/assignment2_custom_msgs_srvs/cmake/rosidl_cmake_export_typesupport_libraries-extras.cmake
[0.661s] -- Up-to-date: /home/basmala/ros2_ws/install/assignment2_custom_msgs_srvs/share/assignment2_custom_msgs_srvs/cmake/assignment2_custom_msgs_srvsConfig.cmake
[0.661s] -- Up-to-date: /home/basmala/ros2_ws/install/assignment2_custom_msgs_srvs/share/assignment2_custom_msgs_srvs/cmake/assignment2_custom_msgs_srvsConfig-version.cmake
[0.662s] -- Up-to-date: /home/basmala/ros2_ws/install/assignment2_custom_msgs_srvs/share/assignment2_custom_msgs_srvs/package.xml
[0.662s] Invoked command in '/home/basmala/ros2_ws/build/assignment2_custom_msgs_srvs' returned '0': CMAKE_PREFIX_PATH=${CMAKE_PREFIX_PATH}:/home/basmala/ros2_ws/install/first_package_python:/opt/ros/jazzy DEBUGINFOD_URLS=https://debuginfod.ubuntu.com /usr/bin/cmake --install /home/basmala/ros2_ws/build/assignment2_custom_msgs_srvs
