[0.012s] Invoking command in '/home/basmala/ros2_ws/build/cpp_tf2_pkg': CMAKE_PREFIX_PATH=${CMAKE_PREFIX_PATH}:/home/basmala/ros2_ws/install/python_tf2_pkg:/home/basmala/ros2_ws/install/turtle_action_client:/home/basmala/ros2_ws/install/first_package_python:/home/basmala/ros2_ws/install/fibonacci:/opt/ros/jazzy DEBUGINFOD_URLS=https://debuginfod.ubuntu.com /usr/bin/cmake --build /home/basmala/ros2_ws/build/cpp_tf2_pkg -- -j20 -l20
[0.061s] -- Found ament_cmake: 2.5.5 (/opt/ros/jazzy/share/ament_cmake/cmake)
[0.440s] -- Found rclcpp: 28.1.16 (/opt/ros/jazzy/share/rclcpp/cmake)
[0.497s] -- Found rosidl_generator_c: 4.6.7 (/opt/ros/jazzy/share/rosidl_generator_c/cmake)
[0.508s] -- Found rosidl_generator_cpp: 4.6.7 (/opt/ros/jazzy/share/rosidl_generator_cpp/cmake)
[0.524s] -- Using all available rosidl_typesupport_c: rosidl_typesupport_fastrtps_c;rosidl_typesupport_introspection_c
[0.534s] -- Using all available rosidl_typesupport_cpp: rosidl_typesupport_fastrtps_cpp;rosidl_typesupport_introspection_cpp
[0.579s] -- Found rmw_implementation_cmake: 7.3.3 (/opt/ros/jazzy/share/rmw_implementation_cmake/cmake)
[0.581s] -- Found rmw_fastrtps_cpp: 8.4.3 (/opt/ros/jazzy/share/rmw_fastrtps_cpp/cmake)
[0.668s] -- Using RMW implementation 'rmw_fastrtps_cpp' as default
[0.780s] -- Found tf2: 0.36.19 (/opt/ros/jazzy/share/tf2/cmake)
[0.804s] -- Found tf2_ros: 0.36.20 (/opt/ros/jazzy/share/tf2_ros/cmake)
[0.891s] -- Found tf2_geometry_msgs: 0.36.19 (/opt/ros/jazzy/share/tf2_geometry_msgs/cmake)
[0.893s] -- Found eigen3_cmake_module: 0.3.0 (/opt/ros/jazzy/share/eigen3_cmake_module/cmake)
[0.894s] -- Ensuring Eigen3 include directory is part of orocos-kdl CMake target
[0.896s] -- Found turtlesim: 1.8.3 (/opt/ros/jazzy/share/turtlesim/cmake)
[0.926s] -- Found ament_lint_auto: 0.17.4 (/opt/ros/jazzy/share/ament_lint_auto/cmake)
[0.995s] -- Added test 'cppcheck' to perform static code analysis on C / C++ code
[0.996s] -- Configured cppcheck include dirs: 
[0.996s] -- Configured cppcheck exclude dirs and/or files: 
[0.996s] -- Added test 'lint_cmake' to check CMake code style
[0.997s] -- Added test 'uncrustify' to check C / C++ code style
[0.997s] -- Configured uncrustify additional arguments: 
[0.997s] -- Added test 'xmllint' to check XML markup files
[0.998s] -- Configuring done (0.9s)
[1.023s] -- Generating done (0.0s)
[1.036s] -- Build files have been written to: /home/basmala/ros2_ws/build/cpp_tf2_pkg
[1.098s] [ 16%] [32mBuilding CXX object CMakeFiles/broadcaster.dir/src/broadcaster.cpp.o[0m
[1.117s] [ 33%] [32mBuilding CXX object CMakeFiles/static_broad.dir/src/static_broad.cpp.o[0m
[1.127s] [ 66%] Built target simple_quat
[4.508s] [ 83%] [32m[1mLinking CXX executable static_broad[0m
[4.687s] [ 83%] Built target static_broad
[7.414s] [100%] [32m[1mLinking CXX executable broadcaster[0m
[7.720s] [100%] Built target broadcaster
[7.731s] Invoked command in '/home/basmala/ros2_ws/build/cpp_tf2_pkg' returned '0': CMAKE_PREFIX_PATH=${CMAKE_PREFIX_PATH}:/home/basmala/ros2_ws/install/python_tf2_pkg:/home/basmala/ros2_ws/install/turtle_action_client:/home/basmala/ros2_ws/install/first_package_python:/home/basmala/ros2_ws/install/fibonacci:/opt/ros/jazzy DEBUGINFOD_URLS=https://debuginfod.ubuntu.com /usr/bin/cmake --build /home/basmala/ros2_ws/build/cpp_tf2_pkg -- -j20 -l20
[7.747s] Invoking command in '/home/basmala/ros2_ws/build/cpp_tf2_pkg': CMAKE_PREFIX_PATH=${CMAKE_PREFIX_PATH}:/home/basmala/ros2_ws/install/python_tf2_pkg:/home/basmala/ros2_ws/install/turtle_action_client:/home/basmala/ros2_ws/install/first_package_python:/home/basmala/ros2_ws/install/fibonacci:/opt/ros/jazzy DEBUGINFOD_URLS=https://debuginfod.ubuntu.com /usr/bin/cmake --install /home/basmala/ros2_ws/build/cpp_tf2_pkg
[7.762s] -- Install configuration: ""
[7.763s] -- Up-to-date: /home/basmala/ros2_ws/install/cpp_tf2_pkg/lib/cpp_tf2_pkg/simple_quat
[7.763s] -- Installing: /home/basmala/ros2_ws/install/cpp_tf2_pkg/lib/cpp_tf2_pkg/static_broad
[7.764s] -- Set non-toolchain portion of runtime path of "/home/basmala/ros2_ws/install/cpp_tf2_pkg/lib/cpp_tf2_pkg/static_broad" to ""
[7.764s] -- Installing: /home/basmala/ros2_ws/install/cpp_tf2_pkg/lib/cpp_tf2_pkg/broadcaster
[7.769s] -- Set non-toolchain portion of runtime path of "/home/basmala/ros2_ws/install/cpp_tf2_pkg/lib/cpp_tf2_pkg/broadcaster" to ""
[7.769s] -- Up-to-date: /home/basmala/ros2_ws/install/cpp_tf2_pkg/share/ament_index/resource_index/package_run_dependencies/cpp_tf2_pkg
[7.769s] -- Up-to-date: /home/basmala/ros2_ws/install/cpp_tf2_pkg/share/ament_index/resource_index/parent_prefix_path/cpp_tf2_pkg
[7.769s] -- Up-to-date: /home/basmala/ros2_ws/install/cpp_tf2_pkg/share/cpp_tf2_pkg/environment/ament_prefix_path.sh
[7.769s] -- Up-to-date: /home/basmala/ros2_ws/install/cpp_tf2_pkg/share/cpp_tf2_pkg/environment/ament_prefix_path.dsv
[7.769s] -- Up-to-date: /home/basmala/ros2_ws/install/cpp_tf2_pkg/share/cpp_tf2_pkg/environment/path.sh
[7.769s] -- Up-to-date: /home/basmala/ros2_ws/install/cpp_tf2_pkg/share/cpp_tf2_pkg/environment/path.dsv
[7.769s] -- Up-to-date: /home/basmala/ros2_ws/install/cpp_tf2_pkg/share/cpp_tf2_pkg/local_setup.bash
[7.769s] -- Up-to-date: /home/basmala/ros2_ws/install/cpp_tf2_pkg/share/cpp_tf2_pkg/local_setup.sh
[7.769s] -- Up-to-date: /home/basmala/ros2_ws/install/cpp_tf2_pkg/share/cpp_tf2_pkg/local_setup.zsh
[7.770s] -- Up-to-date: /home/basmala/ros2_ws/install/cpp_tf2_pkg/share/cpp_tf2_pkg/local_setup.dsv
[7.770s] -- Installing: /home/basmala/ros2_ws/install/cpp_tf2_pkg/share/cpp_tf2_pkg/package.dsv
[7.770s] -- Up-to-date: /home/basmala/ros2_ws/install/cpp_tf2_pkg/share/ament_index/resource_index/packages/cpp_tf2_pkg
[7.770s] -- Up-to-date: /home/basmala/ros2_ws/install/cpp_tf2_pkg/share/cpp_tf2_pkg/cmake/cpp_tf2_pkgConfig.cmake
[7.770s] -- Up-to-date: /home/basmala/ros2_ws/install/cpp_tf2_pkg/share/cpp_tf2_pkg/cmake/cpp_tf2_pkgConfig-version.cmake
[7.771s] -- Up-to-date: /home/basmala/ros2_ws/install/cpp_tf2_pkg/share/cpp_tf2_pkg/package.xml
[7.772s] Invoked command in '/home/basmala/ros2_ws/build/cpp_tf2_pkg' returned '0': CMAKE_PREFIX_PATH=${CMAKE_PREFIX_PATH}:/home/basmala/ros2_ws/install/python_tf2_pkg:/home/basmala/ros2_ws/install/turtle_action_client:/home/basmala/ros2_ws/install/first_package_python:/home/basmala/ros2_ws/install/fibonacci:/opt/ros/jazzy DEBUGINFOD_URLS=https://debuginfod.ubuntu.com /usr/bin/cmake --install /home/basmala/ros2_ws/build/cpp_tf2_pkg
