[0.409s] Invoking command in '/home/basmala/ros2_ws/build/mecanum_drive_controller': CMAKE_PREFIX_PATH=${CMAKE_PREFIX_PATH}:/home/basmala/ros2_ws/install/first_package_python:/opt/ros/jazzy DEBUGINFOD_URLS=https://debuginfod.ubuntu.com /usr/bin/cmake --build /home/basmala/ros2_ws/build/mecanum_drive_controller -- -j20 -l20
[0.582s] [ 33%] Built target mecanum_drive_controller_parameters
[0.583s] [100%] Built target mecanum_drive_controller
[0.663s] Invoked command in '/home/basmala/ros2_ws/build/mecanum_drive_controller' returned '0': CMAKE_PREFIX_PATH=${CMAKE_PREFIX_PATH}:/home/basmala/ros2_ws/install/first_package_python:/opt/ros/jazzy DEBUGINFOD_URLS=https://debuginfod.ubuntu.com /usr/bin/cmake --build /home/basmala/ros2_ws/build/mecanum_drive_controller -- -j20 -l20
[0.664s] Invoking command in '/home/basmala/ros2_ws/build/mecanum_drive_controller': CMAKE_PREFIX_PATH=${CMAKE_PREFIX_PATH}:/home/basmala/ros2_ws/install/first_package_python:/opt/ros/jazzy DEBUGINFOD_URLS=https://debuginfod.ubuntu.com /usr/bin/cmake --install /home/basmala/ros2_ws/build/mecanum_drive_controller
[0.682s] -- Install configuration: ""
[0.682s] -- Up-to-date: /home/basmala/ros2_ws/install/mecanum_drive_controller/include/mecanum_drive_controller
[0.683s] -- Up-to-date: /home/basmala/ros2_ws/install/mecanum_drive_controller/include/mecanum_drive_controller/mecanum_drive_controller_parameters.hpp
[0.683s] -- Up-to-date: /home/basmala/ros2_ws/install/mecanum_drive_controller/share/mecanum_drive_controller/mecanum_drive_plugin.xml
[0.683s] -- Up-to-date: /home/basmala/ros2_ws/install/mecanum_drive_controller/include/mecanum_drive_controller
[0.684s] -- Up-to-date: /home/basmala/ros2_ws/install/mecanum_drive_controller/include/mecanum_drive_controller/mecanum_drive_controller
[0.684s] -- Up-to-date: /home/basmala/ros2_ws/install/mecanum_drive_controller/include/mecanum_drive_controller/mecanum_drive_controller/speed_limiter.hpp
[0.684s] -- Up-to-date: /home/basmala/ros2_ws/install/mecanum_drive_controller/include/mecanum_drive_controller/mecanum_drive_controller/mecanum_drive_controller.hpp
[0.685s] -- Up-to-date: /home/basmala/ros2_ws/install/mecanum_drive_controller/include/mecanum_drive_controller/mecanum_drive_controller/visibility_control.h
[0.685s] -- Up-to-date: /home/basmala/ros2_ws/install/mecanum_drive_controller/include/mecanum_drive_controller/mecanum_drive_controller/odometry.hpp
[0.686s] -- Up-to-date: /home/basmala/ros2_ws/install/mecanum_drive_controller/lib/libmecanum_drive_controller.so
[0.686s] -- Up-to-date: /home/basmala/ros2_ws/install/mecanum_drive_controller/share/mecanum_drive_controller/environment/library_path.sh
[0.686s] -- Up-to-date: /home/basmala/ros2_ws/install/mecanum_drive_controller/share/mecanum_drive_controller/environment/library_path.dsv
[0.687s] -- Up-to-date: /home/basmala/ros2_ws/install/mecanum_drive_controller/share/ament_index/resource_index/package_run_dependencies/mecanum_drive_controller
[0.687s] -- Up-to-date: /home/basmala/ros2_ws/install/mecanum_drive_controller/share/ament_index/resource_index/parent_prefix_path/mecanum_drive_controller
[0.688s] -- Up-to-date: /home/basmala/ros2_ws/install/mecanum_drive_controller/share/mecanum_drive_controller/environment/ament_prefix_path.sh
[0.688s] -- Up-to-date: /home/basmala/ros2_ws/install/mecanum_drive_controller/share/mecanum_drive_controller/environment/ament_prefix_path.dsv
[0.688s] -- Up-to-date: /home/basmala/ros2_ws/install/mecanum_drive_controller/share/mecanum_drive_controller/environment/path.sh
[0.688s] -- Up-to-date: /home/basmala/ros2_ws/install/mecanum_drive_controller/share/mecanum_drive_controller/environment/path.dsv
[0.689s] -- Up-to-date: /home/basmala/ros2_ws/install/mecanum_drive_controller/share/mecanum_drive_controller/local_setup.bash
[0.689s] -- Up-to-date: /home/basmala/ros2_ws/install/mecanum_drive_controller/share/mecanum_drive_controller/local_setup.sh
[0.689s] -- Up-to-date: /home/basmala/ros2_ws/install/mecanum_drive_controller/share/mecanum_drive_controller/local_setup.zsh
[0.689s] -- Up-to-date: /home/basmala/ros2_ws/install/mecanum_drive_controller/share/mecanum_drive_controller/local_setup.dsv
[0.689s] -- Installing: /home/basmala/ros2_ws/install/mecanum_drive_controller/share/mecanum_drive_controller/package.dsv
[0.696s] -- Up-to-date: /home/basmala/ros2_ws/install/mecanum_drive_controller/share/ament_index/resource_index/packages/mecanum_drive_controller
[0.696s] -- Up-to-date: /home/basmala/ros2_ws/install/mecanum_drive_controller/share/ament_index/resource_index/controller_interface__pluginlib__plugin/mecanum_drive_controller
[0.696s] -- Up-to-date: /home/basmala/ros2_ws/install/mecanum_drive_controller/share/mecanum_drive_controller/cmake/export_mecanum_drive_controllerExport.cmake
[0.696s] -- Up-to-date: /home/basmala/ros2_ws/install/mecanum_drive_controller/share/mecanum_drive_controller/cmake/export_mecanum_drive_controllerExport-noconfig.cmake
[0.696s] -- Up-to-date: /home/basmala/ros2_ws/install/mecanum_drive_controller/share/mecanum_drive_controller/cmake/ament_cmake_export_dependencies-extras.cmake
[0.696s] -- Up-to-date: /home/basmala/ros2_ws/install/mecanum_drive_controller/share/mecanum_drive_controller/cmake/ament_cmake_export_targets-extras.cmake
[0.697s] -- Up-to-date: /home/basmala/ros2_ws/install/mecanum_drive_controller/share/mecanum_drive_controller/cmake/mecanum_drive_controllerConfig.cmake
[0.697s] -- Up-to-date: /home/basmala/ros2_ws/install/mecanum_drive_controller/share/mecanum_drive_controller/cmake/mecanum_drive_controllerConfig-version.cmake
[0.697s] -- Up-to-date: /home/basmala/ros2_ws/install/mecanum_drive_controller/share/mecanum_drive_controller/package.xml
[0.717s] Invoked command in '/home/basmala/ros2_ws/build/mecanum_drive_controller' returned '0': CMAKE_PREFIX_PATH=${CMAKE_PREFIX_PATH}:/home/basmala/ros2_ws/install/first_package_python:/opt/ros/jazzy DEBUGINFOD_URLS=https://debuginfod.ubuntu.com /usr/bin/cmake --install /home/basmala/ros2_ws/build/mecanum_drive_controller
