[0.805s] Invoking command in '/home/basmala/ros2_ws/turtle_action_client': DEBUGINFOD_URLS=https://debuginfod.ubuntu.com PYTHONPATH=/home/basmala/ros2_ws/build/turtle_action_client/prefix_override:/usr/lib/python3/dist-packages/colcon_core/task/python/colcon_distutils_commands:/home/basmala/ros2_ws/install/turtle_action_client/lib/python3.12/site-packages:${PYTHONPATH} /usr/bin/python3 -W ignore:setup.py install is deprecated -W ignore:easy_install command is deprecated setup.py egg_info --egg-base ../build/turtle_action_client build --build-base /home/basmala/ros2_ws/build/turtle_action_client/build install --record /home/basmala/ros2_ws/build/turtle_action_client/install.log --single-version-externally-managed install_data
[1.075s] running egg_info
[1.086s] writing ../build/turtle_action_client/turtle_action_client.egg-info/PKG-INFO
[1.086s] writing dependency_links to ../build/turtle_action_client/turtle_action_client.egg-info/dependency_links.txt
[1.087s] writing entry points to ../build/turtle_action_client/turtle_action_client.egg-info/entry_points.txt
[1.087s] writing requirements to ../build/turtle_action_client/turtle_action_client.egg-info/requires.txt
[1.087s] writing top-level names to ../build/turtle_action_client/turtle_action_client.egg-info/top_level.txt
[1.108s] reading manifest file '../build/turtle_action_client/turtle_action_client.egg-info/SOURCES.txt'
[1.109s] writing manifest file '../build/turtle_action_client/turtle_action_client.egg-info/SOURCES.txt'
[1.109s] running build
[1.110s] running build_py
[1.110s] running install
[1.118s] running install_lib
[1.132s] running install_data
[1.132s] running install_egg_info
[1.144s] removing '/home/basmala/ros2_ws/install/turtle_action_client/lib/python3.12/site-packages/turtle_action_client-0.0.0-py3.12.egg-info' (and everything under it)
[1.145s] Copying ../build/turtle_action_client/turtle_action_client.egg-info to /home/basmala/ros2_ws/install/turtle_action_client/lib/python3.12/site-packages/turtle_action_client-0.0.0-py3.12.egg-info
[1.145s] running install_scripts
[1.228s] Installing complete_min_act_client script to /home/basmala/ros2_ws/install/turtle_action_client/lib/turtle_action_client
[1.228s] Installing minimal_action_client script to /home/basmala/ros2_ws/install/turtle_action_client/lib/turtle_action_client
[1.228s] writing list of installed files to '/home/basmala/ros2_ws/build/turtle_action_client/install.log'
[1.273s] Invoked command in '/home/basmala/ros2_ws/turtle_action_client' returned '0': DEBUGINFOD_URLS=https://debuginfod.ubuntu.com PYTHONPATH=/home/basmala/ros2_ws/build/turtle_action_client/prefix_override:/usr/lib/python3/dist-packages/colcon_core/task/python/colcon_distutils_commands:/home/basmala/ros2_ws/install/turtle_action_client/lib/python3.12/site-packages:${PYTHONPATH} /usr/bin/python3 -W ignore:setup.py install is deprecated -W ignore:easy_install command is deprecated setup.py egg_info --egg-base ../build/turtle_action_client build --build-base /home/basmala/ros2_ws/build/turtle_action_client/build install --record /home/basmala/ros2_ws/build/turtle_action_client/install.log --single-version-externally-managed install_data
