[0.488s] Invoking command in '/home/basmala/ros2_ws/python_tf2_pkg': DEBUGINFOD_URLS=https://debuginfod.ubuntu.com PYTHONPATH=/home/basmala/ros2_ws/build/python_tf2_pkg/prefix_override:/usr/lib/python3/dist-packages/colcon_core/task/python/colcon_distutils_commands:/home/basmala/ros2_ws/install/python_tf2_pkg/lib/python3.12/site-packages:${PYTHONPATH} /usr/bin/python3 -W ignore:setup.py install is deprecated -W ignore:easy_install command is deprecated setup.py egg_info --egg-base ../build/python_tf2_pkg build --build-base /home/basmala/ros2_ws/build/python_tf2_pkg/build install --record /home/basmala/ros2_ws/build/python_tf2_pkg/install.log --single-version-externally-managed install_data
[0.652s] running egg_info
[0.663s] writing ../build/python_tf2_pkg/python_tf2_pkg.egg-info/PKG-INFO
[0.663s] writing dependency_links to ../build/python_tf2_pkg/python_tf2_pkg.egg-info/dependency_links.txt
[0.663s] writing entry points to ../build/python_tf2_pkg/python_tf2_pkg.egg-info/entry_points.txt
[0.663s] writing requirements to ../build/python_tf2_pkg/python_tf2_pkg.egg-info/requires.txt
[0.663s] writing top-level names to ../build/python_tf2_pkg/python_tf2_pkg.egg-info/top_level.txt
[0.684s] reading manifest file '../build/python_tf2_pkg/python_tf2_pkg.egg-info/SOURCES.txt'
[0.685s] writing manifest file '../build/python_tf2_pkg/python_tf2_pkg.egg-info/SOURCES.txt'
[0.685s] running build
[0.685s] running build_py
[0.685s] running install
[0.689s] running install_lib
[0.700s] running install_data
[0.700s] running install_egg_info
[0.712s] removing '/home/basmala/ros2_ws/install/python_tf2_pkg/lib/python3.12/site-packages/python_tf2_pkg-0.0.0-py3.12.egg-info' (and everything under it)
[0.712s] Copying ../build/python_tf2_pkg/python_tf2_pkg.egg-info to /home/basmala/ros2_ws/install/python_tf2_pkg/lib/python3.12/site-packages/python_tf2_pkg-0.0.0-py3.12.egg-info
[0.712s] running install_scripts
[0.788s] Installing simple_quaternion script to /home/basmala/ros2_ws/install/python_tf2_pkg/lib/python_tf2_pkg
[0.788s] writing list of installed files to '/home/basmala/ros2_ws/build/python_tf2_pkg/install.log'
[0.805s] Invoked command in '/home/basmala/ros2_ws/python_tf2_pkg' returned '0': DEBUGINFOD_URLS=https://debuginfod.ubuntu.com PYTHONPATH=/home/basmala/ros2_ws/build/python_tf2_pkg/prefix_override:/usr/lib/python3/dist-packages/colcon_core/task/python/colcon_distutils_commands:/home/basmala/ros2_ws/install/python_tf2_pkg/lib/python3.12/site-packages:${PYTHONPATH} /usr/bin/python3 -W ignore:setup.py install is deprecated -W ignore:easy_install command is deprecated setup.py egg_info --egg-base ../build/python_tf2_pkg build --build-base /home/basmala/ros2_ws/build/python_tf2_pkg/build install --record /home/basmala/ros2_ws/build/python_tf2_pkg/install.log --single-version-externally-managed install_data
