[2.026s] Invoking command in '/home/basmala/ros2_ws/first_package_python': DEBUGINFOD_URLS=https://debuginfod.ubuntu.com PYTHONPATH=/home/basmala/ros2_ws/build/first_package_python/prefix_override:/usr/lib/python3/dist-packages/colcon_core/task/python/colcon_distutils_commands:/home/basmala/ros2_ws/install/first_package_python/lib/python3.12/site-packages:${PYTHONPATH} /usr/bin/python3 -W ignore:setup.py install is deprecated -W ignore:easy_install command is deprecated setup.py egg_info --egg-base ../build/first_package_python build --build-base /home/basmala/ros2_ws/build/first_package_python/build install --record /home/basmala/ros2_ws/build/first_package_python/install.log --single-version-externally-managed install_data
[2.406s] running egg_info
[2.428s] writing ../build/first_package_python/first_package_python.egg-info/PKG-INFO
[2.429s] writing dependency_links to ../build/first_package_python/first_package_python.egg-info/dependency_links.txt
[2.429s] writing entry points to ../build/first_package_python/first_package_python.egg-info/entry_points.txt
[2.430s] writing requirements to ../build/first_package_python/first_package_python.egg-info/requires.txt
[2.430s] writing top-level names to ../build/first_package_python/first_package_python.egg-info/top_level.txt
[2.479s] reading manifest file '../build/first_package_python/first_package_python.egg-info/SOURCES.txt'
[2.480s] writing manifest file '../build/first_package_python/first_package_python.egg-info/SOURCES.txt'
[2.481s] running build
[2.481s] running build_py
[2.482s] running install
[2.491s] running install_lib
[2.516s] running install_data
[2.516s] running install_egg_info
[2.541s] removing '/home/basmala/ros2_ws/install/first_package_python/lib/python3.12/site-packages/first_package_python-0.0.0-py3.12.egg-info' (and everything under it)
[2.541s] Copying ../build/first_package_python/first_package_python.egg-info to /home/basmala/ros2_ws/install/first_package_python/lib/python3.12/site-packages/first_package_python-0.0.0-py3.12.egg-info
[2.542s] running install_scripts
[2.712s] Installing pub script to /home/basmala/ros2_ws/install/first_package_python/lib/first_package_python
[2.712s] Installing sub script to /home/basmala/ros2_ws/install/first_package_python/lib/first_package_python
[2.712s] writing list of installed files to '/home/basmala/ros2_ws/build/first_package_python/install.log'
