[0.014s] Invoking command in '/home/basmala/ros2_ws/build/first_package_cpp': CMAKE_PREFIX_PATH=${CMAKE_PREFIX_PATH}:/home/basmala/ros2_ws/install/turtle_action_client:/home/basmala/ros2_ws/install/first_package_python:/home/basmala/ros2_ws/install/fibonacci:/opt/ros/jazzy DEBUGINFOD_URLS=https://debuginfod.ubuntu.com /usr/bin/cmake --build /home/basmala/ros2_ws/build/first_package_cpp -- -j20 -l20
[0.059s] -- Found ament_cmake: 2.5.5 (/opt/ros/jazzy/share/ament_cmake/cmake)
[0.416s] -- Override CMake install command with custom implementation using symlinks instead of copying resources
[0.428s] -- Found rclcpp: 28.1.16 (/opt/ros/jazzy/share/rclcpp/cmake)
[0.469s] -- Found rosidl_generator_c: 4.6.7 (/opt/ros/jazzy/share/rosidl_generator_c/cmake)
[0.478s] -- Found rosidl_generator_cpp: 4.6.7 (/opt/ros/jazzy/share/rosidl_generator_cpp/cmake)
[0.487s] -- Using all available rosidl_typesupport_c: rosidl_typesupport_fastrtps_c;rosidl_typesupport_introspection_c
[0.499s] -- Using all available rosidl_typesupport_cpp: rosidl_typesupport_fastrtps_cpp;rosidl_typesupport_introspection_cpp
[0.558s] -- Found rmw_implementation_cmake: 7.3.3 (/opt/ros/jazzy/share/rmw_implementation_cmake/cmake)
[0.559s] -- Found rmw_fastrtps_cpp: 8.4.3 (/opt/ros/jazzy/share/rmw_fastrtps_cpp/cmake)
[0.640s] -- Using RMW implementation 'rmw_fastrtps_cpp' as default
[0.727s] -- Found std_msgs: 5.3.6 (/opt/ros/jazzy/share/std_msgs/cmake)
[0.736s] -- Found rclcpp_components: 28.1.16 (/opt/ros/jazzy/share/rclcpp_components/cmake)
[0.760s] -- Found ament_lint_auto: 0.17.4 (/opt/ros/jazzy/share/ament_lint_auto/cmake)
[0.903s] -- Added test 'cppcheck' to perform static code analysis on C / C++ code
[0.903s] -- Configured cppcheck include dirs: 
[0.903s] -- Configured cppcheck exclude dirs and/or files: 
[0.904s] -- Added test 'lint_cmake' to check CMake code style
[0.905s] -- Added test 'uncrustify' to check C / C++ code style
[0.905s] -- Configured uncrustify additional arguments: 
[0.905s] -- Added test 'xmllint' to check XML markup files
[0.907s] -- Configuring done (0.9s)
[0.943s] -- Generating done (0.0s)
[0.954s] -- Build files have been written to: /home/basmala/ros2_ws/build/first_package_cpp
[1.026s] [ 12%] [32mBuilding CXX object CMakeFiles/sub_component.dir/src/sub_component.cpp.o[0m
[1.035s] [ 37%] Built target pub
[1.038s] [ 50%] [32mBuilding CXX object CMakeFiles/pub_component.dir/src/pub_component.cpp.o[0m
[1.038s] [ 75%] Built target sub
[4.874s] [ 87%] [32m[1mLinking CXX shared library libpub_component.so[0m
[5.020s] [ 87%] Built target pub_component
[7.335s] [100%] [32m[1mLinking CXX shared library libsub_component.so[0m
[7.607s] [100%] Built target sub_component
[7.623s] Invoked command in '/home/basmala/ros2_ws/build/first_package_cpp' returned '0': CMAKE_PREFIX_PATH=${CMAKE_PREFIX_PATH}:/home/basmala/ros2_ws/install/turtle_action_client:/home/basmala/ros2_ws/install/first_package_python:/home/basmala/ros2_ws/install/fibonacci:/opt/ros/jazzy DEBUGINFOD_URLS=https://debuginfod.ubuntu.com /usr/bin/cmake --build /home/basmala/ros2_ws/build/first_package_cpp -- -j20 -l20
[7.640s] Invoking command in '/home/basmala/ros2_ws/build/first_package_cpp': CMAKE_PREFIX_PATH=${CMAKE_PREFIX_PATH}:/home/basmala/ros2_ws/install/turtle_action_client:/home/basmala/ros2_ws/install/first_package_python:/home/basmala/ros2_ws/install/fibonacci:/opt/ros/jazzy DEBUGINFOD_URLS=https://debuginfod.ubuntu.com /usr/bin/cmake --install /home/basmala/ros2_ws/build/first_package_cpp
[7.656s] -- Install configuration: ""
[7.657s] -- Execute custom install script
[7.657s] -- Up-to-date symlink: /home/basmala/ros2_ws/install/first_package_cpp/lib/first_package_cpp/pub
[7.658s] -- Up-to-date symlink: /home/basmala/ros2_ws/install/first_package_cpp/lib/first_package_cpp/sub
[7.658s] -- Up-to-date symlink: /home/basmala/ros2_ws/install/first_package_cpp/share/ament_index/resource_index/package_run_dependencies/first_package_cpp
[7.658s] -- Up-to-date symlink: /home/basmala/ros2_ws/install/first_package_cpp/share/ament_index/resource_index/parent_prefix_path/first_package_cpp
[7.658s] -- Up-to-date symlink: /home/basmala/ros2_ws/install/first_package_cpp/share/first_package_cpp/environment/ament_prefix_path.sh
[7.658s] -- Up-to-date symlink: /home/basmala/ros2_ws/install/first_package_cpp/share/first_package_cpp/environment/ament_prefix_path.dsv
[7.658s] -- Up-to-date symlink: /home/basmala/ros2_ws/install/first_package_cpp/share/first_package_cpp/environment/path.sh
[7.659s] -- Up-to-date symlink: /home/basmala/ros2_ws/install/first_package_cpp/share/first_package_cpp/environment/path.dsv
[7.659s] -- Up-to-date symlink: /home/basmala/ros2_ws/install/first_package_cpp/share/first_package_cpp/local_setup.bash
[7.659s] -- Up-to-date symlink: /home/basmala/ros2_ws/install/first_package_cpp/share/first_package_cpp/local_setup.sh
[7.659s] -- Up-to-date symlink: /home/basmala/ros2_ws/install/first_package_cpp/share/first_package_cpp/local_setup.zsh
[7.659s] -- Up-to-date symlink: /home/basmala/ros2_ws/install/first_package_cpp/share/first_package_cpp/local_setup.dsv
[7.659s] -- Symlinking: /home/basmala/ros2_ws/install/first_package_cpp/share/first_package_cpp/package.dsv
[7.675s] -- Up-to-date symlink: /home/basmala/ros2_ws/install/first_package_cpp/share/ament_index/resource_index/packages/first_package_cpp
[7.675s] -- Up-to-date symlink: /home/basmala/ros2_ws/install/first_package_cpp/share/ament_index/resource_index/rclcpp_components/first_package_cpp
[7.675s] -- Up-to-date symlink: /home/basmala/ros2_ws/install/first_package_cpp/share/first_package_cpp/cmake/ament_cmake_export_targets-extras.cmake
[7.676s] -- Up-to-date symlink: /home/basmala/ros2_ws/install/first_package_cpp/share/first_package_cpp/cmake/first_package_cppConfig.cmake
[7.676s] -- Up-to-date symlink: /home/basmala/ros2_ws/install/first_package_cpp/share/first_package_cpp/cmake/first_package_cppConfig-version.cmake
[7.676s] -- Up-to-date symlink: /home/basmala/ros2_ws/install/first_package_cpp/share/first_package_cpp/package.xml
[7.676s] -- Installing: /home/basmala/ros2_ws/install/first_package_cpp/lib/libpub_component.so
[7.678s] -- Set non-toolchain portion of runtime path of "/home/basmala/ros2_ws/install/first_package_cpp/lib/libpub_component.so" to ""
[7.678s] -- Installing: /home/basmala/ros2_ws/install/first_package_cpp/lib/libsub_component.so
[7.685s] -- Set non-toolchain portion of runtime path of "/home/basmala/ros2_ws/install/first_package_cpp/lib/libsub_component.so" to ""
[7.686s] -- Up-to-date: /home/basmala/ros2_ws/install/first_package_cpp/share/first_package_cpp/cmake/export_first_package_cpp_pub_componentExport.cmake
[7.686s] -- Up-to-date: /home/basmala/ros2_ws/install/first_package_cpp/share/first_package_cpp/cmake/export_first_package_cpp_pub_componentExport-noconfig.cmake
[7.686s] -- Installing: /home/basmala/ros2_ws/install/first_package_cpp/share/first_package_cpp/cmake/export_first_package_cpp_sub_componentExport.cmake
[7.686s] -- Installing: /home/basmala/ros2_ws/install/first_package_cpp/share/first_package_cpp/cmake/export_first_package_cpp_sub_componentExport-noconfig.cmake
[7.688s] Invoked command in '/home/basmala/ros2_ws/build/first_package_cpp' returned '0': CMAKE_PREFIX_PATH=${CMAKE_PREFIX_PATH}:/home/basmala/ros2_ws/install/turtle_action_client:/home/basmala/ros2_ws/install/first_package_python:/home/basmala/ros2_ws/install/fibonacci:/opt/ros/jazzy DEBUGINFOD_URLS=https://debuginfod.ubuntu.com /usr/bin/cmake --install /home/basmala/ros2_ws/build/first_package_cpp
