[0.011s] Invoking command in '/home/basmala/ros2_ws/build/turtle_action_cpp': CMAKE_PREFIX_PATH=${CMAKE_PREFIX_PATH}:/home/basmala/ros2_ws/install/turtle_action_client:/home/basmala/ros2_ws/install/first_package_python:/opt/ros/jazzy DEBUGINFOD_URLS=https://debuginfod.ubuntu.com /usr/bin/cmake /home/basmala/ros2_ws/turtle_action_cpp -DCMAKE_INSTALL_PREFIX=/home/basmala/ros2_ws/install/turtle_action_cpp
[0.036s] -- Found ament_cmake: 2.5.5 (/opt/ros/jazzy/share/ament_cmake/cmake)
[0.399s] -- Found rclcpp: 28.1.16 (/opt/ros/jazzy/share/rclcpp/cmake)
[0.459s] -- Found rosidl_generator_c: 4.6.7 (/opt/ros/jazzy/share/rosidl_generator_c/cmake)
[0.475s] -- Found rosidl_generator_cpp: 4.6.7 (/opt/ros/jazzy/share/rosidl_generator_cpp/cmake)
[0.495s] -- Using all available rosidl_typesupport_c: rosidl_typesupport_fastrtps_c;rosidl_typesupport_introspection_c
[0.511s] -- Using all available rosidl_typesupport_cpp: rosidl_typesupport_fastrtps_cpp;rosidl_typesupport_introspection_cpp
[0.559s] -- Found rmw_implementation_cmake: 7.3.3 (/opt/ros/jazzy/share/rmw_implementation_cmake/cmake)
[0.560s] -- Found rmw_fastrtps_cpp: 8.4.3 (/opt/ros/jazzy/share/rmw_fastrtps_cpp/cmake)
[0.644s] -- Using RMW implementation 'rmw_fastrtps_cpp' as default
[0.744s] -- Found rclcpp_action: 28.1.16 (/opt/ros/jazzy/share/rclcpp_action/cmake)
[0.800s] -- Found turtlesim: 1.8.3 (/opt/ros/jazzy/share/turtlesim/cmake)
[0.833s] -- Found ament_lint_auto: 0.17.4 (/opt/ros/jazzy/share/ament_lint_auto/cmake)
[0.912s] -- Added test 'cppcheck' to perform static code analysis on C / C++ code
[0.912s] -- Configured cppcheck include dirs: 
[0.913s] -- Configured cppcheck exclude dirs and/or files: 
[0.913s] -- Added test 'lint_cmake' to check CMake code style
[0.914s] -- Added test 'uncrustify' to check C / C++ code style
[0.914s] -- Configured uncrustify additional arguments: 
[0.915s] -- Added test 'xmllint' to check XML markup files
[0.916s] -- Configuring done (0.9s)
[0.934s] -- Generating done (0.0s)
[0.939s] -- Build files have been written to: /home/basmala/ros2_ws/build/turtle_action_cpp
[0.952s] Invoked command in '/home/basmala/ros2_ws/build/turtle_action_cpp' returned '0': CMAKE_PREFIX_PATH=${CMAKE_PREFIX_PATH}:/home/basmala/ros2_ws/install/turtle_action_client:/home/basmala/ros2_ws/install/first_package_python:/opt/ros/jazzy DEBUGINFOD_URLS=https://debuginfod.ubuntu.com /usr/bin/cmake /home/basmala/ros2_ws/turtle_action_cpp -DCMAKE_INSTALL_PREFIX=/home/basmala/ros2_ws/install/turtle_action_cpp
[0.953s] Invoking command in '/home/basmala/ros2_ws/build/turtle_action_cpp': CMAKE_PREFIX_PATH=${CMAKE_PREFIX_PATH}:/home/basmala/ros2_ws/install/turtle_action_client:/home/basmala/ros2_ws/install/first_package_python:/opt/ros/jazzy DEBUGINFOD_URLS=https://debuginfod.ubuntu.com /usr/bin/cmake --build /home/basmala/ros2_ws/build/turtle_action_cpp -- -j20 -l20
[1.037s] [ 50%] [32mBuilding CXX object CMakeFiles/rotate_absolute_client.dir/src/rotate_absolute_client.cpp.o[0m
[1.082s] [100%] [32m[1mLinking CXX executable rotate_absolute_client[0m
[1.263s] /usr/bin/ld: /usr/lib/gcc/x86_64-linux-gnu/13/../../../x86_64-linux-gnu/Scrt1.o: in function `_start':
[1.263s] (.text+0x1b): undefined reference to `main'
[1.265s] collect2: error: ld returned 1 exit status
[1.268s] gmake[2]: *** [CMakeFiles/rotate_absolute_client.dir/build.make:188: rotate_absolute_client] Error 1
[1.268s] gmake[1]: *** [CMakeFiles/Makefile2:137: CMakeFiles/rotate_absolute_client.dir/all] Error 2
[1.268s] gmake: *** [Makefile:146: all] Error 2
[1.272s] Invoked command in '/home/basmala/ros2_ws/build/turtle_action_cpp' returned '2': CMAKE_PREFIX_PATH=${CMAKE_PREFIX_PATH}:/home/basmala/ros2_ws/install/turtle_action_client:/home/basmala/ros2_ws/install/first_package_python:/opt/ros/jazzy DEBUGINFOD_URLS=https://debuginfod.ubuntu.com /usr/bin/cmake --build /home/basmala/ros2_ws/build/turtle_action_cpp -- -j20 -l20
