[0.749s] Invoking command in '/home/basmala/ros2_ws/python_tf2_pkg': DEBUGINFOD_URLS=https://debuginfod.ubuntu.com PYTHONPATH=/home/basmala/ros2_ws/build/python_tf2_pkg/prefix_override:/usr/lib/python3/dist-packages/colcon_core/task/python/colcon_distutils_commands:/home/basmala/ros2_ws/install/python_tf2_pkg/lib/python3.12/site-packages:${PYTHONPATH} /usr/bin/python3 -W ignore:setup.py install is deprecated -W ignore:easy_install command is deprecated setup.py egg_info --egg-base ../build/python_tf2_pkg build --build-base /home/basmala/ros2_ws/build/python_tf2_pkg/build install --record /home/basmala/ros2_ws/build/python_tf2_pkg/install.log --single-version-externally-managed install_data
[0.929s] running egg_info
[0.941s] writing ../build/python_tf2_pkg/python_tf2_pkg.egg-info/PKG-INFO
[0.941s] writing dependency_links to ../build/python_tf2_pkg/python_tf2_pkg.egg-info/dependency_links.txt
[0.942s] writing entry points to ../build/python_tf2_pkg/python_tf2_pkg.egg-info/entry_points.txt
[0.942s] writing requirements to ../build/python_tf2_pkg/python_tf2_pkg.egg-info/requires.txt
[0.942s] writing top-level names to ../build/python_tf2_pkg/python_tf2_pkg.egg-info/top_level.txt
[0.964s] reading manifest file '../build/python_tf2_pkg/python_tf2_pkg.egg-info/SOURCES.txt'
[0.965s] writing manifest file '../build/python_tf2_pkg/python_tf2_pkg.egg-info/SOURCES.txt'
[0.965s] running build
[0.965s] running build_py
[0.965s] copying python_tf2_pkg/broadcaster.py -> /home/basmala/ros2_ws/build/python_tf2_pkg/build/lib/python_tf2_pkg
[0.965s] running install
[0.969s] running install_lib
[0.980s] copying /home/basmala/ros2_ws/build/python_tf2_pkg/build/lib/python_tf2_pkg/broadcaster.py -> /home/basmala/ros2_ws/install/python_tf2_pkg/lib/python3.12/site-packages/python_tf2_pkg
[0.980s] byte-compiling /home/basmala/ros2_ws/install/python_tf2_pkg/lib/python3.12/site-packages/python_tf2_pkg/broadcaster.py to broadcaster.cpython-312.pyc
[0.981s] running install_data
[0.981s] creating /home/basmala/ros2_ws/install/python_tf2_pkg/share/python_tf2_pkg/launch
[0.981s] copying launch/broadcast.lanuch.py -> /home/basmala/ros2_ws/install/python_tf2_pkg/share/python_tf2_pkg/launch
[0.981s] running install_egg_info
[0.993s] removing '/home/basmala/ros2_ws/install/python_tf2_pkg/lib/python3.12/site-packages/python_tf2_pkg-0.0.0-py3.12.egg-info' (and everything under it)
[0.993s] Copying ../build/python_tf2_pkg/python_tf2_pkg.egg-info to /home/basmala/ros2_ws/install/python_tf2_pkg/lib/python3.12/site-packages/python_tf2_pkg-0.0.0-py3.12.egg-info
[0.994s] running install_scripts
[1.082s] Installing broadcaster script to /home/basmala/ros2_ws/install/python_tf2_pkg/lib/python_tf2_pkg
[1.082s] Installing simp_quat script to /home/basmala/ros2_ws/install/python_tf2_pkg/lib/python_tf2_pkg
[1.082s] Installing static_broad script to /home/basmala/ros2_ws/install/python_tf2_pkg/lib/python_tf2_pkg
[1.082s] writing list of installed files to '/home/basmala/ros2_ws/build/python_tf2_pkg/install.log'
[1.101s] Invoked command in '/home/basmala/ros2_ws/python_tf2_pkg' returned '0': DEBUGINFOD_URLS=https://debuginfod.ubuntu.com PYTHONPATH=/home/basmala/ros2_ws/build/python_tf2_pkg/prefix_override:/usr/lib/python3/dist-packages/colcon_core/task/python/colcon_distutils_commands:/home/basmala/ros2_ws/install/python_tf2_pkg/lib/python3.12/site-packages:${PYTHONPATH} /usr/bin/python3 -W ignore:setup.py install is deprecated -W ignore:easy_install command is deprecated setup.py egg_info --egg-base ../build/python_tf2_pkg build --build-base /home/basmala/ros2_ws/build/python_tf2_pkg/build install --record /home/basmala/ros2_ws/build/python_tf2_pkg/install.log --single-version-externally-managed install_data
