-- Install configuration: ""
-- Installing: /home/basmala/ros2_ws/install/bme_gazebo_sensors/share/bme_gazebo_sensors/launch
-- Installing: /home/basmala/ros2_ws/install/bme_gazebo_sensors/share/bme_gazebo_sensors/launch/spawn_robot.launch.py
-- Installing: /home/basmala/ros2_ws/install/bme_gazebo_sensors/share/bme_gazebo_sensors/launch/world.launch.py
-- Installing: /home/basmala/ros2_ws/install/bme_gazebo_sensors/share/bme_gazebo_sensors/worlds
-- Installing: /home/basmala/ros2_ws/install/bme_gazebo_sensors/share/bme_gazebo_sensors/worlds/world.sdf
-- Installing: /home/basmala/ros2_ws/install/bme_gazebo_sensors/share/bme_gazebo_sensors/worlds/my.sdf
-- Installing: /home/basmala/ros2_ws/install/bme_gazebo_sensors/share/bme_gazebo_sensors/worlds/home.sdf
-- Installing: /home/basmala/ros2_ws/install/bme_gazebo_sensors/share/bme_gazebo_sensors/worlds/my_world.sdf
-- Installing: /home/basmala/ros2_ws/install/bme_gazebo_sensors/share/bme_gazebo_sensors/rviz
-- Installing: /home/basmala/ros2_ws/install/bme_gazebo_sensors/share/bme_gazebo_sensors/rviz/rviz.rviz
-- Installing: /home/basmala/ros2_ws/install/bme_gazebo_sensors/share/bme_gazebo_sensors/rviz/urdf.rviz
-- Installing: /home/basmala/ros2_ws/install/bme_gazebo_sensors/share/bme_gazebo_sensors/rviz/gps.rviz
-- Installing: /home/basmala/ros2_ws/install/bme_gazebo_sensors/share/bme_gazebo_sensors/urdf
-- Installing: /home/basmala/ros2_ws/install/bme_gazebo_sensors/share/bme_gazebo_sensors/urdf/materials.xacro
-- Installing: /home/basmala/ros2_ws/install/bme_gazebo_sensors/share/bme_gazebo_sensors/urdf/mogi_bot.urdf
-- Installing: /home/basmala/ros2_ws/install/bme_gazebo_sensors/share/bme_gazebo_sensors/urdf/mogi_bot.gazebo
-- Installing: /home/basmala/ros2_ws/install/bme_gazebo_sensors/share/bme_gazebo_sensors/meshes
-- Installing: /home/basmala/ros2_ws/install/bme_gazebo_sensors/share/bme_gazebo_sensors/meshes/wheel.dae
-- Installing: /home/basmala/ros2_ws/install/bme_gazebo_sensors/share/bme_gazebo_sensors/meshes/lidar.dae
-- Installing: /home/basmala/ros2_ws/install/bme_gazebo_sensors/share/bme_gazebo_sensors/meshes/mogi_bot.dae
-- Installing: /home/basmala/ros2_ws/install/bme_gazebo_sensors/share/bme_gazebo_sensors/config
-- Installing: /home/basmala/ros2_ws/install/bme_gazebo_sensors/share/bme_gazebo_sensors/config/ekf.yaml
-- Installing: /home/basmala/ros2_ws/install/bme_gazebo_sensors/share/ament_index/resource_index/package_run_dependencies/bme_gazebo_sensors
-- Installing: /home/basmala/ros2_ws/install/bme_gazebo_sensors/share/ament_index/resource_index/parent_prefix_path/bme_gazebo_sensors
-- Installing: /home/basmala/ros2_ws/install/bme_gazebo_sensors/share/bme_gazebo_sensors/environment/ament_prefix_path.sh
-- Installing: /home/basmala/ros2_ws/install/bme_gazebo_sensors/share/bme_gazebo_sensors/environment/ament_prefix_path.dsv
-- Installing: /home/basmala/ros2_ws/install/bme_gazebo_sensors/share/bme_gazebo_sensors/environment/path.sh
-- Installing: /home/basmala/ros2_ws/install/bme_gazebo_sensors/share/bme_gazebo_sensors/environment/path.dsv
-- Installing: /home/basmala/ros2_ws/install/bme_gazebo_sensors/share/bme_gazebo_sensors/local_setup.bash
-- Installing: /home/basmala/ros2_ws/install/bme_gazebo_sensors/share/bme_gazebo_sensors/local_setup.sh
-- Installing: /home/basmala/ros2_ws/install/bme_gazebo_sensors/share/bme_gazebo_sensors/local_setup.zsh
-- Installing: /home/basmala/ros2_ws/install/bme_gazebo_sensors/share/bme_gazebo_sensors/local_setup.dsv
-- Installing: /home/basmala/ros2_ws/install/bme_gazebo_sensors/share/bme_gazebo_sensors/package.dsv
-- Installing: /home/basmala/ros2_ws/install/bme_gazebo_sensors/share/ament_index/resource_index/packages/bme_gazebo_sensors
-- Installing: /home/basmala/ros2_ws/install/bme_gazebo_sensors/share/bme_gazebo_sensors/cmake/bme_gazebo_sensorsConfig.cmake
-- Installing: /home/basmala/ros2_ws/install/bme_gazebo_sensors/share/bme_gazebo_sensors/cmake/bme_gazebo_sensorsConfig-version.cmake
-- Installing: /home/basmala/ros2_ws/install/bme_gazebo_sensors/share/bme_gazebo_sensors/package.xml
