[0.075s] Invoking command in '/home/basmala/ros2_ws/build/bme_gazebo_sensors': CMAKE_PREFIX_PATH=${CMAKE_PREFIX_PATH}:/home/basmala/ros2_ws/install/first_package_python:/opt/ros/jazzy DEBUGINFOD_URLS=https://debuginfod.ubuntu.com /usr/bin/cmake --build /home/basmala/ros2_ws/build/bme_gazebo_sensors -- -j20 -l20
[0.476s] Invoked command in '/home/basmala/ros2_ws/build/bme_gazebo_sensors' returned '0': CMAKE_PREFIX_PATH=${CMAKE_PREFIX_PATH}:/home/basmala/ros2_ws/install/first_package_python:/opt/ros/jazzy DEBUGINFOD_URLS=https://debuginfod.ubuntu.com /usr/bin/cmake --build /home/basmala/ros2_ws/build/bme_gazebo_sensors -- -j20 -l20
[0.478s] Invoking command in '/home/basmala/ros2_ws/build/bme_gazebo_sensors': CMAKE_PREFIX_PATH=${CMAKE_PREFIX_PATH}:/home/basmala/ros2_ws/install/first_package_python:/opt/ros/jazzy DEBUGINFOD_URLS=https://debuginfod.ubuntu.com /usr/bin/cmake --install /home/basmala/ros2_ws/build/bme_gazebo_sensors
[0.513s] -- Install configuration: ""
[0.513s] -- Installing: /home/basmala/ros2_ws/install/bme_gazebo_sensors/share/bme_gazebo_sensors/launch
[0.516s] -- Installing: /home/basmala/ros2_ws/install/bme_gazebo_sensors/share/bme_gazebo_sensors/launch/spawn_robot.launch.py
[0.517s] -- Installing: /home/basmala/ros2_ws/install/bme_gazebo_sensors/share/bme_gazebo_sensors/launch/world.launch.py
[0.517s] -- Installing: /home/basmala/ros2_ws/install/bme_gazebo_sensors/share/bme_gazebo_sensors/worlds
[0.517s] -- Installing: /home/basmala/ros2_ws/install/bme_gazebo_sensors/share/bme_gazebo_sensors/worlds/world.sdf
[0.518s] -- Installing: /home/basmala/ros2_ws/install/bme_gazebo_sensors/share/bme_gazebo_sensors/worlds/my.sdf
[0.518s] -- Installing: /home/basmala/ros2_ws/install/bme_gazebo_sensors/share/bme_gazebo_sensors/worlds/home.sdf
[0.518s] -- Installing: /home/basmala/ros2_ws/install/bme_gazebo_sensors/share/bme_gazebo_sensors/worlds/my_world.sdf
[0.518s] -- Installing: /home/basmala/ros2_ws/install/bme_gazebo_sensors/share/bme_gazebo_sensors/rviz
[0.518s] -- Installing: /home/basmala/ros2_ws/install/bme_gazebo_sensors/share/bme_gazebo_sensors/rviz/rviz.rviz
[0.518s] -- Installing: /home/basmala/ros2_ws/install/bme_gazebo_sensors/share/bme_gazebo_sensors/rviz/urdf.rviz
[0.520s] -- Installing: /home/basmala/ros2_ws/install/bme_gazebo_sensors/share/bme_gazebo_sensors/rviz/gps.rviz
[0.520s] -- Installing: /home/basmala/ros2_ws/install/bme_gazebo_sensors/share/bme_gazebo_sensors/urdf
[0.520s] -- Installing: /home/basmala/ros2_ws/install/bme_gazebo_sensors/share/bme_gazebo_sensors/urdf/materials.xacro
[0.521s] -- Installing: /home/basmala/ros2_ws/install/bme_gazebo_sensors/share/bme_gazebo_sensors/urdf/mogi_bot.urdf
[0.521s] -- Installing: /home/basmala/ros2_ws/install/bme_gazebo_sensors/share/bme_gazebo_sensors/urdf/mogi_bot.gazebo
[0.521s] -- Installing: /home/basmala/ros2_ws/install/bme_gazebo_sensors/share/bme_gazebo_sensors/meshes
[0.522s] -- Installing: /home/basmala/ros2_ws/install/bme_gazebo_sensors/share/bme_gazebo_sensors/meshes/wheel.dae
[0.522s] -- Installing: /home/basmala/ros2_ws/install/bme_gazebo_sensors/share/bme_gazebo_sensors/meshes/lidar.dae
[0.523s] -- Installing: /home/basmala/ros2_ws/install/bme_gazebo_sensors/share/bme_gazebo_sensors/meshes/mogi_bot.dae
[0.523s] -- Installing: /home/basmala/ros2_ws/install/bme_gazebo_sensors/share/bme_gazebo_sensors/config
[0.523s] -- Installing: /home/basmala/ros2_ws/install/bme_gazebo_sensors/share/bme_gazebo_sensors/config/ekf.yaml
[0.523s] -- Installing: /home/basmala/ros2_ws/install/bme_gazebo_sensors/share/ament_index/resource_index/package_run_dependencies/bme_gazebo_sensors
[0.524s] -- Installing: /home/basmala/ros2_ws/install/bme_gazebo_sensors/share/ament_index/resource_index/parent_prefix_path/bme_gazebo_sensors
[0.524s] -- Installing: /home/basmala/ros2_ws/install/bme_gazebo_sensors/share/bme_gazebo_sensors/environment/ament_prefix_path.sh
[0.524s] -- Installing: /home/basmala/ros2_ws/install/bme_gazebo_sensors/share/bme_gazebo_sensors/environment/ament_prefix_path.dsv
[0.525s] -- Installing: /home/basmala/ros2_ws/install/bme_gazebo_sensors/share/bme_gazebo_sensors/environment/path.sh
[0.525s] -- Installing: /home/basmala/ros2_ws/install/bme_gazebo_sensors/share/bme_gazebo_sensors/environment/path.dsv
[0.525s] -- Installing: /home/basmala/ros2_ws/install/bme_gazebo_sensors/share/bme_gazebo_sensors/local_setup.bash
[0.526s] -- Installing: /home/basmala/ros2_ws/install/bme_gazebo_sensors/share/bme_gazebo_sensors/local_setup.sh
[0.526s] -- Installing: /home/basmala/ros2_ws/install/bme_gazebo_sensors/share/bme_gazebo_sensors/local_setup.zsh
[0.526s] -- Installing: /home/basmala/ros2_ws/install/bme_gazebo_sensors/share/bme_gazebo_sensors/local_setup.dsv
[0.526s] -- Installing: /home/basmala/ros2_ws/install/bme_gazebo_sensors/share/bme_gazebo_sensors/package.dsv
[0.526s] -- Installing: /home/basmala/ros2_ws/install/bme_gazebo_sensors/share/ament_index/resource_index/packages/bme_gazebo_sensors
[0.526s] -- Installing: /home/basmala/ros2_ws/install/bme_gazebo_sensors/share/bme_gazebo_sensors/cmake/bme_gazebo_sensorsConfig.cmake
[0.526s] -- Installing: /home/basmala/ros2_ws/install/bme_gazebo_sensors/share/bme_gazebo_sensors/cmake/bme_gazebo_sensorsConfig-version.cmake
[0.526s] -- Installing: /home/basmala/ros2_ws/install/bme_gazebo_sensors/share/bme_gazebo_sensors/package.xml
[0.609s] Invoked command in '/home/basmala/ros2_ws/build/bme_gazebo_sensors' returned '0': CMAKE_PREFIX_PATH=${CMAKE_PREFIX_PATH}:/home/basmala/ros2_ws/install/first_package_python:/opt/ros/jazzy DEBUGINFOD_URLS=https://debuginfod.ubuntu.com /usr/bin/cmake --install /home/basmala/ros2_ws/build/bme_gazebo_sensors
