/home/basmala/ros2_ws/install/turtle_action_client/lib/python3.12/site-packages/turtle_action_client/cancel_goal.py
/home/basmala/ros2_ws/install/turtle_action_client/lib/python3.12/site-packages/turtle_action_client/complete_min_act_client.py
/home/basmala/ros2_ws/install/turtle_action_client/lib/python3.12/site-packages/turtle_action_client/feedback_result.py
/home/basmala/ros2_ws/install/turtle_action_client/lib/python3.12/site-packages/turtle_action_client/__init__.py
/home/basmala/ros2_ws/install/turtle_action_client/lib/python3.12/site-packages/turtle_action_client/minimal_action_client.py
/home/basmala/ros2_ws/install/turtle_action_client/lib/python3.12/site-packages/turtle_action_client/__pycache__/cancel_goal.cpython-312.pyc
/home/basmala/ros2_ws/install/turtle_action_client/lib/python3.12/site-packages/turtle_action_client/__pycache__/complete_min_act_client.cpython-312.pyc
/home/basmala/ros2_ws/install/turtle_action_client/lib/python3.12/site-packages/turtle_action_client/__pycache__/feedback_result.cpython-312.pyc
/home/basmala/ros2_ws/install/turtle_action_client/lib/python3.12/site-packages/turtle_action_client/__pycache__/__init__.cpython-312.pyc
/home/basmala/ros2_ws/install/turtle_action_client/lib/python3.12/site-packages/turtle_action_client/__pycache__/minimal_action_client.cpython-312.pyc
/home/basmala/ros2_ws/install/turtle_action_client/share/ament_index/resource_index/packages/turtle_action_client
/home/basmala/ros2_ws/install/turtle_action_client/share/turtle_action_client/package.xml
/home/basmala/ros2_ws/install/turtle_action_client/lib/python3.12/site-packages/turtle_action_client-0.0.0-py3.12.egg-info/requires.txt
/home/basmala/ros2_ws/install/turtle_action_client/lib/python3.12/site-packages/turtle_action_client-0.0.0-py3.12.egg-info/entry_points.txt
/home/basmala/ros2_ws/install/turtle_action_client/lib/python3.12/site-packages/turtle_action_client-0.0.0-py3.12.egg-info/dependency_links.txt
/home/basmala/ros2_ws/install/turtle_action_client/lib/python3.12/site-packages/turtle_action_client-0.0.0-py3.12.egg-info/SOURCES.txt
/home/basmala/ros2_ws/install/turtle_action_client/lib/python3.12/site-packages/turtle_action_client-0.0.0-py3.12.egg-info/PKG-INFO
/home/basmala/ros2_ws/install/turtle_action_client/lib/python3.12/site-packages/turtle_action_client-0.0.0-py3.12.egg-info/top_level.txt
/home/basmala/ros2_ws/install/turtle_action_client/lib/python3.12/site-packages/turtle_action_client-0.0.0-py3.12.egg-info/zip-safe
/home/basmala/ros2_ws/install/turtle_action_client/lib/turtle_action_client/cancel_goal
/home/basmala/ros2_ws/install/turtle_action_client/lib/turtle_action_client/complete_min_act_client
/home/basmala/ros2_ws/install/turtle_action_client/lib/turtle_action_client/feedback_result
/home/basmala/ros2_ws/install/turtle_action_client/lib/turtle_action_client/minimal_action_client
