[0.012s] Invoking command in '/home/basmala/ros2_ws/build/first_package_cpp': CMAKE_PREFIX_PATH=${CMAKE_PREFIX_PATH}:/home/basmala/ros2_ws/install/turtle_action_client:/home/basmala/ros2_ws/install/first_package_python:/home/basmala/ros2_ws/install/fibonacci:/opt/ros/jazzy DEBUGINFOD_URLS=https://debuginfod.ubuntu.com /usr/bin/cmake --build /home/basmala/ros2_ws/build/first_package_cpp -- -j20 -l20
[0.054s] -- Found ament_cmake: 2.5.5 (/opt/ros/jazzy/share/ament_cmake/cmake)
[0.450s] -- Override CMake install command with custom implementation using symlinks instead of copying resources
[0.456s] -- Found rclcpp: 28.1.16 (/opt/ros/jazzy/share/rclcpp/cmake)
[0.478s] -- Found rosidl_generator_c: 4.6.7 (/opt/ros/jazzy/share/rosidl_generator_c/cmake)
[0.485s] -- Found rosidl_generator_cpp: 4.6.7 (/opt/ros/jazzy/share/rosidl_generator_cpp/cmake)
[0.493s] -- Using all available rosidl_typesupport_c: rosidl_typesupport_fastrtps_c;rosidl_typesupport_introspection_c
[0.503s] -- Using all available rosidl_typesupport_cpp: rosidl_typesupport_fastrtps_cpp;rosidl_typesupport_introspection_cpp
[0.568s] -- Found rmw_implementation_cmake: 7.3.3 (/opt/ros/jazzy/share/rmw_implementation_cmake/cmake)
[0.570s] -- Found rmw_fastrtps_cpp: 8.4.3 (/opt/ros/jazzy/share/rmw_fastrtps_cpp/cmake)
[0.665s] -- Using RMW implementation 'rmw_fastrtps_cpp' as default
[0.767s] -- Found std_msgs: 5.3.6 (/opt/ros/jazzy/share/std_msgs/cmake)
[0.807s] -- Found rclcpp_components: 28.1.16 (/opt/ros/jazzy/share/rclcpp_components/cmake)
[0.876s] -- Found ament_lint_auto: 0.17.4 (/opt/ros/jazzy/share/ament_lint_auto/cmake)
[1.044s] -- Added test 'cppcheck' to perform static code analysis on C / C++ code
[1.044s] -- Configured cppcheck include dirs: 
[1.044s] -- Configured cppcheck exclude dirs and/or files: 
[1.045s] -- Added test 'lint_cmake' to check CMake code style
[1.046s] -- Added test 'uncrustify' to check C / C++ code style
[1.047s] -- Configured uncrustify additional arguments: 
[1.047s] -- Added test 'xmllint' to check XML markup files
[1.048s] -- Configuring done (1.0s)
[1.087s] -- Generating done (0.0s)
[1.102s] -- Build files have been written to: /home/basmala/ros2_ws/build/first_package_cpp
[1.177s] [  8%] [32mBuilding CXX object CMakeFiles/sub_exe.dir/src/sub_component.cpp.o[0m
[1.181s] [ 16%] [32mBuilding CXX object CMakeFiles/pub_exe.dir/src/pub_component.cpp.o[0m
[1.194s] [ 33%] Built target sub
[1.195s] [ 41%] [32mBuilding CXX object CMakeFiles/sub_component.dir/src/sub_component.cpp.o[0m
[1.195s] [ 58%] Built target pub
[1.198s] [ 66%] [32mBuilding CXX object CMakeFiles/pub_component.dir/src/pub_component.cpp.o[0m
[1.212s] [01m[K/home/basmala/ros2_ws/first_package_cpp/src/sub_component.cpp:1:10:[m[K [01;31m[Kfatal error: [m[Krclcpp/rclcpp.hpp: No such file or directory
[1.212s]     1 | #include [01;31m[K"rclcpp/rclcpp.hpp"[m[K
[1.212s]       |          [01;31m[K^~~~~~~~~~~~~~~~~~~[m[K
[1.213s] compilation terminated.
[1.213s] [01m[K/home/basmala/ros2_ws/first_package_cpp/src/pub_component.cpp:1:10:[m[K [01;31m[Kfatal error: [m[Krclcpp/rclcpp.hpp: No such file or directory
[1.213s]     1 | #include [01;31m[K"rclcpp/rclcpp.hpp"[m[K
[1.213s]       |          [01;31m[K^~~~~~~~~~~~~~~~~~~[m[K
[1.214s] compilation terminated.
[1.214s] gmake[2]: *** [CMakeFiles/sub_component.dir/build.make:76: CMakeFiles/sub_component.dir/src/sub_component.cpp.o] Error 1
[1.214s] gmake[1]: *** [CMakeFiles/Makefile2:277: CMakeFiles/sub_component.dir/all] Error 2
[1.215s] gmake[1]: *** Waiting for unfinished jobs....
[1.215s] gmake[2]: *** [CMakeFiles/pub_component.dir/build.make:76: CMakeFiles/pub_component.dir/src/pub_component.cpp.o] Error 1
[1.215s] gmake[1]: *** [CMakeFiles/Makefile2:251: CMakeFiles/pub_component.dir/all] Error 2
[4.973s] [ 75%] [32m[1mLinking CXX executable pub_exe[0m
[5.161s] /usr/bin/ld: /usr/lib/gcc/x86_64-linux-gnu/13/../../../x86_64-linux-gnu/Scrt1.o: in function `_start':
[5.161s] (.text+0x1b): undefined reference to `main'
[5.174s] collect2: error: ld returned 1 exit status
[5.176s] gmake[2]: *** [CMakeFiles/pub_exe.dir/build.make:182: pub_exe] Error 1
[5.177s] gmake[1]: *** [CMakeFiles/Makefile2:199: CMakeFiles/pub_exe.dir/all] Error 2
[7.202s] [ 83%] [32m[1mLinking CXX executable sub_exe[0m
[7.459s] /usr/bin/ld: /usr/lib/gcc/x86_64-linux-gnu/13/../../../x86_64-linux-gnu/Scrt1.o: in function `_start':
[7.459s] (.text+0x1b): undefined reference to `main'
[7.482s] collect2: error: ld returned 1 exit status
[7.484s] gmake[2]: *** [CMakeFiles/sub_exe.dir/build.make:182: sub_exe] Error 1
[7.484s] gmake[1]: *** [CMakeFiles/Makefile2:225: CMakeFiles/sub_exe.dir/all] Error 2
[7.484s] gmake: *** [Makefile:146: all] Error 2
[7.487s] Invoked command in '/home/basmala/ros2_ws/build/first_package_cpp' returned '2': CMAKE_PREFIX_PATH=${CMAKE_PREFIX_PATH}:/home/basmala/ros2_ws/install/turtle_action_client:/home/basmala/ros2_ws/install/first_package_python:/home/basmala/ros2_ws/install/fibonacci:/opt/ros/jazzy DEBUGINFOD_URLS=https://debuginfod.ubuntu.com /usr/bin/cmake --build /home/basmala/ros2_ws/build/first_package_cpp -- -j20 -l20
