[0.012s] Invoking command in '/home/basmala/ros2_ws/build/turtle_action_cpp': CMAKE_PREFIX_PATH=${CMAKE_PREFIX_PATH}:/home/basmala/ros2_ws/install/turtle_action_client:/home/basmala/ros2_ws/install/first_package_python:/opt/ros/jazzy DEBUGINFOD_URLS=https://debuginfod.ubuntu.com /usr/bin/cmake /home/basmala/ros2_ws/turtle_action_cpp -DCMAKE_INSTALL_PREFIX=/home/basmala/ros2_ws/install/turtle_action_cpp
[0.104s] -- The C compiler identification is GNU 13.3.0
[0.217s] -- The CXX compiler identification is GNU 13.3.0
[0.252s] -- Detecting C compiler ABI info
[0.522s] -- Detecting C compiler ABI info - done
[0.553s] -- Check for working C compiler: /usr/bin/cc - skipped
[0.554s] -- Detecting C compile features
[0.555s] -- Detecting C compile features - done
[0.588s] -- Detecting CXX compiler ABI info
[0.908s] -- Detecting CXX compiler ABI info - done
[0.929s] -- Check for working CXX compiler: /usr/bin/c++ - skipped
[0.930s] -- Detecting CXX compile features
[0.930s] -- Detecting CXX compile features - done
[0.939s] -- Found ament_cmake: 2.5.5 (/opt/ros/jazzy/share/ament_cmake/cmake)
[1.220s] -- Found Python3: /usr/bin/python3 (found version "3.12.3") found components: Interpreter 
[1.432s] -- Found rclcpp: 28.1.16 (/opt/ros/jazzy/share/rclcpp/cmake)
[1.518s] -- Found rosidl_generator_c: 4.6.7 (/opt/ros/jazzy/share/rosidl_generator_c/cmake)
[1.532s] -- Found rosidl_generator_cpp: 4.6.7 (/opt/ros/jazzy/share/rosidl_generator_cpp/cmake)
[1.549s] -- Using all available rosidl_typesupport_c: rosidl_typesupport_fastrtps_c;rosidl_typesupport_introspection_c
[1.566s] -- Using all available rosidl_typesupport_cpp: rosidl_typesupport_fastrtps_cpp;rosidl_typesupport_introspection_cpp
[1.639s] -- Found rmw_implementation_cmake: 7.3.3 (/opt/ros/jazzy/share/rmw_implementation_cmake/cmake)
[1.642s] -- Found rmw_fastrtps_cpp: 8.4.3 (/opt/ros/jazzy/share/rmw_fastrtps_cpp/cmake)
[1.761s] -- Found OpenSSL: /usr/lib/x86_64-linux-gnu/libcrypto.so (found version "3.0.13")  
[1.799s] -- Found FastRTPS: /opt/ros/jazzy/include (Required is at least version "2.13") 
[1.842s] -- Using RMW implementation 'rmw_fastrtps_cpp' as default
[1.947s] -- Found rclcpp_action: 28.1.16 (/opt/ros/jazzy/share/rclcpp_action/cmake)
[1.989s] -- Found turtlesim: 1.8.3 (/opt/ros/jazzy/share/turtlesim/cmake)
[2.012s] -- Found ament_lint_auto: 0.17.4 (/opt/ros/jazzy/share/ament_lint_auto/cmake)
[2.223s] -- Added test 'cppcheck' to perform static code analysis on C / C++ code
[2.223s] -- Configured cppcheck include dirs: 
[2.223s] -- Configured cppcheck exclude dirs and/or files: 
[2.225s] -- Added test 'lint_cmake' to check CMake code style
[2.227s] -- Added test 'uncrustify' to check C / C++ code style
[2.227s] -- Configured uncrustify additional arguments: 
[2.229s] -- Added test 'xmllint' to check XML markup files
[2.232s] -- Configuring done (2.2s)
[2.248s] -- Generating done (0.0s)
[2.253s] -- Build files have been written to: /home/basmala/ros2_ws/build/turtle_action_cpp
[2.265s] Invoked command in '/home/basmala/ros2_ws/build/turtle_action_cpp' returned '0': CMAKE_PREFIX_PATH=${CMAKE_PREFIX_PATH}:/home/basmala/ros2_ws/install/turtle_action_client:/home/basmala/ros2_ws/install/first_package_python:/opt/ros/jazzy DEBUGINFOD_URLS=https://debuginfod.ubuntu.com /usr/bin/cmake /home/basmala/ros2_ws/turtle_action_cpp -DCMAKE_INSTALL_PREFIX=/home/basmala/ros2_ws/install/turtle_action_cpp
[2.266s] Invoking command in '/home/basmala/ros2_ws/build/turtle_action_cpp': CMAKE_PREFIX_PATH=${CMAKE_PREFIX_PATH}:/home/basmala/ros2_ws/install/turtle_action_client:/home/basmala/ros2_ws/install/first_package_python:/opt/ros/jazzy DEBUGINFOD_URLS=https://debuginfod.ubuntu.com /usr/bin/cmake --build /home/basmala/ros2_ws/build/turtle_action_cpp -- -j20 -l20
[2.353s] [ 50%] Building CXX object CMakeFiles/rotate_absolute_client.dir/src/rotate_absolute_client.cpp.o
[2.386s] [100%] Linking CXX executable rotate_absolute_client
[2.550s] /usr/bin/ld: /usr/lib/gcc/x86_64-linux-gnu/13/../../../x86_64-linux-gnu/Scrt1.o: in function `_start':
[2.551s] (.text+0x1b): undefined reference to `main'
[2.554s] collect2: error: ld returned 1 exit status
[2.556s] gmake[2]: *** [CMakeFiles/rotate_absolute_client.dir/build.make:188: rotate_absolute_client] Error 1
[2.557s] gmake[1]: *** [CMakeFiles/Makefile2:137: CMakeFiles/rotate_absolute_client.dir/all] Error 2
[2.557s] gmake: *** [Makefile:146: all] Error 2
[2.560s] Invoked command in '/home/basmala/ros2_ws/build/turtle_action_cpp' returned '2': CMAKE_PREFIX_PATH=${CMAKE_PREFIX_PATH}:/home/basmala/ros2_ws/install/turtle_action_client:/home/basmala/ros2_ws/install/first_package_python:/opt/ros/jazzy DEBUGINFOD_URLS=https://debuginfod.ubuntu.com /usr/bin/cmake --build /home/basmala/ros2_ws/build/turtle_action_cpp -- -j20 -l20
