-- Found ament_cmake: 2.5.4 (/opt/ros/jazzy/share/ament_cmake/cmake)
-- Override CMake install command with custom implementation using symlinks instead of copying resources
-- Found ament_lint_auto: 0.17.3 (/opt/ros/jazzy/share/ament_lint_auto/cmake)
-- Added test 'flake8' to check Python code syntax and style conventions
-- Configured 'flake8' exclude dirs and/or files: 
-- Added test 'lint_cmake' to check CMake code style
-- Added test 'pep257' to check Python code against some of the docstring style conventions in PEP 257
-- Added test 'xmllint' to check XML markup files
-- Configuring done (0.8s)
-- Generating done (0.0s)
-- Build files have been written to: /home/basmala/ros2_ws/build/bme_gazebo_sensors
-- Install configuration: ""
-- Execute custom install script
-- Symlinking: /home/basmala/ros2_ws/install/bme_gazebo_sensors/share/bme_gazebo_sensors/launch/spawn_robot.launch.py
-- Symlinking: /home/basmala/ros2_ws/install/bme_gazebo_sensors/share/bme_gazebo_sensors/launch/world.launch.py
-- Symlinking: /home/basmala/ros2_ws/install/bme_gazebo_sensors/share/bme_gazebo_sensors/worlds/home.sdf
-- Symlinking: /home/basmala/ros2_ws/install/bme_gazebo_sensors/share/bme_gazebo_sensors/worlds/my.sdf
-- Symlinking: /home/basmala/ros2_ws/install/bme_gazebo_sensors/share/bme_gazebo_sensors/worlds/my_world.sdf
-- Symlinking: /home/basmala/ros2_ws/install/bme_gazebo_sensors/share/bme_gazebo_sensors/worlds/world.sdf
-- Symlinking: /home/basmala/ros2_ws/install/bme_gazebo_sensors/share/bme_gazebo_sensors/rviz/gps.rviz
-- Symlinking: /home/basmala/ros2_ws/install/bme_gazebo_sensors/share/bme_gazebo_sensors/rviz/rviz.rviz
-- Symlinking: /home/basmala/ros2_ws/install/bme_gazebo_sensors/share/bme_gazebo_sensors/rviz/urdf.rviz
-- Symlinking: /home/basmala/ros2_ws/install/bme_gazebo_sensors/share/bme_gazebo_sensors/urdf/materials.xacro
-- Symlinking: /home/basmala/ros2_ws/install/bme_gazebo_sensors/share/bme_gazebo_sensors/urdf/mogi_bot.gazebo
-- Symlinking: /home/basmala/ros2_ws/install/bme_gazebo_sensors/share/bme_gazebo_sensors/urdf/mogi_bot.urdf
-- Symlinking: /home/basmala/ros2_ws/install/bme_gazebo_sensors/share/bme_gazebo_sensors/meshes/lidar.dae
-- Symlinking: /home/basmala/ros2_ws/install/bme_gazebo_sensors/share/bme_gazebo_sensors/meshes/mogi_bot.dae
-- Symlinking: /home/basmala/ros2_ws/install/bme_gazebo_sensors/share/bme_gazebo_sensors/meshes/wheel.dae
-- Symlinking: /home/basmala/ros2_ws/install/bme_gazebo_sensors/share/bme_gazebo_sensors/config/ekf.yaml
-- Symlinking: /home/basmala/ros2_ws/install/bme_gazebo_sensors/share/ament_index/resource_index/package_run_dependencies/bme_gazebo_sensors
-- Symlinking: /home/basmala/ros2_ws/install/bme_gazebo_sensors/share/ament_index/resource_index/parent_prefix_path/bme_gazebo_sensors
-- Symlinking: /home/basmala/ros2_ws/install/bme_gazebo_sensors/share/bme_gazebo_sensors/environment/ament_prefix_path.sh
-- Symlinking: /home/basmala/ros2_ws/install/bme_gazebo_sensors/share/bme_gazebo_sensors/environment/ament_prefix_path.dsv
-- Symlinking: /home/basmala/ros2_ws/install/bme_gazebo_sensors/share/bme_gazebo_sensors/environment/path.sh
-- Symlinking: /home/basmala/ros2_ws/install/bme_gazebo_sensors/share/bme_gazebo_sensors/environment/path.dsv
-- Symlinking: /home/basmala/ros2_ws/install/bme_gazebo_sensors/share/bme_gazebo_sensors/local_setup.bash
-- Symlinking: /home/basmala/ros2_ws/install/bme_gazebo_sensors/share/bme_gazebo_sensors/local_setup.sh
-- Symlinking: /home/basmala/ros2_ws/install/bme_gazebo_sensors/share/bme_gazebo_sensors/local_setup.zsh
-- Symlinking: /home/basmala/ros2_ws/install/bme_gazebo_sensors/share/bme_gazebo_sensors/local_setup.dsv
-- Symlinking: /home/basmala/ros2_ws/install/bme_gazebo_sensors/share/bme_gazebo_sensors/package.dsv
-- Symlinking: /home/basmala/ros2_ws/install/bme_gazebo_sensors/share/ament_index/resource_index/packages/bme_gazebo_sensors
-- Symlinking: /home/basmala/ros2_ws/install/bme_gazebo_sensors/share/bme_gazebo_sensors/cmake/bme_gazebo_sensorsConfig.cmake
-- Symlinking: /home/basmala/ros2_ws/install/bme_gazebo_sensors/share/bme_gazebo_sensors/cmake/bme_gazebo_sensorsConfig-version.cmake
-- Symlinking: /home/basmala/ros2_ws/install/bme_gazebo_sensors/share/bme_gazebo_sensors/package.xml
