[0.013s] Invoking command in '/home/basmala/ros2_ws/build/first_package_cpp': CMAKE_PREFIX_PATH=${CMAKE_PREFIX_PATH}:/home/basmala/ros2_ws/install/turtle_action_client:/home/basmala/ros2_ws/install/first_package_python:/home/basmala/ros2_ws/install/fibonacci:/opt/ros/jazzy DEBUGINFOD_URLS=https://debuginfod.ubuntu.com /usr/bin/cmake --build /home/basmala/ros2_ws/build/first_package_cpp -- -j20 -l20
[0.118s] [ 25%] Built target pub
[0.119s] [ 37%] [32mBuilding CXX object CMakeFiles/sub_component.dir/src/sub_component.cpp.o[0m
[0.120s] [ 62%] Built target sub
[0.125s] [ 75%] [32mBuilding CXX object CMakeFiles/pub_component.dir/src/pub_component.cpp.o[0m
[0.355s] [01m[K/home/basmala/ros2_ws/first_package_cpp/src/sub_component.cpp:4:10:[m[K [01;31m[Kfatal error: [m[Kcinttype: No such file or directory
[0.355s]     4 | #include [01;31m[K<cinttype>[m[K
[0.355s]       |          [01;31m[K^~~~~~~~~~[m[K
[0.355s] compilation terminated.
[0.359s] gmake[2]: *** [CMakeFiles/sub_component.dir/build.make:76: CMakeFiles/sub_component.dir/src/sub_component.cpp.o] Error 1
[0.360s] gmake[1]: *** [CMakeFiles/Makefile2:221: CMakeFiles/sub_component.dir/all] Error 2
[0.360s] gmake[1]: *** Waiting for unfinished jobs....
[1.793s] In file included from [01m[K/opt/ros/jazzy/include/rclcpp/rclcpp/logging.hpp:24[m[K,
[1.793s]                  from [01m[K/opt/ros/jazzy/include/rclcpp/rclcpp/copy_all_parameter_values.hpp:27[m[K,
[1.793s]                  from [01m[K/opt/ros/jazzy/include/rclcpp/rclcpp/rclcpp.hpp:171[m[K,
[1.793s]                  from [01m[K/home/basmala/ros2_ws/first_package_cpp/src/pub_component.cpp:1[m[K:
[1.793s] [01m[K/home/basmala/ros2_ws/first_package_cpp/src/pub_component.cpp:[m[K In member function ‘[01m[Kvoid first_package_cpp::MinimalPublisher::[01;32m[Ktimer_callback[m[K()[m[K’:
[1.793s] [01m[K/home/basmala/ros2_ws/first_package_cpp/src/pub_component.cpp:23:97:[m[K [01;31m[Kerror: [m[Kexpected ‘[01m[K)[m[K’ before ‘[01m[KPRIXPTR[m[K’
[1.793s]    23 |             RCLCPP_INFO(this->get_logger(),"Published message with value: %s, and address: 0x%" [01;31m[KPRIXPTR[m[K "\n", message->data.c_str(), reinterpret_cast<std::uintptr_t>(message.get()));
[1.793s]       |                                                                                                 [01;31m[K^~~~~~~[m[K
[1.793s] [01m[K/home/basmala/ros2_ws/first_package_cpp/src/pub_component.cpp:23:13:[m[K [01;36m[Knote: [m[Kto match this ‘[01m[K([m[K’
[1.793s]    23 |             [01;36m[KRCLCPP_INFO[m[K(this->get_logger(),"Published message with value: %s, and address: 0x%" PRIXPTR "\n", message->data.c_str(), reinterpret_cast<std::uintptr_t>(message.get()));
[1.793s]       |             [01;36m[K^~~~~~~~~~~[m[K
[1.798s] [01m[K/home/basmala/ros2_ws/first_package_cpp/src/pub_component.cpp:23:111:[m[K [01;31m[Kerror: [m[K‘[01m[Kmessage[m[K’ was not declared in this scope; did you mean ‘[01m[Kmessage_[m[K’?
[1.798s]    23 |             RCLCPP_INFO(this->get_logger(),"Published message with value: %s, and address: 0x%" PRIXPTR "\n", [01;31m[Kmessage[m[K->data.c_str(), reinterpret_cast<std::uintptr_t>(message.get()));
[1.798s]       |                                                                                                               [01;31m[K^~~~~~~[m[K
[2.595s] gmake[2]: *** [CMakeFiles/pub_component.dir/build.make:76: CMakeFiles/pub_component.dir/src/pub_component.cpp.o] Error 1
[2.595s] gmake[1]: *** [CMakeFiles/Makefile2:195: CMakeFiles/pub_component.dir/all] Error 2
[2.595s] gmake: *** [Makefile:146: all] Error 2
[2.598s] Invoked command in '/home/basmala/ros2_ws/build/first_package_cpp' returned '2': CMAKE_PREFIX_PATH=${CMAKE_PREFIX_PATH}:/home/basmala/ros2_ws/install/turtle_action_client:/home/basmala/ros2_ws/install/first_package_python:/home/basmala/ros2_ws/install/fibonacci:/opt/ros/jazzy DEBUGINFOD_URLS=https://debuginfod.ubuntu.com /usr/bin/cmake --build /home/basmala/ros2_ws/build/first_package_cpp -- -j20 -l20
