[0.011s] Invoking command in '/home/basmala/ros2_ws/build/action_interfaces': CMAKE_PREFIX_PATH=${CMAKE_PREFIX_PATH}:/home/basmala/ros2_ws/install/turtle_action_client:/home/basmala/ros2_ws/install/first_package_python:/opt/ros/jazzy DEBUGINFOD_URLS=https://debuginfod.ubuntu.com /usr/bin/cmake --build /home/basmala/ros2_ws/build/action_interfaces -- -j20 -l20
[0.101s] [  2%] Built target action_interfaces__rosidl_generator_type_description
[0.120s] [  2%] Built target ament_cmake_python_copy_action_interfaces
[0.144s] [  5%] Built target action_interfaces__cpp
[0.148s] [ 20%] Built target action_interfaces__rosidl_generator_c
[0.193s] [ 29%] Built target action_interfaces__rosidl_typesupport_c
[0.194s] [ 38%] Built target action_interfaces__rosidl_typesupport_fastrtps_c
[0.194s] [ 47%] Built target action_interfaces__rosidl_typesupport_cpp
[0.195s] [ 55%] Built target action_interfaces__rosidl_typesupport_introspection_cpp
[0.197s] [ 64%] Built target action_interfaces__rosidl_typesupport_introspection_c
[0.199s] [ 73%] Built target action_interfaces__rosidl_typesupport_fastrtps_cpp
[0.243s] [ 73%] Built target action_interfaces
[0.279s] [ 76%] Built target action_interfaces__py
[0.314s] [ 82%] Built target action_interfaces__rosidl_generator_py
[0.347s] [ 88%] Built target action_interfaces_s__rosidl_typesupport_fastrtps_c
[0.351s] [ 94%] Built target action_interfaces_s__rosidl_typesupport_c
[0.351s] [100%] Built target action_interfaces_s__rosidl_typesupport_introspection_c
[0.409s] running egg_info
[0.433s] writing action_interfaces.egg-info/PKG-INFO
[0.433s] writing dependency_links to action_interfaces.egg-info/dependency_links.txt
[0.434s] writing top-level names to action_interfaces.egg-info/top_level.txt
[0.493s] reading manifest file 'action_interfaces.egg-info/SOURCES.txt'
[0.493s] writing manifest file 'action_interfaces.egg-info/SOURCES.txt'
[0.526s] [100%] Built target ament_cmake_python_build_action_interfaces_egg
[0.540s] Invoked command in '/home/basmala/ros2_ws/build/action_interfaces' returned '0': CMAKE_PREFIX_PATH=${CMAKE_PREFIX_PATH}:/home/basmala/ros2_ws/install/turtle_action_client:/home/basmala/ros2_ws/install/first_package_python:/opt/ros/jazzy DEBUGINFOD_URLS=https://debuginfod.ubuntu.com /usr/bin/cmake --build /home/basmala/ros2_ws/build/action_interfaces -- -j20 -l20
[0.551s] Invoking command in '/home/basmala/ros2_ws/build/action_interfaces': CMAKE_PREFIX_PATH=${CMAKE_PREFIX_PATH}:/home/basmala/ros2_ws/install/turtle_action_client:/home/basmala/ros2_ws/install/first_package_python:/opt/ros/jazzy DEBUGINFOD_URLS=https://debuginfod.ubuntu.com /usr/bin/cmake --install /home/basmala/ros2_ws/build/action_interfaces
[0.560s] -- Install configuration: ""
[0.560s] -- Up-to-date: /home/basmala/ros2_ws/install/action_interfaces/share/ament_index/resource_index/rosidl_interfaces/action_interfaces
[0.560s] -- Up-to-date: /home/basmala/ros2_ws/install/action_interfaces/share/action_interfaces/action/Fibonacci.json
[0.560s] -- Up-to-date: /home/basmala/ros2_ws/install/action_interfaces/include/action_interfaces/action_interfaces
[0.560s] -- Up-to-date: /home/basmala/ros2_ws/install/action_interfaces/include/action_interfaces/action_interfaces/action
[0.560s] -- Up-to-date: /home/basmala/ros2_ws/install/action_interfaces/include/action_interfaces/action_interfaces/action/fibonacci.h
[0.561s] -- Up-to-date: /home/basmala/ros2_ws/install/action_interfaces/include/action_interfaces/action_interfaces/action/detail
[0.561s] -- Up-to-date: /home/basmala/ros2_ws/install/action_interfaces/include/action_interfaces/action_interfaces/action/detail/fibonacci__functions.h
[0.561s] -- Up-to-date: /home/basmala/ros2_ws/install/action_interfaces/include/action_interfaces/action_interfaces/action/detail/fibonacci__functions.c
[0.561s] -- Up-to-date: /home/basmala/ros2_ws/install/action_interfaces/include/action_interfaces/action_interfaces/action/detail/fibonacci__description.c
[0.561s] -- Up-to-date: /home/basmala/ros2_ws/install/action_interfaces/include/action_interfaces/action_interfaces/action/detail/fibonacci__type_support.c
[0.562s] -- Up-to-date: /home/basmala/ros2_ws/install/action_interfaces/include/action_interfaces/action_interfaces/action/detail/fibonacci__type_support.h
[0.562s] -- Up-to-date: /home/basmala/ros2_ws/install/action_interfaces/include/action_interfaces/action_interfaces/action/detail/fibonacci__struct.h
[0.562s] -- Up-to-date: /home/basmala/ros2_ws/install/action_interfaces/include/action_interfaces/action_interfaces/msg
[0.562s] -- Up-to-date: /home/basmala/ros2_ws/install/action_interfaces/include/action_interfaces/action_interfaces/msg/rosidl_generator_c__visibility_control.h
[0.562s] -- Up-to-date: /home/basmala/ros2_ws/install/action_interfaces/share/action_interfaces/environment/library_path.sh
[0.562s] -- Up-to-date: /home/basmala/ros2_ws/install/action_interfaces/share/action_interfaces/environment/library_path.dsv
[0.562s] -- Up-to-date: /home/basmala/ros2_ws/install/action_interfaces/lib/libaction_interfaces__rosidl_generator_c.so
[0.562s] -- Up-to-date: /home/basmala/ros2_ws/install/action_interfaces/include/action_interfaces/action_interfaces
[0.563s] -- Up-to-date: /home/basmala/ros2_ws/install/action_interfaces/include/action_interfaces/action_interfaces/action
[0.563s] -- Up-to-date: /home/basmala/ros2_ws/install/action_interfaces/include/action_interfaces/action_interfaces/action/detail
[0.563s] -- Up-to-date: /home/basmala/ros2_ws/install/action_interfaces/include/action_interfaces/action_interfaces/action/detail/fibonacci__rosidl_typesupport_fastrtps_c.h
[0.563s] -- Up-to-date: /home/basmala/ros2_ws/install/action_interfaces/include/action_interfaces/action_interfaces/msg
[0.563s] -- Up-to-date: /home/basmala/ros2_ws/install/action_interfaces/include/action_interfaces/action_interfaces/msg/rosidl_typesupport_fastrtps_c__visibility_control.h
[0.563s] -- Up-to-date: /home/basmala/ros2_ws/install/action_interfaces/lib/libaction_interfaces__rosidl_typesupport_fastrtps_c.so
[0.563s] -- Up-to-date: /home/basmala/ros2_ws/install/action_interfaces/include/action_interfaces/action_interfaces
[0.563s] -- Up-to-date: /home/basmala/ros2_ws/install/action_interfaces/include/action_interfaces/action_interfaces/action
[0.563s] -- Up-to-date: /home/basmala/ros2_ws/install/action_interfaces/include/action_interfaces/action_interfaces/action/detail
[0.563s] -- Up-to-date: /home/basmala/ros2_ws/install/action_interfaces/include/action_interfaces/action_interfaces/action/detail/fibonacci__rosidl_typesupport_introspection_c.h
[0.564s] -- Up-to-date: /home/basmala/ros2_ws/install/action_interfaces/include/action_interfaces/action_interfaces/action/detail/fibonacci__type_support.c
[0.564s] -- Up-to-date: /home/basmala/ros2_ws/install/action_interfaces/include/action_interfaces/action_interfaces/msg
[0.564s] -- Up-to-date: /home/basmala/ros2_ws/install/action_interfaces/include/action_interfaces/action_interfaces/msg/rosidl_typesupport_introspection_c__visibility_control.h
[0.564s] -- Up-to-date: /home/basmala/ros2_ws/install/action_interfaces/lib/libaction_interfaces__rosidl_typesupport_introspection_c.so
[0.564s] -- Up-to-date: /home/basmala/ros2_ws/install/action_interfaces/lib/libaction_interfaces__rosidl_typesupport_c.so
[0.564s] -- Up-to-date: /home/basmala/ros2_ws/install/action_interfaces/include/action_interfaces/action_interfaces
[0.564s] -- Up-to-date: /home/basmala/ros2_ws/install/action_interfaces/include/action_interfaces/action_interfaces/action
[0.564s] -- Up-to-date: /home/basmala/ros2_ws/install/action_interfaces/include/action_interfaces/action_interfaces/action/detail
[0.564s] -- Up-to-date: /home/basmala/ros2_ws/install/action_interfaces/include/action_interfaces/action_interfaces/action/detail/fibonacci__builder.hpp
[0.564s] -- Up-to-date: /home/basmala/ros2_ws/install/action_interfaces/include/action_interfaces/action_interfaces/action/detail/fibonacci__traits.hpp
[0.565s] -- Up-to-date: /home/basmala/ros2_ws/install/action_interfaces/include/action_interfaces/action_interfaces/action/detail/fibonacci__struct.hpp
[0.565s] -- Up-to-date: /home/basmala/ros2_ws/install/action_interfaces/include/action_interfaces/action_interfaces/action/detail/fibonacci__type_support.hpp
[0.565s] -- Up-to-date: /home/basmala/ros2_ws/install/action_interfaces/include/action_interfaces/action_interfaces/action/fibonacci.hpp
[0.565s] -- Up-to-date: /home/basmala/ros2_ws/install/action_interfaces/include/action_interfaces/action_interfaces/msg
[0.565s] -- Up-to-date: /home/basmala/ros2_ws/install/action_interfaces/include/action_interfaces/action_interfaces/msg/rosidl_generator_cpp__visibility_control.hpp
[0.565s] -- Up-to-date: /home/basmala/ros2_ws/install/action_interfaces/include/action_interfaces/action_interfaces
[0.565s] -- Up-to-date: /home/basmala/ros2_ws/install/action_interfaces/include/action_interfaces/action_interfaces/action
[0.565s] -- Up-to-date: /home/basmala/ros2_ws/install/action_interfaces/include/action_interfaces/action_interfaces/action/detail
[0.565s] -- Up-to-date: /home/basmala/ros2_ws/install/action_interfaces/include/action_interfaces/action_interfaces/action/detail/dds_fastrtps
[0.565s] -- Up-to-date: /home/basmala/ros2_ws/install/action_interfaces/include/action_interfaces/action_interfaces/action/detail/fibonacci__rosidl_typesupport_fastrtps_cpp.hpp
[0.565s] -- Up-to-date: /home/basmala/ros2_ws/install/action_interfaces/include/action_interfaces/action_interfaces/msg
[0.566s] -- Up-to-date: /home/basmala/ros2_ws/install/action_interfaces/include/action_interfaces/action_interfaces/msg/rosidl_typesupport_fastrtps_cpp__visibility_control.h
[0.566s] -- Up-to-date: /home/basmala/ros2_ws/install/action_interfaces/lib/libaction_interfaces__rosidl_typesupport_fastrtps_cpp.so
[0.566s] -- Up-to-date: /home/basmala/ros2_ws/install/action_interfaces/include/action_interfaces/action_interfaces
[0.566s] -- Up-to-date: /home/basmala/ros2_ws/install/action_interfaces/include/action_interfaces/action_interfaces/action
[0.566s] -- Up-to-date: /home/basmala/ros2_ws/install/action_interfaces/include/action_interfaces/action_interfaces/action/detail
[0.566s] -- Up-to-date: /home/basmala/ros2_ws/install/action_interfaces/include/action_interfaces/action_interfaces/action/detail/fibonacci__type_support.cpp
[0.566s] -- Up-to-date: /home/basmala/ros2_ws/install/action_interfaces/include/action_interfaces/action_interfaces/action/detail/fibonacci__rosidl_typesupport_introspection_cpp.hpp
[0.566s] -- Up-to-date: /home/basmala/ros2_ws/install/action_interfaces/lib/libaction_interfaces__rosidl_typesupport_introspection_cpp.so
[0.566s] -- Up-to-date: /home/basmala/ros2_ws/install/action_interfaces/lib/libaction_interfaces__rosidl_typesupport_cpp.so
[0.566s] -- Up-to-date: /home/basmala/ros2_ws/install/action_interfaces/share/action_interfaces/environment/pythonpath.sh
[0.567s] -- Up-to-date: /home/basmala/ros2_ws/install/action_interfaces/share/action_interfaces/environment/pythonpath.dsv
[0.567s] -- Up-to-date: /home/basmala/ros2_ws/install/action_interfaces/lib/python3.12/site-packages/action_interfaces-0.0.0-py3.12.egg-info
[0.567s] -- Installing: /home/basmala/ros2_ws/install/action_interfaces/lib/python3.12/site-packages/action_interfaces-0.0.0-py3.12.egg-info/dependency_links.txt
[0.567s] -- Installing: /home/basmala/ros2_ws/install/action_interfaces/lib/python3.12/site-packages/action_interfaces-0.0.0-py3.12.egg-info/SOURCES.txt
[0.567s] -- Installing: /home/basmala/ros2_ws/install/action_interfaces/lib/python3.12/site-packages/action_interfaces-0.0.0-py3.12.egg-info/PKG-INFO
[0.567s] -- Installing: /home/basmala/ros2_ws/install/action_interfaces/lib/python3.12/site-packages/action_interfaces-0.0.0-py3.12.egg-info/top_level.txt
[0.567s] -- Up-to-date: /home/basmala/ros2_ws/install/action_interfaces/lib/python3.12/site-packages/action_interfaces
[0.567s] -- Up-to-date: /home/basmala/ros2_ws/install/action_interfaces/lib/python3.12/site-packages/action_interfaces/_action_interfaces_s.ep.rosidl_typesupport_c.c
[0.567s] -- Up-to-date: /home/basmala/ros2_ws/install/action_interfaces/lib/python3.12/site-packages/action_interfaces/_action_interfaces_s.ep.rosidl_typesupport_fastrtps_c.c
[0.567s] -- Up-to-date: /home/basmala/ros2_ws/install/action_interfaces/lib/python3.12/site-packages/action_interfaces/action_interfaces_s__rosidl_typesupport_fastrtps_c.so
[0.567s] -- Up-to-date: /home/basmala/ros2_ws/install/action_interfaces/lib/python3.12/site-packages/action_interfaces/__init__.py
[0.567s] -- Up-to-date: /home/basmala/ros2_ws/install/action_interfaces/lib/python3.12/site-packages/action_interfaces/action
[0.567s] -- Up-to-date: /home/basmala/ros2_ws/install/action_interfaces/lib/python3.12/site-packages/action_interfaces/action/_fibonacci_s.c
[0.567s] -- Up-to-date: /home/basmala/ros2_ws/install/action_interfaces/lib/python3.12/site-packages/action_interfaces/action/_fibonacci.py
[0.567s] -- Up-to-date: /home/basmala/ros2_ws/install/action_interfaces/lib/python3.12/site-packages/action_interfaces/action/__init__.py
[0.567s] -- Up-to-date: /home/basmala/ros2_ws/install/action_interfaces/lib/python3.12/site-packages/action_interfaces/action_interfaces_s__rosidl_typesupport_c.so
[0.567s] -- Up-to-date: /home/basmala/ros2_ws/install/action_interfaces/lib/python3.12/site-packages/action_interfaces/action_interfaces_s__rosidl_typesupport_introspection_c.so
[0.567s] -- Up-to-date: /home/basmala/ros2_ws/install/action_interfaces/lib/python3.12/site-packages/action_interfaces/_action_interfaces_s.ep.rosidl_typesupport_introspection_c.c
[0.594s] Listing '/home/basmala/ros2_ws/install/action_interfaces/lib/python3.12/site-packages/action_interfaces'...
[0.594s] Listing '/home/basmala/ros2_ws/install/action_interfaces/lib/python3.12/site-packages/action_interfaces/action'...
[0.598s] -- Up-to-date: /home/basmala/ros2_ws/install/action_interfaces/lib/python3.12/site-packages/action_interfaces/action_interfaces_s__rosidl_typesupport_fastrtps_c.so
[0.598s] -- Up-to-date: /home/basmala/ros2_ws/install/action_interfaces/lib/python3.12/site-packages/action_interfaces/action_interfaces_s__rosidl_typesupport_introspection_c.so
[0.598s] -- Up-to-date: /home/basmala/ros2_ws/install/action_interfaces/lib/python3.12/site-packages/action_interfaces/action_interfaces_s__rosidl_typesupport_c.so
[0.598s] -- Up-to-date: /home/basmala/ros2_ws/install/action_interfaces/lib/libaction_interfaces__rosidl_generator_py.so
[0.598s] -- Up-to-date: /home/basmala/ros2_ws/install/action_interfaces/share/action_interfaces/action/Fibonacci.idl
[0.599s] -- Up-to-date: /home/basmala/ros2_ws/install/action_interfaces/share/action_interfaces/action/Fibonacci.action
[0.599s] -- Up-to-date: /home/basmala/ros2_ws/install/action_interfaces/share/ament_index/resource_index/package_run_dependencies/action_interfaces
[0.599s] -- Up-to-date: /home/basmala/ros2_ws/install/action_interfaces/share/ament_index/resource_index/parent_prefix_path/action_interfaces
[0.599s] -- Up-to-date: /home/basmala/ros2_ws/install/action_interfaces/share/action_interfaces/environment/ament_prefix_path.sh
[0.599s] -- Up-to-date: /home/basmala/ros2_ws/install/action_interfaces/share/action_interfaces/environment/ament_prefix_path.dsv
[0.599s] -- Up-to-date: /home/basmala/ros2_ws/install/action_interfaces/share/action_interfaces/environment/path.sh
[0.599s] -- Up-to-date: /home/basmala/ros2_ws/install/action_interfaces/share/action_interfaces/environment/path.dsv
[0.599s] -- Up-to-date: /home/basmala/ros2_ws/install/action_interfaces/share/action_interfaces/local_setup.bash
[0.599s] -- Up-to-date: /home/basmala/ros2_ws/install/action_interfaces/share/action_interfaces/local_setup.sh
[0.599s] -- Up-to-date: /home/basmala/ros2_ws/install/action_interfaces/share/action_interfaces/local_setup.zsh
[0.599s] -- Up-to-date: /home/basmala/ros2_ws/install/action_interfaces/share/action_interfaces/local_setup.dsv
[0.599s] -- Installing: /home/basmala/ros2_ws/install/action_interfaces/share/action_interfaces/package.dsv
[0.599s] -- Up-to-date: /home/basmala/ros2_ws/install/action_interfaces/share/ament_index/resource_index/packages/action_interfaces
[0.599s] -- Up-to-date: /home/basmala/ros2_ws/install/action_interfaces/share/action_interfaces/cmake/export_action_interfaces__rosidl_generator_cExport.cmake
[0.599s] -- Up-to-date: /home/basmala/ros2_ws/install/action_interfaces/share/action_interfaces/cmake/export_action_interfaces__rosidl_generator_cExport-noconfig.cmake
[0.599s] -- Up-to-date: /home/basmala/ros2_ws/install/action_interfaces/share/action_interfaces/cmake/export_action_interfaces__rosidl_typesupport_fastrtps_cExport.cmake
[0.600s] -- Up-to-date: /home/basmala/ros2_ws/install/action_interfaces/share/action_interfaces/cmake/export_action_interfaces__rosidl_typesupport_fastrtps_cExport-noconfig.cmake
[0.600s] -- Up-to-date: /home/basmala/ros2_ws/install/action_interfaces/share/action_interfaces/cmake/action_interfaces__rosidl_typesupport_introspection_cExport.cmake
[0.600s] -- Up-to-date: /home/basmala/ros2_ws/install/action_interfaces/share/action_interfaces/cmake/action_interfaces__rosidl_typesupport_introspection_cExport-noconfig.cmake
[0.600s] -- Up-to-date: /home/basmala/ros2_ws/install/action_interfaces/share/action_interfaces/cmake/action_interfaces__rosidl_typesupport_cExport.cmake
[0.600s] -- Up-to-date: /home/basmala/ros2_ws/install/action_interfaces/share/action_interfaces/cmake/action_interfaces__rosidl_typesupport_cExport-noconfig.cmake
[0.600s] -- Up-to-date: /home/basmala/ros2_ws/install/action_interfaces/share/action_interfaces/cmake/export_action_interfaces__rosidl_generator_cppExport.cmake
[0.600s] -- Up-to-date: /home/basmala/ros2_ws/install/action_interfaces/share/action_interfaces/cmake/export_action_interfaces__rosidl_typesupport_fastrtps_cppExport.cmake
[0.600s] -- Up-to-date: /home/basmala/ros2_ws/install/action_interfaces/share/action_interfaces/cmake/export_action_interfaces__rosidl_typesupport_fastrtps_cppExport-noconfig.cmake
[0.600s] -- Up-to-date: /home/basmala/ros2_ws/install/action_interfaces/share/action_interfaces/cmake/action_interfaces__rosidl_typesupport_introspection_cppExport.cmake
[0.600s] -- Up-to-date: /home/basmala/ros2_ws/install/action_interfaces/share/action_interfaces/cmake/action_interfaces__rosidl_typesupport_introspection_cppExport-noconfig.cmake
[0.600s] -- Up-to-date: /home/basmala/ros2_ws/install/action_interfaces/share/action_interfaces/cmake/action_interfaces__rosidl_typesupport_cppExport.cmake
[0.600s] -- Up-to-date: /home/basmala/ros2_ws/install/action_interfaces/share/action_interfaces/cmake/action_interfaces__rosidl_typesupport_cppExport-noconfig.cmake
[0.600s] -- Up-to-date: /home/basmala/ros2_ws/install/action_interfaces/share/action_interfaces/cmake/export_action_interfaces__rosidl_generator_pyExport.cmake
[0.600s] -- Up-to-date: /home/basmala/ros2_ws/install/action_interfaces/share/action_interfaces/cmake/export_action_interfaces__rosidl_generator_pyExport-noconfig.cmake
[0.600s] -- Up-to-date: /home/basmala/ros2_ws/install/action_interfaces/share/action_interfaces/cmake/rosidl_cmake-extras.cmake
[0.601s] -- Up-to-date: /home/basmala/ros2_ws/install/action_interfaces/share/action_interfaces/cmake/ament_cmake_export_dependencies-extras.cmake
[0.601s] -- Up-to-date: /home/basmala/ros2_ws/install/action_interfaces/share/action_interfaces/cmake/ament_cmake_export_include_directories-extras.cmake
[0.601s] -- Up-to-date: /home/basmala/ros2_ws/install/action_interfaces/share/action_interfaces/cmake/ament_cmake_export_libraries-extras.cmake
[0.601s] -- Up-to-date: /home/basmala/ros2_ws/install/action_interfaces/share/action_interfaces/cmake/ament_cmake_export_targets-extras.cmake
[0.601s] -- Up-to-date: /home/basmala/ros2_ws/install/action_interfaces/share/action_interfaces/cmake/rosidl_cmake_export_typesupport_targets-extras.cmake
[0.601s] -- Up-to-date: /home/basmala/ros2_ws/install/action_interfaces/share/action_interfaces/cmake/rosidl_cmake_export_typesupport_libraries-extras.cmake
[0.601s] -- Up-to-date: /home/basmala/ros2_ws/install/action_interfaces/share/action_interfaces/cmake/action_interfacesConfig.cmake
[0.601s] -- Up-to-date: /home/basmala/ros2_ws/install/action_interfaces/share/action_interfaces/cmake/action_interfacesConfig-version.cmake
[0.601s] -- Up-to-date: /home/basmala/ros2_ws/install/action_interfaces/share/action_interfaces/package.xml
[0.603s] Invoked command in '/home/basmala/ros2_ws/build/action_interfaces' returned '0': CMAKE_PREFIX_PATH=${CMAKE_PREFIX_PATH}:/home/basmala/ros2_ws/install/turtle_action_client:/home/basmala/ros2_ws/install/first_package_python:/opt/ros/jazzy DEBUGINFOD_URLS=https://debuginfod.ubuntu.com /usr/bin/cmake --install /home/basmala/ros2_ws/build/action_interfaces
