[0.151s] DEBUG:colcon:Command line arguments: ['/usr/bin/colcon', 'build', '--packages-select', 'assignment2_rt', 'assignment2_custom_msgs_srvs']
[0.152s] DEBUG:colcon:Parsed command line arguments: Namespace(log_base=None, log_level=None, verb_name='build', build_base='build', install_base='install', merge_install=False, symlink_install=False, test_result_base=None, continue_on_error=False, executor='parallel', parallel_workers=20, event_handlers=None, ignore_user_meta=False, metas=['./colcon.meta'], base_paths=['.'], packages_ignore=None, packages_ignore_regex=None, paths=None, packages_up_to=None, packages_up_to_regex=None, packages_above=None, packages_above_and_dependencies=None, packages_above_depth=None, packages_select_by_dep=None, packages_skip_by_dep=None, packages_skip_up_to=None, packages_select_build_failed=False, packages_skip_build_finished=False, packages_select_test_failures=False, packages_skip_test_passed=False, packages_select=['assignment2_rt', 'assignment2_custom_msgs_srvs'], packages_skip=None, packages_select_regex=None, packages_skip_regex=None, packages_start=None, packages_end=None, allow_overriding=[], cmake_args=None, cmake_target=None, cmake_target_skip_unavailable=False, cmake_clean_cache=False, cmake_clean_first=False, cmake_force_configure=False, ament_cmake_args=None, catkin_cmake_args=None, catkin_skip_building_tests=False, verb_parser=<colcon_defaults.argument_parser.defaults.DefaultArgumentsDecorator object at 0x7d4a88208560>, verb_extension=<colcon_core.verb.build.BuildVerb object at 0x7d4a889927b0>, main=<bound method BuildVerb.main of <colcon_core.verb.build.BuildVerb object at 0x7d4a889927b0>>)
[0.209s] Level 1:colcon.colcon_core.package_discovery:discover_packages(colcon_meta) check parameters
[0.209s] Level 1:colcon.colcon_core.package_discovery:discover_packages(recursive) check parameters
[0.209s] Level 1:colcon.colcon_core.package_discovery:discover_packages(ignore) check parameters
[0.209s] Level 1:colcon.colcon_core.package_discovery:discover_packages(path) check parameters
[0.209s] Level 1:colcon.colcon_core.package_discovery:discover_packages(colcon_meta) discover
[0.209s] Level 1:colcon.colcon_core.package_discovery:discover_packages(recursive) discover
[0.210s] INFO:colcon.colcon_core.package_discovery:Crawling recursively for packages in '/home/basmala/ros2_ws'
[0.210s] Level 1:colcon.colcon_core.package_identification:_identify(.) by extensions ['ignore', 'ignore_ament_install']
[0.210s] Level 1:colcon.colcon_core.package_identification:_identify(.) by extension 'ignore'
[0.210s] Level 1:colcon.colcon_core.package_identification:_identify(.) by extension 'ignore_ament_install'
[0.210s] Level 1:colcon.colcon_core.package_identification:_identify(.) by extensions ['colcon_pkg']
[0.210s] Level 1:colcon.colcon_core.package_identification:_identify(.) by extension 'colcon_pkg'
[0.210s] Level 1:colcon.colcon_core.package_identification:_identify(.) by extensions ['colcon_meta']
[0.210s] Level 1:colcon.colcon_core.package_identification:_identify(.) by extension 'colcon_meta'
[0.210s] Level 1:colcon.colcon_core.package_identification:_identify(.) by extensions ['ros']
[0.210s] Level 1:colcon.colcon_core.package_identification:_identify(.) by extension 'ros'
[0.257s] Level 1:colcon.colcon_core.package_identification:_identify(.) by extensions ['cmake', 'python']
[0.257s] Level 1:colcon.colcon_core.package_identification:_identify(.) by extension 'cmake'
[0.257s] Level 1:colcon.colcon_core.package_identification:_identify(.) by extension 'python'
[0.257s] Level 1:colcon.colcon_core.package_identification:_identify(.) by extensions ['python_setup_py']
[0.257s] Level 1:colcon.colcon_core.package_identification:_identify(.) by extension 'python_setup_py'
[0.258s] Level 1:colcon.colcon_core.package_identification:_identify(assignment1_rt) by extensions ['ignore', 'ignore_ament_install']
[0.258s] Level 1:colcon.colcon_core.package_identification:_identify(assignment1_rt) by extension 'ignore'
[0.258s] Level 1:colcon.colcon_core.package_identification:_identify(assignment1_rt) by extension 'ignore_ament_install'
[0.258s] Level 1:colcon.colcon_core.package_identification:_identify(assignment1_rt) by extensions ['colcon_pkg']
[0.258s] Level 1:colcon.colcon_core.package_identification:_identify(assignment1_rt) by extension 'colcon_pkg'
[0.259s] Level 1:colcon.colcon_core.package_identification:_identify(assignment1_rt) by extensions ['colcon_meta']
[0.259s] Level 1:colcon.colcon_core.package_identification:_identify(assignment1_rt) by extension 'colcon_meta'
[0.259s] Level 1:colcon.colcon_core.package_identification:_identify(assignment1_rt) by extensions ['ros']
[0.259s] Level 1:colcon.colcon_core.package_identification:_identify(assignment1_rt) by extension 'ros'
[0.266s] DEBUG:colcon.colcon_core.package_identification:Package 'assignment1_rt' with type 'ros.ament_cmake' and name 'assignment1_rt'
[0.266s] Level 1:colcon.colcon_core.package_identification:_identify(assignment2_custom_msgs_srvs) by extensions ['ignore', 'ignore_ament_install']
[0.266s] Level 1:colcon.colcon_core.package_identification:_identify(assignment2_custom_msgs_srvs) by extension 'ignore'
[0.266s] Level 1:colcon.colcon_core.package_identification:_identify(assignment2_custom_msgs_srvs) by extension 'ignore_ament_install'
[0.267s] Level 1:colcon.colcon_core.package_identification:_identify(assignment2_custom_msgs_srvs) by extensions ['colcon_pkg']
[0.267s] Level 1:colcon.colcon_core.package_identification:_identify(assignment2_custom_msgs_srvs) by extension 'colcon_pkg'
[0.267s] Level 1:colcon.colcon_core.package_identification:_identify(assignment2_custom_msgs_srvs) by extensions ['colcon_meta']
[0.267s] Level 1:colcon.colcon_core.package_identification:_identify(assignment2_custom_msgs_srvs) by extension 'colcon_meta'
[0.267s] Level 1:colcon.colcon_core.package_identification:_identify(assignment2_custom_msgs_srvs) by extensions ['ros']
[0.267s] Level 1:colcon.colcon_core.package_identification:_identify(assignment2_custom_msgs_srvs) by extension 'ros'
[0.268s] DEBUG:colcon.colcon_core.package_identification:Package 'assignment2_custom_msgs_srvs' with type 'ros.ament_cmake' and name 'assignment2_custom_msgs_srvs'
[0.268s] Level 1:colcon.colcon_core.package_identification:_identify(assignment2_rt) by extensions ['ignore', 'ignore_ament_install']
[0.268s] Level 1:colcon.colcon_core.package_identification:_identify(assignment2_rt) by extension 'ignore'
[0.268s] Level 1:colcon.colcon_core.package_identification:_identify(assignment2_rt) by extension 'ignore_ament_install'
[0.268s] Level 1:colcon.colcon_core.package_identification:_identify(assignment2_rt) by extensions ['colcon_pkg']
[0.268s] Level 1:colcon.colcon_core.package_identification:_identify(assignment2_rt) by extension 'colcon_pkg'
[0.268s] Level 1:colcon.colcon_core.package_identification:_identify(assignment2_rt) by extensions ['colcon_meta']
[0.268s] Level 1:colcon.colcon_core.package_identification:_identify(assignment2_rt) by extension 'colcon_meta'
[0.268s] Level 1:colcon.colcon_core.package_identification:_identify(assignment2_rt) by extensions ['ros']
[0.268s] Level 1:colcon.colcon_core.package_identification:_identify(assignment2_rt) by extension 'ros'
[0.270s] DEBUG:colcon.colcon_core.package_identification:Found ROS schema reference in package manifest in 'assignment2_rt'
[0.270s] WARNING:colcon.colcon_core.package_identification:Failed to parse ROS package manifest in 'assignment2_rt': Error(s) in package 'assignment2_rt/package.xml':
Error(s):
- The generic dependency on 'rclcpp' is redundant with: exec_depend
- The generic dependency on 'geometry_msgs' is redundant with: exec_depend
- The generic dependency on 'sensor_msgs' is redundant with: exec_depend
[0.270s] Level 1:colcon.colcon_core.package_identification:_identify(assignment2_rt) by extensions ['cmake', 'python']
[0.270s] Level 1:colcon.colcon_core.package_identification:_identify(assignment2_rt) by extension 'cmake'
[0.272s] Level 1:colcon.colcon_core.package_identification:_identify(assignment2_rt) by extension 'python'
[0.272s] DEBUG:colcon.colcon_core.package_identification:Package 'assignment2_rt' with type 'cmake' and name 'assignment2_rt'
[0.272s] Level 1:colcon.colcon_core.package_identification:_identify(build) by extensions ['ignore', 'ignore_ament_install']
[0.273s] Level 1:colcon.colcon_core.package_identification:_identify(build) by extension 'ignore'
[0.273s] Level 1:colcon.colcon_core.package_identification:_identify(build) ignored
[0.273s] Level 1:colcon.colcon_core.package_identification:_identify(first_package_cpp) by extensions ['ignore', 'ignore_ament_install']
[0.273s] Level 1:colcon.colcon_core.package_identification:_identify(first_package_cpp) by extension 'ignore'
[0.273s] Level 1:colcon.colcon_core.package_identification:_identify(first_package_cpp) by extension 'ignore_ament_install'
[0.273s] Level 1:colcon.colcon_core.package_identification:_identify(first_package_cpp) by extensions ['colcon_pkg']
[0.273s] Level 1:colcon.colcon_core.package_identification:_identify(first_package_cpp) by extension 'colcon_pkg'
[0.273s] Level 1:colcon.colcon_core.package_identification:_identify(first_package_cpp) by extensions ['colcon_meta']
[0.273s] Level 1:colcon.colcon_core.package_identification:_identify(first_package_cpp) by extension 'colcon_meta'
[0.273s] Level 1:colcon.colcon_core.package_identification:_identify(first_package_cpp) by extensions ['ros']
[0.273s] Level 1:colcon.colcon_core.package_identification:_identify(first_package_cpp) by extension 'ros'
[0.274s] DEBUG:colcon.colcon_core.package_identification:Package 'first_package_cpp' with type 'ros.ament_cmake' and name 'first_package_cpp'
[0.274s] Level 1:colcon.colcon_core.package_identification:_identify(first_package_python) by extensions ['ignore', 'ignore_ament_install']
[0.274s] Level 1:colcon.colcon_core.package_identification:_identify(first_package_python) by extension 'ignore'
[0.274s] Level 1:colcon.colcon_core.package_identification:_identify(first_package_python) by extension 'ignore_ament_install'
[0.274s] Level 1:colcon.colcon_core.package_identification:_identify(first_package_python) by extensions ['colcon_pkg']
[0.274s] Level 1:colcon.colcon_core.package_identification:_identify(first_package_python) by extension 'colcon_pkg'
[0.275s] Level 1:colcon.colcon_core.package_identification:_identify(first_package_python) by extensions ['colcon_meta']
[0.275s] Level 1:colcon.colcon_core.package_identification:_identify(first_package_python) by extension 'colcon_meta'
[0.275s] Level 1:colcon.colcon_core.package_identification:_identify(first_package_python) by extensions ['ros']
[0.275s] Level 1:colcon.colcon_core.package_identification:_identify(first_package_python) by extension 'ros'
[0.275s] DEBUG:colcon.colcon_core.package_identification:Package 'first_package_python' with type 'ros.ament_python' and name 'first_package_python'
[0.275s] Level 1:colcon.colcon_core.package_identification:_identify(install) by extensions ['ignore', 'ignore_ament_install']
[0.275s] Level 1:colcon.colcon_core.package_identification:_identify(install) by extension 'ignore'
[0.276s] Level 1:colcon.colcon_core.package_identification:_identify(install) ignored
[0.276s] Level 1:colcon.colcon_core.package_identification:_identify(log) by extensions ['ignore', 'ignore_ament_install']
[0.276s] Level 1:colcon.colcon_core.package_identification:_identify(log) by extension 'ignore'
[0.276s] Level 1:colcon.colcon_core.package_identification:_identify(log) ignored
[0.276s] Level 1:colcon.colcon_core.package_identification:_identify(rosbag2_2025_12_02-13_02_19) by extensions ['ignore', 'ignore_ament_install']
[0.276s] Level 1:colcon.colcon_core.package_identification:_identify(rosbag2_2025_12_02-13_02_19) by extension 'ignore'
[0.276s] Level 1:colcon.colcon_core.package_identification:_identify(rosbag2_2025_12_02-13_02_19) by extension 'ignore_ament_install'
[0.276s] Level 1:colcon.colcon_core.package_identification:_identify(rosbag2_2025_12_02-13_02_19) by extensions ['colcon_pkg']
[0.276s] Level 1:colcon.colcon_core.package_identification:_identify(rosbag2_2025_12_02-13_02_19) by extension 'colcon_pkg'
[0.276s] Level 1:colcon.colcon_core.package_identification:_identify(rosbag2_2025_12_02-13_02_19) by extensions ['colcon_meta']
[0.276s] Level 1:colcon.colcon_core.package_identification:_identify(rosbag2_2025_12_02-13_02_19) by extension 'colcon_meta'
[0.276s] Level 1:colcon.colcon_core.package_identification:_identify(rosbag2_2025_12_02-13_02_19) by extensions ['ros']
[0.276s] Level 1:colcon.colcon_core.package_identification:_identify(rosbag2_2025_12_02-13_02_19) by extension 'ros'
[0.276s] Level 1:colcon.colcon_core.package_identification:_identify(rosbag2_2025_12_02-13_02_19) by extensions ['cmake', 'python']
[0.277s] Level 1:colcon.colcon_core.package_identification:_identify(rosbag2_2025_12_02-13_02_19) by extension 'cmake'
[0.277s] Level 1:colcon.colcon_core.package_identification:_identify(rosbag2_2025_12_02-13_02_19) by extension 'python'
[0.277s] Level 1:colcon.colcon_core.package_identification:_identify(rosbag2_2025_12_02-13_02_19) by extensions ['python_setup_py']
[0.277s] Level 1:colcon.colcon_core.package_identification:_identify(rosbag2_2025_12_02-13_02_19) by extension 'python_setup_py'
[0.277s] Level 1:colcon.colcon_core.package_identification:_identify(src) by extensions ['ignore', 'ignore_ament_install']
[0.277s] Level 1:colcon.colcon_core.package_identification:_identify(src) by extension 'ignore'
[0.277s] Level 1:colcon.colcon_core.package_identification:_identify(src) by extension 'ignore_ament_install'
[0.277s] Level 1:colcon.colcon_core.package_identification:_identify(src) by extensions ['colcon_pkg']
[0.277s] Level 1:colcon.colcon_core.package_identification:_identify(src) by extension 'colcon_pkg'
[0.277s] Level 1:colcon.colcon_core.package_identification:_identify(src) by extensions ['colcon_meta']
[0.277s] Level 1:colcon.colcon_core.package_identification:_identify(src) by extension 'colcon_meta'
[0.277s] Level 1:colcon.colcon_core.package_identification:_identify(src) by extensions ['ros']
[0.277s] Level 1:colcon.colcon_core.package_identification:_identify(src) by extension 'ros'
[0.277s] Level 1:colcon.colcon_core.package_identification:_identify(src) by extensions ['cmake', 'python']
[0.277s] Level 1:colcon.colcon_core.package_identification:_identify(src) by extension 'cmake'
[0.277s] Level 1:colcon.colcon_core.package_identification:_identify(src) by extension 'python'
[0.277s] Level 1:colcon.colcon_core.package_identification:_identify(src) by extensions ['python_setup_py']
[0.277s] Level 1:colcon.colcon_core.package_identification:_identify(src) by extension 'python_setup_py'
[0.278s] Level 1:colcon.colcon_core.package_identification:_identify(src/bme_gazebo_sensors) by extensions ['ignore', 'ignore_ament_install']
[0.278s] Level 1:colcon.colcon_core.package_identification:_identify(src/bme_gazebo_sensors) by extension 'ignore'
[0.278s] Level 1:colcon.colcon_core.package_identification:_identify(src/bme_gazebo_sensors) by extension 'ignore_ament_install'
[0.278s] Level 1:colcon.colcon_core.package_identification:_identify(src/bme_gazebo_sensors) by extensions ['colcon_pkg']
[0.278s] Level 1:colcon.colcon_core.package_identification:_identify(src/bme_gazebo_sensors) by extension 'colcon_pkg'
[0.278s] Level 1:colcon.colcon_core.package_identification:_identify(src/bme_gazebo_sensors) by extensions ['colcon_meta']
[0.278s] Level 1:colcon.colcon_core.package_identification:_identify(src/bme_gazebo_sensors) by extension 'colcon_meta'
[0.278s] Level 1:colcon.colcon_core.package_identification:_identify(src/bme_gazebo_sensors) by extensions ['ros']
[0.278s] Level 1:colcon.colcon_core.package_identification:_identify(src/bme_gazebo_sensors) by extension 'ros'
[0.279s] DEBUG:colcon.colcon_core.package_identification:Package 'src/bme_gazebo_sensors' with type 'ros.ament_cmake' and name 'bme_gazebo_sensors'
[0.279s] Level 1:colcon.colcon_core.package_identification:_identify(src/build) by extensions ['ignore', 'ignore_ament_install']
[0.279s] Level 1:colcon.colcon_core.package_identification:_identify(src/build) by extension 'ignore'
[0.279s] Level 1:colcon.colcon_core.package_identification:_identify(src/build) ignored
[0.279s] Level 1:colcon.colcon_core.package_identification:_identify(src/install) by extensions ['ignore', 'ignore_ament_install']
[0.279s] Level 1:colcon.colcon_core.package_identification:_identify(src/install) by extension 'ignore'
[0.279s] Level 1:colcon.colcon_core.package_identification:_identify(src/install) ignored
[0.279s] Level 1:colcon.colcon_core.package_identification:_identify(src/log) by extensions ['ignore', 'ignore_ament_install']
[0.279s] Level 1:colcon.colcon_core.package_identification:_identify(src/log) by extension 'ignore'
[0.279s] Level 1:colcon.colcon_core.package_identification:_identify(src/log) ignored
[0.279s] Level 1:colcon.colcon_core.package_identification:_identify(src/yahboom_rosmaster) by extensions ['ignore', 'ignore_ament_install']
[0.280s] Level 1:colcon.colcon_core.package_identification:_identify(src/yahboom_rosmaster) by extension 'ignore'
[0.280s] Level 1:colcon.colcon_core.package_identification:_identify(src/yahboom_rosmaster) by extension 'ignore_ament_install'
[0.280s] Level 1:colcon.colcon_core.package_identification:_identify(src/yahboom_rosmaster) by extensions ['colcon_pkg']
[0.280s] Level 1:colcon.colcon_core.package_identification:_identify(src/yahboom_rosmaster) by extension 'colcon_pkg'
[0.280s] Level 1:colcon.colcon_core.package_identification:_identify(src/yahboom_rosmaster) by extensions ['colcon_meta']
[0.280s] Level 1:colcon.colcon_core.package_identification:_identify(src/yahboom_rosmaster) by extension 'colcon_meta'
[0.280s] Level 1:colcon.colcon_core.package_identification:_identify(src/yahboom_rosmaster) by extensions ['ros']
[0.280s] Level 1:colcon.colcon_core.package_identification:_identify(src/yahboom_rosmaster) by extension 'ros'
[0.280s] Level 1:colcon.colcon_core.package_identification:_identify(src/yahboom_rosmaster) by extensions ['cmake', 'python']
[0.280s] Level 1:colcon.colcon_core.package_identification:_identify(src/yahboom_rosmaster) by extension 'cmake'
[0.280s] Level 1:colcon.colcon_core.package_identification:_identify(src/yahboom_rosmaster) by extension 'python'
[0.280s] Level 1:colcon.colcon_core.package_identification:_identify(src/yahboom_rosmaster) by extensions ['python_setup_py']
[0.280s] Level 1:colcon.colcon_core.package_identification:_identify(src/yahboom_rosmaster) by extension 'python_setup_py'
[0.280s] Level 1:colcon.colcon_core.package_identification:_identify(src/yahboom_rosmaster/mecanum_drive_controller) by extensions ['ignore', 'ignore_ament_install']
[0.280s] Level 1:colcon.colcon_core.package_identification:_identify(src/yahboom_rosmaster/mecanum_drive_controller) by extension 'ignore'
[0.280s] Level 1:colcon.colcon_core.package_identification:_identify(src/yahboom_rosmaster/mecanum_drive_controller) by extension 'ignore_ament_install'
[0.280s] Level 1:colcon.colcon_core.package_identification:_identify(src/yahboom_rosmaster/mecanum_drive_controller) by extensions ['colcon_pkg']
[0.280s] Level 1:colcon.colcon_core.package_identification:_identify(src/yahboom_rosmaster/mecanum_drive_controller) by extension 'colcon_pkg'
[0.280s] Level 1:colcon.colcon_core.package_identification:_identify(src/yahboom_rosmaster/mecanum_drive_controller) by extensions ['colcon_meta']
[0.280s] Level 1:colcon.colcon_core.package_identification:_identify(src/yahboom_rosmaster/mecanum_drive_controller) by extension 'colcon_meta'
[0.281s] Level 1:colcon.colcon_core.package_identification:_identify(src/yahboom_rosmaster/mecanum_drive_controller) by extensions ['ros']
[0.281s] Level 1:colcon.colcon_core.package_identification:_identify(src/yahboom_rosmaster/mecanum_drive_controller) by extension 'ros'
[0.282s] DEBUG:colcon.colcon_core.package_identification:Package 'src/yahboom_rosmaster/mecanum_drive_controller' with type 'ros.ament_cmake' and name 'mecanum_drive_controller'
[0.282s] Level 1:colcon.colcon_core.package_identification:_identify(src/yahboom_rosmaster/yahboom_rosmaster) by extensions ['ignore', 'ignore_ament_install']
[0.282s] Level 1:colcon.colcon_core.package_identification:_identify(src/yahboom_rosmaster/yahboom_rosmaster) by extension 'ignore'
[0.282s] Level 1:colcon.colcon_core.package_identification:_identify(src/yahboom_rosmaster/yahboom_rosmaster) by extension 'ignore_ament_install'
[0.282s] Level 1:colcon.colcon_core.package_identification:_identify(src/yahboom_rosmaster/yahboom_rosmaster) by extensions ['colcon_pkg']
[0.282s] Level 1:colcon.colcon_core.package_identification:_identify(src/yahboom_rosmaster/yahboom_rosmaster) by extension 'colcon_pkg'
[0.282s] Level 1:colcon.colcon_core.package_identification:_identify(src/yahboom_rosmaster/yahboom_rosmaster) by extensions ['colcon_meta']
[0.282s] Level 1:colcon.colcon_core.package_identification:_identify(src/yahboom_rosmaster/yahboom_rosmaster) by extension 'colcon_meta'
[0.282s] Level 1:colcon.colcon_core.package_identification:_identify(src/yahboom_rosmaster/yahboom_rosmaster) by extensions ['ros']
[0.283s] Level 1:colcon.colcon_core.package_identification:_identify(src/yahboom_rosmaster/yahboom_rosmaster) by extension 'ros'
[0.283s] DEBUG:colcon.colcon_core.package_identification:Package 'src/yahboom_rosmaster/yahboom_rosmaster' with type 'ros.ament_cmake' and name 'yahboom_rosmaster'
[0.283s] Level 1:colcon.colcon_core.package_identification:_identify(src/yahboom_rosmaster/yahboom_rosmaster_bringup) by extensions ['ignore', 'ignore_ament_install']
[0.283s] Level 1:colcon.colcon_core.package_identification:_identify(src/yahboom_rosmaster/yahboom_rosmaster_bringup) by extension 'ignore'
[0.283s] Level 1:colcon.colcon_core.package_identification:_identify(src/yahboom_rosmaster/yahboom_rosmaster_bringup) by extension 'ignore_ament_install'
[0.284s] Level 1:colcon.colcon_core.package_identification:_identify(src/yahboom_rosmaster/yahboom_rosmaster_bringup) by extensions ['colcon_pkg']
[0.284s] Level 1:colcon.colcon_core.package_identification:_identify(src/yahboom_rosmaster/yahboom_rosmaster_bringup) by extension 'colcon_pkg'
[0.284s] Level 1:colcon.colcon_core.package_identification:_identify(src/yahboom_rosmaster/yahboom_rosmaster_bringup) by extensions ['colcon_meta']
[0.284s] Level 1:colcon.colcon_core.package_identification:_identify(src/yahboom_rosmaster/yahboom_rosmaster_bringup) by extension 'colcon_meta'
[0.284s] Level 1:colcon.colcon_core.package_identification:_identify(src/yahboom_rosmaster/yahboom_rosmaster_bringup) by extensions ['ros']
[0.284s] Level 1:colcon.colcon_core.package_identification:_identify(src/yahboom_rosmaster/yahboom_rosmaster_bringup) by extension 'ros'
[0.284s] DEBUG:colcon.colcon_core.package_identification:Package 'src/yahboom_rosmaster/yahboom_rosmaster_bringup' with type 'ros.ament_cmake' and name 'yahboom_rosmaster_bringup'
[0.284s] Level 1:colcon.colcon_core.package_identification:_identify(src/yahboom_rosmaster/yahboom_rosmaster_description) by extensions ['ignore', 'ignore_ament_install']
[0.284s] Level 1:colcon.colcon_core.package_identification:_identify(src/yahboom_rosmaster/yahboom_rosmaster_description) by extension 'ignore'
[0.284s] Level 1:colcon.colcon_core.package_identification:_identify(src/yahboom_rosmaster/yahboom_rosmaster_description) by extension 'ignore_ament_install'
[0.285s] Level 1:colcon.colcon_core.package_identification:_identify(src/yahboom_rosmaster/yahboom_rosmaster_description) by extensions ['colcon_pkg']
[0.285s] Level 1:colcon.colcon_core.package_identification:_identify(src/yahboom_rosmaster/yahboom_rosmaster_description) by extension 'colcon_pkg'
[0.285s] Level 1:colcon.colcon_core.package_identification:_identify(src/yahboom_rosmaster/yahboom_rosmaster_description) by extensions ['colcon_meta']
[0.285s] Level 1:colcon.colcon_core.package_identification:_identify(src/yahboom_rosmaster/yahboom_rosmaster_description) by extension 'colcon_meta'
[0.285s] Level 1:colcon.colcon_core.package_identification:_identify(src/yahboom_rosmaster/yahboom_rosmaster_description) by extensions ['ros']
[0.285s] Level 1:colcon.colcon_core.package_identification:_identify(src/yahboom_rosmaster/yahboom_rosmaster_description) by extension 'ros'
[0.285s] DEBUG:colcon.colcon_core.package_identification:Package 'src/yahboom_rosmaster/yahboom_rosmaster_description' with type 'ros.ament_cmake' and name 'yahboom_rosmaster_description'
[0.285s] Level 1:colcon.colcon_core.package_identification:_identify(src/yahboom_rosmaster/yahboom_rosmaster_gazebo) by extensions ['ignore', 'ignore_ament_install']
[0.285s] Level 1:colcon.colcon_core.package_identification:_identify(src/yahboom_rosmaster/yahboom_rosmaster_gazebo) by extension 'ignore'
[0.286s] Level 1:colcon.colcon_core.package_identification:_identify(src/yahboom_rosmaster/yahboom_rosmaster_gazebo) by extension 'ignore_ament_install'
[0.286s] Level 1:colcon.colcon_core.package_identification:_identify(src/yahboom_rosmaster/yahboom_rosmaster_gazebo) by extensions ['colcon_pkg']
[0.286s] Level 1:colcon.colcon_core.package_identification:_identify(src/yahboom_rosmaster/yahboom_rosmaster_gazebo) by extension 'colcon_pkg'
[0.286s] Level 1:colcon.colcon_core.package_identification:_identify(src/yahboom_rosmaster/yahboom_rosmaster_gazebo) by extensions ['colcon_meta']
[0.286s] Level 1:colcon.colcon_core.package_identification:_identify(src/yahboom_rosmaster/yahboom_rosmaster_gazebo) by extension 'colcon_meta'
[0.286s] Level 1:colcon.colcon_core.package_identification:_identify(src/yahboom_rosmaster/yahboom_rosmaster_gazebo) by extensions ['ros']
[0.286s] Level 1:colcon.colcon_core.package_identification:_identify(src/yahboom_rosmaster/yahboom_rosmaster_gazebo) by extension 'ros'
[0.287s] DEBUG:colcon.colcon_core.package_identification:Package 'src/yahboom_rosmaster/yahboom_rosmaster_gazebo' with type 'ros.ament_cmake' and name 'yahboom_rosmaster_gazebo'
[0.287s] Level 1:colcon.colcon_core.package_identification:_identify(src/yahboom_rosmaster/yahboom_rosmaster_system_tests) by extensions ['ignore', 'ignore_ament_install']
[0.287s] Level 1:colcon.colcon_core.package_identification:_identify(src/yahboom_rosmaster/yahboom_rosmaster_system_tests) by extension 'ignore'
[0.287s] Level 1:colcon.colcon_core.package_identification:_identify(src/yahboom_rosmaster/yahboom_rosmaster_system_tests) by extension 'ignore_ament_install'
[0.288s] Level 1:colcon.colcon_core.package_identification:_identify(src/yahboom_rosmaster/yahboom_rosmaster_system_tests) by extensions ['colcon_pkg']
[0.288s] Level 1:colcon.colcon_core.package_identification:_identify(src/yahboom_rosmaster/yahboom_rosmaster_system_tests) by extension 'colcon_pkg'
[0.288s] Level 1:colcon.colcon_core.package_identification:_identify(src/yahboom_rosmaster/yahboom_rosmaster_system_tests) by extensions ['colcon_meta']
[0.288s] Level 1:colcon.colcon_core.package_identification:_identify(src/yahboom_rosmaster/yahboom_rosmaster_system_tests) by extension 'colcon_meta'
[0.288s] Level 1:colcon.colcon_core.package_identification:_identify(src/yahboom_rosmaster/yahboom_rosmaster_system_tests) by extensions ['ros']
[0.288s] Level 1:colcon.colcon_core.package_identification:_identify(src/yahboom_rosmaster/yahboom_rosmaster_system_tests) by extension 'ros'
[0.289s] DEBUG:colcon.colcon_core.package_identification:Package 'src/yahboom_rosmaster/yahboom_rosmaster_system_tests' with type 'ros.ament_cmake' and name 'yahboom_rosmaster_system_tests'
[0.289s] Level 1:colcon.colcon_core.package_identification:_identify(turtlesim_controller) by extensions ['ignore', 'ignore_ament_install']
[0.289s] Level 1:colcon.colcon_core.package_identification:_identify(turtlesim_controller) by extension 'ignore'
[0.289s] Level 1:colcon.colcon_core.package_identification:_identify(turtlesim_controller) by extension 'ignore_ament_install'
[0.289s] Level 1:colcon.colcon_core.package_identification:_identify(turtlesim_controller) by extensions ['colcon_pkg']
[0.289s] Level 1:colcon.colcon_core.package_identification:_identify(turtlesim_controller) by extension 'colcon_pkg'
[0.289s] Level 1:colcon.colcon_core.package_identification:_identify(turtlesim_controller) by extensions ['colcon_meta']
[0.289s] Level 1:colcon.colcon_core.package_identification:_identify(turtlesim_controller) by extension 'colcon_meta'
[0.289s] Level 1:colcon.colcon_core.package_identification:_identify(turtlesim_controller) by extensions ['ros']
[0.289s] Level 1:colcon.colcon_core.package_identification:_identify(turtlesim_controller) by extension 'ros'
[0.290s] DEBUG:colcon.colcon_core.package_identification:Package 'turtlesim_controller' with type 'ros.ament_cmake' and name 'turtlesim_controller'
[0.290s] Level 1:colcon.colcon_core.package_identification:_identify(turtlesim_custom_msgs) by extensions ['ignore', 'ignore_ament_install']
[0.291s] Level 1:colcon.colcon_core.package_identification:_identify(turtlesim_custom_msgs) by extension 'ignore'
[0.291s] Level 1:colcon.colcon_core.package_identification:_identify(turtlesim_custom_msgs) by extension 'ignore_ament_install'
[0.291s] Level 1:colcon.colcon_core.package_identification:_identify(turtlesim_custom_msgs) by extensions ['colcon_pkg']
[0.291s] Level 1:colcon.colcon_core.package_identification:_identify(turtlesim_custom_msgs) by extension 'colcon_pkg'
[0.291s] Level 1:colcon.colcon_core.package_identification:_identify(turtlesim_custom_msgs) by extensions ['colcon_meta']
[0.291s] Level 1:colcon.colcon_core.package_identification:_identify(turtlesim_custom_msgs) by extension 'colcon_meta'
[0.291s] Level 1:colcon.colcon_core.package_identification:_identify(turtlesim_custom_msgs) by extensions ['ros']
[0.291s] Level 1:colcon.colcon_core.package_identification:_identify(turtlesim_custom_msgs) by extension 'ros'
[0.292s] DEBUG:colcon.colcon_core.package_identification:Package 'turtlesim_custom_msgs' with type 'ros.ament_cmake' and name 'turtlesim_custom_msgs'
[0.292s] Level 1:colcon.colcon_core.package_discovery:discover_packages(recursive) using defaults
[0.292s] Level 1:colcon.colcon_core.package_discovery:discover_packages(ignore) discover
[0.292s] Level 1:colcon.colcon_core.package_discovery:discover_packages(ignore) using defaults
[0.292s] Level 1:colcon.colcon_core.package_discovery:discover_packages(path) discover
[0.292s] Level 1:colcon.colcon_core.package_discovery:discover_packages(path) using defaults
[0.317s] INFO:colcon.colcon_core.package_selection:Skipping not selected package 'assignment1_rt' in 'assignment1_rt'
[0.317s] INFO:colcon.colcon_core.package_selection:Skipping not selected package 'bme_gazebo_sensors' in 'src/bme_gazebo_sensors'
[0.317s] INFO:colcon.colcon_core.package_selection:Skipping not selected package 'first_package_cpp' in 'first_package_cpp'
[0.317s] INFO:colcon.colcon_core.package_selection:Skipping not selected package 'first_package_python' in 'first_package_python'
[0.317s] INFO:colcon.colcon_core.package_selection:Skipping not selected package 'mecanum_drive_controller' in 'src/yahboom_rosmaster/mecanum_drive_controller'
[0.317s] INFO:colcon.colcon_core.package_selection:Skipping not selected package 'turtlesim_custom_msgs' in 'turtlesim_custom_msgs'
[0.317s] INFO:colcon.colcon_core.package_selection:Skipping not selected package 'yahboom_rosmaster_bringup' in 'src/yahboom_rosmaster/yahboom_rosmaster_bringup'
[0.317s] INFO:colcon.colcon_core.package_selection:Skipping not selected package 'yahboom_rosmaster_description' in 'src/yahboom_rosmaster/yahboom_rosmaster_description'
[0.317s] INFO:colcon.colcon_core.package_selection:Skipping not selected package 'yahboom_rosmaster_gazebo' in 'src/yahboom_rosmaster/yahboom_rosmaster_gazebo'
[0.317s] INFO:colcon.colcon_core.package_selection:Skipping not selected package 'yahboom_rosmaster_system_tests' in 'src/yahboom_rosmaster/yahboom_rosmaster_system_tests'
[0.317s] INFO:colcon.colcon_core.package_selection:Skipping not selected package 'turtlesim_controller' in 'turtlesim_controller'
[0.317s] INFO:colcon.colcon_core.package_selection:Skipping not selected package 'yahboom_rosmaster' in 'src/yahboom_rosmaster/yahboom_rosmaster'
[0.318s] Level 1:colcon.colcon_core.package_discovery:discover_packages(prefix_path) check parameters
[0.318s] Level 1:colcon.colcon_core.package_discovery:discover_packages(prefix_path) discover
[0.321s] DEBUG:colcon.colcon_installed_package_information.package_discovery:Found 13 installed packages in /home/basmala/ros2_ws/install
[0.321s] DEBUG:colcon.colcon_installed_package_information.package_discovery:Found 0 installed packages in /home/basmala/ros2_ws/src/install
[0.324s] DEBUG:colcon.colcon_installed_package_information.package_discovery:Found 374 installed packages in /opt/ros/jazzy
[0.326s] Level 1:colcon.colcon_core.package_discovery:discover_packages(prefix_path) using defaults
[0.379s] Level 5:colcon.colcon_core.verb:set package 'assignment2_custom_msgs_srvs' build argument 'cmake_args' from command line to 'None'
[0.379s] Level 5:colcon.colcon_core.verb:set package 'assignment2_custom_msgs_srvs' build argument 'cmake_target' from command line to 'None'
[0.379s] Level 5:colcon.colcon_core.verb:set package 'assignment2_custom_msgs_srvs' build argument 'cmake_target_skip_unavailable' from command line to 'False'
[0.379s] Level 5:colcon.colcon_core.verb:set package 'assignment2_custom_msgs_srvs' build argument 'cmake_clean_cache' from command line to 'False'
[0.379s] Level 5:colcon.colcon_core.verb:set package 'assignment2_custom_msgs_srvs' build argument 'cmake_clean_first' from command line to 'False'
[0.379s] Level 5:colcon.colcon_core.verb:set package 'assignment2_custom_msgs_srvs' build argument 'cmake_force_configure' from command line to 'False'
[0.379s] Level 5:colcon.colcon_core.verb:set package 'assignment2_custom_msgs_srvs' build argument 'ament_cmake_args' from command line to 'None'
[0.379s] Level 5:colcon.colcon_core.verb:set package 'assignment2_custom_msgs_srvs' build argument 'catkin_cmake_args' from command line to 'None'
[0.379s] Level 5:colcon.colcon_core.verb:set package 'assignment2_custom_msgs_srvs' build argument 'catkin_skip_building_tests' from command line to 'False'
[0.380s] DEBUG:colcon.colcon_core.verb:Building package 'assignment2_custom_msgs_srvs' with the following arguments: {'ament_cmake_args': None, 'build_base': '/home/basmala/ros2_ws/build/assignment2_custom_msgs_srvs', 'catkin_cmake_args': None, 'catkin_skip_building_tests': False, 'cmake_args': None, 'cmake_clean_cache': False, 'cmake_clean_first': False, 'cmake_force_configure': False, 'cmake_target': None, 'cmake_target_skip_unavailable': False, 'install_base': '/home/basmala/ros2_ws/install/assignment2_custom_msgs_srvs', 'merge_install': False, 'path': '/home/basmala/ros2_ws/assignment2_custom_msgs_srvs', 'symlink_install': False, 'test_result_base': None}
[0.380s] Level 5:colcon.colcon_core.verb:set package 'assignment2_rt' build argument 'cmake_args' from command line to 'None'
[0.380s] Level 5:colcon.colcon_core.verb:set package 'assignment2_rt' build argument 'cmake_target' from command line to 'None'
[0.380s] Level 5:colcon.colcon_core.verb:set package 'assignment2_rt' build argument 'cmake_target_skip_unavailable' from command line to 'False'
[0.380s] Level 5:colcon.colcon_core.verb:set package 'assignment2_rt' build argument 'cmake_clean_cache' from command line to 'False'
[0.380s] Level 5:colcon.colcon_core.verb:set package 'assignment2_rt' build argument 'cmake_clean_first' from command line to 'False'
[0.380s] Level 5:colcon.colcon_core.verb:set package 'assignment2_rt' build argument 'cmake_force_configure' from command line to 'False'
[0.380s] Level 5:colcon.colcon_core.verb:set package 'assignment2_rt' build argument 'ament_cmake_args' from command line to 'None'
[0.380s] Level 5:colcon.colcon_core.verb:set package 'assignment2_rt' build argument 'catkin_cmake_args' from command line to 'None'
[0.380s] Level 5:colcon.colcon_core.verb:set package 'assignment2_rt' build argument 'catkin_skip_building_tests' from command line to 'False'
[0.380s] DEBUG:colcon.colcon_core.verb:Building package 'assignment2_rt' with the following arguments: {'ament_cmake_args': None, 'build_base': '/home/basmala/ros2_ws/build/assignment2_rt', 'catkin_cmake_args': None, 'catkin_skip_building_tests': False, 'cmake_args': None, 'cmake_clean_cache': False, 'cmake_clean_first': False, 'cmake_force_configure': False, 'cmake_target': None, 'cmake_target_skip_unavailable': False, 'install_base': '/home/basmala/ros2_ws/install/assignment2_rt', 'merge_install': False, 'path': '/home/basmala/ros2_ws/assignment2_rt', 'symlink_install': False, 'test_result_base': None}
[0.381s] INFO:colcon.colcon_core.executor:Executing jobs using 'parallel' executor
[0.383s] DEBUG:colcon.colcon_parallel_executor.executor.parallel:run_until_complete
[0.383s] INFO:colcon.colcon_ros.task.ament_cmake.build:Building ROS package in '/home/basmala/ros2_ws/assignment2_custom_msgs_srvs' with build type 'ament_cmake'
[0.383s] INFO:colcon.colcon_cmake.task.cmake.build:Building CMake package in '/home/basmala/ros2_ws/assignment2_custom_msgs_srvs'
[0.386s] INFO:colcon.colcon_core.plugin_system:Skipping extension 'colcon_core.shell.bat': Not used on non-Windows systems
[0.386s] INFO:colcon.colcon_core.shell:Skip shell extension 'powershell' for command environment: Not usable outside of PowerShell
[0.386s] DEBUG:colcon.colcon_core.shell:Skip shell extension 'dsv' for command environment
[0.399s] DEBUG:colcon.colcon_core.event_handler.log_command:Invoking command in '/home/basmala/ros2_ws/build/assignment2_custom_msgs_srvs': CMAKE_PREFIX_PATH=${CMAKE_PREFIX_PATH}:/home/basmala/ros2_ws/install/first_package_python:/opt/ros/jazzy DEBUGINFOD_URLS=https://debuginfod.ubuntu.com /usr/bin/cmake /home/basmala/ros2_ws/assignment2_custom_msgs_srvs -DCMAKE_INSTALL_PREFIX=/home/basmala/ros2_ws/install/assignment2_custom_msgs_srvs
[4.295s] DEBUG:colcon.colcon_core.event_handler.log_command:Invoked command in '/home/basmala/ros2_ws/build/assignment2_custom_msgs_srvs' returned '0': CMAKE_PREFIX_PATH=${CMAKE_PREFIX_PATH}:/home/basmala/ros2_ws/install/first_package_python:/opt/ros/jazzy DEBUGINFOD_URLS=https://debuginfod.ubuntu.com /usr/bin/cmake /home/basmala/ros2_ws/assignment2_custom_msgs_srvs -DCMAKE_INSTALL_PREFIX=/home/basmala/ros2_ws/install/assignment2_custom_msgs_srvs
[4.297s] DEBUG:colcon.colcon_core.event_handler.log_command:Invoking command in '/home/basmala/ros2_ws/build/assignment2_custom_msgs_srvs': CMAKE_PREFIX_PATH=${CMAKE_PREFIX_PATH}:/home/basmala/ros2_ws/install/first_package_python:/opt/ros/jazzy DEBUGINFOD_URLS=https://debuginfod.ubuntu.com /usr/bin/cmake --build /home/basmala/ros2_ws/build/assignment2_custom_msgs_srvs -- -j20 -l20
[8.662s] DEBUG:colcon.colcon_core.event_handler.log_command:Invoked command in '/home/basmala/ros2_ws/build/assignment2_custom_msgs_srvs' returned '0': CMAKE_PREFIX_PATH=${CMAKE_PREFIX_PATH}:/home/basmala/ros2_ws/install/first_package_python:/opt/ros/jazzy DEBUGINFOD_URLS=https://debuginfod.ubuntu.com /usr/bin/cmake --build /home/basmala/ros2_ws/build/assignment2_custom_msgs_srvs -- -j20 -l20
[8.679s] DEBUG:colcon.colcon_core.event_handler.log_command:Invoking command in '/home/basmala/ros2_ws/build/assignment2_custom_msgs_srvs': CMAKE_PREFIX_PATH=${CMAKE_PREFIX_PATH}:/home/basmala/ros2_ws/install/first_package_python:/opt/ros/jazzy DEBUGINFOD_URLS=https://debuginfod.ubuntu.com /usr/bin/cmake --install /home/basmala/ros2_ws/build/assignment2_custom_msgs_srvs
[8.790s] Level 1:colcon.colcon_core.environment:create_environment_scripts_only(assignment2_custom_msgs_srvs)
[8.794s] DEBUG:colcon.colcon_core.event_handler.log_command:Invoked command in '/home/basmala/ros2_ws/build/assignment2_custom_msgs_srvs' returned '0': CMAKE_PREFIX_PATH=${CMAKE_PREFIX_PATH}:/home/basmala/ros2_ws/install/first_package_python:/opt/ros/jazzy DEBUGINFOD_URLS=https://debuginfod.ubuntu.com /usr/bin/cmake --install /home/basmala/ros2_ws/build/assignment2_custom_msgs_srvs
[8.795s] Level 1:colcon.colcon_core.environment:checking '/home/basmala/ros2_ws/install/assignment2_custom_msgs_srvs' for CMake module files
[8.796s] Level 1:colcon.colcon_core.environment:checking '/home/basmala/ros2_ws/install/assignment2_custom_msgs_srvs' for CMake config files
[8.796s] Level 1:colcon.colcon_core.shell:create_environment_hook('assignment2_custom_msgs_srvs', 'cmake_prefix_path')
[8.796s] INFO:colcon.colcon_core.shell:Creating environment hook '/home/basmala/ros2_ws/install/assignment2_custom_msgs_srvs/share/assignment2_custom_msgs_srvs/hook/cmake_prefix_path.ps1'
[8.797s] INFO:colcon.colcon_core.shell:Creating environment descriptor '/home/basmala/ros2_ws/install/assignment2_custom_msgs_srvs/share/assignment2_custom_msgs_srvs/hook/cmake_prefix_path.dsv'
[8.798s] INFO:colcon.colcon_core.shell:Creating environment hook '/home/basmala/ros2_ws/install/assignment2_custom_msgs_srvs/share/assignment2_custom_msgs_srvs/hook/cmake_prefix_path.sh'
[8.799s] Level 1:colcon.colcon_core.environment:checking '/home/basmala/ros2_ws/install/assignment2_custom_msgs_srvs/lib'
[8.799s] Level 1:colcon.colcon_core.shell:create_environment_hook('assignment2_custom_msgs_srvs', 'ld_library_path_lib')
[8.799s] INFO:colcon.colcon_core.shell:Creating environment hook '/home/basmala/ros2_ws/install/assignment2_custom_msgs_srvs/share/assignment2_custom_msgs_srvs/hook/ld_library_path_lib.ps1'
[8.800s] INFO:colcon.colcon_core.shell:Creating environment descriptor '/home/basmala/ros2_ws/install/assignment2_custom_msgs_srvs/share/assignment2_custom_msgs_srvs/hook/ld_library_path_lib.dsv'
[8.800s] INFO:colcon.colcon_core.shell:Creating environment hook '/home/basmala/ros2_ws/install/assignment2_custom_msgs_srvs/share/assignment2_custom_msgs_srvs/hook/ld_library_path_lib.sh'
[8.800s] Level 1:colcon.colcon_core.environment:checking '/home/basmala/ros2_ws/install/assignment2_custom_msgs_srvs/bin'
[8.800s] Level 1:colcon.colcon_core.environment:checking '/home/basmala/ros2_ws/install/assignment2_custom_msgs_srvs/lib/pkgconfig/assignment2_custom_msgs_srvs.pc'
[8.801s] Level 1:colcon.colcon_core.environment:checking '/home/basmala/ros2_ws/install/assignment2_custom_msgs_srvs/lib/python3.12/site-packages'
[8.801s] Level 1:colcon.colcon_core.shell:create_environment_hook('assignment2_custom_msgs_srvs', 'pythonpath')
[8.801s] INFO:colcon.colcon_core.shell:Creating environment hook '/home/basmala/ros2_ws/install/assignment2_custom_msgs_srvs/share/assignment2_custom_msgs_srvs/hook/pythonpath.ps1'
[8.801s] INFO:colcon.colcon_core.shell:Creating environment descriptor '/home/basmala/ros2_ws/install/assignment2_custom_msgs_srvs/share/assignment2_custom_msgs_srvs/hook/pythonpath.dsv'
[8.802s] INFO:colcon.colcon_core.shell:Creating environment hook '/home/basmala/ros2_ws/install/assignment2_custom_msgs_srvs/share/assignment2_custom_msgs_srvs/hook/pythonpath.sh'
[8.802s] Level 1:colcon.colcon_core.environment:checking '/home/basmala/ros2_ws/install/assignment2_custom_msgs_srvs/bin'
[8.803s] INFO:colcon.colcon_core.shell:Creating package script '/home/basmala/ros2_ws/install/assignment2_custom_msgs_srvs/share/assignment2_custom_msgs_srvs/package.ps1'
[8.804s] INFO:colcon.colcon_core.shell:Creating package descriptor '/home/basmala/ros2_ws/install/assignment2_custom_msgs_srvs/share/assignment2_custom_msgs_srvs/package.dsv'
[8.804s] INFO:colcon.colcon_core.shell:Creating package script '/home/basmala/ros2_ws/install/assignment2_custom_msgs_srvs/share/assignment2_custom_msgs_srvs/package.sh'
[8.805s] INFO:colcon.colcon_core.shell:Creating package script '/home/basmala/ros2_ws/install/assignment2_custom_msgs_srvs/share/assignment2_custom_msgs_srvs/package.bash'
[8.806s] INFO:colcon.colcon_core.shell:Creating package script '/home/basmala/ros2_ws/install/assignment2_custom_msgs_srvs/share/assignment2_custom_msgs_srvs/package.zsh'
[8.806s] Level 1:colcon.colcon_core.environment:create_file_with_runtime_dependencies(/home/basmala/ros2_ws/install/assignment2_custom_msgs_srvs/share/colcon-core/packages/assignment2_custom_msgs_srvs)
[8.807s] Level 1:colcon.colcon_core.environment:create_environment_scripts_only(assignment2_custom_msgs_srvs)
[8.807s] Level 1:colcon.colcon_core.environment:checking '/home/basmala/ros2_ws/install/assignment2_custom_msgs_srvs' for CMake module files
[8.808s] Level 1:colcon.colcon_core.environment:checking '/home/basmala/ros2_ws/install/assignment2_custom_msgs_srvs' for CMake config files
[8.809s] Level 1:colcon.colcon_core.shell:create_environment_hook('assignment2_custom_msgs_srvs', 'cmake_prefix_path')
[8.809s] INFO:colcon.colcon_core.shell:Creating environment hook '/home/basmala/ros2_ws/install/assignment2_custom_msgs_srvs/share/assignment2_custom_msgs_srvs/hook/cmake_prefix_path.ps1'
[8.809s] INFO:colcon.colcon_core.shell:Creating environment descriptor '/home/basmala/ros2_ws/install/assignment2_custom_msgs_srvs/share/assignment2_custom_msgs_srvs/hook/cmake_prefix_path.dsv'
[8.810s] INFO:colcon.colcon_core.shell:Creating environment hook '/home/basmala/ros2_ws/install/assignment2_custom_msgs_srvs/share/assignment2_custom_msgs_srvs/hook/cmake_prefix_path.sh'
[8.811s] Level 1:colcon.colcon_core.environment:checking '/home/basmala/ros2_ws/install/assignment2_custom_msgs_srvs/lib'
[8.811s] Level 1:colcon.colcon_core.shell:create_environment_hook('assignment2_custom_msgs_srvs', 'ld_library_path_lib')
[8.811s] INFO:colcon.colcon_core.shell:Creating environment hook '/home/basmala/ros2_ws/install/assignment2_custom_msgs_srvs/share/assignment2_custom_msgs_srvs/hook/ld_library_path_lib.ps1'
[8.812s] INFO:colcon.colcon_core.shell:Creating environment descriptor '/home/basmala/ros2_ws/install/assignment2_custom_msgs_srvs/share/assignment2_custom_msgs_srvs/hook/ld_library_path_lib.dsv'
[8.813s] INFO:colcon.colcon_core.shell:Creating environment hook '/home/basmala/ros2_ws/install/assignment2_custom_msgs_srvs/share/assignment2_custom_msgs_srvs/hook/ld_library_path_lib.sh'
[8.813s] Level 1:colcon.colcon_core.environment:checking '/home/basmala/ros2_ws/install/assignment2_custom_msgs_srvs/bin'
[8.813s] Level 1:colcon.colcon_core.environment:checking '/home/basmala/ros2_ws/install/assignment2_custom_msgs_srvs/lib/pkgconfig/assignment2_custom_msgs_srvs.pc'
[8.814s] Level 1:colcon.colcon_core.environment:checking '/home/basmala/ros2_ws/install/assignment2_custom_msgs_srvs/lib/python3.12/site-packages'
[8.814s] Level 1:colcon.colcon_core.shell:create_environment_hook('assignment2_custom_msgs_srvs', 'pythonpath')
[8.814s] INFO:colcon.colcon_core.shell:Creating environment hook '/home/basmala/ros2_ws/install/assignment2_custom_msgs_srvs/share/assignment2_custom_msgs_srvs/hook/pythonpath.ps1'
[8.815s] INFO:colcon.colcon_core.shell:Creating environment descriptor '/home/basmala/ros2_ws/install/assignment2_custom_msgs_srvs/share/assignment2_custom_msgs_srvs/hook/pythonpath.dsv'
[8.815s] INFO:colcon.colcon_core.shell:Creating environment hook '/home/basmala/ros2_ws/install/assignment2_custom_msgs_srvs/share/assignment2_custom_msgs_srvs/hook/pythonpath.sh'
[8.816s] Level 1:colcon.colcon_core.environment:checking '/home/basmala/ros2_ws/install/assignment2_custom_msgs_srvs/bin'
[8.816s] INFO:colcon.colcon_core.shell:Creating package script '/home/basmala/ros2_ws/install/assignment2_custom_msgs_srvs/share/assignment2_custom_msgs_srvs/package.ps1'
[8.817s] INFO:colcon.colcon_core.shell:Creating package descriptor '/home/basmala/ros2_ws/install/assignment2_custom_msgs_srvs/share/assignment2_custom_msgs_srvs/package.dsv'
[8.819s] INFO:colcon.colcon_core.shell:Creating package script '/home/basmala/ros2_ws/install/assignment2_custom_msgs_srvs/share/assignment2_custom_msgs_srvs/package.sh'
[8.819s] INFO:colcon.colcon_core.shell:Creating package script '/home/basmala/ros2_ws/install/assignment2_custom_msgs_srvs/share/assignment2_custom_msgs_srvs/package.bash'
[8.820s] INFO:colcon.colcon_core.shell:Creating package script '/home/basmala/ros2_ws/install/assignment2_custom_msgs_srvs/share/assignment2_custom_msgs_srvs/package.zsh'
[8.821s] Level 1:colcon.colcon_core.environment:create_file_with_runtime_dependencies(/home/basmala/ros2_ws/install/assignment2_custom_msgs_srvs/share/colcon-core/packages/assignment2_custom_msgs_srvs)
[8.821s] INFO:colcon.colcon_cmake.task.cmake.build:Building CMake package in '/home/basmala/ros2_ws/assignment2_rt'
[8.822s] INFO:colcon.colcon_core.shell:Skip shell extension 'powershell' for command environment: Not usable outside of PowerShell
[8.822s] DEBUG:colcon.colcon_core.shell:Skip shell extension 'dsv' for command environment
[8.843s] DEBUG:colcon.colcon_core.event_handler.log_command:Invoking command in '/home/basmala/ros2_ws/build/assignment2_rt': AMENT_PREFIX_PATH=/home/basmala/ros2_ws/install/assignment2_custom_msgs_srvs:${AMENT_PREFIX_PATH} CMAKE_PREFIX_PATH=/home/basmala/ros2_ws/install/assignment2_custom_msgs_srvs:${CMAKE_PREFIX_PATH} DEBUGINFOD_URLS=https://debuginfod.ubuntu.com LD_LIBRARY_PATH=/home/basmala/ros2_ws/install/assignment2_custom_msgs_srvs/lib:${LD_LIBRARY_PATH} PYTHONPATH=/home/basmala/ros2_ws/install/assignment2_custom_msgs_srvs/lib/python3.12/site-packages:${PYTHONPATH} /usr/bin/cmake /home/basmala/ros2_ws/assignment2_rt -DCMAKE_INSTALL_PREFIX=/home/basmala/ros2_ws/install/assignment2_rt
[14.331s] DEBUG:colcon.colcon_core.event_handler.log_command:Invoked command in '/home/basmala/ros2_ws/build/assignment2_rt' returned '1': AMENT_PREFIX_PATH=/home/basmala/ros2_ws/install/assignment2_custom_msgs_srvs:${AMENT_PREFIX_PATH} CMAKE_PREFIX_PATH=/home/basmala/ros2_ws/install/assignment2_custom_msgs_srvs:${CMAKE_PREFIX_PATH} DEBUGINFOD_URLS=https://debuginfod.ubuntu.com LD_LIBRARY_PATH=/home/basmala/ros2_ws/install/assignment2_custom_msgs_srvs/lib:${LD_LIBRARY_PATH} PYTHONPATH=/home/basmala/ros2_ws/install/assignment2_custom_msgs_srvs/lib/python3.12/site-packages:${PYTHONPATH} /usr/bin/cmake /home/basmala/ros2_ws/assignment2_rt -DCMAKE_INSTALL_PREFIX=/home/basmala/ros2_ws/install/assignment2_rt
[14.342s] DEBUG:colcon.colcon_parallel_executor.executor.parallel:closing loop
[14.342s] DEBUG:colcon.colcon_parallel_executor.executor.parallel:loop closed
[14.342s] DEBUG:colcon.colcon_parallel_executor.executor.parallel:run_until_complete finished with '1'
[14.342s] DEBUG:colcon.colcon_core.event_reactor:joining thread
[14.350s] INFO:colcon.colcon_core.plugin_system:Skipping extension 'colcon_notification.desktop_notification.terminal_notifier': Not used on non-Darwin systems
[14.350s] INFO:colcon.colcon_core.plugin_system:Skipping extension 'colcon_notification.desktop_notification.win32': Not used on non-Windows systems
[14.350s] INFO:colcon.colcon_notification.desktop_notification:Sending desktop notification using 'notify2'
[14.369s] DEBUG:colcon.colcon_core.event_reactor:joined thread
[14.369s] INFO:colcon.colcon_core.shell:Creating prefix script '/home/basmala/ros2_ws/install/local_setup.ps1'
[14.370s] INFO:colcon.colcon_core.shell:Creating prefix util module '/home/basmala/ros2_ws/install/_local_setup_util_ps1.py'
[14.372s] INFO:colcon.colcon_core.shell:Creating prefix chain script '/home/basmala/ros2_ws/install/setup.ps1'
[14.376s] INFO:colcon.colcon_core.shell:Creating prefix script '/home/basmala/ros2_ws/install/local_setup.sh'
[14.376s] INFO:colcon.colcon_core.shell:Creating prefix util module '/home/basmala/ros2_ws/install/_local_setup_util_sh.py'
[14.377s] INFO:colcon.colcon_core.shell:Creating prefix chain script '/home/basmala/ros2_ws/install/setup.sh'
[14.379s] INFO:colcon.colcon_core.shell:Creating prefix script '/home/basmala/ros2_ws/install/local_setup.bash'
[14.380s] INFO:colcon.colcon_core.shell:Creating prefix chain script '/home/basmala/ros2_ws/install/setup.bash'
[14.381s] INFO:colcon.colcon_core.shell:Creating prefix script '/home/basmala/ros2_ws/install/local_setup.zsh'
[14.382s] INFO:colcon.colcon_core.shell:Creating prefix chain script '/home/basmala/ros2_ws/install/setup.zsh'
