[0.011s] Invoking command in '/home/basmala/ros2_ws/build/assignment2_custom_msgs_srvs': CMAKE_PREFIX_PATH=${CMAKE_PREFIX_PATH}:/home/basmala/ros2_ws/install/first_package_python:/opt/ros/jazzy DEBUGINFOD_URLS=https://debuginfod.ubuntu.com /usr/bin/cmake /home/basmala/ros2_ws/assignment2_custom_msgs_srvs -DCMAKE_INSTALL_PREFIX=/home/basmala/ros2_ws/install/assignment2_custom_msgs_srvs
[0.029s] -- Found ament_cmake: 2.5.4 (/opt/ros/jazzy/share/ament_cmake/cmake)
[0.335s] -- Found rosidl_default_generators: 1.6.0 (/opt/ros/jazzy/share/rosidl_default_generators/cmake)
[0.338s] -- Using all available rosidl_typesupport_c: rosidl_typesupport_fastrtps_c;rosidl_typesupport_introspection_c
[0.398s] -- Using all available rosidl_typesupport_cpp: rosidl_typesupport_fastrtps_cpp;rosidl_typesupport_introspection_cpp
[0.425s] -- Found rosidl_adapter: 4.6.6 (/opt/ros/jazzy/share/rosidl_adapter/cmake)
[0.833s] [31mCMake Error at /opt/ros/jazzy/share/rosidl_adapter/cmake/rosidl_adapt_interfaces.cmake:57 (message):
[0.833s]   execute_process(/usr/bin/python3 -m rosidl_adapter --package-name
[0.833s]   assignment2_custom_msgs_srvs --arguments-file
[0.833s]   /home/basmala/ros2_ws/build/assignment2_custom_msgs_srvs/rosidl_adapter__arguments__assignment2_custom_msgs_srvs.json
[0.833s]   --output-dir
[0.833s]   /home/basmala/ros2_ws/build/assignment2_custom_msgs_srvs/rosidl_adapter/assignment2_custom_msgs_srvs
[0.833s]   --output-file
[0.833s]   /home/basmala/ros2_ws/build/assignment2_custom_msgs_srvs/rosidl_adapter/assignment2_custom_msgs_srvs.idls)
[0.834s]   returned error code 1:
[0.834s] 
[0.834s]   Error processing 'float32 lin_vel_request[]' of
[0.834s]   'assignment2_custom_msgs_srvs/AverageVelocities_Request':
[0.834s]   ''lin_vel_request[]' is an invalid field name.  It should have the pattern
[0.834s]   '^(?!.*__)(?!.*_$)[a-z][a-z0-9_]*$''
[0.834s] 
[0.834s]   Traceback (most recent call last):
[0.834s] 
[0.834s]     File "<frozen runpy>", line 198, in _run_module_as_main
[0.834s]     File "<frozen runpy>", line 88, in _run_code
[0.834s]     File "/opt/ros/jazzy/lib/python3.12/site-packages/rosidl_adapter/__main__.py", line 19, in <module>
[0.834s]       sys.exit(main())
[0.834s]                ^^^^^^
[0.834s]     File "/opt/ros/jazzy/lib/python3.12/site-packages/rosidl_adapter/main.py", line 53, in main
[0.835s]       abs_idl_file = convert_to_idl(
[0.835s]                      ^^^^^^^^^^^^^^^
[0.835s]     File "/opt/ros/jazzy/lib/python3.12/site-packages/rosidl_adapter/__init__.py", line 24, in convert_to_idl
[0.835s]       return convert_srv_to_idl(
[0.835s]              ^^^^^^^^^^^^^^^^^^^
[0.835s]     File "/opt/ros/jazzy/lib/python3.12/site-packages/rosidl_adapter/srv/__init__.py", line 28, in convert_srv_to_idl
[0.835s]       srv = parse_service_string(package_name, input_file.stem, content)
[0.835s]             ^^^^^^^^^^^^^^^^^^^^^^^^^^^^^^^^^^^^^^^^^^^^^^^^^^^^^^^^^^^^
[0.835s]     File "/opt/ros/jazzy/lib/python3.12/site-packages/rosidl_adapter/parser.py", line 860, in parse_service_string
[0.835s]       request_message = parse_message_string(
[0.835s]                         ^^^^^^^^^^^^^^^^^^^^^
[0.835s]     File "/opt/ros/jazzy/lib/python3.12/site-packages/rosidl_adapter/parser.py", line 520, in parse_message_string
[0.835s]       fields.append(Field(
[0.835s]                     ^^^^^^
[0.835s]     File "/opt/ros/jazzy/lib/python3.12/site-packages/rosidl_adapter/parser.py", line 355, in __init__
[0.835s]       raise NameError(
[0.836s] 
[0.836s]   NameError: 'lin_vel_request[]' is an invalid field name.  It should have
[0.836s]   the pattern '^(?!.*__)(?!.*_$)[a-z][a-z0-9_]*$'
[0.836s] 
[0.836s] Call Stack (most recent call first):
[0.836s]   /opt/ros/jazzy/share/rosidl_cmake/cmake/rosidl_generate_interfaces.cmake:132 (rosidl_adapt_interfaces)
[0.836s]   CMakeLists.txt:12 (rosidl_generate_interfaces)
[0.836s] 
[0.836s] [0m
[0.836s] -- Configuring incomplete, errors occurred!
[0.843s] Invoked command in '/home/basmala/ros2_ws/build/assignment2_custom_msgs_srvs' returned '1': CMAKE_PREFIX_PATH=${CMAKE_PREFIX_PATH}:/home/basmala/ros2_ws/install/first_package_python:/opt/ros/jazzy DEBUGINFOD_URLS=https://debuginfod.ubuntu.com /usr/bin/cmake /home/basmala/ros2_ws/assignment2_custom_msgs_srvs -DCMAKE_INSTALL_PREFIX=/home/basmala/ros2_ws/install/assignment2_custom_msgs_srvs
