[0.119s] Invoking command in '/home/basmala/ros2_ws/build/turtlesim_custom_msgs': CMAKE_PREFIX_PATH=${CMAKE_PREFIX_PATH}:/home/basmala/ros2_ws/install/first_package_python:/opt/ros/jazzy DEBUGINFOD_URLS=https://debuginfod.ubuntu.com /usr/bin/cmake /home/basmala/ros2_ws/turtlesim_custom_msgs -DCMAKE_INSTALL_PREFIX=/home/basmala/ros2_ws/install/turtlesim_custom_msgs
[0.730s] -- Found ament_cmake: 2.5.4 (/opt/ros/jazzy/share/ament_cmake/cmake)
[0.730s] -- Found Python3: /usr/bin/python3 (found version "3.12.3") found components: Interpreter 
[0.731s] -- Override CMake install command with custom implementation using symlinks instead of copying resources
[0.731s] -- Found rosidl_default_generators: 1.6.0 (/opt/ros/jazzy/share/rosidl_default_generators/cmake)
[0.731s] -- Using all available rosidl_typesupport_c: rosidl_typesupport_fastrtps_c;rosidl_typesupport_introspection_c
[0.731s] -- Using all available rosidl_typesupport_cpp: rosidl_typesupport_fastrtps_cpp;rosidl_typesupport_introspection_cpp
[0.731s] -- Found rosidl_adapter: 4.6.6 (/opt/ros/jazzy/share/rosidl_adapter/cmake)
[1.273s] -- Found ament_cmake_ros: 0.12.0 (/opt/ros/jazzy/share/ament_cmake_ros/cmake)
[1.434s] -- Using all available rosidl_typesupport_c: rosidl_typesupport_fastrtps_c;rosidl_typesupport_introspection_c
[1.676s] -- Using all available rosidl_typesupport_cpp: rosidl_typesupport_fastrtps_cpp;rosidl_typesupport_introspection_cpp
[1.678s] -- Found python_cmake_module: 0.11.1 (/opt/ros/jazzy/share/python_cmake_module/cmake)
[2.158s] -- Found Python3: /usr/bin/python3 (found version "3.12.3") found components: Interpreter Development NumPy Development.Module Development.Embed 
[2.185s] -- Found ament_lint_auto: 0.17.3 (/opt/ros/jazzy/share/ament_lint_auto/cmake)
[2.205s] -- Added test 'lint_cmake' to check CMake code style
[2.207s] -- Added test 'xmllint' to check XML markup files
[2.213s] -- Configuring done (2.1s)
[2.279s] -- Generating done (0.1s)
[2.295s] -- Build files have been written to: /home/basmala/ros2_ws/build/turtlesim_custom_msgs
[2.306s] Invoked command in '/home/basmala/ros2_ws/build/turtlesim_custom_msgs' returned '0': CMAKE_PREFIX_PATH=${CMAKE_PREFIX_PATH}:/home/basmala/ros2_ws/install/first_package_python:/opt/ros/jazzy DEBUGINFOD_URLS=https://debuginfod.ubuntu.com /usr/bin/cmake /home/basmala/ros2_ws/turtlesim_custom_msgs -DCMAKE_INSTALL_PREFIX=/home/basmala/ros2_ws/install/turtlesim_custom_msgs
[2.308s] Invoking command in '/home/basmala/ros2_ws/build/turtlesim_custom_msgs': CMAKE_PREFIX_PATH=${CMAKE_PREFIX_PATH}:/home/basmala/ros2_ws/install/first_package_python:/opt/ros/jazzy DEBUGINFOD_URLS=https://debuginfod.ubuntu.com /usr/bin/cmake --build /home/basmala/ros2_ws/build/turtlesim_custom_msgs -- -j20 -l20
[2.397s] failed to create symbolic link '/home/basmala/ros2_ws/build/turtlesim_custom_msgs/ament_cmake_python/turtlesim_custom_msgs/turtlesim_custom_msgs' because existing path cannot be removed: Is a directory
[2.398s] gmake[2]: *** [CMakeFiles/ament_cmake_python_symlink_turtlesim_custom_msgs.dir/build.make:70: CMakeFiles/ament_cmake_python_symlink_turtlesim_custom_msgs] Error 1
[2.398s] gmake[1]: *** [CMakeFiles/Makefile2:452: CMakeFiles/ament_cmake_python_symlink_turtlesim_custom_msgs.dir/all] Error 2
[2.399s] gmake[1]: *** Waiting for unfinished jobs....
[2.399s] [  2%] Built target turtlesim_custom_msgs__rosidl_generator_type_description
[2.400s] gmake: *** [Makefile:146: all] Error 2
[2.403s] Invoked command in '/home/basmala/ros2_ws/build/turtlesim_custom_msgs' returned '2': CMAKE_PREFIX_PATH=${CMAKE_PREFIX_PATH}:/home/basmala/ros2_ws/install/first_package_python:/opt/ros/jazzy DEBUGINFOD_URLS=https://debuginfod.ubuntu.com /usr/bin/cmake --build /home/basmala/ros2_ws/build/turtlesim_custom_msgs -- -j20 -l20
