[0.013s] Invoking command in '/home/basmala/ros2_ws/build/action_interfaces': CMAKE_PREFIX_PATH=${CMAKE_PREFIX_PATH}:/home/basmala/ros2_ws/install/turtle_action_client:/home/basmala/ros2_ws/install/first_package_python:/home/basmala/ros2_ws/install/fibonacci:/opt/ros/jazzy DEBUGINFOD_URLS=https://debuginfod.ubuntu.com /usr/bin/cmake --build /home/basmala/ros2_ws/build/action_interfaces -- -j20 -l20
[0.099s] [  2%] Built target action_interfaces__rosidl_generator_type_description
[0.119s] [  2%] Built target ament_cmake_python_copy_action_interfaces
[0.139s] [  4%] Built target action_interfaces__cpp
[0.148s] [ 22%] Built target action_interfaces__rosidl_generator_c
[0.196s] [ 31%] Built target action_interfaces__rosidl_typesupport_introspection_c
[0.201s] [ 40%] Built target action_interfaces__rosidl_typesupport_c
[0.202s] [ 50%] Built target action_interfaces__rosidl_typesupport_introspection_cpp
[0.205s] [ 68%] Built target action_interfaces__rosidl_typesupport_fastrtps_c
[0.206s] [ 68%] Built target action_interfaces__rosidl_typesupport_cpp
[0.213s] [ 77%] Built target action_interfaces__rosidl_typesupport_fastrtps_cpp
[0.255s] [ 77%] Built target action_interfaces
[0.298s] [ 79%] Built target action_interfaces__py
[0.353s] [ 86%] Built target action_interfaces__rosidl_generator_py
[0.404s] [ 90%] Built target action_interfaces_s__rosidl_typesupport_introspection_c
[0.405s] [ 95%] Built target action_interfaces_s__rosidl_typesupport_c
[0.406s] [100%] Built target action_interfaces_s__rosidl_typesupport_fastrtps_c
[0.487s] running egg_info
[0.515s] writing action_interfaces.egg-info/PKG-INFO
[0.515s] writing dependency_links to action_interfaces.egg-info/dependency_links.txt
[0.516s] writing top-level names to action_interfaces.egg-info/top_level.txt
[0.600s] reading manifest file 'action_interfaces.egg-info/SOURCES.txt'
[0.600s] writing manifest file 'action_interfaces.egg-info/SOURCES.txt'
[0.656s] [100%] Built target ament_cmake_python_build_action_interfaces_egg
[0.678s] Invoked command in '/home/basmala/ros2_ws/build/action_interfaces' returned '0': CMAKE_PREFIX_PATH=${CMAKE_PREFIX_PATH}:/home/basmala/ros2_ws/install/turtle_action_client:/home/basmala/ros2_ws/install/first_package_python:/home/basmala/ros2_ws/install/fibonacci:/opt/ros/jazzy DEBUGINFOD_URLS=https://debuginfod.ubuntu.com /usr/bin/cmake --build /home/basmala/ros2_ws/build/action_interfaces -- -j20 -l20
[0.697s] Invoking command in '/home/basmala/ros2_ws/build/action_interfaces': CMAKE_PREFIX_PATH=${CMAKE_PREFIX_PATH}:/home/basmala/ros2_ws/install/turtle_action_client:/home/basmala/ros2_ws/install/first_package_python:/home/basmala/ros2_ws/install/fibonacci:/opt/ros/jazzy DEBUGINFOD_URLS=https://debuginfod.ubuntu.com /usr/bin/cmake --install /home/basmala/ros2_ws/build/action_interfaces
[0.714s] -- Install configuration: ""
[0.714s] -- Up-to-date: /home/basmala/ros2_ws/install/action_interfaces/share/ament_index/resource_index/rosidl_interfaces/action_interfaces
[0.714s] -- Up-to-date: /home/basmala/ros2_ws/install/action_interfaces/share/action_interfaces/action/Fibonacci.json
[0.714s] -- Up-to-date: /home/basmala/ros2_ws/install/action_interfaces/share/action_interfaces/action/Movetogoal.json
[0.714s] -- Up-to-date: /home/basmala/ros2_ws/install/action_interfaces/include/action_interfaces/action_interfaces
[0.714s] -- Up-to-date: /home/basmala/ros2_ws/install/action_interfaces/include/action_interfaces/action_interfaces/action
[0.714s] -- Up-to-date: /home/basmala/ros2_ws/install/action_interfaces/include/action_interfaces/action_interfaces/action/fibonacci.h
[0.714s] -- Up-to-date: /home/basmala/ros2_ws/install/action_interfaces/include/action_interfaces/action_interfaces/action/detail
[0.714s] -- Up-to-date: /home/basmala/ros2_ws/install/action_interfaces/include/action_interfaces/action_interfaces/action/detail/fibonacci__functions.h
[0.714s] -- Up-to-date: /home/basmala/ros2_ws/install/action_interfaces/include/action_interfaces/action_interfaces/action/detail/fibonacci__functions.c
[0.715s] -- Up-to-date: /home/basmala/ros2_ws/install/action_interfaces/include/action_interfaces/action_interfaces/action/detail/movetogoal__struct.h
[0.715s] -- Up-to-date: /home/basmala/ros2_ws/install/action_interfaces/include/action_interfaces/action_interfaces/action/detail/fibonacci__description.c
[0.715s] -- Up-to-date: /home/basmala/ros2_ws/install/action_interfaces/include/action_interfaces/action_interfaces/action/detail/movetogoal__type_support.c
[0.715s] -- Up-to-date: /home/basmala/ros2_ws/install/action_interfaces/include/action_interfaces/action_interfaces/action/detail/fibonacci__type_support.c
[0.715s] -- Up-to-date: /home/basmala/ros2_ws/install/action_interfaces/include/action_interfaces/action_interfaces/action/detail/movetogoal__functions.h
[0.715s] -- Up-to-date: /home/basmala/ros2_ws/install/action_interfaces/include/action_interfaces/action_interfaces/action/detail/fibonacci__type_support.h
[0.715s] -- Up-to-date: /home/basmala/ros2_ws/install/action_interfaces/include/action_interfaces/action_interfaces/action/detail/fibonacci__struct.h
[0.716s] -- Up-to-date: /home/basmala/ros2_ws/install/action_interfaces/include/action_interfaces/action_interfaces/action/detail/movetogoal__functions.c
[0.716s] -- Up-to-date: /home/basmala/ros2_ws/install/action_interfaces/include/action_interfaces/action_interfaces/action/detail/movetogoal__description.c
[0.716s] -- Up-to-date: /home/basmala/ros2_ws/install/action_interfaces/include/action_interfaces/action_interfaces/action/detail/movetogoal__type_support.h
[0.716s] -- Up-to-date: /home/basmala/ros2_ws/install/action_interfaces/include/action_interfaces/action_interfaces/action/movetogoal.h
[0.716s] -- Up-to-date: /home/basmala/ros2_ws/install/action_interfaces/include/action_interfaces/action_interfaces/msg
[0.717s] -- Up-to-date: /home/basmala/ros2_ws/install/action_interfaces/include/action_interfaces/action_interfaces/msg/rosidl_generator_c__visibility_control.h
[0.717s] -- Up-to-date: /home/basmala/ros2_ws/install/action_interfaces/share/action_interfaces/environment/library_path.sh
[0.717s] -- Up-to-date: /home/basmala/ros2_ws/install/action_interfaces/share/action_interfaces/environment/library_path.dsv
[0.717s] -- Up-to-date: /home/basmala/ros2_ws/install/action_interfaces/lib/libaction_interfaces__rosidl_generator_c.so
[0.717s] -- Up-to-date: /home/basmala/ros2_ws/install/action_interfaces/include/action_interfaces/action_interfaces
[0.717s] -- Up-to-date: /home/basmala/ros2_ws/install/action_interfaces/include/action_interfaces/action_interfaces/action
[0.717s] -- Up-to-date: /home/basmala/ros2_ws/install/action_interfaces/include/action_interfaces/action_interfaces/action/detail
[0.718s] -- Up-to-date: /home/basmala/ros2_ws/install/action_interfaces/include/action_interfaces/action_interfaces/action/detail/fibonacci__rosidl_typesupport_fastrtps_c.h
[0.718s] -- Up-to-date: /home/basmala/ros2_ws/install/action_interfaces/include/action_interfaces/action_interfaces/action/detail/movetogoal__rosidl_typesupport_fastrtps_c.h
[0.718s] -- Up-to-date: /home/basmala/ros2_ws/install/action_interfaces/include/action_interfaces/action_interfaces/msg
[0.718s] -- Up-to-date: /home/basmala/ros2_ws/install/action_interfaces/include/action_interfaces/action_interfaces/msg/rosidl_typesupport_fastrtps_c__visibility_control.h
[0.718s] -- Up-to-date: /home/basmala/ros2_ws/install/action_interfaces/lib/libaction_interfaces__rosidl_typesupport_fastrtps_c.so
[0.718s] -- Up-to-date: /home/basmala/ros2_ws/install/action_interfaces/include/action_interfaces/action_interfaces
[0.718s] -- Up-to-date: /home/basmala/ros2_ws/install/action_interfaces/include/action_interfaces/action_interfaces/action
[0.718s] -- Up-to-date: /home/basmala/ros2_ws/install/action_interfaces/include/action_interfaces/action_interfaces/action/detail
[0.719s] -- Up-to-date: /home/basmala/ros2_ws/install/action_interfaces/include/action_interfaces/action_interfaces/action/detail/movetogoal__type_support.c
[0.719s] -- Up-to-date: /home/basmala/ros2_ws/install/action_interfaces/include/action_interfaces/action_interfaces/action/detail/fibonacci__rosidl_typesupport_introspection_c.h
[0.719s] -- Up-to-date: /home/basmala/ros2_ws/install/action_interfaces/include/action_interfaces/action_interfaces/action/detail/fibonacci__type_support.c
[0.719s] -- Up-to-date: /home/basmala/ros2_ws/install/action_interfaces/include/action_interfaces/action_interfaces/action/detail/movetogoal__rosidl_typesupport_introspection_c.h
[0.719s] -- Up-to-date: /home/basmala/ros2_ws/install/action_interfaces/include/action_interfaces/action_interfaces/msg
[0.719s] -- Up-to-date: /home/basmala/ros2_ws/install/action_interfaces/include/action_interfaces/action_interfaces/msg/rosidl_typesupport_introspection_c__visibility_control.h
[0.719s] -- Up-to-date: /home/basmala/ros2_ws/install/action_interfaces/lib/libaction_interfaces__rosidl_typesupport_introspection_c.so
[0.719s] -- Up-to-date: /home/basmala/ros2_ws/install/action_interfaces/lib/libaction_interfaces__rosidl_typesupport_c.so
[0.720s] -- Up-to-date: /home/basmala/ros2_ws/install/action_interfaces/include/action_interfaces/action_interfaces
[0.720s] -- Up-to-date: /home/basmala/ros2_ws/install/action_interfaces/include/action_interfaces/action_interfaces/action
[0.720s] -- Up-to-date: /home/basmala/ros2_ws/install/action_interfaces/include/action_interfaces/action_interfaces/action/movetogoal.hpp
[0.720s] -- Up-to-date: /home/basmala/ros2_ws/install/action_interfaces/include/action_interfaces/action_interfaces/action/detail
[0.720s] -- Up-to-date: /home/basmala/ros2_ws/install/action_interfaces/include/action_interfaces/action_interfaces/action/detail/movetogoal__type_support.hpp
[0.720s] -- Up-to-date: /home/basmala/ros2_ws/install/action_interfaces/include/action_interfaces/action_interfaces/action/detail/movetogoal__struct.hpp
[0.720s] -- Up-to-date: /home/basmala/ros2_ws/install/action_interfaces/include/action_interfaces/action_interfaces/action/detail/movetogoal__builder.hpp
[0.721s] -- Up-to-date: /home/basmala/ros2_ws/install/action_interfaces/include/action_interfaces/action_interfaces/action/detail/fibonacci__builder.hpp
[0.721s] -- Up-to-date: /home/basmala/ros2_ws/install/action_interfaces/include/action_interfaces/action_interfaces/action/detail/movetogoal__traits.hpp
[0.721s] -- Up-to-date: /home/basmala/ros2_ws/install/action_interfaces/include/action_interfaces/action_interfaces/action/detail/fibonacci__traits.hpp
[0.721s] -- Up-to-date: /home/basmala/ros2_ws/install/action_interfaces/include/action_interfaces/action_interfaces/action/detail/fibonacci__struct.hpp
[0.721s] -- Up-to-date: /home/basmala/ros2_ws/install/action_interfaces/include/action_interfaces/action_interfaces/action/detail/fibonacci__type_support.hpp
[0.721s] -- Up-to-date: /home/basmala/ros2_ws/install/action_interfaces/include/action_interfaces/action_interfaces/action/fibonacci.hpp
[0.721s] -- Up-to-date: /home/basmala/ros2_ws/install/action_interfaces/include/action_interfaces/action_interfaces/msg
[0.721s] -- Up-to-date: /home/basmala/ros2_ws/install/action_interfaces/include/action_interfaces/action_interfaces/msg/rosidl_generator_cpp__visibility_control.hpp
[0.721s] -- Up-to-date: /home/basmala/ros2_ws/install/action_interfaces/include/action_interfaces/action_interfaces
[0.721s] -- Up-to-date: /home/basmala/ros2_ws/install/action_interfaces/include/action_interfaces/action_interfaces/action
[0.721s] -- Up-to-date: /home/basmala/ros2_ws/install/action_interfaces/include/action_interfaces/action_interfaces/action/detail
[0.721s] -- Up-to-date: /home/basmala/ros2_ws/install/action_interfaces/include/action_interfaces/action_interfaces/action/detail/dds_fastrtps
[0.721s] -- Up-to-date: /home/basmala/ros2_ws/install/action_interfaces/include/action_interfaces/action_interfaces/action/detail/movetogoal__rosidl_typesupport_fastrtps_cpp.hpp
[0.721s] -- Up-to-date: /home/basmala/ros2_ws/install/action_interfaces/include/action_interfaces/action_interfaces/action/detail/fibonacci__rosidl_typesupport_fastrtps_cpp.hpp
[0.722s] -- Up-to-date: /home/basmala/ros2_ws/install/action_interfaces/include/action_interfaces/action_interfaces/msg
[0.722s] -- Up-to-date: /home/basmala/ros2_ws/install/action_interfaces/include/action_interfaces/action_interfaces/msg/rosidl_typesupport_fastrtps_cpp__visibility_control.h
[0.722s] -- Up-to-date: /home/basmala/ros2_ws/install/action_interfaces/lib/libaction_interfaces__rosidl_typesupport_fastrtps_cpp.so
[0.722s] -- Up-to-date: /home/basmala/ros2_ws/install/action_interfaces/include/action_interfaces/action_interfaces
[0.722s] -- Up-to-date: /home/basmala/ros2_ws/install/action_interfaces/include/action_interfaces/action_interfaces/action
[0.722s] -- Up-to-date: /home/basmala/ros2_ws/install/action_interfaces/include/action_interfaces/action_interfaces/action/detail
[0.722s] -- Up-to-date: /home/basmala/ros2_ws/install/action_interfaces/include/action_interfaces/action_interfaces/action/detail/fibonacci__type_support.cpp
[0.722s] -- Up-to-date: /home/basmala/ros2_ws/install/action_interfaces/include/action_interfaces/action_interfaces/action/detail/movetogoal__type_support.cpp
[0.722s] -- Up-to-date: /home/basmala/ros2_ws/install/action_interfaces/include/action_interfaces/action_interfaces/action/detail/movetogoal__rosidl_typesupport_introspection_cpp.hpp
[0.722s] -- Up-to-date: /home/basmala/ros2_ws/install/action_interfaces/include/action_interfaces/action_interfaces/action/detail/fibonacci__rosidl_typesupport_introspection_cpp.hpp
[0.723s] -- Up-to-date: /home/basmala/ros2_ws/install/action_interfaces/lib/libaction_interfaces__rosidl_typesupport_introspection_cpp.so
[0.723s] -- Up-to-date: /home/basmala/ros2_ws/install/action_interfaces/lib/libaction_interfaces__rosidl_typesupport_cpp.so
[0.723s] -- Up-to-date: /home/basmala/ros2_ws/install/action_interfaces/share/action_interfaces/environment/pythonpath.sh
[0.723s] -- Up-to-date: /home/basmala/ros2_ws/install/action_interfaces/share/action_interfaces/environment/pythonpath.dsv
[0.723s] -- Up-to-date: /home/basmala/ros2_ws/install/action_interfaces/lib/python3.12/site-packages/action_interfaces-0.0.0-py3.12.egg-info
[0.723s] -- Installing: /home/basmala/ros2_ws/install/action_interfaces/lib/python3.12/site-packages/action_interfaces-0.0.0-py3.12.egg-info/dependency_links.txt
[0.723s] -- Installing: /home/basmala/ros2_ws/install/action_interfaces/lib/python3.12/site-packages/action_interfaces-0.0.0-py3.12.egg-info/SOURCES.txt
[0.723s] -- Installing: /home/basmala/ros2_ws/install/action_interfaces/lib/python3.12/site-packages/action_interfaces-0.0.0-py3.12.egg-info/PKG-INFO
[0.724s] -- Installing: /home/basmala/ros2_ws/install/action_interfaces/lib/python3.12/site-packages/action_interfaces-0.0.0-py3.12.egg-info/top_level.txt
[0.724s] -- Up-to-date: /home/basmala/ros2_ws/install/action_interfaces/lib/python3.12/site-packages/action_interfaces
[0.724s] -- Up-to-date: /home/basmala/ros2_ws/install/action_interfaces/lib/python3.12/site-packages/action_interfaces/_action_interfaces_s.ep.rosidl_typesupport_c.c
[0.724s] -- Up-to-date: /home/basmala/ros2_ws/install/action_interfaces/lib/python3.12/site-packages/action_interfaces/_action_interfaces_s.ep.rosidl_typesupport_fastrtps_c.c
[0.724s] -- Up-to-date: /home/basmala/ros2_ws/install/action_interfaces/lib/python3.12/site-packages/action_interfaces/action_interfaces_s__rosidl_typesupport_fastrtps_c.so
[0.724s] -- Up-to-date: /home/basmala/ros2_ws/install/action_interfaces/lib/python3.12/site-packages/action_interfaces/__init__.py
[0.724s] -- Up-to-date: /home/basmala/ros2_ws/install/action_interfaces/lib/python3.12/site-packages/action_interfaces/action
[0.724s] -- Up-to-date: /home/basmala/ros2_ws/install/action_interfaces/lib/python3.12/site-packages/action_interfaces/action/_movetogoal_s.c
[0.725s] -- Up-to-date: /home/basmala/ros2_ws/install/action_interfaces/lib/python3.12/site-packages/action_interfaces/action/_fibonacci_s.c
[0.725s] -- Up-to-date: /home/basmala/ros2_ws/install/action_interfaces/lib/python3.12/site-packages/action_interfaces/action/_fibonacci.py
[0.725s] -- Up-to-date: /home/basmala/ros2_ws/install/action_interfaces/lib/python3.12/site-packages/action_interfaces/action/_movetogoal.py
[0.725s] -- Up-to-date: /home/basmala/ros2_ws/install/action_interfaces/lib/python3.12/site-packages/action_interfaces/action/__init__.py
[0.725s] -- Up-to-date: /home/basmala/ros2_ws/install/action_interfaces/lib/python3.12/site-packages/action_interfaces/action_interfaces_s__rosidl_typesupport_c.so
[0.725s] -- Up-to-date: /home/basmala/ros2_ws/install/action_interfaces/lib/python3.12/site-packages/action_interfaces/action_interfaces_s__rosidl_typesupport_introspection_c.so
[0.725s] -- Up-to-date: /home/basmala/ros2_ws/install/action_interfaces/lib/python3.12/site-packages/action_interfaces/_action_interfaces_s.ep.rosidl_typesupport_introspection_c.c
[0.790s] Listing '/home/basmala/ros2_ws/install/action_interfaces/lib/python3.12/site-packages/action_interfaces'...
[0.790s] Listing '/home/basmala/ros2_ws/install/action_interfaces/lib/python3.12/site-packages/action_interfaces/action'...
[0.801s] -- Up-to-date: /home/basmala/ros2_ws/install/action_interfaces/lib/python3.12/site-packages/action_interfaces/action_interfaces_s__rosidl_typesupport_fastrtps_c.so
[0.801s] -- Up-to-date: /home/basmala/ros2_ws/install/action_interfaces/lib/python3.12/site-packages/action_interfaces/action_interfaces_s__rosidl_typesupport_introspection_c.so
[0.801s] -- Up-to-date: /home/basmala/ros2_ws/install/action_interfaces/lib/python3.12/site-packages/action_interfaces/action_interfaces_s__rosidl_typesupport_c.so
[0.802s] -- Up-to-date: /home/basmala/ros2_ws/install/action_interfaces/lib/libaction_interfaces__rosidl_generator_py.so
[0.802s] -- Up-to-date: /home/basmala/ros2_ws/install/action_interfaces/share/action_interfaces/action/Fibonacci.idl
[0.802s] -- Up-to-date: /home/basmala/ros2_ws/install/action_interfaces/share/action_interfaces/action/Movetogoal.idl
[0.803s] -- Up-to-date: /home/basmala/ros2_ws/install/action_interfaces/share/action_interfaces/action/Fibonacci.action
[0.803s] -- Up-to-date: /home/basmala/ros2_ws/install/action_interfaces/share/action_interfaces/action/Movetogoal.action
[0.803s] -- Up-to-date: /home/basmala/ros2_ws/install/action_interfaces/share/ament_index/resource_index/package_run_dependencies/action_interfaces
[0.803s] -- Up-to-date: /home/basmala/ros2_ws/install/action_interfaces/share/ament_index/resource_index/parent_prefix_path/action_interfaces
[0.803s] -- Up-to-date: /home/basmala/ros2_ws/install/action_interfaces/share/action_interfaces/environment/ament_prefix_path.sh
[0.804s] -- Up-to-date: /home/basmala/ros2_ws/install/action_interfaces/share/action_interfaces/environment/ament_prefix_path.dsv
[0.804s] -- Up-to-date: /home/basmala/ros2_ws/install/action_interfaces/share/action_interfaces/environment/path.sh
[0.804s] -- Up-to-date: /home/basmala/ros2_ws/install/action_interfaces/share/action_interfaces/environment/path.dsv
[0.804s] -- Up-to-date: /home/basmala/ros2_ws/install/action_interfaces/share/action_interfaces/local_setup.bash
[0.804s] -- Up-to-date: /home/basmala/ros2_ws/install/action_interfaces/share/action_interfaces/local_setup.sh
[0.804s] -- Up-to-date: /home/basmala/ros2_ws/install/action_interfaces/share/action_interfaces/local_setup.zsh
[0.804s] -- Up-to-date: /home/basmala/ros2_ws/install/action_interfaces/share/action_interfaces/local_setup.dsv
[0.804s] -- Installing: /home/basmala/ros2_ws/install/action_interfaces/share/action_interfaces/package.dsv
[0.804s] -- Up-to-date: /home/basmala/ros2_ws/install/action_interfaces/share/ament_index/resource_index/packages/action_interfaces
[0.804s] -- Up-to-date: /home/basmala/ros2_ws/install/action_interfaces/share/action_interfaces/cmake/export_action_interfaces__rosidl_generator_cExport.cmake
[0.804s] -- Up-to-date: /home/basmala/ros2_ws/install/action_interfaces/share/action_interfaces/cmake/export_action_interfaces__rosidl_generator_cExport-noconfig.cmake
[0.805s] -- Up-to-date: /home/basmala/ros2_ws/install/action_interfaces/share/action_interfaces/cmake/export_action_interfaces__rosidl_typesupport_fastrtps_cExport.cmake
[0.805s] -- Up-to-date: /home/basmala/ros2_ws/install/action_interfaces/share/action_interfaces/cmake/export_action_interfaces__rosidl_typesupport_fastrtps_cExport-noconfig.cmake
[0.805s] -- Up-to-date: /home/basmala/ros2_ws/install/action_interfaces/share/action_interfaces/cmake/action_interfaces__rosidl_typesupport_introspection_cExport.cmake
[0.805s] -- Up-to-date: /home/basmala/ros2_ws/install/action_interfaces/share/action_interfaces/cmake/action_interfaces__rosidl_typesupport_introspection_cExport-noconfig.cmake
[0.805s] -- Up-to-date: /home/basmala/ros2_ws/install/action_interfaces/share/action_interfaces/cmake/action_interfaces__rosidl_typesupport_cExport.cmake
[0.805s] -- Up-to-date: /home/basmala/ros2_ws/install/action_interfaces/share/action_interfaces/cmake/action_interfaces__rosidl_typesupport_cExport-noconfig.cmake
[0.806s] -- Up-to-date: /home/basmala/ros2_ws/install/action_interfaces/share/action_interfaces/cmake/export_action_interfaces__rosidl_generator_cppExport.cmake
[0.806s] -- Up-to-date: /home/basmala/ros2_ws/install/action_interfaces/share/action_interfaces/cmake/export_action_interfaces__rosidl_typesupport_fastrtps_cppExport.cmake
[0.806s] -- Up-to-date: /home/basmala/ros2_ws/install/action_interfaces/share/action_interfaces/cmake/export_action_interfaces__rosidl_typesupport_fastrtps_cppExport-noconfig.cmake
[0.806s] -- Up-to-date: /home/basmala/ros2_ws/install/action_interfaces/share/action_interfaces/cmake/action_interfaces__rosidl_typesupport_introspection_cppExport.cmake
[0.806s] -- Up-to-date: /home/basmala/ros2_ws/install/action_interfaces/share/action_interfaces/cmake/action_interfaces__rosidl_typesupport_introspection_cppExport-noconfig.cmake
[0.807s] -- Up-to-date: /home/basmala/ros2_ws/install/action_interfaces/share/action_interfaces/cmake/action_interfaces__rosidl_typesupport_cppExport.cmake
[0.807s] -- Up-to-date: /home/basmala/ros2_ws/install/action_interfaces/share/action_interfaces/cmake/action_interfaces__rosidl_typesupport_cppExport-noconfig.cmake
[0.807s] -- Up-to-date: /home/basmala/ros2_ws/install/action_interfaces/share/action_interfaces/cmake/export_action_interfaces__rosidl_generator_pyExport.cmake
[0.807s] -- Up-to-date: /home/basmala/ros2_ws/install/action_interfaces/share/action_interfaces/cmake/export_action_interfaces__rosidl_generator_pyExport-noconfig.cmake
[0.807s] -- Up-to-date: /home/basmala/ros2_ws/install/action_interfaces/share/action_interfaces/cmake/rosidl_cmake-extras.cmake
[0.807s] -- Up-to-date: /home/basmala/ros2_ws/install/action_interfaces/share/action_interfaces/cmake/ament_cmake_export_dependencies-extras.cmake
[0.807s] -- Up-to-date: /home/basmala/ros2_ws/install/action_interfaces/share/action_interfaces/cmake/ament_cmake_export_include_directories-extras.cmake
[0.808s] -- Up-to-date: /home/basmala/ros2_ws/install/action_interfaces/share/action_interfaces/cmake/ament_cmake_export_libraries-extras.cmake
[0.808s] -- Up-to-date: /home/basmala/ros2_ws/install/action_interfaces/share/action_interfaces/cmake/ament_cmake_export_targets-extras.cmake
[0.808s] -- Up-to-date: /home/basmala/ros2_ws/install/action_interfaces/share/action_interfaces/cmake/rosidl_cmake_export_typesupport_targets-extras.cmake
[0.808s] -- Up-to-date: /home/basmala/ros2_ws/install/action_interfaces/share/action_interfaces/cmake/rosidl_cmake_export_typesupport_libraries-extras.cmake
[0.808s] -- Up-to-date: /home/basmala/ros2_ws/install/action_interfaces/share/action_interfaces/cmake/action_interfacesConfig.cmake
[0.808s] -- Up-to-date: /home/basmala/ros2_ws/install/action_interfaces/share/action_interfaces/cmake/action_interfacesConfig-version.cmake
[0.808s] -- Up-to-date: /home/basmala/ros2_ws/install/action_interfaces/share/action_interfaces/package.xml
[0.810s] Invoked command in '/home/basmala/ros2_ws/build/action_interfaces' returned '0': CMAKE_PREFIX_PATH=${CMAKE_PREFIX_PATH}:/home/basmala/ros2_ws/install/turtle_action_client:/home/basmala/ros2_ws/install/first_package_python:/home/basmala/ros2_ws/install/fibonacci:/opt/ros/jazzy DEBUGINFOD_URLS=https://debuginfod.ubuntu.com /usr/bin/cmake --install /home/basmala/ros2_ws/build/action_interfaces
