[1.438s] Invoking command in '/home/basmala/ros2_ws/first_package_python': DEBUGINFOD_URLS=https://debuginfod.ubuntu.com PYTHONPATH=/home/basmala/ros2_ws/build/first_package_python/prefix_override:/usr/lib/python3/dist-packages/colcon_core/task/python/colcon_distutils_commands:/home/basmala/ros2_ws/install/first_package_python/lib/python3.12/site-packages:${PYTHONPATH} /usr/bin/python3 -W ignore:setup.py install is deprecated -W ignore:easy_install command is deprecated setup.py egg_info --egg-base ../build/first_package_python build --build-base /home/basmala/ros2_ws/build/first_package_python/build install --record /home/basmala/ros2_ws/build/first_package_python/install.log --single-version-externally-managed install_data
[1.895s] running egg_info
[1.895s] creating ../build/first_package_python/first_package_python.egg-info
[1.927s] writing ../build/first_package_python/first_package_python.egg-info/PKG-INFO
[1.927s] writing dependency_links to ../build/first_package_python/first_package_python.egg-info/dependency_links.txt
[1.928s] writing entry points to ../build/first_package_python/first_package_python.egg-info/entry_points.txt
[1.928s] writing requirements to ../build/first_package_python/first_package_python.egg-info/requires.txt
[1.928s] writing top-level names to ../build/first_package_python/first_package_python.egg-info/top_level.txt
[1.928s] writing manifest file '../build/first_package_python/first_package_python.egg-info/SOURCES.txt'
[1.995s] reading manifest file '../build/first_package_python/first_package_python.egg-info/SOURCES.txt'
[1.996s] writing manifest file '../build/first_package_python/first_package_python.egg-info/SOURCES.txt'
[1.996s] running build
[1.996s] running build_py
[1.997s] creating /home/basmala/ros2_ws/build/first_package_python/build
[1.997s] creating /home/basmala/ros2_ws/build/first_package_python/build/lib
[1.997s] creating /home/basmala/ros2_ws/build/first_package_python/build/lib/first_package_python
[1.997s] copying first_package_python/sub.py -> /home/basmala/ros2_ws/build/first_package_python/build/lib/first_package_python
[1.997s] copying first_package_python/__init__.py -> /home/basmala/ros2_ws/build/first_package_python/build/lib/first_package_python
[1.998s] copying first_package_python/pub.py -> /home/basmala/ros2_ws/build/first_package_python/build/lib/first_package_python
[1.998s] running install
[2.009s] running install_lib
[2.042s] creating /home/basmala/ros2_ws/install/first_package_python/lib/python3.12/site-packages/first_package_python
[2.042s] copying /home/basmala/ros2_ws/build/first_package_python/build/lib/first_package_python/sub.py -> /home/basmala/ros2_ws/install/first_package_python/lib/python3.12/site-packages/first_package_python
[2.043s] copying /home/basmala/ros2_ws/build/first_package_python/build/lib/first_package_python/__init__.py -> /home/basmala/ros2_ws/install/first_package_python/lib/python3.12/site-packages/first_package_python
[2.043s] copying /home/basmala/ros2_ws/build/first_package_python/build/lib/first_package_python/pub.py -> /home/basmala/ros2_ws/install/first_package_python/lib/python3.12/site-packages/first_package_python
[2.043s] byte-compiling /home/basmala/ros2_ws/install/first_package_python/lib/python3.12/site-packages/first_package_python/sub.py to sub.cpython-312.pyc
[2.044s] byte-compiling /home/basmala/ros2_ws/install/first_package_python/lib/python3.12/site-packages/first_package_python/__init__.py to __init__.cpython-312.pyc
[2.044s] byte-compiling /home/basmala/ros2_ws/install/first_package_python/lib/python3.12/site-packages/first_package_python/pub.py to pub.cpython-312.pyc
[2.045s] running install_data
[2.045s] creating /home/basmala/ros2_ws/install/first_package_python/share/ament_index
[2.045s] creating /home/basmala/ros2_ws/install/first_package_python/share/ament_index/resource_index
[2.045s] creating /home/basmala/ros2_ws/install/first_package_python/share/ament_index/resource_index/packages
[2.045s] copying resource/first_package_python -> /home/basmala/ros2_ws/install/first_package_python/share/ament_index/resource_index/packages
[2.046s] copying package.xml -> /home/basmala/ros2_ws/install/first_package_python/share/first_package_python
[2.046s] running install_egg_info
[2.077s] Copying ../build/first_package_python/first_package_python.egg-info to /home/basmala/ros2_ws/install/first_package_python/lib/python3.12/site-packages/first_package_python-0.0.0-py3.12.egg-info
[2.079s] running install_scripts
[2.283s] Installing pub script to /home/basmala/ros2_ws/install/first_package_python/lib/first_package_python
[2.283s] Installing sub script to /home/basmala/ros2_ws/install/first_package_python/lib/first_package_python
[2.284s] writing list of installed files to '/home/basmala/ros2_ws/build/first_package_python/install.log'
[2.335s] Invoked command in '/home/basmala/ros2_ws/first_package_python' returned '0': DEBUGINFOD_URLS=https://debuginfod.ubuntu.com PYTHONPATH=/home/basmala/ros2_ws/build/first_package_python/prefix_override:/usr/lib/python3/dist-packages/colcon_core/task/python/colcon_distutils_commands:/home/basmala/ros2_ws/install/first_package_python/lib/python3.12/site-packages:${PYTHONPATH} /usr/bin/python3 -W ignore:setup.py install is deprecated -W ignore:easy_install command is deprecated setup.py egg_info --egg-base ../build/first_package_python build --build-base /home/basmala/ros2_ws/build/first_package_python/build install --record /home/basmala/ros2_ws/build/first_package_python/install.log --single-version-externally-managed install_data
