[0.821s] Invoking command in '/home/basmala/ros2_ws/python_tf2_pkg': DEBUGINFOD_URLS=https://debuginfod.ubuntu.com PYTHONPATH=/home/basmala/ros2_ws/build/python_tf2_pkg/prefix_override:/usr/lib/python3/dist-packages/colcon_core/task/python/colcon_distutils_commands:/home/basmala/ros2_ws/install/python_tf2_pkg/lib/python3.12/site-packages:${PYTHONPATH} /usr/bin/python3 -W ignore:setup.py install is deprecated -W ignore:easy_install command is deprecated setup.py egg_info --egg-base ../build/python_tf2_pkg build --build-base /home/basmala/ros2_ws/build/python_tf2_pkg/build install --record /home/basmala/ros2_ws/build/python_tf2_pkg/install.log --single-version-externally-managed install_data
[1.118s] running egg_info
[1.134s] writing ../build/python_tf2_pkg/python_tf2_pkg.egg-info/PKG-INFO
[1.135s] writing dependency_links to ../build/python_tf2_pkg/python_tf2_pkg.egg-info/dependency_links.txt
[1.135s] writing entry points to ../build/python_tf2_pkg/python_tf2_pkg.egg-info/entry_points.txt
[1.135s] writing requirements to ../build/python_tf2_pkg/python_tf2_pkg.egg-info/requires.txt
[1.135s] writing top-level names to ../build/python_tf2_pkg/python_tf2_pkg.egg-info/top_level.txt
[1.157s] reading manifest file '../build/python_tf2_pkg/python_tf2_pkg.egg-info/SOURCES.txt'
[1.158s] writing manifest file '../build/python_tf2_pkg/python_tf2_pkg.egg-info/SOURCES.txt'
[1.158s] running build
[1.158s] running build_py
[1.159s] running install
[1.163s] running install_lib
[1.174s] running install_data
[1.174s] copying launch/demo.launch.py -> /home/basmala/ros2_ws/install/python_tf2_pkg/share/python_tf2_pkg/launch
[1.174s] running install_egg_info
[1.186s] removing '/home/basmala/ros2_ws/install/python_tf2_pkg/lib/python3.12/site-packages/python_tf2_pkg-0.0.0-py3.12.egg-info' (and everything under it)
[1.186s] Copying ../build/python_tf2_pkg/python_tf2_pkg.egg-info to /home/basmala/ros2_ws/install/python_tf2_pkg/lib/python3.12/site-packages/python_tf2_pkg-0.0.0-py3.12.egg-info
[1.187s] running install_scripts
[1.277s] Installing broadcaster script to /home/basmala/ros2_ws/install/python_tf2_pkg/lib/python_tf2_pkg
[1.277s] Installing listener script to /home/basmala/ros2_ws/install/python_tf2_pkg/lib/python_tf2_pkg
[1.277s] Installing simp_quat script to /home/basmala/ros2_ws/install/python_tf2_pkg/lib/python_tf2_pkg
[1.277s] Installing static_broad script to /home/basmala/ros2_ws/install/python_tf2_pkg/lib/python_tf2_pkg
[1.278s] writing list of installed files to '/home/basmala/ros2_ws/build/python_tf2_pkg/install.log'
[1.295s] Invoked command in '/home/basmala/ros2_ws/python_tf2_pkg' returned '0': DEBUGINFOD_URLS=https://debuginfod.ubuntu.com PYTHONPATH=/home/basmala/ros2_ws/build/python_tf2_pkg/prefix_override:/usr/lib/python3/dist-packages/colcon_core/task/python/colcon_distutils_commands:/home/basmala/ros2_ws/install/python_tf2_pkg/lib/python3.12/site-packages:${PYTHONPATH} /usr/bin/python3 -W ignore:setup.py install is deprecated -W ignore:easy_install command is deprecated setup.py egg_info --egg-base ../build/python_tf2_pkg build --build-base /home/basmala/ros2_ws/build/python_tf2_pkg/build install --record /home/basmala/ros2_ws/build/python_tf2_pkg/install.log --single-version-externally-managed install_data
