[0.827s] Invoking command in '/home/basmala/ros2_ws/fibonacci': DEBUGINFOD_URLS=https://debuginfod.ubuntu.com PYTHONPATH=/home/basmala/ros2_ws/build/fibonacci/prefix_override:/usr/lib/python3/dist-packages/colcon_core/task/python/colcon_distutils_commands:/home/basmala/ros2_ws/install/fibonacci/lib/python3.12/site-packages:${PYTHONPATH} /usr/bin/python3 -W ignore:setup.py install is deprecated -W ignore:easy_install command is deprecated setup.py egg_info --egg-base ../build/fibonacci build --build-base /home/basmala/ros2_ws/build/fibonacci/build install --record /home/basmala/ros2_ws/build/fibonacci/install.log --single-version-externally-managed install_data
[1.174s] running egg_info
[1.185s] writing ../build/fibonacci/fibonacci.egg-info/PKG-INFO
[1.185s] writing dependency_links to ../build/fibonacci/fibonacci.egg-info/dependency_links.txt
[1.185s] writing entry points to ../build/fibonacci/fibonacci.egg-info/entry_points.txt
[1.186s] writing requirements to ../build/fibonacci/fibonacci.egg-info/requires.txt
[1.186s] writing top-level names to ../build/fibonacci/fibonacci.egg-info/top_level.txt
[1.208s] reading manifest file '../build/fibonacci/fibonacci.egg-info/SOURCES.txt'
[1.209s] writing manifest file '../build/fibonacci/fibonacci.egg-info/SOURCES.txt'
[1.209s] running build
[1.209s] running build_py
[1.209s] copying fibonacci/action_server2.py -> /home/basmala/ros2_ws/build/fibonacci/build/lib/fibonacci
[1.209s] running install
[1.215s] running install_lib
[1.233s] copying /home/basmala/ros2_ws/build/fibonacci/build/lib/fibonacci/action_server2.py -> /home/basmala/ros2_ws/install/fibonacci/lib/python3.12/site-packages/fibonacci
[1.233s] byte-compiling /home/basmala/ros2_ws/install/fibonacci/lib/python3.12/site-packages/fibonacci/action_server2.py to action_server2.cpython-312.pyc
[1.234s] running install_data
[1.234s] running install_egg_info
[1.246s] removing '/home/basmala/ros2_ws/install/fibonacci/lib/python3.12/site-packages/fibonacci-0.0.0-py3.12.egg-info' (and everything under it)
[1.246s] Copying ../build/fibonacci/fibonacci.egg-info to /home/basmala/ros2_ws/install/fibonacci/lib/python3.12/site-packages/fibonacci-0.0.0-py3.12.egg-info
[1.247s] running install_scripts
[1.332s] Installing action_client script to /home/basmala/ros2_ws/install/fibonacci/lib/fibonacci
[1.332s] Installing action_server script to /home/basmala/ros2_ws/install/fibonacci/lib/fibonacci
[1.333s] writing list of installed files to '/home/basmala/ros2_ws/build/fibonacci/install.log'
[1.353s] Invoked command in '/home/basmala/ros2_ws/fibonacci' returned '0': DEBUGINFOD_URLS=https://debuginfod.ubuntu.com PYTHONPATH=/home/basmala/ros2_ws/build/fibonacci/prefix_override:/usr/lib/python3/dist-packages/colcon_core/task/python/colcon_distutils_commands:/home/basmala/ros2_ws/install/fibonacci/lib/python3.12/site-packages:${PYTHONPATH} /usr/bin/python3 -W ignore:setup.py install is deprecated -W ignore:easy_install command is deprecated setup.py egg_info --egg-base ../build/fibonacci build --build-base /home/basmala/ros2_ws/build/fibonacci/build install --record /home/basmala/ros2_ws/build/fibonacci/install.log --single-version-externally-managed install_data
