[ 25%] [32mBuilding CXX object CMakeFiles/UI.dir/src/UI.cpp.o[0m
[ 50%] [32mBuilding CXX object CMakeFiles/DistanceControl.dir/src/DistanceControl.cpp.o[0m
[ 75%] [32m[1mLinking CXX executable UI[0m
[ 75%] Built target UI
[100%] [32m[1mLinking CXX executable DistanceControl[0m
[100%] Built target DistanceControl
-- Install configuration: ""
-- Installing: /home/basmala/ros2_ws/install/assignment1_rt/lib/assignment1_rt/turtle_spawn.py
-- Installing: /home/basmala/ros2_ws/install/assignment1_rt/lib/assignment1_rt/UI
-- Set non-toolchain portion of runtime path of "/home/basmala/ros2_ws/install/assignment1_rt/lib/assignment1_rt/UI" to ""
-- Installing: /home/basmala/ros2_ws/install/assignment1_rt/lib/assignment1_rt/DistanceControl
-- Set non-toolchain portion of runtime path of "/home/basmala/ros2_ws/install/assignment1_rt/lib/assignment1_rt/DistanceControl" to ""
-- Installing: /home/basmala/ros2_ws/install/assignment1_rt/share/assignment1_rt/launch
-- Installing: /home/basmala/ros2_ws/install/assignment1_rt/share/assignment1_rt/launch/simulation.launch.xml
-- Installing: /home/basmala/ros2_ws/install/assignment1_rt/share/ament_index/resource_index/package_run_dependencies/assignment1_rt
-- Installing: /home/basmala/ros2_ws/install/assignment1_rt/share/ament_index/resource_index/parent_prefix_path/assignment1_rt
-- Installing: /home/basmala/ros2_ws/install/assignment1_rt/share/assignment1_rt/environment/ament_prefix_path.sh
-- Installing: /home/basmala/ros2_ws/install/assignment1_rt/share/assignment1_rt/environment/ament_prefix_path.dsv
-- Installing: /home/basmala/ros2_ws/install/assignment1_rt/share/assignment1_rt/environment/path.sh
-- Installing: /home/basmala/ros2_ws/install/assignment1_rt/share/assignment1_rt/environment/path.dsv
-- Installing: /home/basmala/ros2_ws/install/assignment1_rt/share/assignment1_rt/local_setup.bash
-- Installing: /home/basmala/ros2_ws/install/assignment1_rt/share/assignment1_rt/local_setup.sh
-- Installing: /home/basmala/ros2_ws/install/assignment1_rt/share/assignment1_rt/local_setup.zsh
-- Installing: /home/basmala/ros2_ws/install/assignment1_rt/share/assignment1_rt/local_setup.dsv
-- Installing: /home/basmala/ros2_ws/install/assignment1_rt/share/assignment1_rt/package.dsv
-- Installing: /home/basmala/ros2_ws/install/assignment1_rt/share/ament_index/resource_index/packages/assignment1_rt
-- Installing: /home/basmala/ros2_ws/install/assignment1_rt/share/assignment1_rt/cmake/assignment1_rtConfig.cmake
-- Installing: /home/basmala/ros2_ws/install/assignment1_rt/share/assignment1_rt/cmake/assignment1_rtConfig-version.cmake
-- Installing: /home/basmala/ros2_ws/install/assignment1_rt/share/assignment1_rt/package.xml
