[0.076s] Invoking command in '/home/basmala/ros2_ws/build/assignment1_rt': CMAKE_PREFIX_PATH=${CMAKE_PREFIX_PATH}:/home/basmala/ros2_ws/install/first_package_python:/opt/ros/jazzy DEBUGINFOD_URLS=https://debuginfod.ubuntu.com /usr/bin/cmake --build /home/basmala/ros2_ws/build/assignment1_rt -- -j20 -l20
[0.455s] [ 25%] [32mBuilding CXX object CMakeFiles/UI.dir/src/UI.cpp.o[0m
[0.456s] [ 50%] [32mBuilding CXX object CMakeFiles/DistanceControl.dir/src/DistanceControl.cpp.o[0m
[6.623s] [ 75%] [32m[1mLinking CXX executable UI[0m
[6.886s] [ 75%] Built target UI
[13.454s] [100%] [32m[1mLinking CXX executable DistanceControl[0m
[13.913s] [100%] Built target DistanceControl
[13.931s] Invoked command in '/home/basmala/ros2_ws/build/assignment1_rt' returned '0': CMAKE_PREFIX_PATH=${CMAKE_PREFIX_PATH}:/home/basmala/ros2_ws/install/first_package_python:/opt/ros/jazzy DEBUGINFOD_URLS=https://debuginfod.ubuntu.com /usr/bin/cmake --build /home/basmala/ros2_ws/build/assignment1_rt -- -j20 -l20
[13.933s] Invoking command in '/home/basmala/ros2_ws/build/assignment1_rt': CMAKE_PREFIX_PATH=${CMAKE_PREFIX_PATH}:/home/basmala/ros2_ws/install/first_package_python:/opt/ros/jazzy DEBUGINFOD_URLS=https://debuginfod.ubuntu.com /usr/bin/cmake --install /home/basmala/ros2_ws/build/assignment1_rt
[13.950s] -- Install configuration: ""
[13.951s] -- Installing: /home/basmala/ros2_ws/install/assignment1_rt/lib/assignment1_rt/turtle_spawn.py
[13.951s] -- Installing: /home/basmala/ros2_ws/install/assignment1_rt/lib/assignment1_rt/UI
[13.954s] -- Set non-toolchain portion of runtime path of "/home/basmala/ros2_ws/install/assignment1_rt/lib/assignment1_rt/UI" to ""
[13.954s] -- Installing: /home/basmala/ros2_ws/install/assignment1_rt/lib/assignment1_rt/DistanceControl
[13.962s] -- Set non-toolchain portion of runtime path of "/home/basmala/ros2_ws/install/assignment1_rt/lib/assignment1_rt/DistanceControl" to ""
[13.962s] -- Installing: /home/basmala/ros2_ws/install/assignment1_rt/share/assignment1_rt/launch
[13.962s] -- Installing: /home/basmala/ros2_ws/install/assignment1_rt/share/assignment1_rt/launch/simulation.launch.xml
[13.963s] -- Installing: /home/basmala/ros2_ws/install/assignment1_rt/share/ament_index/resource_index/package_run_dependencies/assignment1_rt
[13.963s] -- Installing: /home/basmala/ros2_ws/install/assignment1_rt/share/ament_index/resource_index/parent_prefix_path/assignment1_rt
[13.963s] -- Installing: /home/basmala/ros2_ws/install/assignment1_rt/share/assignment1_rt/environment/ament_prefix_path.sh
[13.963s] -- Installing: /home/basmala/ros2_ws/install/assignment1_rt/share/assignment1_rt/environment/ament_prefix_path.dsv
[13.964s] -- Installing: /home/basmala/ros2_ws/install/assignment1_rt/share/assignment1_rt/environment/path.sh
[13.964s] -- Installing: /home/basmala/ros2_ws/install/assignment1_rt/share/assignment1_rt/environment/path.dsv
[13.964s] -- Installing: /home/basmala/ros2_ws/install/assignment1_rt/share/assignment1_rt/local_setup.bash
[13.964s] -- Installing: /home/basmala/ros2_ws/install/assignment1_rt/share/assignment1_rt/local_setup.sh
[13.964s] -- Installing: /home/basmala/ros2_ws/install/assignment1_rt/share/assignment1_rt/local_setup.zsh
[13.964s] -- Installing: /home/basmala/ros2_ws/install/assignment1_rt/share/assignment1_rt/local_setup.dsv
[13.965s] -- Installing: /home/basmala/ros2_ws/install/assignment1_rt/share/assignment1_rt/package.dsv
[13.965s] -- Installing: /home/basmala/ros2_ws/install/assignment1_rt/share/ament_index/resource_index/packages/assignment1_rt
[13.965s] -- Installing: /home/basmala/ros2_ws/install/assignment1_rt/share/assignment1_rt/cmake/assignment1_rtConfig.cmake
[13.965s] -- Installing: /home/basmala/ros2_ws/install/assignment1_rt/share/assignment1_rt/cmake/assignment1_rtConfig-version.cmake
[13.966s] -- Installing: /home/basmala/ros2_ws/install/assignment1_rt/share/assignment1_rt/package.xml
[13.969s] Invoked command in '/home/basmala/ros2_ws/build/assignment1_rt' returned '0': CMAKE_PREFIX_PATH=${CMAKE_PREFIX_PATH}:/home/basmala/ros2_ws/install/first_package_python:/opt/ros/jazzy DEBUGINFOD_URLS=https://debuginfod.ubuntu.com /usr/bin/cmake --install /home/basmala/ros2_ws/build/assignment1_rt
