/home/basmala/ros2_ws/install/fibonacci/lib/python3.12/site-packages/fibonacci/action_server2.py
/home/basmala/ros2_ws/install/fibonacci/lib/python3.12/site-packages/fibonacci/action_server.py
/home/basmala/ros2_ws/install/fibonacci/lib/python3.12/site-packages/fibonacci/action_server3.py
/home/basmala/ros2_ws/install/fibonacci/lib/python3.12/site-packages/fibonacci/action_client.py
/home/basmala/ros2_ws/install/fibonacci/lib/python3.12/site-packages/fibonacci/cancel_client.py
/home/basmala/ros2_ws/install/fibonacci/lib/python3.12/site-packages/fibonacci/__init__.py
/home/basmala/ros2_ws/install/fibonacci/lib/python3.12/site-packages/fibonacci/action_client2.py
/home/basmala/ros2_ws/install/fibonacci/lib/python3.12/site-packages/fibonacci/__pycache__/action_server2.cpython-312.pyc
/home/basmala/ros2_ws/install/fibonacci/lib/python3.12/site-packages/fibonacci/__pycache__/action_server.cpython-312.pyc
/home/basmala/ros2_ws/install/fibonacci/lib/python3.12/site-packages/fibonacci/__pycache__/action_server3.cpython-312.pyc
/home/basmala/ros2_ws/install/fibonacci/lib/python3.12/site-packages/fibonacci/__pycache__/action_client.cpython-312.pyc
/home/basmala/ros2_ws/install/fibonacci/lib/python3.12/site-packages/fibonacci/__pycache__/cancel_client.cpython-312.pyc
/home/basmala/ros2_ws/install/fibonacci/lib/python3.12/site-packages/fibonacci/__pycache__/__init__.cpython-312.pyc
/home/basmala/ros2_ws/install/fibonacci/lib/python3.12/site-packages/fibonacci/__pycache__/action_client2.cpython-312.pyc
/home/basmala/ros2_ws/install/fibonacci/share/ament_index/resource_index/packages/fibonacci
/home/basmala/ros2_ws/install/fibonacci/share/fibonacci/package.xml
/home/basmala/ros2_ws/install/fibonacci/lib/python3.12/site-packages/fibonacci-0.0.0-py3.12.egg-info/requires.txt
/home/basmala/ros2_ws/install/fibonacci/lib/python3.12/site-packages/fibonacci-0.0.0-py3.12.egg-info/entry_points.txt
/home/basmala/ros2_ws/install/fibonacci/lib/python3.12/site-packages/fibonacci-0.0.0-py3.12.egg-info/dependency_links.txt
/home/basmala/ros2_ws/install/fibonacci/lib/python3.12/site-packages/fibonacci-0.0.0-py3.12.egg-info/SOURCES.txt
/home/basmala/ros2_ws/install/fibonacci/lib/python3.12/site-packages/fibonacci-0.0.0-py3.12.egg-info/PKG-INFO
/home/basmala/ros2_ws/install/fibonacci/lib/python3.12/site-packages/fibonacci-0.0.0-py3.12.egg-info/top_level.txt
/home/basmala/ros2_ws/install/fibonacci/lib/python3.12/site-packages/fibonacci-0.0.0-py3.12.egg-info/zip-safe
/home/basmala/ros2_ws/install/fibonacci/lib/fibonacci/action_client
/home/basmala/ros2_ws/install/fibonacci/lib/fibonacci/action_client2
/home/basmala/ros2_ws/install/fibonacci/lib/fibonacci/action_server
/home/basmala/ros2_ws/install/fibonacci/lib/fibonacci/action_server2
/home/basmala/ros2_ws/install/fibonacci/lib/fibonacci/action_server3
/home/basmala/ros2_ws/install/fibonacci/lib/fibonacci/cancel_client
