[0.118s] Invoking command in '/home/basmala/ros2_ws/build/assignment2_custom_msgs_srvs': CMAKE_PREFIX_PATH=${CMAKE_PREFIX_PATH}:/home/basmala/ros2_ws/install/first_package_python:/opt/ros/jazzy DEBUGINFOD_URLS=https://debuginfod.ubuntu.com /usr/bin/cmake --build /home/basmala/ros2_ws/build/assignment2_custom_msgs_srvs -- -j20 -l20
[0.726s] [  1%] Built target assignment2_custom_msgs_srvs__rosidl_generator_type_description
[0.728s] [  1%] Built target ament_cmake_python_copy_assignment2_custom_msgs_srvs
[0.729s] [  3%] Built target assignment2_custom_msgs_srvs__cpp
[0.729s] [ 25%] Built target assignment2_custom_msgs_srvs__rosidl_generator_c
[0.730s] [ 42%] Built target assignment2_custom_msgs_srvs__rosidl_typesupport_c
[0.731s] [ 43%] Built target assignment2_custom_msgs_srvs__rosidl_typesupport_introspection_c
[0.731s] [ 53%] Built target assignment2_custom_msgs_srvs__rosidl_typesupport_cpp
[0.733s] [ 62%] Built target assignment2_custom_msgs_srvs__rosidl_typesupport_introspection_cpp
[0.735s] [ 71%] Built target assignment2_custom_msgs_srvs__rosidl_typesupport_fastrtps_cpp
[0.735s] [ 81%] Built target assignment2_custom_msgs_srvs__rosidl_typesupport_fastrtps_c
[0.736s] [ 81%] Built target assignment2_custom_msgs_srvs
[0.737s] [ 82%] Built target assignment2_custom_msgs_srvs__py
[0.737s] [ 90%] Built target assignment2_custom_msgs_srvs__rosidl_generator_py
[0.737s] [ 95%] Built target assignment2_custom_msgs_srvs_s__rosidl_typesupport_introspection_c
[0.738s] [ 96%] Built target assignment2_custom_msgs_srvs_s__rosidl_typesupport_c
[0.738s] [100%] Built target assignment2_custom_msgs_srvs_s__rosidl_typesupport_fastrtps_c
[0.857s] running egg_info
[0.905s] writing assignment2_custom_msgs_srvs.egg-info/PKG-INFO
[0.905s] writing dependency_links to assignment2_custom_msgs_srvs.egg-info/dependency_links.txt
[0.906s] writing top-level names to assignment2_custom_msgs_srvs.egg-info/top_level.txt
[1.061s] reading manifest file 'assignment2_custom_msgs_srvs.egg-info/SOURCES.txt'
[1.064s] writing manifest file 'assignment2_custom_msgs_srvs.egg-info/SOURCES.txt'
[1.118s] [100%] Built target ament_cmake_python_build_assignment2_custom_msgs_srvs_egg
[1.143s] Invoked command in '/home/basmala/ros2_ws/build/assignment2_custom_msgs_srvs' returned '0': CMAKE_PREFIX_PATH=${CMAKE_PREFIX_PATH}:/home/basmala/ros2_ws/install/first_package_python:/opt/ros/jazzy DEBUGINFOD_URLS=https://debuginfod.ubuntu.com /usr/bin/cmake --build /home/basmala/ros2_ws/build/assignment2_custom_msgs_srvs -- -j20 -l20
[1.146s] Invoking command in '/home/basmala/ros2_ws/build/assignment2_custom_msgs_srvs': CMAKE_PREFIX_PATH=${CMAKE_PREFIX_PATH}:/home/basmala/ros2_ws/install/first_package_python:/opt/ros/jazzy DEBUGINFOD_URLS=https://debuginfod.ubuntu.com /usr/bin/cmake --install /home/basmala/ros2_ws/build/assignment2_custom_msgs_srvs
[1.165s] -- Install configuration: ""
[1.165s] -- Up-to-date: /home/basmala/ros2_ws/install/assignment2_custom_msgs_srvs/share/ament_index/resource_index/rosidl_interfaces/assignment2_custom_msgs_srvs
[1.166s] -- Up-to-date: /home/basmala/ros2_ws/install/assignment2_custom_msgs_srvs/share/assignment2_custom_msgs_srvs/msg/Obstacle.json
[1.166s] -- Up-to-date: /home/basmala/ros2_ws/install/assignment2_custom_msgs_srvs/share/assignment2_custom_msgs_srvs/srv/AverageVelocities.json
[1.166s] -- Up-to-date: /home/basmala/ros2_ws/install/assignment2_custom_msgs_srvs/share/assignment2_custom_msgs_srvs/srv/ChangeThreshold.json
[1.167s] -- Up-to-date: /home/basmala/ros2_ws/install/assignment2_custom_msgs_srvs/share/assignment2_custom_msgs_srvs/srv/ModifyFixedPoint.json
[1.167s] -- Up-to-date: /home/basmala/ros2_ws/install/assignment2_custom_msgs_srvs/include/assignment2_custom_msgs_srvs/assignment2_custom_msgs_srvs
[1.169s] -- Up-to-date: /home/basmala/ros2_ws/install/assignment2_custom_msgs_srvs/include/assignment2_custom_msgs_srvs/assignment2_custom_msgs_srvs/srv
[1.170s] -- Up-to-date: /home/basmala/ros2_ws/install/assignment2_custom_msgs_srvs/include/assignment2_custom_msgs_srvs/assignment2_custom_msgs_srvs/srv/detail
[1.170s] -- Up-to-date: /home/basmala/ros2_ws/install/assignment2_custom_msgs_srvs/include/assignment2_custom_msgs_srvs/assignment2_custom_msgs_srvs/srv/detail/average_velocities__struct.h
[1.170s] -- Up-to-date: /home/basmala/ros2_ws/install/assignment2_custom_msgs_srvs/include/assignment2_custom_msgs_srvs/assignment2_custom_msgs_srvs/srv/detail/average_velocities__type_support.h
[1.170s] -- Up-to-date: /home/basmala/ros2_ws/install/assignment2_custom_msgs_srvs/include/assignment2_custom_msgs_srvs/assignment2_custom_msgs_srvs/srv/detail/modify_fixed_point__type_support.h
[1.171s] -- Up-to-date: /home/basmala/ros2_ws/install/assignment2_custom_msgs_srvs/include/assignment2_custom_msgs_srvs/assignment2_custom_msgs_srvs/srv/detail/change_threshold__functions.h
[1.171s] -- Up-to-date: /home/basmala/ros2_ws/install/assignment2_custom_msgs_srvs/include/assignment2_custom_msgs_srvs/assignment2_custom_msgs_srvs/srv/detail/change_threshold__type_support.h
[1.171s] -- Up-to-date: /home/basmala/ros2_ws/install/assignment2_custom_msgs_srvs/include/assignment2_custom_msgs_srvs/assignment2_custom_msgs_srvs/srv/detail/average_velocities__functions.c
[1.171s] -- Up-to-date: /home/basmala/ros2_ws/install/assignment2_custom_msgs_srvs/include/assignment2_custom_msgs_srvs/assignment2_custom_msgs_srvs/srv/detail/modify_fixed_point__functions.h
[1.171s] -- Up-to-date: /home/basmala/ros2_ws/install/assignment2_custom_msgs_srvs/include/assignment2_custom_msgs_srvs/assignment2_custom_msgs_srvs/srv/detail/modify_fixed_point__functions.c
[1.172s] -- Up-to-date: /home/basmala/ros2_ws/install/assignment2_custom_msgs_srvs/include/assignment2_custom_msgs_srvs/assignment2_custom_msgs_srvs/srv/detail/modify_fixed_point__struct.h
[1.172s] -- Up-to-date: /home/basmala/ros2_ws/install/assignment2_custom_msgs_srvs/include/assignment2_custom_msgs_srvs/assignment2_custom_msgs_srvs/srv/detail/change_threshold__description.c
[1.172s] -- Up-to-date: /home/basmala/ros2_ws/install/assignment2_custom_msgs_srvs/include/assignment2_custom_msgs_srvs/assignment2_custom_msgs_srvs/srv/detail/change_threshold__type_support.c
[1.172s] -- Up-to-date: /home/basmala/ros2_ws/install/assignment2_custom_msgs_srvs/include/assignment2_custom_msgs_srvs/assignment2_custom_msgs_srvs/srv/detail/average_velocities__functions.h
[1.173s] -- Up-to-date: /home/basmala/ros2_ws/install/assignment2_custom_msgs_srvs/include/assignment2_custom_msgs_srvs/assignment2_custom_msgs_srvs/srv/detail/modify_fixed_point__description.c
[1.173s] -- Up-to-date: /home/basmala/ros2_ws/install/assignment2_custom_msgs_srvs/include/assignment2_custom_msgs_srvs/assignment2_custom_msgs_srvs/srv/detail/change_threshold__struct.h
[1.173s] -- Up-to-date: /home/basmala/ros2_ws/install/assignment2_custom_msgs_srvs/include/assignment2_custom_msgs_srvs/assignment2_custom_msgs_srvs/srv/detail/modify_fixed_point__type_support.c
[1.173s] -- Up-to-date: /home/basmala/ros2_ws/install/assignment2_custom_msgs_srvs/include/assignment2_custom_msgs_srvs/assignment2_custom_msgs_srvs/srv/detail/average_velocities__description.c
[1.173s] -- Up-to-date: /home/basmala/ros2_ws/install/assignment2_custom_msgs_srvs/include/assignment2_custom_msgs_srvs/assignment2_custom_msgs_srvs/srv/detail/change_threshold__functions.c
[1.173s] -- Up-to-date: /home/basmala/ros2_ws/install/assignment2_custom_msgs_srvs/include/assignment2_custom_msgs_srvs/assignment2_custom_msgs_srvs/srv/detail/average_velocities__type_support.c
[1.174s] -- Up-to-date: /home/basmala/ros2_ws/install/assignment2_custom_msgs_srvs/include/assignment2_custom_msgs_srvs/assignment2_custom_msgs_srvs/srv/modify_fixed_point.h
[1.174s] -- Up-to-date: /home/basmala/ros2_ws/install/assignment2_custom_msgs_srvs/include/assignment2_custom_msgs_srvs/assignment2_custom_msgs_srvs/srv/average_velocities.h
[1.174s] -- Up-to-date: /home/basmala/ros2_ws/install/assignment2_custom_msgs_srvs/include/assignment2_custom_msgs_srvs/assignment2_custom_msgs_srvs/srv/change_threshold.h
[1.174s] -- Up-to-date: /home/basmala/ros2_ws/install/assignment2_custom_msgs_srvs/include/assignment2_custom_msgs_srvs/assignment2_custom_msgs_srvs/msg
[1.174s] -- Up-to-date: /home/basmala/ros2_ws/install/assignment2_custom_msgs_srvs/include/assignment2_custom_msgs_srvs/assignment2_custom_msgs_srvs/msg/detail
[1.175s] -- Up-to-date: /home/basmala/ros2_ws/install/assignment2_custom_msgs_srvs/include/assignment2_custom_msgs_srvs/assignment2_custom_msgs_srvs/msg/detail/obstacle__type_support.h
[1.175s] -- Up-to-date: /home/basmala/ros2_ws/install/assignment2_custom_msgs_srvs/include/assignment2_custom_msgs_srvs/assignment2_custom_msgs_srvs/msg/detail/obstacle__type_support.c
[1.175s] -- Up-to-date: /home/basmala/ros2_ws/install/assignment2_custom_msgs_srvs/include/assignment2_custom_msgs_srvs/assignment2_custom_msgs_srvs/msg/detail/obstacle__functions.h
[1.175s] -- Up-to-date: /home/basmala/ros2_ws/install/assignment2_custom_msgs_srvs/include/assignment2_custom_msgs_srvs/assignment2_custom_msgs_srvs/msg/detail/obstacle__description.c
[1.175s] -- Up-to-date: /home/basmala/ros2_ws/install/assignment2_custom_msgs_srvs/include/assignment2_custom_msgs_srvs/assignment2_custom_msgs_srvs/msg/detail/obstacle__struct.h
[1.175s] -- Up-to-date: /home/basmala/ros2_ws/install/assignment2_custom_msgs_srvs/include/assignment2_custom_msgs_srvs/assignment2_custom_msgs_srvs/msg/detail/obstacle__functions.c
[1.176s] -- Up-to-date: /home/basmala/ros2_ws/install/assignment2_custom_msgs_srvs/include/assignment2_custom_msgs_srvs/assignment2_custom_msgs_srvs/msg/rosidl_generator_c__visibility_control.h
[1.176s] -- Up-to-date: /home/basmala/ros2_ws/install/assignment2_custom_msgs_srvs/include/assignment2_custom_msgs_srvs/assignment2_custom_msgs_srvs/msg/obstacle.h
[1.176s] -- Up-to-date: /home/basmala/ros2_ws/install/assignment2_custom_msgs_srvs/share/assignment2_custom_msgs_srvs/environment/library_path.sh
[1.176s] -- Up-to-date: /home/basmala/ros2_ws/install/assignment2_custom_msgs_srvs/share/assignment2_custom_msgs_srvs/environment/library_path.dsv
[1.176s] -- Up-to-date: /home/basmala/ros2_ws/install/assignment2_custom_msgs_srvs/lib/libassignment2_custom_msgs_srvs__rosidl_generator_c.so
[1.176s] -- Up-to-date: /home/basmala/ros2_ws/install/assignment2_custom_msgs_srvs/include/assignment2_custom_msgs_srvs/assignment2_custom_msgs_srvs
[1.177s] -- Up-to-date: /home/basmala/ros2_ws/install/assignment2_custom_msgs_srvs/include/assignment2_custom_msgs_srvs/assignment2_custom_msgs_srvs/srv
[1.177s] -- Up-to-date: /home/basmala/ros2_ws/install/assignment2_custom_msgs_srvs/include/assignment2_custom_msgs_srvs/assignment2_custom_msgs_srvs/srv/detail
[1.177s] -- Up-to-date: /home/basmala/ros2_ws/install/assignment2_custom_msgs_srvs/include/assignment2_custom_msgs_srvs/assignment2_custom_msgs_srvs/srv/detail/change_threshold__rosidl_typesupport_fastrtps_c.h
[1.177s] -- Up-to-date: /home/basmala/ros2_ws/install/assignment2_custom_msgs_srvs/include/assignment2_custom_msgs_srvs/assignment2_custom_msgs_srvs/srv/detail/modify_fixed_point__rosidl_typesupport_fastrtps_c.h
[1.177s] -- Up-to-date: /home/basmala/ros2_ws/install/assignment2_custom_msgs_srvs/include/assignment2_custom_msgs_srvs/assignment2_custom_msgs_srvs/srv/detail/average_velocities__rosidl_typesupport_fastrtps_c.h
[1.178s] -- Up-to-date: /home/basmala/ros2_ws/install/assignment2_custom_msgs_srvs/include/assignment2_custom_msgs_srvs/assignment2_custom_msgs_srvs/msg
[1.178s] -- Up-to-date: /home/basmala/ros2_ws/install/assignment2_custom_msgs_srvs/include/assignment2_custom_msgs_srvs/assignment2_custom_msgs_srvs/msg/detail
[1.178s] -- Up-to-date: /home/basmala/ros2_ws/install/assignment2_custom_msgs_srvs/include/assignment2_custom_msgs_srvs/assignment2_custom_msgs_srvs/msg/detail/obstacle__rosidl_typesupport_fastrtps_c.h
[1.178s] -- Up-to-date: /home/basmala/ros2_ws/install/assignment2_custom_msgs_srvs/include/assignment2_custom_msgs_srvs/assignment2_custom_msgs_srvs/msg/rosidl_typesupport_fastrtps_c__visibility_control.h
[1.179s] -- Up-to-date: /home/basmala/ros2_ws/install/assignment2_custom_msgs_srvs/lib/libassignment2_custom_msgs_srvs__rosidl_typesupport_fastrtps_c.so
[1.179s] -- Up-to-date: /home/basmala/ros2_ws/install/assignment2_custom_msgs_srvs/include/assignment2_custom_msgs_srvs/assignment2_custom_msgs_srvs
[1.179s] -- Up-to-date: /home/basmala/ros2_ws/install/assignment2_custom_msgs_srvs/include/assignment2_custom_msgs_srvs/assignment2_custom_msgs_srvs/srv
[1.179s] -- Up-to-date: /home/basmala/ros2_ws/install/assignment2_custom_msgs_srvs/include/assignment2_custom_msgs_srvs/assignment2_custom_msgs_srvs/srv/detail
[1.179s] -- Up-to-date: /home/basmala/ros2_ws/install/assignment2_custom_msgs_srvs/include/assignment2_custom_msgs_srvs/assignment2_custom_msgs_srvs/srv/detail/modify_fixed_point__rosidl_typesupport_introspection_c.h
[1.180s] -- Up-to-date: /home/basmala/ros2_ws/install/assignment2_custom_msgs_srvs/include/assignment2_custom_msgs_srvs/assignment2_custom_msgs_srvs/srv/detail/change_threshold__rosidl_typesupport_introspection_c.h
[1.180s] -- Up-to-date: /home/basmala/ros2_ws/install/assignment2_custom_msgs_srvs/include/assignment2_custom_msgs_srvs/assignment2_custom_msgs_srvs/srv/detail/change_threshold__type_support.c
[1.180s] -- Up-to-date: /home/basmala/ros2_ws/install/assignment2_custom_msgs_srvs/include/assignment2_custom_msgs_srvs/assignment2_custom_msgs_srvs/srv/detail/average_velocities__rosidl_typesupport_introspection_c.h
[1.181s] -- Up-to-date: /home/basmala/ros2_ws/install/assignment2_custom_msgs_srvs/include/assignment2_custom_msgs_srvs/assignment2_custom_msgs_srvs/srv/detail/modify_fixed_point__type_support.c
[1.181s] -- Up-to-date: /home/basmala/ros2_ws/install/assignment2_custom_msgs_srvs/include/assignment2_custom_msgs_srvs/assignment2_custom_msgs_srvs/srv/detail/average_velocities__type_support.c
[1.181s] -- Up-to-date: /home/basmala/ros2_ws/install/assignment2_custom_msgs_srvs/include/assignment2_custom_msgs_srvs/assignment2_custom_msgs_srvs/msg
[1.181s] -- Up-to-date: /home/basmala/ros2_ws/install/assignment2_custom_msgs_srvs/include/assignment2_custom_msgs_srvs/assignment2_custom_msgs_srvs/msg/detail
[1.182s] -- Up-to-date: /home/basmala/ros2_ws/install/assignment2_custom_msgs_srvs/include/assignment2_custom_msgs_srvs/assignment2_custom_msgs_srvs/msg/detail/obstacle__rosidl_typesupport_introspection_c.h
[1.182s] -- Up-to-date: /home/basmala/ros2_ws/install/assignment2_custom_msgs_srvs/include/assignment2_custom_msgs_srvs/assignment2_custom_msgs_srvs/msg/detail/obstacle__type_support.c
[1.182s] -- Up-to-date: /home/basmala/ros2_ws/install/assignment2_custom_msgs_srvs/include/assignment2_custom_msgs_srvs/assignment2_custom_msgs_srvs/msg/rosidl_typesupport_introspection_c__visibility_control.h
[1.182s] -- Up-to-date: /home/basmala/ros2_ws/install/assignment2_custom_msgs_srvs/lib/libassignment2_custom_msgs_srvs__rosidl_typesupport_introspection_c.so
[1.183s] -- Up-to-date: /home/basmala/ros2_ws/install/assignment2_custom_msgs_srvs/lib/libassignment2_custom_msgs_srvs__rosidl_typesupport_c.so
[1.183s] -- Up-to-date: /home/basmala/ros2_ws/install/assignment2_custom_msgs_srvs/include/assignment2_custom_msgs_srvs/assignment2_custom_msgs_srvs
[1.183s] -- Up-to-date: /home/basmala/ros2_ws/install/assignment2_custom_msgs_srvs/include/assignment2_custom_msgs_srvs/assignment2_custom_msgs_srvs/srv
[1.183s] -- Up-to-date: /home/basmala/ros2_ws/install/assignment2_custom_msgs_srvs/include/assignment2_custom_msgs_srvs/assignment2_custom_msgs_srvs/srv/change_threshold.hpp
[1.184s] -- Up-to-date: /home/basmala/ros2_ws/install/assignment2_custom_msgs_srvs/include/assignment2_custom_msgs_srvs/assignment2_custom_msgs_srvs/srv/detail
[1.184s] -- Up-to-date: /home/basmala/ros2_ws/install/assignment2_custom_msgs_srvs/include/assignment2_custom_msgs_srvs/assignment2_custom_msgs_srvs/srv/detail/modify_fixed_point__builder.hpp
[1.184s] -- Up-to-date: /home/basmala/ros2_ws/install/assignment2_custom_msgs_srvs/include/assignment2_custom_msgs_srvs/assignment2_custom_msgs_srvs/srv/detail/average_velocities__builder.hpp
[1.184s] -- Up-to-date: /home/basmala/ros2_ws/install/assignment2_custom_msgs_srvs/include/assignment2_custom_msgs_srvs/assignment2_custom_msgs_srvs/srv/detail/modify_fixed_point__struct.hpp
[1.185s] -- Up-to-date: /home/basmala/ros2_ws/install/assignment2_custom_msgs_srvs/include/assignment2_custom_msgs_srvs/assignment2_custom_msgs_srvs/srv/detail/change_threshold__traits.hpp
[1.185s] -- Up-to-date: /home/basmala/ros2_ws/install/assignment2_custom_msgs_srvs/include/assignment2_custom_msgs_srvs/assignment2_custom_msgs_srvs/srv/detail/modify_fixed_point__traits.hpp
[1.185s] -- Up-to-date: /home/basmala/ros2_ws/install/assignment2_custom_msgs_srvs/include/assignment2_custom_msgs_srvs/assignment2_custom_msgs_srvs/srv/detail/average_velocities__struct.hpp
[1.185s] -- Up-to-date: /home/basmala/ros2_ws/install/assignment2_custom_msgs_srvs/include/assignment2_custom_msgs_srvs/assignment2_custom_msgs_srvs/srv/detail/average_velocities__traits.hpp
[1.186s] -- Up-to-date: /home/basmala/ros2_ws/install/assignment2_custom_msgs_srvs/include/assignment2_custom_msgs_srvs/assignment2_custom_msgs_srvs/srv/detail/change_threshold__struct.hpp
[1.186s] -- Up-to-date: /home/basmala/ros2_ws/install/assignment2_custom_msgs_srvs/include/assignment2_custom_msgs_srvs/assignment2_custom_msgs_srvs/srv/detail/average_velocities__type_support.hpp
[1.186s] -- Up-to-date: /home/basmala/ros2_ws/install/assignment2_custom_msgs_srvs/include/assignment2_custom_msgs_srvs/assignment2_custom_msgs_srvs/srv/detail/change_threshold__builder.hpp
[1.187s] -- Up-to-date: /home/basmala/ros2_ws/install/assignment2_custom_msgs_srvs/include/assignment2_custom_msgs_srvs/assignment2_custom_msgs_srvs/srv/detail/change_threshold__type_support.hpp
[1.187s] -- Up-to-date: /home/basmala/ros2_ws/install/assignment2_custom_msgs_srvs/include/assignment2_custom_msgs_srvs/assignment2_custom_msgs_srvs/srv/detail/modify_fixed_point__type_support.hpp
[1.187s] -- Up-to-date: /home/basmala/ros2_ws/install/assignment2_custom_msgs_srvs/include/assignment2_custom_msgs_srvs/assignment2_custom_msgs_srvs/srv/modify_fixed_point.hpp
[1.187s] -- Up-to-date: /home/basmala/ros2_ws/install/assignment2_custom_msgs_srvs/include/assignment2_custom_msgs_srvs/assignment2_custom_msgs_srvs/srv/average_velocities.hpp
[1.188s] -- Up-to-date: /home/basmala/ros2_ws/install/assignment2_custom_msgs_srvs/include/assignment2_custom_msgs_srvs/assignment2_custom_msgs_srvs/msg
[1.188s] -- Up-to-date: /home/basmala/ros2_ws/install/assignment2_custom_msgs_srvs/include/assignment2_custom_msgs_srvs/assignment2_custom_msgs_srvs/msg/detail
[1.188s] -- Up-to-date: /home/basmala/ros2_ws/install/assignment2_custom_msgs_srvs/include/assignment2_custom_msgs_srvs/assignment2_custom_msgs_srvs/msg/detail/obstacle__traits.hpp
[1.188s] -- Up-to-date: /home/basmala/ros2_ws/install/assignment2_custom_msgs_srvs/include/assignment2_custom_msgs_srvs/assignment2_custom_msgs_srvs/msg/detail/obstacle__builder.hpp
[1.189s] -- Up-to-date: /home/basmala/ros2_ws/install/assignment2_custom_msgs_srvs/include/assignment2_custom_msgs_srvs/assignment2_custom_msgs_srvs/msg/detail/obstacle__struct.hpp
[1.189s] -- Up-to-date: /home/basmala/ros2_ws/install/assignment2_custom_msgs_srvs/include/assignment2_custom_msgs_srvs/assignment2_custom_msgs_srvs/msg/detail/obstacle__type_support.hpp
[1.189s] -- Up-to-date: /home/basmala/ros2_ws/install/assignment2_custom_msgs_srvs/include/assignment2_custom_msgs_srvs/assignment2_custom_msgs_srvs/msg/rosidl_generator_cpp__visibility_control.hpp
[1.189s] -- Up-to-date: /home/basmala/ros2_ws/install/assignment2_custom_msgs_srvs/include/assignment2_custom_msgs_srvs/assignment2_custom_msgs_srvs/msg/obstacle.hpp
[1.190s] -- Up-to-date: /home/basmala/ros2_ws/install/assignment2_custom_msgs_srvs/include/assignment2_custom_msgs_srvs/assignment2_custom_msgs_srvs
[1.190s] -- Up-to-date: /home/basmala/ros2_ws/install/assignment2_custom_msgs_srvs/include/assignment2_custom_msgs_srvs/assignment2_custom_msgs_srvs/srv
[1.190s] -- Up-to-date: /home/basmala/ros2_ws/install/assignment2_custom_msgs_srvs/include/assignment2_custom_msgs_srvs/assignment2_custom_msgs_srvs/srv/detail
[1.190s] -- Up-to-date: /home/basmala/ros2_ws/install/assignment2_custom_msgs_srvs/include/assignment2_custom_msgs_srvs/assignment2_custom_msgs_srvs/srv/detail/modify_fixed_point__rosidl_typesupport_fastrtps_cpp.hpp
[1.191s] -- Up-to-date: /home/basmala/ros2_ws/install/assignment2_custom_msgs_srvs/include/assignment2_custom_msgs_srvs/assignment2_custom_msgs_srvs/srv/detail/dds_fastrtps
[1.191s] -- Up-to-date: /home/basmala/ros2_ws/install/assignment2_custom_msgs_srvs/include/assignment2_custom_msgs_srvs/assignment2_custom_msgs_srvs/srv/detail/average_velocities__rosidl_typesupport_fastrtps_cpp.hpp
[1.191s] -- Up-to-date: /home/basmala/ros2_ws/install/assignment2_custom_msgs_srvs/include/assignment2_custom_msgs_srvs/assignment2_custom_msgs_srvs/srv/detail/change_threshold__rosidl_typesupport_fastrtps_cpp.hpp
[1.191s] -- Up-to-date: /home/basmala/ros2_ws/install/assignment2_custom_msgs_srvs/include/assignment2_custom_msgs_srvs/assignment2_custom_msgs_srvs/msg
[1.192s] -- Up-to-date: /home/basmala/ros2_ws/install/assignment2_custom_msgs_srvs/include/assignment2_custom_msgs_srvs/assignment2_custom_msgs_srvs/msg/detail
[1.192s] -- Up-to-date: /home/basmala/ros2_ws/install/assignment2_custom_msgs_srvs/include/assignment2_custom_msgs_srvs/assignment2_custom_msgs_srvs/msg/detail/dds_fastrtps
[1.192s] -- Up-to-date: /home/basmala/ros2_ws/install/assignment2_custom_msgs_srvs/include/assignment2_custom_msgs_srvs/assignment2_custom_msgs_srvs/msg/detail/obstacle__rosidl_typesupport_fastrtps_cpp.hpp
[1.192s] -- Up-to-date: /home/basmala/ros2_ws/install/assignment2_custom_msgs_srvs/include/assignment2_custom_msgs_srvs/assignment2_custom_msgs_srvs/msg/rosidl_typesupport_fastrtps_cpp__visibility_control.h
[1.193s] -- Up-to-date: /home/basmala/ros2_ws/install/assignment2_custom_msgs_srvs/lib/libassignment2_custom_msgs_srvs__rosidl_typesupport_fastrtps_cpp.so
[1.193s] -- Up-to-date: /home/basmala/ros2_ws/install/assignment2_custom_msgs_srvs/include/assignment2_custom_msgs_srvs/assignment2_custom_msgs_srvs
[1.193s] -- Up-to-date: /home/basmala/ros2_ws/install/assignment2_custom_msgs_srvs/include/assignment2_custom_msgs_srvs/assignment2_custom_msgs_srvs/srv
[1.193s] -- Up-to-date: /home/basmala/ros2_ws/install/assignment2_custom_msgs_srvs/include/assignment2_custom_msgs_srvs/assignment2_custom_msgs_srvs/srv/detail
[1.193s] -- Up-to-date: /home/basmala/ros2_ws/install/assignment2_custom_msgs_srvs/include/assignment2_custom_msgs_srvs/assignment2_custom_msgs_srvs/srv/detail/average_velocities__rosidl_typesupport_introspection_cpp.hpp
[1.194s] -- Up-to-date: /home/basmala/ros2_ws/install/assignment2_custom_msgs_srvs/include/assignment2_custom_msgs_srvs/assignment2_custom_msgs_srvs/srv/detail/change_threshold__type_support.cpp
[1.194s] -- Up-to-date: /home/basmala/ros2_ws/install/assignment2_custom_msgs_srvs/include/assignment2_custom_msgs_srvs/assignment2_custom_msgs_srvs/srv/detail/change_threshold__rosidl_typesupport_introspection_cpp.hpp
[1.194s] -- Up-to-date: /home/basmala/ros2_ws/install/assignment2_custom_msgs_srvs/include/assignment2_custom_msgs_srvs/assignment2_custom_msgs_srvs/srv/detail/average_velocities__type_support.cpp
[1.194s] -- Up-to-date: /home/basmala/ros2_ws/install/assignment2_custom_msgs_srvs/include/assignment2_custom_msgs_srvs/assignment2_custom_msgs_srvs/srv/detail/modify_fixed_point__rosidl_typesupport_introspection_cpp.hpp
[1.194s] -- Up-to-date: /home/basmala/ros2_ws/install/assignment2_custom_msgs_srvs/include/assignment2_custom_msgs_srvs/assignment2_custom_msgs_srvs/srv/detail/modify_fixed_point__type_support.cpp
[1.195s] -- Up-to-date: /home/basmala/ros2_ws/install/assignment2_custom_msgs_srvs/include/assignment2_custom_msgs_srvs/assignment2_custom_msgs_srvs/msg
[1.195s] -- Up-to-date: /home/basmala/ros2_ws/install/assignment2_custom_msgs_srvs/include/assignment2_custom_msgs_srvs/assignment2_custom_msgs_srvs/msg/detail
[1.195s] -- Up-to-date: /home/basmala/ros2_ws/install/assignment2_custom_msgs_srvs/include/assignment2_custom_msgs_srvs/assignment2_custom_msgs_srvs/msg/detail/obstacle__rosidl_typesupport_introspection_cpp.hpp
[1.195s] -- Up-to-date: /home/basmala/ros2_ws/install/assignment2_custom_msgs_srvs/include/assignment2_custom_msgs_srvs/assignment2_custom_msgs_srvs/msg/detail/obstacle__type_support.cpp
[1.196s] -- Up-to-date: /home/basmala/ros2_ws/install/assignment2_custom_msgs_srvs/lib/libassignment2_custom_msgs_srvs__rosidl_typesupport_introspection_cpp.so
[1.196s] -- Up-to-date: /home/basmala/ros2_ws/install/assignment2_custom_msgs_srvs/lib/libassignment2_custom_msgs_srvs__rosidl_typesupport_cpp.so
[1.196s] -- Up-to-date: /home/basmala/ros2_ws/install/assignment2_custom_msgs_srvs/share/assignment2_custom_msgs_srvs/environment/pythonpath.sh
[1.196s] -- Up-to-date: /home/basmala/ros2_ws/install/assignment2_custom_msgs_srvs/share/assignment2_custom_msgs_srvs/environment/pythonpath.dsv
[1.197s] -- Up-to-date: /home/basmala/ros2_ws/install/assignment2_custom_msgs_srvs/lib/python3.12/site-packages/assignment2_custom_msgs_srvs-0.0.0-py3.12.egg-info
[1.197s] -- Installing: /home/basmala/ros2_ws/install/assignment2_custom_msgs_srvs/lib/python3.12/site-packages/assignment2_custom_msgs_srvs-0.0.0-py3.12.egg-info/dependency_links.txt
[1.197s] -- Installing: /home/basmala/ros2_ws/install/assignment2_custom_msgs_srvs/lib/python3.12/site-packages/assignment2_custom_msgs_srvs-0.0.0-py3.12.egg-info/SOURCES.txt
[1.197s] -- Installing: /home/basmala/ros2_ws/install/assignment2_custom_msgs_srvs/lib/python3.12/site-packages/assignment2_custom_msgs_srvs-0.0.0-py3.12.egg-info/PKG-INFO
[1.198s] -- Installing: /home/basmala/ros2_ws/install/assignment2_custom_msgs_srvs/lib/python3.12/site-packages/assignment2_custom_msgs_srvs-0.0.0-py3.12.egg-info/top_level.txt
[1.198s] -- Up-to-date: /home/basmala/ros2_ws/install/assignment2_custom_msgs_srvs/lib/python3.12/site-packages/assignment2_custom_msgs_srvs
[1.198s] -- Up-to-date: /home/basmala/ros2_ws/install/assignment2_custom_msgs_srvs/lib/python3.12/site-packages/assignment2_custom_msgs_srvs/_assignment2_custom_msgs_srvs_s.ep.rosidl_typesupport_fastrtps_c.c
[1.198s] -- Up-to-date: /home/basmala/ros2_ws/install/assignment2_custom_msgs_srvs/lib/python3.12/site-packages/assignment2_custom_msgs_srvs/assignment2_custom_msgs_srvs_s__rosidl_typesupport_c.so
[1.198s] -- Up-to-date: /home/basmala/ros2_ws/install/assignment2_custom_msgs_srvs/lib/python3.12/site-packages/assignment2_custom_msgs_srvs/assignment2_custom_msgs_srvs_s__rosidl_typesupport_fastrtps_c.so
[1.198s] -- Up-to-date: /home/basmala/ros2_ws/install/assignment2_custom_msgs_srvs/lib/python3.12/site-packages/assignment2_custom_msgs_srvs/srv
[1.199s] -- Up-to-date: /home/basmala/ros2_ws/install/assignment2_custom_msgs_srvs/lib/python3.12/site-packages/assignment2_custom_msgs_srvs/srv/_average_velocities.py
[1.199s] -- Up-to-date: /home/basmala/ros2_ws/install/assignment2_custom_msgs_srvs/lib/python3.12/site-packages/assignment2_custom_msgs_srvs/srv/_average_velocities_s.c
[1.199s] -- Up-to-date: /home/basmala/ros2_ws/install/assignment2_custom_msgs_srvs/lib/python3.12/site-packages/assignment2_custom_msgs_srvs/srv/_change_threshold_s.c
[1.199s] -- Up-to-date: /home/basmala/ros2_ws/install/assignment2_custom_msgs_srvs/lib/python3.12/site-packages/assignment2_custom_msgs_srvs/srv/_modify_fixed_point_s.c
[1.199s] -- Up-to-date: /home/basmala/ros2_ws/install/assignment2_custom_msgs_srvs/lib/python3.12/site-packages/assignment2_custom_msgs_srvs/srv/_change_threshold.py
[1.199s] -- Up-to-date: /home/basmala/ros2_ws/install/assignment2_custom_msgs_srvs/lib/python3.12/site-packages/assignment2_custom_msgs_srvs/srv/__init__.py
[1.199s] -- Up-to-date: /home/basmala/ros2_ws/install/assignment2_custom_msgs_srvs/lib/python3.12/site-packages/assignment2_custom_msgs_srvs/srv/_modify_fixed_point.py
[1.200s] -- Up-to-date: /home/basmala/ros2_ws/install/assignment2_custom_msgs_srvs/lib/python3.12/site-packages/assignment2_custom_msgs_srvs/_assignment2_custom_msgs_srvs_s.ep.rosidl_typesupport_c.c
[1.200s] -- Up-to-date: /home/basmala/ros2_ws/install/assignment2_custom_msgs_srvs/lib/python3.12/site-packages/assignment2_custom_msgs_srvs/assignment2_custom_msgs_srvs_s__rosidl_typesupport_introspection_c.so
[1.200s] -- Up-to-date: /home/basmala/ros2_ws/install/assignment2_custom_msgs_srvs/lib/python3.12/site-packages/assignment2_custom_msgs_srvs/__init__.py
[1.200s] -- Up-to-date: /home/basmala/ros2_ws/install/assignment2_custom_msgs_srvs/lib/python3.12/site-packages/assignment2_custom_msgs_srvs/msg
[1.200s] -- Up-to-date: /home/basmala/ros2_ws/install/assignment2_custom_msgs_srvs/lib/python3.12/site-packages/assignment2_custom_msgs_srvs/msg/_obstacle.py
[1.200s] -- Up-to-date: /home/basmala/ros2_ws/install/assignment2_custom_msgs_srvs/lib/python3.12/site-packages/assignment2_custom_msgs_srvs/msg/_obstacle_s.c
[1.201s] -- Up-to-date: /home/basmala/ros2_ws/install/assignment2_custom_msgs_srvs/lib/python3.12/site-packages/assignment2_custom_msgs_srvs/msg/__init__.py
[1.201s] -- Up-to-date: /home/basmala/ros2_ws/install/assignment2_custom_msgs_srvs/lib/python3.12/site-packages/assignment2_custom_msgs_srvs/_assignment2_custom_msgs_srvs_s.ep.rosidl_typesupport_introspection_c.c
[1.239s] Listing '/home/basmala/ros2_ws/install/assignment2_custom_msgs_srvs/lib/python3.12/site-packages/assignment2_custom_msgs_srvs'...
[1.240s] Listing '/home/basmala/ros2_ws/install/assignment2_custom_msgs_srvs/lib/python3.12/site-packages/assignment2_custom_msgs_srvs/msg'...
[1.240s] Listing '/home/basmala/ros2_ws/install/assignment2_custom_msgs_srvs/lib/python3.12/site-packages/assignment2_custom_msgs_srvs/srv'...
[1.251s] -- Up-to-date: /home/basmala/ros2_ws/install/assignment2_custom_msgs_srvs/lib/python3.12/site-packages/assignment2_custom_msgs_srvs/assignment2_custom_msgs_srvs_s__rosidl_typesupport_fastrtps_c.so
[1.252s] -- Up-to-date: /home/basmala/ros2_ws/install/assignment2_custom_msgs_srvs/lib/python3.12/site-packages/assignment2_custom_msgs_srvs/assignment2_custom_msgs_srvs_s__rosidl_typesupport_introspection_c.so
[1.252s] -- Up-to-date: /home/basmala/ros2_ws/install/assignment2_custom_msgs_srvs/lib/python3.12/site-packages/assignment2_custom_msgs_srvs/assignment2_custom_msgs_srvs_s__rosidl_typesupport_c.so
[1.253s] -- Up-to-date: /home/basmala/ros2_ws/install/assignment2_custom_msgs_srvs/lib/libassignment2_custom_msgs_srvs__rosidl_generator_py.so
[1.253s] -- Up-to-date: /home/basmala/ros2_ws/install/assignment2_custom_msgs_srvs/share/assignment2_custom_msgs_srvs/msg/Obstacle.idl
[1.254s] -- Up-to-date: /home/basmala/ros2_ws/install/assignment2_custom_msgs_srvs/share/assignment2_custom_msgs_srvs/srv/AverageVelocities.idl
[1.254s] -- Up-to-date: /home/basmala/ros2_ws/install/assignment2_custom_msgs_srvs/share/assignment2_custom_msgs_srvs/srv/ChangeThreshold.idl
[1.255s] -- Up-to-date: /home/basmala/ros2_ws/install/assignment2_custom_msgs_srvs/share/assignment2_custom_msgs_srvs/srv/ModifyFixedPoint.idl
[1.255s] -- Up-to-date: /home/basmala/ros2_ws/install/assignment2_custom_msgs_srvs/share/assignment2_custom_msgs_srvs/msg/Obstacle.msg
[1.255s] -- Up-to-date: /home/basmala/ros2_ws/install/assignment2_custom_msgs_srvs/share/assignment2_custom_msgs_srvs/srv/AverageVelocities.srv
[1.256s] -- Up-to-date: /home/basmala/ros2_ws/install/assignment2_custom_msgs_srvs/share/assignment2_custom_msgs_srvs/srv/ChangeThreshold.srv
[1.257s] -- Up-to-date: /home/basmala/ros2_ws/install/assignment2_custom_msgs_srvs/share/assignment2_custom_msgs_srvs/srv/ModifyFixedPoint.srv
[1.258s] -- Up-to-date: /home/basmala/ros2_ws/install/assignment2_custom_msgs_srvs/share/ament_index/resource_index/package_run_dependencies/assignment2_custom_msgs_srvs
[1.258s] -- Up-to-date: /home/basmala/ros2_ws/install/assignment2_custom_msgs_srvs/share/ament_index/resource_index/parent_prefix_path/assignment2_custom_msgs_srvs
[1.258s] -- Up-to-date: /home/basmala/ros2_ws/install/assignment2_custom_msgs_srvs/share/assignment2_custom_msgs_srvs/environment/ament_prefix_path.sh
[1.258s] -- Up-to-date: /home/basmala/ros2_ws/install/assignment2_custom_msgs_srvs/share/assignment2_custom_msgs_srvs/environment/ament_prefix_path.dsv
[1.259s] -- Up-to-date: /home/basmala/ros2_ws/install/assignment2_custom_msgs_srvs/share/assignment2_custom_msgs_srvs/environment/path.sh
[1.259s] -- Up-to-date: /home/basmala/ros2_ws/install/assignment2_custom_msgs_srvs/share/assignment2_custom_msgs_srvs/environment/path.dsv
[1.259s] -- Up-to-date: /home/basmala/ros2_ws/install/assignment2_custom_msgs_srvs/share/assignment2_custom_msgs_srvs/local_setup.bash
[1.259s] -- Up-to-date: /home/basmala/ros2_ws/install/assignment2_custom_msgs_srvs/share/assignment2_custom_msgs_srvs/local_setup.sh
[1.260s] -- Up-to-date: /home/basmala/ros2_ws/install/assignment2_custom_msgs_srvs/share/assignment2_custom_msgs_srvs/local_setup.zsh
[1.260s] -- Up-to-date: /home/basmala/ros2_ws/install/assignment2_custom_msgs_srvs/share/assignment2_custom_msgs_srvs/local_setup.dsv
[1.260s] -- Installing: /home/basmala/ros2_ws/install/assignment2_custom_msgs_srvs/share/assignment2_custom_msgs_srvs/package.dsv
[1.261s] -- Up-to-date: /home/basmala/ros2_ws/install/assignment2_custom_msgs_srvs/share/ament_index/resource_index/packages/assignment2_custom_msgs_srvs
[1.262s] -- Up-to-date: /home/basmala/ros2_ws/install/assignment2_custom_msgs_srvs/share/assignment2_custom_msgs_srvs/cmake/export_assignment2_custom_msgs_srvs__rosidl_generator_cExport.cmake
[1.263s] -- Up-to-date: /home/basmala/ros2_ws/install/assignment2_custom_msgs_srvs/share/assignment2_custom_msgs_srvs/cmake/export_assignment2_custom_msgs_srvs__rosidl_generator_cExport-noconfig.cmake
[1.264s] -- Up-to-date: /home/basmala/ros2_ws/install/assignment2_custom_msgs_srvs/share/assignment2_custom_msgs_srvs/cmake/export_assignment2_custom_msgs_srvs__rosidl_typesupport_fastrtps_cExport.cmake
[1.264s] -- Up-to-date: /home/basmala/ros2_ws/install/assignment2_custom_msgs_srvs/share/assignment2_custom_msgs_srvs/cmake/export_assignment2_custom_msgs_srvs__rosidl_typesupport_fastrtps_cExport-noconfig.cmake
[1.265s] -- Up-to-date: /home/basmala/ros2_ws/install/assignment2_custom_msgs_srvs/share/assignment2_custom_msgs_srvs/cmake/assignment2_custom_msgs_srvs__rosidl_typesupport_introspection_cExport.cmake
[1.266s] -- Up-to-date: /home/basmala/ros2_ws/install/assignment2_custom_msgs_srvs/share/assignment2_custom_msgs_srvs/cmake/assignment2_custom_msgs_srvs__rosidl_typesupport_introspection_cExport-noconfig.cmake
[1.266s] -- Up-to-date: /home/basmala/ros2_ws/install/assignment2_custom_msgs_srvs/share/assignment2_custom_msgs_srvs/cmake/assignment2_custom_msgs_srvs__rosidl_typesupport_cExport.cmake
[1.267s] -- Up-to-date: /home/basmala/ros2_ws/install/assignment2_custom_msgs_srvs/share/assignment2_custom_msgs_srvs/cmake/assignment2_custom_msgs_srvs__rosidl_typesupport_cExport-noconfig.cmake
[1.267s] -- Up-to-date: /home/basmala/ros2_ws/install/assignment2_custom_msgs_srvs/share/assignment2_custom_msgs_srvs/cmake/export_assignment2_custom_msgs_srvs__rosidl_generator_cppExport.cmake
[1.267s] -- Up-to-date: /home/basmala/ros2_ws/install/assignment2_custom_msgs_srvs/share/assignment2_custom_msgs_srvs/cmake/export_assignment2_custom_msgs_srvs__rosidl_typesupport_fastrtps_cppExport.cmake
[1.268s] -- Up-to-date: /home/basmala/ros2_ws/install/assignment2_custom_msgs_srvs/share/assignment2_custom_msgs_srvs/cmake/export_assignment2_custom_msgs_srvs__rosidl_typesupport_fastrtps_cppExport-noconfig.cmake
[1.268s] -- Up-to-date: /home/basmala/ros2_ws/install/assignment2_custom_msgs_srvs/share/assignment2_custom_msgs_srvs/cmake/assignment2_custom_msgs_srvs__rosidl_typesupport_introspection_cppExport.cmake
[1.268s] -- Up-to-date: /home/basmala/ros2_ws/install/assignment2_custom_msgs_srvs/share/assignment2_custom_msgs_srvs/cmake/assignment2_custom_msgs_srvs__rosidl_typesupport_introspection_cppExport-noconfig.cmake
[1.270s] -- Up-to-date: /home/basmala/ros2_ws/install/assignment2_custom_msgs_srvs/share/assignment2_custom_msgs_srvs/cmake/assignment2_custom_msgs_srvs__rosidl_typesupport_cppExport.cmake
[1.270s] -- Up-to-date: /home/basmala/ros2_ws/install/assignment2_custom_msgs_srvs/share/assignment2_custom_msgs_srvs/cmake/assignment2_custom_msgs_srvs__rosidl_typesupport_cppExport-noconfig.cmake
[1.270s] -- Up-to-date: /home/basmala/ros2_ws/install/assignment2_custom_msgs_srvs/share/assignment2_custom_msgs_srvs/cmake/export_assignment2_custom_msgs_srvs__rosidl_generator_pyExport.cmake
[1.271s] -- Up-to-date: /home/basmala/ros2_ws/install/assignment2_custom_msgs_srvs/share/assignment2_custom_msgs_srvs/cmake/export_assignment2_custom_msgs_srvs__rosidl_generator_pyExport-noconfig.cmake
[1.272s] -- Up-to-date: /home/basmala/ros2_ws/install/assignment2_custom_msgs_srvs/share/assignment2_custom_msgs_srvs/cmake/rosidl_cmake-extras.cmake
[1.272s] -- Up-to-date: /home/basmala/ros2_ws/install/assignment2_custom_msgs_srvs/share/assignment2_custom_msgs_srvs/cmake/ament_cmake_export_dependencies-extras.cmake
[1.273s] -- Up-to-date: /home/basmala/ros2_ws/install/assignment2_custom_msgs_srvs/share/assignment2_custom_msgs_srvs/cmake/ament_cmake_export_include_directories-extras.cmake
[1.274s] -- Up-to-date: /home/basmala/ros2_ws/install/assignment2_custom_msgs_srvs/share/assignment2_custom_msgs_srvs/cmake/ament_cmake_export_libraries-extras.cmake
[1.274s] -- Up-to-date: /home/basmala/ros2_ws/install/assignment2_custom_msgs_srvs/share/assignment2_custom_msgs_srvs/cmake/ament_cmake_export_targets-extras.cmake
[1.276s] -- Up-to-date: /home/basmala/ros2_ws/install/assignment2_custom_msgs_srvs/share/assignment2_custom_msgs_srvs/cmake/rosidl_cmake_export_typesupport_targets-extras.cmake
[1.277s] -- Up-to-date: /home/basmala/ros2_ws/install/assignment2_custom_msgs_srvs/share/assignment2_custom_msgs_srvs/cmake/rosidl_cmake_export_typesupport_libraries-extras.cmake
[1.277s] -- Up-to-date: /home/basmala/ros2_ws/install/assignment2_custom_msgs_srvs/share/assignment2_custom_msgs_srvs/cmake/assignment2_custom_msgs_srvsConfig.cmake
[1.278s] -- Up-to-date: /home/basmala/ros2_ws/install/assignment2_custom_msgs_srvs/share/assignment2_custom_msgs_srvs/cmake/assignment2_custom_msgs_srvsConfig-version.cmake
[1.278s] -- Up-to-date: /home/basmala/ros2_ws/install/assignment2_custom_msgs_srvs/share/assignment2_custom_msgs_srvs/package.xml
[1.280s] Invoked command in '/home/basmala/ros2_ws/build/assignment2_custom_msgs_srvs' returned '0': CMAKE_PREFIX_PATH=${CMAKE_PREFIX_PATH}:/home/basmala/ros2_ws/install/first_package_python:/opt/ros/jazzy DEBUGINFOD_URLS=https://debuginfod.ubuntu.com /usr/bin/cmake --install /home/basmala/ros2_ws/build/assignment2_custom_msgs_srvs
