[0.958s] Invoking command in '/home/basmala/ros2_ws/turtle_action_client': DEBUGINFOD_URLS=https://debuginfod.ubuntu.com PYTHONPATH=/home/basmala/ros2_ws/build/turtle_action_client/prefix_override:/usr/lib/python3/dist-packages/colcon_core/task/python/colcon_distutils_commands:/home/basmala/ros2_ws/install/turtle_action_client/lib/python3.12/site-packages:${PYTHONPATH} /usr/bin/python3 -W ignore:setup.py install is deprecated -W ignore:easy_install command is deprecated setup.py egg_info --egg-base ../build/turtle_action_client build --build-base /home/basmala/ros2_ws/build/turtle_action_client/build install --record /home/basmala/ros2_ws/build/turtle_action_client/install.log --single-version-externally-managed install_data
[1.209s] running egg_info
[1.209s] creating ../build/turtle_action_client/turtle_action_client.egg-info
[1.226s] writing ../build/turtle_action_client/turtle_action_client.egg-info/PKG-INFO
[1.226s] writing dependency_links to ../build/turtle_action_client/turtle_action_client.egg-info/dependency_links.txt
[1.227s] writing entry points to ../build/turtle_action_client/turtle_action_client.egg-info/entry_points.txt
[1.227s] writing requirements to ../build/turtle_action_client/turtle_action_client.egg-info/requires.txt
[1.227s] writing top-level names to ../build/turtle_action_client/turtle_action_client.egg-info/top_level.txt
[1.227s] writing manifest file '../build/turtle_action_client/turtle_action_client.egg-info/SOURCES.txt'
[1.251s] reading manifest file '../build/turtle_action_client/turtle_action_client.egg-info/SOURCES.txt'
[1.251s] writing manifest file '../build/turtle_action_client/turtle_action_client.egg-info/SOURCES.txt'
[1.251s] running build
[1.252s] running build_py
[1.252s] creating /home/basmala/ros2_ws/build/turtle_action_client/build
[1.252s] creating /home/basmala/ros2_ws/build/turtle_action_client/build/lib
[1.252s] creating /home/basmala/ros2_ws/build/turtle_action_client/build/lib/turtle_action_client
[1.252s] copying turtle_action_client/__init__.py -> /home/basmala/ros2_ws/build/turtle_action_client/build/lib/turtle_action_client
[1.252s] copying turtle_action_client/minimal_action_client.py -> /home/basmala/ros2_ws/build/turtle_action_client/build/lib/turtle_action_client
[1.252s] running install
[1.257s] running install_lib
[1.267s] creating /home/basmala/ros2_ws/install/turtle_action_client/lib/python3.12/site-packages/turtle_action_client
[1.268s] copying /home/basmala/ros2_ws/build/turtle_action_client/build/lib/turtle_action_client/__init__.py -> /home/basmala/ros2_ws/install/turtle_action_client/lib/python3.12/site-packages/turtle_action_client
[1.268s] copying /home/basmala/ros2_ws/build/turtle_action_client/build/lib/turtle_action_client/minimal_action_client.py -> /home/basmala/ros2_ws/install/turtle_action_client/lib/python3.12/site-packages/turtle_action_client
[1.268s] byte-compiling /home/basmala/ros2_ws/install/turtle_action_client/lib/python3.12/site-packages/turtle_action_client/__init__.py to __init__.cpython-312.pyc
[1.268s] byte-compiling /home/basmala/ros2_ws/install/turtle_action_client/lib/python3.12/site-packages/turtle_action_client/minimal_action_client.py to minimal_action_client.cpython-312.pyc
[1.269s] running install_data
[1.269s] creating /home/basmala/ros2_ws/install/turtle_action_client/share/ament_index
[1.269s] creating /home/basmala/ros2_ws/install/turtle_action_client/share/ament_index/resource_index
[1.269s] creating /home/basmala/ros2_ws/install/turtle_action_client/share/ament_index/resource_index/packages
[1.269s] copying resource/turtle_action_client -> /home/basmala/ros2_ws/install/turtle_action_client/share/ament_index/resource_index/packages
[1.269s] copying package.xml -> /home/basmala/ros2_ws/install/turtle_action_client/share/turtle_action_client
[1.269s] running install_egg_info
[1.281s] Copying ../build/turtle_action_client/turtle_action_client.egg-info to /home/basmala/ros2_ws/install/turtle_action_client/lib/python3.12/site-packages/turtle_action_client-0.0.0-py3.12.egg-info
[1.282s] running install_scripts
[1.368s] Installing rotate_client script to /home/basmala/ros2_ws/install/turtle_action_client/lib/turtle_action_client
[1.368s] writing list of installed files to '/home/basmala/ros2_ws/build/turtle_action_client/install.log'
[1.387s] Invoked command in '/home/basmala/ros2_ws/turtle_action_client' returned '0': DEBUGINFOD_URLS=https://debuginfod.ubuntu.com PYTHONPATH=/home/basmala/ros2_ws/build/turtle_action_client/prefix_override:/usr/lib/python3/dist-packages/colcon_core/task/python/colcon_distutils_commands:/home/basmala/ros2_ws/install/turtle_action_client/lib/python3.12/site-packages:${PYTHONPATH} /usr/bin/python3 -W ignore:setup.py install is deprecated -W ignore:easy_install command is deprecated setup.py egg_info --egg-base ../build/turtle_action_client build --build-base /home/basmala/ros2_ws/build/turtle_action_client/build install --record /home/basmala/ros2_ws/build/turtle_action_client/install.log --single-version-externally-managed install_data
