[0.012s] Invoking command in '/home/basmala/ros2_ws/build/first_package_cpp': CMAKE_PREFIX_PATH=${CMAKE_PREFIX_PATH}:/home/basmala/ros2_ws/install/turtle_action_client:/home/basmala/ros2_ws/install/first_package_python:/home/basmala/ros2_ws/install/fibonacci:/opt/ros/jazzy DEBUGINFOD_URLS=https://debuginfod.ubuntu.com /usr/bin/cmake --build /home/basmala/ros2_ws/build/first_package_cpp -- -j20 -l20
[0.062s] -- Found ament_cmake: 2.5.5 (/opt/ros/jazzy/share/ament_cmake/cmake)
[0.472s] -- Override CMake install command with custom implementation using symlinks instead of copying resources
[0.483s] -- Found rclcpp: 28.1.16 (/opt/ros/jazzy/share/rclcpp/cmake)
[0.534s] -- Found rosidl_generator_c: 4.6.7 (/opt/ros/jazzy/share/rosidl_generator_c/cmake)
[0.546s] -- Found rosidl_generator_cpp: 4.6.7 (/opt/ros/jazzy/share/rosidl_generator_cpp/cmake)
[0.559s] -- Using all available rosidl_typesupport_c: rosidl_typesupport_fastrtps_c;rosidl_typesupport_introspection_c
[0.572s] -- Using all available rosidl_typesupport_cpp: rosidl_typesupport_fastrtps_cpp;rosidl_typesupport_introspection_cpp
[0.623s] -- Found rmw_implementation_cmake: 7.3.3 (/opt/ros/jazzy/share/rmw_implementation_cmake/cmake)
[0.624s] -- Found rmw_fastrtps_cpp: 8.4.3 (/opt/ros/jazzy/share/rmw_fastrtps_cpp/cmake)
[0.701s] -- Using RMW implementation 'rmw_fastrtps_cpp' as default
[0.812s] -- Found std_msgs: 5.3.6 (/opt/ros/jazzy/share/std_msgs/cmake)
[0.836s] -- Found rclcpp_components: 28.1.16 (/opt/ros/jazzy/share/rclcpp_components/cmake)
[0.869s] -- Found ament_lint_auto: 0.17.4 (/opt/ros/jazzy/share/ament_lint_auto/cmake)
[1.011s] -- Added test 'cppcheck' to perform static code analysis on C / C++ code
[1.011s] -- Configured cppcheck include dirs: 
[1.011s] -- Configured cppcheck exclude dirs and/or files: 
[1.012s] -- Added test 'lint_cmake' to check CMake code style
[1.013s] -- Added test 'uncrustify' to check C / C++ code style
[1.013s] -- Configured uncrustify additional arguments: 
[1.013s] -- Added test 'xmllint' to check XML markup files
[1.015s] -- Configuring done (1.0s)
[1.055s] -- Generating done (0.0s)
[1.067s] -- Build files have been written to: /home/basmala/ros2_ws/build/first_package_cpp
[1.138s] [ 16%] [32mBuilding CXX object CMakeFiles/sub_exe.dir/src/sub_component.cpp.o[0m
[1.138s] [ 16%] [32mBuilding CXX object CMakeFiles/pub_exe.dir/src/pub_component.cpp.o[0m
[1.148s] [ 33%] Built target pub
[1.152s] [01m[K/home/basmala/ros2_ws/first_package_cpp/src/pub_component.cpp:1:10:[m[K [01;31m[Kfatal error: [m[Krclcpp/rclcpp.hpp: No such file or directory
[1.152s]     1 | #include [01;31m[K"rclcpp/rclcpp.hpp"[m[K
[1.152s]       |          [01;31m[K^~~~~~~~~~~~~~~~~~~[m[K
[1.152s] compilation terminated.
[1.153s] gmake[2]: *** [CMakeFiles/pub_exe.dir/build.make:76: CMakeFiles/pub_exe.dir/src/pub_component.cpp.o] Error 1
[1.154s] gmake[1]: *** [CMakeFiles/Makefile2:199: CMakeFiles/pub_exe.dir/all] Error 2
[1.154s] gmake[1]: *** Waiting for unfinished jobs....
[1.154s] [ 50%] Built target sub
[1.154s] [ 66%] Built target sub_component
[1.155s] [01m[K/home/basmala/ros2_ws/first_package_cpp/src/sub_component.cpp:1:10:[m[K [01;31m[Kfatal error: [m[Krclcpp/rclcpp.hpp: No such file or directory
[1.155s]     1 | #include [01;31m[K"rclcpp/rclcpp.hpp"[m[K
[1.155s]       |          [01;31m[K^~~~~~~~~~~~~~~~~~~[m[K
[1.155s] compilation terminated.
[1.156s] [ 83%] Built target pub_component
[1.156s] gmake[2]: *** [CMakeFiles/sub_exe.dir/build.make:76: CMakeFiles/sub_exe.dir/src/sub_component.cpp.o] Error 1
[1.156s] gmake[1]: *** [CMakeFiles/Makefile2:225: CMakeFiles/sub_exe.dir/all] Error 2
[1.158s] gmake: *** [Makefile:146: all] Error 2
[1.161s] Invoked command in '/home/basmala/ros2_ws/build/first_package_cpp' returned '2': CMAKE_PREFIX_PATH=${CMAKE_PREFIX_PATH}:/home/basmala/ros2_ws/install/turtle_action_client:/home/basmala/ros2_ws/install/first_package_python:/home/basmala/ros2_ws/install/fibonacci:/opt/ros/jazzy DEBUGINFOD_URLS=https://debuginfod.ubuntu.com /usr/bin/cmake --build /home/basmala/ros2_ws/build/first_package_cpp -- -j20 -l20
