[0.012s] Invoking command in '/home/basmala/ros2_ws/build/first_package_cpp': CMAKE_PREFIX_PATH=${CMAKE_PREFIX_PATH}:/home/basmala/ros2_ws/install/turtle_action_client:/home/basmala/ros2_ws/install/first_package_python:/home/basmala/ros2_ws/install/fibonacci:/opt/ros/jazzy DEBUGINFOD_URLS=https://debuginfod.ubuntu.com /usr/bin/cmake --build /home/basmala/ros2_ws/build/first_package_cpp -- -j20 -l20
[0.122s] [ 50%] Built target pub
[0.122s] [ 50%] Built target sub
[0.127s] [ 75%] Built target sub_component
[0.127s] [ 87%] [32mBuilding CXX object CMakeFiles/pub_component.dir/src/pub_component.cpp.o[0m
[3.822s] [100%] [32m[1mLinking CXX shared library libpub_component.so[0m
[4.056s] [100%] Built target pub_component
[4.073s] Invoked command in '/home/basmala/ros2_ws/build/first_package_cpp' returned '0': CMAKE_PREFIX_PATH=${CMAKE_PREFIX_PATH}:/home/basmala/ros2_ws/install/turtle_action_client:/home/basmala/ros2_ws/install/first_package_python:/home/basmala/ros2_ws/install/fibonacci:/opt/ros/jazzy DEBUGINFOD_URLS=https://debuginfod.ubuntu.com /usr/bin/cmake --build /home/basmala/ros2_ws/build/first_package_cpp -- -j20 -l20
[4.089s] Invoking command in '/home/basmala/ros2_ws/build/first_package_cpp': CMAKE_PREFIX_PATH=${CMAKE_PREFIX_PATH}:/home/basmala/ros2_ws/install/turtle_action_client:/home/basmala/ros2_ws/install/first_package_python:/home/basmala/ros2_ws/install/fibonacci:/opt/ros/jazzy DEBUGINFOD_URLS=https://debuginfod.ubuntu.com /usr/bin/cmake --install /home/basmala/ros2_ws/build/first_package_cpp
[4.101s] -- Install configuration: ""
[4.102s] -- Execute custom install script
[4.102s] -- Up-to-date symlink: /home/basmala/ros2_ws/install/first_package_cpp/lib/first_package_cpp/pub
[4.103s] -- Up-to-date symlink: /home/basmala/ros2_ws/install/first_package_cpp/lib/first_package_cpp/sub
[4.103s] -- Up-to-date symlink: /home/basmala/ros2_ws/install/first_package_cpp/share/ament_index/resource_index/package_run_dependencies/first_package_cpp
[4.103s] -- Up-to-date symlink: /home/basmala/ros2_ws/install/first_package_cpp/share/ament_index/resource_index/parent_prefix_path/first_package_cpp
[4.103s] -- Up-to-date symlink: /home/basmala/ros2_ws/install/first_package_cpp/share/first_package_cpp/environment/ament_prefix_path.sh
[4.103s] -- Up-to-date symlink: /home/basmala/ros2_ws/install/first_package_cpp/share/first_package_cpp/environment/ament_prefix_path.dsv
[4.103s] -- Up-to-date symlink: /home/basmala/ros2_ws/install/first_package_cpp/share/first_package_cpp/environment/path.sh
[4.104s] -- Up-to-date symlink: /home/basmala/ros2_ws/install/first_package_cpp/share/first_package_cpp/environment/path.dsv
[4.104s] -- Up-to-date symlink: /home/basmala/ros2_ws/install/first_package_cpp/share/first_package_cpp/local_setup.bash
[4.104s] -- Up-to-date symlink: /home/basmala/ros2_ws/install/first_package_cpp/share/first_package_cpp/local_setup.sh
[4.104s] -- Up-to-date symlink: /home/basmala/ros2_ws/install/first_package_cpp/share/first_package_cpp/local_setup.zsh
[4.104s] -- Up-to-date symlink: /home/basmala/ros2_ws/install/first_package_cpp/share/first_package_cpp/local_setup.dsv
[4.104s] -- Symlinking: /home/basmala/ros2_ws/install/first_package_cpp/share/first_package_cpp/package.dsv
[4.118s] -- Up-to-date symlink: /home/basmala/ros2_ws/install/first_package_cpp/share/ament_index/resource_index/packages/first_package_cpp
[4.119s] -- Up-to-date symlink: /home/basmala/ros2_ws/install/first_package_cpp/share/ament_index/resource_index/rclcpp_components/first_package_cpp
[4.119s] -- Up-to-date symlink: /home/basmala/ros2_ws/install/first_package_cpp/share/first_package_cpp/cmake/ament_cmake_export_targets-extras.cmake
[4.119s] -- Up-to-date symlink: /home/basmala/ros2_ws/install/first_package_cpp/share/first_package_cpp/cmake/first_package_cppConfig.cmake
[4.119s] -- Up-to-date symlink: /home/basmala/ros2_ws/install/first_package_cpp/share/first_package_cpp/cmake/first_package_cppConfig-version.cmake
[4.119s] -- Up-to-date symlink: /home/basmala/ros2_ws/install/first_package_cpp/share/first_package_cpp/package.xml
[4.119s] -- Installing: /home/basmala/ros2_ws/install/first_package_cpp/lib/libpub_component.so
[4.122s] -- Set non-toolchain portion of runtime path of "/home/basmala/ros2_ws/install/first_package_cpp/lib/libpub_component.so" to ""
[4.122s] -- Installing: /home/basmala/ros2_ws/install/first_package_cpp/lib/libsub_component.so
[4.128s] -- Set non-toolchain portion of runtime path of "/home/basmala/ros2_ws/install/first_package_cpp/lib/libsub_component.so" to ""
[4.129s] -- Up-to-date: /home/basmala/ros2_ws/install/first_package_cpp/share/first_package_cpp/cmake/export_first_package_cpp_pub_componentExport.cmake
[4.129s] -- Up-to-date: /home/basmala/ros2_ws/install/first_package_cpp/share/first_package_cpp/cmake/export_first_package_cpp_pub_componentExport-noconfig.cmake
[4.129s] -- Up-to-date: /home/basmala/ros2_ws/install/first_package_cpp/share/first_package_cpp/cmake/export_first_package_cpp_sub_componentExport.cmake
[4.129s] -- Up-to-date: /home/basmala/ros2_ws/install/first_package_cpp/share/first_package_cpp/cmake/export_first_package_cpp_sub_componentExport-noconfig.cmake
[4.132s] Invoked command in '/home/basmala/ros2_ws/build/first_package_cpp' returned '0': CMAKE_PREFIX_PATH=${CMAKE_PREFIX_PATH}:/home/basmala/ros2_ws/install/turtle_action_client:/home/basmala/ros2_ws/install/first_package_python:/home/basmala/ros2_ws/install/fibonacci:/opt/ros/jazzy DEBUGINFOD_URLS=https://debuginfod.ubuntu.com /usr/bin/cmake --install /home/basmala/ros2_ws/build/first_package_cpp
