[ 50%] Built target Robot_Control
[ 75%] [32mBuilding CXX object CMakeFiles/UI.dir/src/UI.cpp.o[0m
[100%] [32m[1mLinking CXX executable UI[0m
[100%] Built target UI
-- Install configuration: ""
-- Up-to-date: /home/basmala/ros2_ws/install/assignment2_rt/lib/assignment2_rt/Robot_Control
-- Installing: /home/basmala/ros2_ws/install/assignment2_rt/lib/assignment2_rt/UI
-- Set non-toolchain portion of runtime path of "/home/basmala/ros2_ws/install/assignment2_rt/lib/assignment2_rt/UI" to ""
-- Up-to-date: /home/basmala/ros2_ws/install/assignment2_rt/share/ament_index/resource_index/package_run_dependencies/assignment2_rt
-- Up-to-date: /home/basmala/ros2_ws/install/assignment2_rt/share/ament_index/resource_index/parent_prefix_path/assignment2_rt
-- Up-to-date: /home/basmala/ros2_ws/install/assignment2_rt/share/assignment2_rt/environment/ament_prefix_path.sh
-- Up-to-date: /home/basmala/ros2_ws/install/assignment2_rt/share/assignment2_rt/environment/ament_prefix_path.dsv
-- Up-to-date: /home/basmala/ros2_ws/install/assignment2_rt/share/assignment2_rt/environment/path.sh
-- Up-to-date: /home/basmala/ros2_ws/install/assignment2_rt/share/assignment2_rt/environment/path.dsv
-- Up-to-date: /home/basmala/ros2_ws/install/assignment2_rt/share/assignment2_rt/local_setup.bash
-- Up-to-date: /home/basmala/ros2_ws/install/assignment2_rt/share/assignment2_rt/local_setup.sh
-- Up-to-date: /home/basmala/ros2_ws/install/assignment2_rt/share/assignment2_rt/local_setup.zsh
-- Up-to-date: /home/basmala/ros2_ws/install/assignment2_rt/share/assignment2_rt/local_setup.dsv
-- Installing: /home/basmala/ros2_ws/install/assignment2_rt/share/assignment2_rt/package.dsv
-- Up-to-date: /home/basmala/ros2_ws/install/assignment2_rt/share/ament_index/resource_index/packages/assignment2_rt
-- Up-to-date: /home/basmala/ros2_ws/install/assignment2_rt/share/assignment2_rt/cmake/assignment2_rtConfig.cmake
-- Up-to-date: /home/basmala/ros2_ws/install/assignment2_rt/share/assignment2_rt/cmake/assignment2_rtConfig-version.cmake
-- Up-to-date: /home/basmala/ros2_ws/install/assignment2_rt/share/assignment2_rt/package.xml
