[0.010s] Invoking command in '/home/basmala/ros2_ws/build/first_package_cpp': CMAKE_PREFIX_PATH=${CMAKE_PREFIX_PATH}:/home/basmala/ros2_ws/install/turtle_action_client:/home/basmala/ros2_ws/install/first_package_python:/home/basmala/ros2_ws/install/fibonacci:/opt/ros/jazzy DEBUGINFOD_URLS=https://debuginfod.ubuntu.com /usr/bin/cmake --build /home/basmala/ros2_ws/build/first_package_cpp -- -j20 -l20
[0.114s] [ 16%] Built target pub
[0.114s] [ 41%] Built target sub
[0.115s] [ 41%] [32mBuilding CXX object CMakeFiles/sub_component.dir/src/sub_component.cpp.o[0m
[0.119s] [ 50%] [32mBuilding CXX object CMakeFiles/pub_component.dir/src/pub_component.cpp.o[0m
[0.127s] [ 58%] [32mBuilding CXX object CMakeFiles/sub_exe.dir/src/sub_component.cpp.o[0m
[0.133s] [ 66%] [32mBuilding CXX object CMakeFiles/pub_exe.dir/src/pub_component.cpp.o[0m
[0.134s] [01m[K/home/basmala/ros2_ws/first_package_cpp/src/sub_component.cpp:1:10:[m[K [01;31m[Kfatal error: [m[Krclcpp/rclcpp.hpp: No such file or directory
[0.134s]     1 | #include [01;31m[K"rclcpp/rclcpp.hpp"[m[K
[0.134s]       |          [01;31m[K^~~~~~~~~~~~~~~~~~~[m[K
[0.134s] compilation terminated.
[0.135s] gmake[2]: *** [CMakeFiles/sub_component.dir/build.make:76: CMakeFiles/sub_component.dir/src/sub_component.cpp.o] Error 1
[0.135s] gmake[1]: *** [CMakeFiles/Makefile2:277: CMakeFiles/sub_component.dir/all] Error 2
[0.135s] gmake[1]: *** Waiting for unfinished jobs....
[0.136s] [01m[K/home/basmala/ros2_ws/first_package_cpp/src/pub_component.cpp:1:10:[m[K [01;31m[Kfatal error: [m[Krclcpp/rclcpp.hpp: No such file or directory
[0.136s]     1 | #include [01;31m[K"rclcpp/rclcpp.hpp"[m[K
[0.136s]       |          [01;31m[K^~~~~~~~~~~~~~~~~~~[m[K
[0.137s] compilation terminated.
[0.137s] gmake[2]: *** [CMakeFiles/pub_component.dir/build.make:76: CMakeFiles/pub_component.dir/src/pub_component.cpp.o] Error 1
[0.138s] gmake[1]: *** [CMakeFiles/Makefile2:251: CMakeFiles/pub_component.dir/all] Error 2
[4.445s] [ 75%] [32m[1mLinking CXX executable pub_exe[0m
[4.576s] /usr/bin/ld: /usr/lib/gcc/x86_64-linux-gnu/13/../../../x86_64-linux-gnu/Scrt1.o: in function `_start':
[4.577s] (.text+0x1b): undefined reference to `main'
[4.589s] collect2: error: ld returned 1 exit status
[4.591s] gmake[2]: *** [CMakeFiles/pub_exe.dir/build.make:182: pub_exe] Error 1
[4.591s] gmake[1]: *** [CMakeFiles/Makefile2:199: CMakeFiles/pub_exe.dir/all] Error 2
[6.668s] [ 83%] [32m[1mLinking CXX executable sub_exe[0m
[6.909s] /usr/bin/ld: /usr/lib/gcc/x86_64-linux-gnu/13/../../../x86_64-linux-gnu/Scrt1.o: in function `_start':
[6.909s] (.text+0x1b): undefined reference to `main'
[6.934s] collect2: error: ld returned 1 exit status
[6.936s] gmake[2]: *** [CMakeFiles/sub_exe.dir/build.make:182: sub_exe] Error 1
[6.937s] gmake[1]: *** [CMakeFiles/Makefile2:225: CMakeFiles/sub_exe.dir/all] Error 2
[6.937s] gmake: *** [Makefile:146: all] Error 2
[6.940s] Invoked command in '/home/basmala/ros2_ws/build/first_package_cpp' returned '2': CMAKE_PREFIX_PATH=${CMAKE_PREFIX_PATH}:/home/basmala/ros2_ws/install/turtle_action_client:/home/basmala/ros2_ws/install/first_package_python:/home/basmala/ros2_ws/install/fibonacci:/opt/ros/jazzy DEBUGINFOD_URLS=https://debuginfod.ubuntu.com /usr/bin/cmake --build /home/basmala/ros2_ws/build/first_package_cpp -- -j20 -l20
