[0.077s] Invoking command in '/home/basmala/ros2_ws/build/yahboom_rosmaster_gazebo': CMAKE_PREFIX_PATH=${CMAKE_PREFIX_PATH}:/home/basmala/ros2_ws/install/first_package_python:/opt/ros/jazzy DEBUGINFOD_URLS=https://debuginfod.ubuntu.com /usr/bin/cmake /home/basmala/ros2_ws/src/yahboom_rosmaster/yahboom_rosmaster_gazebo -DCMAKE_INSTALL_PREFIX=/home/basmala/ros2_ws/install/yahboom_rosmaster_gazebo
[0.672s] -- The C compiler identification is GNU 13.3.0
[0.672s] -- The CXX compiler identification is GNU 13.3.0
[0.672s] -- Detecting C compiler ABI info
[0.672s] -- Detecting C compiler ABI info - done
[0.673s] -- Check for working C compiler: /usr/bin/cc - skipped
[0.673s] -- Detecting C compile features
[0.673s] -- Detecting C compile features - done
[0.673s] -- Detecting CXX compiler ABI info
[0.687s] -- Detecting CXX compiler ABI info - done
[0.713s] -- Check for working CXX compiler: /usr/bin/c++ - skipped
[0.713s] -- Detecting CXX compile features
[0.714s] -- Detecting CXX compile features - done
[0.723s] -- Found ament_cmake: 2.5.4 (/opt/ros/jazzy/share/ament_cmake/cmake)
[1.108s] -- Found Python3: /usr/bin/python3 (found version "3.12.3") found components: Interpreter 
[1.365s] -- Found controller_manager: 4.39.2 (/opt/ros/jazzy/share/controller_manager/cmake)
[1.537s] -- Found rosidl_generator_c: 4.6.6 (/opt/ros/jazzy/share/rosidl_generator_c/cmake)
[1.576s] -- Found rosidl_generator_cpp: 4.6.6 (/opt/ros/jazzy/share/rosidl_generator_cpp/cmake)
[1.627s] -- Using all available rosidl_typesupport_c: rosidl_typesupport_fastrtps_c;rosidl_typesupport_introspection_c
[1.659s] -- Using all available rosidl_typesupport_cpp: rosidl_typesupport_fastrtps_cpp;rosidl_typesupport_introspection_cpp
[1.789s] -- Found rmw_implementation_cmake: 7.3.2 (/opt/ros/jazzy/share/rmw_implementation_cmake/cmake)
[1.793s] -- Found rmw_fastrtps_cpp: 8.4.3 (/opt/ros/jazzy/share/rmw_fastrtps_cpp/cmake)
[1.914s] -- Found OpenSSL: /usr/lib/x86_64-linux-gnu/libcrypto.so (found version "3.0.13")  
[1.956s] -- Found FastRTPS: /opt/ros/jazzy/include (Required is at least version "2.13") 
[2.002s] -- Using RMW implementation 'rmw_fastrtps_cpp' as default
[2.832s] -- Found gz_ros2_control: 1.2.16 (/opt/ros/jazzy/share/gz_ros2_control/cmake)
[2.839s] -- Found ros_gz: 1.0.16 (/opt/ros/jazzy/share/ros_gz/cmake)
[2.841s] -- Found ros_gz_bridge: 1.0.16 (/opt/ros/jazzy/share/ros_gz_bridge/cmake)
[2.891s] -- Looking for gz-msgs10 -- found version 10.3.2
[2.897s] -- Searching for dependencies of gz-msgs10
[2.933s] -- Found Protobuf: /usr/lib/x86_64-linux-gnu/libprotobuf.so (found version "3.21.12") 
[2.936s] -- Looking for gz-utils2 -- found version 2.2.1
[2.936s] -- Searching for dependencies of gz-utils2
[2.939s] -- Looking for gz-math7 -- found version 7.5.2
[2.939s] -- Searching for dependencies of gz-math7
[2.940s] -- Looking for gz-utils2 -- found version 2.2.1
[2.947s] -- Checking for module 'tinyxml2'
[2.966s] --   Found tinyxml2, version 10.0.0
[3.018s] -- Looking for gz-transport13 -- found version 13.5.0
[3.018s] -- Searching for dependencies of gz-transport13
[3.048s] -- Config-file not installed for ZeroMQ -- checking for pkg-config
[3.054s] -- Checking for module 'libzmq >= 4'
[3.073s] --   Found libzmq, version 4.3.5
[3.128s] -- Found ZeroMQ: TRUE (Required is at least version "4") 
[3.135s] -- Checking for module 'uuid'
[3.163s] --   Found uuid, version 2.39.3
[3.225s] -- Found UUID: TRUE  
[3.226s] -- Looking for gz-utils2 -- found version 2.2.1
[3.226s] -- Searching for dependencies of gz-utils2
[3.227s] -- Searching for <gz-utils2> component [cli]
[3.230s] -- Looking for gz-utils2-cli -- found version 2.2.1
[3.231s] -- Searching for dependencies of gz-utils2-cli
[3.232s] -- Looking for gz-msgs10 -- found version 10.3.2
[3.441s] -- Found ros_gz_image: 1.0.16 (/opt/ros/jazzy/share/ros_gz_image/cmake)
[3.443s] -- Found ros_gz_sim: 1.0.16 (/opt/ros/jazzy/share/ros_gz_sim/cmake)
[3.469s] -- Found ros2_control: 4.39.2 (/opt/ros/jazzy/share/ros2_control/cmake)
[3.471s] -- Found ros2_controllers: 4.34.0 (/opt/ros/jazzy/share/ros2_controllers/cmake)
[3.479s] -- Found xacro: 2.1.1 (/opt/ros/jazzy/share/xacro/cmake)
[3.482s] -- Found ament_lint_auto: 0.17.3 (/opt/ros/jazzy/share/ament_lint_auto/cmake)
[3.692s] -- Added test 'flake8' to check Python code syntax and style conventions
[3.692s] -- Configured 'flake8' exclude dirs and/or files: 
[3.698s] -- Added test 'lint_cmake' to check CMake code style
[3.702s] -- Added test 'pep257' to check Python code against some of the docstring style conventions in PEP 257
[3.735s] -- Added test 'xmllint' to check XML markup files
[3.737s] -- Configuring done (3.6s)
[3.742s] -- Generating done (0.0s)
[3.745s] -- Build files have been written to: /home/basmala/ros2_ws/build/yahboom_rosmaster_gazebo
