[0.709s] Invoking command in '/home/basmala/ros2_ws/turtle_action_client': DEBUGINFOD_URLS=https://debuginfod.ubuntu.com PYTHONPATH=/home/basmala/ros2_ws/build/turtle_action_client/prefix_override:/usr/lib/python3/dist-packages/colcon_core/task/python/colcon_distutils_commands:/home/basmala/ros2_ws/install/turtle_action_client/lib/python3.12/site-packages:${PYTHONPATH} /usr/bin/python3 -W ignore:setup.py install is deprecated -W ignore:easy_install command is deprecated setup.py egg_info --egg-base ../build/turtle_action_client build --build-base /home/basmala/ros2_ws/build/turtle_action_client/build install --record /home/basmala/ros2_ws/build/turtle_action_client/install.log --single-version-externally-managed install_data
[0.935s] running egg_info
[0.946s] writing ../build/turtle_action_client/turtle_action_client.egg-info/PKG-INFO
[0.946s] writing dependency_links to ../build/turtle_action_client/turtle_action_client.egg-info/dependency_links.txt
[0.946s] writing entry points to ../build/turtle_action_client/turtle_action_client.egg-info/entry_points.txt
[0.946s] writing requirements to ../build/turtle_action_client/turtle_action_client.egg-info/requires.txt
[0.946s] writing top-level names to ../build/turtle_action_client/turtle_action_client.egg-info/top_level.txt
[0.968s] reading manifest file '../build/turtle_action_client/turtle_action_client.egg-info/SOURCES.txt'
[0.969s] writing manifest file '../build/turtle_action_client/turtle_action_client.egg-info/SOURCES.txt'
[0.969s] running build
[0.969s] running build_py
[0.969s] copying turtle_action_client/complete_min_act_client.py -> /home/basmala/ros2_ws/build/turtle_action_client/build/lib/turtle_action_client
[0.970s] running install
[0.974s] running install_lib
[0.985s] copying /home/basmala/ros2_ws/build/turtle_action_client/build/lib/turtle_action_client/complete_min_act_client.py -> /home/basmala/ros2_ws/install/turtle_action_client/lib/python3.12/site-packages/turtle_action_client
[0.985s] byte-compiling /home/basmala/ros2_ws/install/turtle_action_client/lib/python3.12/site-packages/turtle_action_client/complete_min_act_client.py to complete_min_act_client.cpython-312.pyc
[0.986s] running install_data
[0.986s] running install_egg_info
[0.998s] removing '/home/basmala/ros2_ws/install/turtle_action_client/lib/python3.12/site-packages/turtle_action_client-0.0.0-py3.12.egg-info' (and everything under it)
[0.998s] Copying ../build/turtle_action_client/turtle_action_client.egg-info to /home/basmala/ros2_ws/install/turtle_action_client/lib/python3.12/site-packages/turtle_action_client-0.0.0-py3.12.egg-info
[0.998s] running install_scripts
[1.084s] Installing complete_min_act_client script to /home/basmala/ros2_ws/install/turtle_action_client/lib/turtle_action_client
[1.084s] Installing minimal_action_client script to /home/basmala/ros2_ws/install/turtle_action_client/lib/turtle_action_client
[1.085s] writing list of installed files to '/home/basmala/ros2_ws/build/turtle_action_client/install.log'
[1.103s] Invoked command in '/home/basmala/ros2_ws/turtle_action_client' returned '0': DEBUGINFOD_URLS=https://debuginfod.ubuntu.com PYTHONPATH=/home/basmala/ros2_ws/build/turtle_action_client/prefix_override:/usr/lib/python3/dist-packages/colcon_core/task/python/colcon_distutils_commands:/home/basmala/ros2_ws/install/turtle_action_client/lib/python3.12/site-packages:${PYTHONPATH} /usr/bin/python3 -W ignore:setup.py install is deprecated -W ignore:easy_install command is deprecated setup.py egg_info --egg-base ../build/turtle_action_client build --build-base /home/basmala/ros2_ws/build/turtle_action_client/build install --record /home/basmala/ros2_ws/build/turtle_action_client/install.log --single-version-externally-managed install_data
