[0.008s] Invoking command in '/home/basmala/ros2_ws/build/turtle_action_cpp': CMAKE_PREFIX_PATH=${CMAKE_PREFIX_PATH}:/home/basmala/ros2_ws/install/turtle_action_client:/home/basmala/ros2_ws/install/first_package_python:/opt/ros/jazzy DEBUGINFOD_URLS=https://debuginfod.ubuntu.com /usr/bin/cmake /home/basmala/ros2_ws/turtle_action_cpp -DCMAKE_INSTALL_PREFIX=/home/basmala/ros2_ws/install/turtle_action_cpp
[0.024s] -- Found ament_cmake: 2.5.5 (/opt/ros/jazzy/share/ament_cmake/cmake)
[0.278s] -- Found rclcpp: 28.1.16 (/opt/ros/jazzy/share/rclcpp/cmake)
[0.297s] -- Found rosidl_generator_c: 4.6.7 (/opt/ros/jazzy/share/rosidl_generator_c/cmake)
[0.303s] -- Found rosidl_generator_cpp: 4.6.7 (/opt/ros/jazzy/share/rosidl_generator_cpp/cmake)
[0.311s] -- Using all available rosidl_typesupport_c: rosidl_typesupport_fastrtps_c;rosidl_typesupport_introspection_c
[0.320s] -- Using all available rosidl_typesupport_cpp: rosidl_typesupport_fastrtps_cpp;rosidl_typesupport_introspection_cpp
[0.361s] -- Found rmw_implementation_cmake: 7.3.3 (/opt/ros/jazzy/share/rmw_implementation_cmake/cmake)
[0.362s] -- Found rmw_fastrtps_cpp: 8.4.3 (/opt/ros/jazzy/share/rmw_fastrtps_cpp/cmake)
[0.440s] -- Using RMW implementation 'rmw_fastrtps_cpp' as default
[0.541s] -- Found rclcpp_action: 28.1.16 (/opt/ros/jazzy/share/rclcpp_action/cmake)
[0.572s] -- Found turtlesim: 1.8.3 (/opt/ros/jazzy/share/turtlesim/cmake)
[0.586s] -- Found ament_lint_auto: 0.17.4 (/opt/ros/jazzy/share/ament_lint_auto/cmake)
[0.737s] -- Added test 'cppcheck' to perform static code analysis on C / C++ code
[0.738s] -- Configured cppcheck include dirs: 
[0.738s] -- Configured cppcheck exclude dirs and/or files: 
[0.738s] -- Added test 'lint_cmake' to check CMake code style
[0.739s] -- Added test 'uncrustify' to check C / C++ code style
[0.740s] -- Configured uncrustify additional arguments: 
[0.740s] -- Added test 'xmllint' to check XML markup files
[0.741s] -- Configuring done (0.7s)
[0.759s] [31mCMake Error at CMakeLists.txt:19 (target_link_libraries):
[0.759s]   Target "rotate_absolute_client" links to:
[0.759s] 
[0.759s]     turtlesim::turtlesim
[0.759s] 
[0.759s]   but the target was not found.  Possible reasons include:
[0.760s] 
[0.760s]     * There is a typo in the target name.
[0.760s]     * A find_package call is missing for an IMPORTED target.
[0.760s]     * An ALIAS target is missing.
[0.760s] 
[0.760s] 
[0.760s] [0m
[0.760s] -- Generating done (0.0s)
[0.761s] [0mCMake Generate step failed.  Build files cannot be regenerated correctly.[0m
[0.775s] Invoked command in '/home/basmala/ros2_ws/build/turtle_action_cpp' returned '1': CMAKE_PREFIX_PATH=${CMAKE_PREFIX_PATH}:/home/basmala/ros2_ws/install/turtle_action_client:/home/basmala/ros2_ws/install/first_package_python:/opt/ros/jazzy DEBUGINFOD_URLS=https://debuginfod.ubuntu.com /usr/bin/cmake /home/basmala/ros2_ws/turtle_action_cpp -DCMAKE_INSTALL_PREFIX=/home/basmala/ros2_ws/install/turtle_action_cpp
