/home/basmala/ros2_ws/install/python_tf2_pkg/lib/python3.12/site-packages/python_tf2_pkg/simp_quat.py
/home/basmala/ros2_ws/install/python_tf2_pkg/lib/python3.12/site-packages/python_tf2_pkg/carrot.py
/home/basmala/ros2_ws/install/python_tf2_pkg/lib/python3.12/site-packages/python_tf2_pkg/static_broad.py
/home/basmala/ros2_ws/install/python_tf2_pkg/lib/python3.12/site-packages/python_tf2_pkg/listener.py
/home/basmala/ros2_ws/install/python_tf2_pkg/lib/python3.12/site-packages/python_tf2_pkg/broadcaster.py
/home/basmala/ros2_ws/install/python_tf2_pkg/lib/python3.12/site-packages/python_tf2_pkg/__init__.py
/home/basmala/ros2_ws/install/python_tf2_pkg/lib/python3.12/site-packages/python_tf2_pkg/__pycache__/simp_quat.cpython-312.pyc
/home/basmala/ros2_ws/install/python_tf2_pkg/lib/python3.12/site-packages/python_tf2_pkg/__pycache__/carrot.cpython-312.pyc
/home/basmala/ros2_ws/install/python_tf2_pkg/lib/python3.12/site-packages/python_tf2_pkg/__pycache__/static_broad.cpython-312.pyc
/home/basmala/ros2_ws/install/python_tf2_pkg/lib/python3.12/site-packages/python_tf2_pkg/__pycache__/listener.cpython-312.pyc
/home/basmala/ros2_ws/install/python_tf2_pkg/lib/python3.12/site-packages/python_tf2_pkg/__pycache__/broadcaster.cpython-312.pyc
/home/basmala/ros2_ws/install/python_tf2_pkg/lib/python3.12/site-packages/python_tf2_pkg/__pycache__/__init__.cpython-312.pyc
/home/basmala/ros2_ws/install/python_tf2_pkg/share/ament_index/resource_index/packages/python_tf2_pkg
/home/basmala/ros2_ws/install/python_tf2_pkg/share/python_tf2_pkg/package.xml
/home/basmala/ros2_ws/install/python_tf2_pkg/share/python_tf2_pkg/launch/broadcaster.launch.py
/home/basmala/ros2_ws/install/python_tf2_pkg/share/python_tf2_pkg/launch/demo.launch.py
/home/basmala/ros2_ws/install/python_tf2_pkg/share/python_tf2_pkg/launch/demo2.launch.py
/home/basmala/ros2_ws/install/python_tf2_pkg/lib/python3.12/site-packages/python_tf2_pkg-0.0.0-py3.12.egg-info/requires.txt
/home/basmala/ros2_ws/install/python_tf2_pkg/lib/python3.12/site-packages/python_tf2_pkg-0.0.0-py3.12.egg-info/entry_points.txt
/home/basmala/ros2_ws/install/python_tf2_pkg/lib/python3.12/site-packages/python_tf2_pkg-0.0.0-py3.12.egg-info/dependency_links.txt
/home/basmala/ros2_ws/install/python_tf2_pkg/lib/python3.12/site-packages/python_tf2_pkg-0.0.0-py3.12.egg-info/SOURCES.txt
/home/basmala/ros2_ws/install/python_tf2_pkg/lib/python3.12/site-packages/python_tf2_pkg-0.0.0-py3.12.egg-info/PKG-INFO
/home/basmala/ros2_ws/install/python_tf2_pkg/lib/python3.12/site-packages/python_tf2_pkg-0.0.0-py3.12.egg-info/top_level.txt
/home/basmala/ros2_ws/install/python_tf2_pkg/lib/python3.12/site-packages/python_tf2_pkg-0.0.0-py3.12.egg-info/zip-safe
/home/basmala/ros2_ws/install/python_tf2_pkg/lib/python_tf2_pkg/broadcaster
/home/basmala/ros2_ws/install/python_tf2_pkg/lib/python_tf2_pkg/carrot
/home/basmala/ros2_ws/install/python_tf2_pkg/lib/python_tf2_pkg/listener
/home/basmala/ros2_ws/install/python_tf2_pkg/lib/python_tf2_pkg/simp_quat
/home/basmala/ros2_ws/install/python_tf2_pkg/lib/python_tf2_pkg/static_broad
