[0.015s] Invoking command in '/home/basmala/ros2_ws/build/assignment2_custom_msgs_srvs': CMAKE_PREFIX_PATH=${CMAKE_PREFIX_PATH}:/home/basmala/ros2_ws/install/first_package_python:/opt/ros/jazzy DEBUGINFOD_URLS=https://debuginfod.ubuntu.com /usr/bin/cmake /home/basmala/ros2_ws/assignment2_custom_msgs_srvs -DCMAKE_INSTALL_PREFIX=/home/basmala/ros2_ws/install/assignment2_custom_msgs_srvs
[0.181s] -- The C compiler identification is GNU 13.3.0
[0.319s] -- The CXX compiler identification is GNU 13.3.0
[0.358s] -- Detecting C compiler ABI info
[0.535s] -- Detecting C compiler ABI info - done
[0.554s] -- Check for working C compiler: /usr/bin/cc - skipped
[0.557s] -- Detecting C compile features
[0.558s] -- Detecting C compile features - done
[0.576s] -- Detecting CXX compiler ABI info
[0.764s] -- Detecting CXX compiler ABI info - done
[0.781s] -- Check for working CXX compiler: /usr/bin/c++ - skipped
[0.781s] -- Detecting CXX compile features
[0.782s] -- Detecting CXX compile features - done
[0.799s] -- Found ament_cmake: 2.5.4 (/opt/ros/jazzy/share/ament_cmake/cmake)
[1.102s] -- Found Python3: /usr/bin/python3 (found version "3.12.3") found components: Interpreter 
[1.259s] -- Found rosidl_default_generators: 1.6.0 (/opt/ros/jazzy/share/rosidl_default_generators/cmake)
[1.279s] -- Using all available rosidl_typesupport_c: rosidl_typesupport_fastrtps_c;rosidl_typesupport_introspection_c
[1.395s] -- Using all available rosidl_typesupport_cpp: rosidl_typesupport_fastrtps_cpp;rosidl_typesupport_introspection_cpp
[1.476s] -- Found rosidl_adapter: 4.6.6 (/opt/ros/jazzy/share/rosidl_adapter/cmake)
[1.865s] [31mCMake Error at /opt/ros/jazzy/share/rosidl_adapter/cmake/rosidl_adapt_interfaces.cmake:57 (message):
[1.865s]   execute_process(/usr/bin/python3 -m rosidl_adapter --package-name
[1.865s]   assignment2_custom_msgs_srvs --arguments-file
[1.865s]   /home/basmala/ros2_ws/build/assignment2_custom_msgs_srvs/rosidl_adapter__arguments__assignment2_custom_msgs_srvs.json
[1.865s]   --output-dir
[1.866s]   /home/basmala/ros2_ws/build/assignment2_custom_msgs_srvs/rosidl_adapter/assignment2_custom_msgs_srvs
[1.866s]   --output-file
[1.866s]   /home/basmala/ros2_ws/build/assignment2_custom_msgs_srvs/rosidl_adapter/assignment2_custom_msgs_srvs.idls)
[1.866s]   returned error code 1:
[1.866s] 
[1.866s]   Traceback (most recent call last):
[1.866s] 
[1.866s]     File "<frozen runpy>", line 198, in _run_module_as_main
[1.866s]     File "<frozen runpy>", line 88, in _run_code
[1.866s]     File "/opt/ros/jazzy/lib/python3.12/site-packages/rosidl_adapter/__main__.py", line 19, in <module>
[1.866s]       sys.exit(main())
[1.866s]                ^^^^^^
[1.866s]     File "/opt/ros/jazzy/lib/python3.12/site-packages/rosidl_adapter/main.py", line 53, in main
[1.866s]       abs_idl_file = convert_to_idl(
[1.866s]                      ^^^^^^^^^^^^^^^
[1.866s]     File "/opt/ros/jazzy/lib/python3.12/site-packages/rosidl_adapter/__init__.py", line 19, in convert_to_idl
[1.866s]       return convert_msg_to_idl(
[1.866s]              ^^^^^^^^^^^^^^^^^^^
[1.867s]     File "/opt/ros/jazzy/lib/python3.12/site-packages/rosidl_adapter/msg/__init__.py", line 28, in convert_msg_to_idl
[1.867s]       msg = parse_message_string(package_name, input_file.stem, content)
[1.867s]             ^^^^^^^^^^^^^^^^^^^^^^^^^^^^^^^^^^^^^^^^^^^^^^^^^^^^^^^^^^^^
[1.867s]     File "/opt/ros/jazzy/lib/python3.12/site-packages/rosidl_adapter/parser.py", line 545, in parse_message_string
[1.867s]       msg = MessageSpecification(pkg_name, msg_name, fields, constants)
[1.867s]             ^^^^^^^^^^^^^^^^^^^^^^^^^^^^^^^^^^^^^^^^^^^^^^^^^^^^^^^^^^^
[1.867s]     File "/opt/ros/jazzy/lib/python3.12/site-packages/rosidl_adapter/parser.py", line 389, in __init__
[1.867s]       self.base_type = BaseType(
[1.867s]                        ^^^^^^^^^
[1.867s]     File "/opt/ros/jazzy/lib/python3.12/site-packages/rosidl_adapter/parser.py", line 206, in __init__
[1.867s]       raise InvalidResourceName(
[1.867s] 
[1.867s]   rosidl_adapter.parser.InvalidResourceName: 'obstacle' is an invalid message
[1.867s]   name.  It should have the pattern '^[A-Z][A-Za-z0-9]*$'
[1.867s] 
[1.867s] Call Stack (most recent call first):
[1.867s]   /opt/ros/jazzy/share/rosidl_cmake/cmake/rosidl_generate_interfaces.cmake:132 (rosidl_adapt_interfaces)
[1.867s]   CMakeLists.txt:12 (rosidl_generate_interfaces)
[1.868s] 
[1.868s] [0m
[1.868s] -- Configuring incomplete, errors occurred!
[1.873s] Invoked command in '/home/basmala/ros2_ws/build/assignment2_custom_msgs_srvs' returned '1': CMAKE_PREFIX_PATH=${CMAKE_PREFIX_PATH}:/home/basmala/ros2_ws/install/first_package_python:/opt/ros/jazzy DEBUGINFOD_URLS=https://debuginfod.ubuntu.com /usr/bin/cmake /home/basmala/ros2_ws/assignment2_custom_msgs_srvs -DCMAKE_INSTALL_PREFIX=/home/basmala/ros2_ws/install/assignment2_custom_msgs_srvs
