running egg_info
writing ../build/python_tf2_pkg/python_tf2_pkg.egg-info/PKG-INFO
writing dependency_links to ../build/python_tf2_pkg/python_tf2_pkg.egg-info/dependency_links.txt
writing entry points to ../build/python_tf2_pkg/python_tf2_pkg.egg-info/entry_points.txt
writing requirements to ../build/python_tf2_pkg/python_tf2_pkg.egg-info/requires.txt
writing top-level names to ../build/python_tf2_pkg/python_tf2_pkg.egg-info/top_level.txt
reading manifest file '../build/python_tf2_pkg/python_tf2_pkg.egg-info/SOURCES.txt'
writing manifest file '../build/python_tf2_pkg/python_tf2_pkg.egg-info/SOURCES.txt'
running build
running build_py
copying python_tf2_pkg/listener.py -> /home/basmala/ros2_ws/build/python_tf2_pkg/build/lib/python_tf2_pkg
running install
running install_lib
copying /home/basmala/ros2_ws/build/python_tf2_pkg/build/lib/python_tf2_pkg/listener.py -> /home/basmala/ros2_ws/install/python_tf2_pkg/lib/python3.12/site-packages/python_tf2_pkg
byte-compiling /home/basmala/ros2_ws/install/python_tf2_pkg/lib/python3.12/site-packages/python_tf2_pkg/listener.py to listener.cpython-312.pyc
running install_data
copying launch/demo.launch.py -> /home/basmala/ros2_ws/install/python_tf2_pkg/share/python_tf2_pkg/launch
running install_egg_info
removing '/home/basmala/ros2_ws/install/python_tf2_pkg/lib/python3.12/site-packages/python_tf2_pkg-0.0.0-py3.12.egg-info' (and everything under it)
Copying ../build/python_tf2_pkg/python_tf2_pkg.egg-info to /home/basmala/ros2_ws/install/python_tf2_pkg/lib/python3.12/site-packages/python_tf2_pkg-0.0.0-py3.12.egg-info
running install_scripts
Installing broadcaster script to /home/basmala/ros2_ws/install/python_tf2_pkg/lib/python_tf2_pkg
Installing simp_quat script to /home/basmala/ros2_ws/install/python_tf2_pkg/lib/python_tf2_pkg
Installing static_broad script to /home/basmala/ros2_ws/install/python_tf2_pkg/lib/python_tf2_pkg
writing list of installed files to '/home/basmala/ros2_ws/build/python_tf2_pkg/install.log'
