[0.015s] Invoking command in '/home/basmala/ros2_ws/build/cpp_tf2_pkg': CMAKE_PREFIX_PATH=${CMAKE_PREFIX_PATH}:/home/basmala/ros2_ws/install/turtle_action_client:/home/basmala/ros2_ws/install/python_tf2_pkg:/home/basmala/ros2_ws/install/first_package_python:/home/basmala/ros2_ws/install/fibonacci:/opt/ros/jazzy DEBUGINFOD_URLS=https://debuginfod.ubuntu.com /usr/bin/cmake --build /home/basmala/ros2_ws/build/cpp_tf2_pkg -- -j20 -l20
[0.101s] -- Found ament_cmake: 2.5.5 (/opt/ros/jazzy/share/ament_cmake/cmake)
[0.579s] -- Found rclcpp: 28.1.16 (/opt/ros/jazzy/share/rclcpp/cmake)
[0.648s] -- Found rosidl_generator_c: 4.6.7 (/opt/ros/jazzy/share/rosidl_generator_c/cmake)
[0.665s] -- Found rosidl_generator_cpp: 4.6.7 (/opt/ros/jazzy/share/rosidl_generator_cpp/cmake)
[0.692s] -- Using all available rosidl_typesupport_c: rosidl_typesupport_fastrtps_c;rosidl_typesupport_introspection_c
[0.720s] -- Using all available rosidl_typesupport_cpp: rosidl_typesupport_fastrtps_cpp;rosidl_typesupport_introspection_cpp
[0.820s] -- Found rmw_implementation_cmake: 7.3.3 (/opt/ros/jazzy/share/rmw_implementation_cmake/cmake)
[0.824s] -- Found rmw_fastrtps_cpp: 8.4.3 (/opt/ros/jazzy/share/rmw_fastrtps_cpp/cmake)
[0.954s] -- Using RMW implementation 'rmw_fastrtps_cpp' as default
[1.099s] -- Found tf2: 0.36.19 (/opt/ros/jazzy/share/tf2/cmake)
[1.174s] -- Found tf2_ros: 0.36.20 (/opt/ros/jazzy/share/tf2_ros/cmake)
[1.343s] -- Found tf2_geometry_msgs: 0.36.19 (/opt/ros/jazzy/share/tf2_geometry_msgs/cmake)
[1.348s] -- Found eigen3_cmake_module: 0.3.0 (/opt/ros/jazzy/share/eigen3_cmake_module/cmake)
[1.350s] -- Ensuring Eigen3 include directory is part of orocos-kdl CMake target
[1.353s] -- Found turtlesim: 1.8.3 (/opt/ros/jazzy/share/turtlesim/cmake)
[1.394s] -- Found ament_lint_auto: 0.17.4 (/opt/ros/jazzy/share/ament_lint_auto/cmake)
[1.554s] -- Added test 'cppcheck' to perform static code analysis on C / C++ code
[1.555s] -- Configured cppcheck include dirs: 
[1.555s] -- Configured cppcheck exclude dirs and/or files: 
[1.555s] -- Added test 'flake8' to check Python code syntax and style conventions
[1.556s] -- Configured 'flake8' exclude dirs and/or files: 
[1.556s] -- Added test 'lint_cmake' to check CMake code style
[1.557s] -- Added test 'pep257' to check Python code against some of the docstring style conventions in PEP 257
[1.558s] -- Added test 'uncrustify' to check C / C++ code style
[1.558s] -- Configured uncrustify additional arguments: 
[1.559s] -- Added test 'xmllint' to check XML markup files
[1.561s] -- Configuring done (1.5s)
[1.608s] -- Generating done (0.0s)
[1.626s] -- Build files have been written to: /home/basmala/ros2_ws/build/cpp_tf2_pkg
[1.699s] [ 12%] [32mBuilding CXX object CMakeFiles/listener.dir/src/listener.cpp.o[0m
[1.733s] [ 37%] Built target static_broad
[1.736s] [ 62%] Built target simple_quat
[1.736s] [ 87%] Built target broadcaster
[6.669s] [100%] [32m[1mLinking CXX executable listener[0m
[7.046s] [100%] Built target listener
[7.060s] Invoked command in '/home/basmala/ros2_ws/build/cpp_tf2_pkg' returned '0': CMAKE_PREFIX_PATH=${CMAKE_PREFIX_PATH}:/home/basmala/ros2_ws/install/turtle_action_client:/home/basmala/ros2_ws/install/python_tf2_pkg:/home/basmala/ros2_ws/install/first_package_python:/home/basmala/ros2_ws/install/fibonacci:/opt/ros/jazzy DEBUGINFOD_URLS=https://debuginfod.ubuntu.com /usr/bin/cmake --build /home/basmala/ros2_ws/build/cpp_tf2_pkg -- -j20 -l20
[7.077s] Invoking command in '/home/basmala/ros2_ws/build/cpp_tf2_pkg': CMAKE_PREFIX_PATH=${CMAKE_PREFIX_PATH}:/home/basmala/ros2_ws/install/turtle_action_client:/home/basmala/ros2_ws/install/python_tf2_pkg:/home/basmala/ros2_ws/install/first_package_python:/home/basmala/ros2_ws/install/fibonacci:/opt/ros/jazzy DEBUGINFOD_URLS=https://debuginfod.ubuntu.com /usr/bin/cmake --install /home/basmala/ros2_ws/build/cpp_tf2_pkg
[7.092s] -- Install configuration: ""
[7.092s] -- Up-to-date: /home/basmala/ros2_ws/install/cpp_tf2_pkg/lib/cpp_tf2_pkg/simple_quat
[7.093s] -- Up-to-date: /home/basmala/ros2_ws/install/cpp_tf2_pkg/lib/cpp_tf2_pkg/static_broad
[7.094s] -- Up-to-date: /home/basmala/ros2_ws/install/cpp_tf2_pkg/lib/cpp_tf2_pkg/broadcaster
[7.094s] -- Installing: /home/basmala/ros2_ws/install/cpp_tf2_pkg/lib/cpp_tf2_pkg/listener
[7.097s] -- Set non-toolchain portion of runtime path of "/home/basmala/ros2_ws/install/cpp_tf2_pkg/lib/cpp_tf2_pkg/listener" to ""
[7.097s] -- Up-to-date: /home/basmala/ros2_ws/install/cpp_tf2_pkg/share/cpp_tf2_pkg//launch
[7.097s] -- Up-to-date: /home/basmala/ros2_ws/install/cpp_tf2_pkg/share/cpp_tf2_pkg//launch/broadcaster.launch.py
[7.098s] -- Installing: /home/basmala/ros2_ws/install/cpp_tf2_pkg/share/cpp_tf2_pkg//launch/demo.launch.py
[7.098s] -- Up-to-date: /home/basmala/ros2_ws/install/cpp_tf2_pkg/share/ament_index/resource_index/package_run_dependencies/cpp_tf2_pkg
[7.098s] -- Installing: /home/basmala/ros2_ws/install/cpp_tf2_pkg/share/ament_index/resource_index/parent_prefix_path/cpp_tf2_pkg
[7.098s] -- Up-to-date: /home/basmala/ros2_ws/install/cpp_tf2_pkg/share/cpp_tf2_pkg/environment/ament_prefix_path.sh
[7.098s] -- Up-to-date: /home/basmala/ros2_ws/install/cpp_tf2_pkg/share/cpp_tf2_pkg/environment/ament_prefix_path.dsv
[7.098s] -- Up-to-date: /home/basmala/ros2_ws/install/cpp_tf2_pkg/share/cpp_tf2_pkg/environment/path.sh
[7.099s] -- Up-to-date: /home/basmala/ros2_ws/install/cpp_tf2_pkg/share/cpp_tf2_pkg/environment/path.dsv
[7.099s] -- Up-to-date: /home/basmala/ros2_ws/install/cpp_tf2_pkg/share/cpp_tf2_pkg/local_setup.bash
[7.099s] -- Up-to-date: /home/basmala/ros2_ws/install/cpp_tf2_pkg/share/cpp_tf2_pkg/local_setup.sh
[7.100s] -- Up-to-date: /home/basmala/ros2_ws/install/cpp_tf2_pkg/share/cpp_tf2_pkg/local_setup.zsh
[7.100s] -- Up-to-date: /home/basmala/ros2_ws/install/cpp_tf2_pkg/share/cpp_tf2_pkg/local_setup.dsv
[7.100s] -- Installing: /home/basmala/ros2_ws/install/cpp_tf2_pkg/share/cpp_tf2_pkg/package.dsv
[7.101s] -- Up-to-date: /home/basmala/ros2_ws/install/cpp_tf2_pkg/share/ament_index/resource_index/packages/cpp_tf2_pkg
[7.101s] -- Up-to-date: /home/basmala/ros2_ws/install/cpp_tf2_pkg/share/cpp_tf2_pkg/cmake/cpp_tf2_pkgConfig.cmake
[7.101s] -- Up-to-date: /home/basmala/ros2_ws/install/cpp_tf2_pkg/share/cpp_tf2_pkg/cmake/cpp_tf2_pkgConfig-version.cmake
[7.101s] -- Up-to-date: /home/basmala/ros2_ws/install/cpp_tf2_pkg/share/cpp_tf2_pkg/package.xml
[7.102s] Invoked command in '/home/basmala/ros2_ws/build/cpp_tf2_pkg' returned '0': CMAKE_PREFIX_PATH=${CMAKE_PREFIX_PATH}:/home/basmala/ros2_ws/install/turtle_action_client:/home/basmala/ros2_ws/install/python_tf2_pkg:/home/basmala/ros2_ws/install/first_package_python:/home/basmala/ros2_ws/install/fibonacci:/opt/ros/jazzy DEBUGINFOD_URLS=https://debuginfod.ubuntu.com /usr/bin/cmake --install /home/basmala/ros2_ws/build/cpp_tf2_pkg
