[0.010s] Invoking command in '/home/basmala/ros2_ws/build/first_package_cpp': CMAKE_PREFIX_PATH=${CMAKE_PREFIX_PATH}:/home/basmala/ros2_ws/install/turtle_action_client:/home/basmala/ros2_ws/install/first_package_python:/home/basmala/ros2_ws/install/fibonacci:/opt/ros/jazzy DEBUGINFOD_URLS=https://debuginfod.ubuntu.com /usr/bin/cmake --build /home/basmala/ros2_ws/build/first_package_cpp -- -j20 -l20
[0.056s] -- Found ament_cmake: 2.5.5 (/opt/ros/jazzy/share/ament_cmake/cmake)
[0.406s] -- Override CMake install command with custom implementation using symlinks instead of copying resources
[0.418s] -- Found rclcpp: 28.1.16 (/opt/ros/jazzy/share/rclcpp/cmake)
[0.467s] -- Found rosidl_generator_c: 4.6.7 (/opt/ros/jazzy/share/rosidl_generator_c/cmake)
[0.479s] -- Found rosidl_generator_cpp: 4.6.7 (/opt/ros/jazzy/share/rosidl_generator_cpp/cmake)
[0.497s] -- Using all available rosidl_typesupport_c: rosidl_typesupport_fastrtps_c;rosidl_typesupport_introspection_c
[0.520s] -- Using all available rosidl_typesupport_cpp: rosidl_typesupport_fastrtps_cpp;rosidl_typesupport_introspection_cpp
[0.579s] -- Found rmw_implementation_cmake: 7.3.3 (/opt/ros/jazzy/share/rmw_implementation_cmake/cmake)
[0.581s] -- Found rmw_fastrtps_cpp: 8.4.3 (/opt/ros/jazzy/share/rmw_fastrtps_cpp/cmake)
[0.651s] -- Using RMW implementation 'rmw_fastrtps_cpp' as default
[0.765s] -- Found std_msgs: 5.3.6 (/opt/ros/jazzy/share/std_msgs/cmake)
[0.778s] -- Found rclcpp_components: 28.1.16 (/opt/ros/jazzy/share/rclcpp_components/cmake)
[0.802s] -- Found ament_lint_auto: 0.17.4 (/opt/ros/jazzy/share/ament_lint_auto/cmake)
[0.881s] -- Added test 'cppcheck' to perform static code analysis on C / C++ code
[0.881s] -- Configured cppcheck include dirs: 
[0.881s] -- Configured cppcheck exclude dirs and/or files: 
[0.881s] -- Added test 'lint_cmake' to check CMake code style
[0.882s] -- Added test 'uncrustify' to check C / C++ code style
[0.882s] -- Configured uncrustify additional arguments: 
[0.882s] -- Added test 'xmllint' to check XML markup files
[0.883s] -- Configuring done (0.8s)
[0.897s] -- Generating done (0.0s)
[0.902s] -- Build files have been written to: /home/basmala/ros2_ws/build/first_package_cpp
[0.968s] [ 33%] Built target pub
[0.974s] [ 66%] Built target sub
[0.975s] [ 83%] [32mBuilding CXX object CMakeFiles/pub_comp.dir/src/pub_component.cpp.o[0m
[4.393s] [100%] [32m[1mLinking CXX shared library libpub_comp.so[0m
[4.601s] [100%] Built target pub_comp
[4.617s] Invoked command in '/home/basmala/ros2_ws/build/first_package_cpp' returned '0': CMAKE_PREFIX_PATH=${CMAKE_PREFIX_PATH}:/home/basmala/ros2_ws/install/turtle_action_client:/home/basmala/ros2_ws/install/first_package_python:/home/basmala/ros2_ws/install/fibonacci:/opt/ros/jazzy DEBUGINFOD_URLS=https://debuginfod.ubuntu.com /usr/bin/cmake --build /home/basmala/ros2_ws/build/first_package_cpp -- -j20 -l20
[4.632s] Invoking command in '/home/basmala/ros2_ws/build/first_package_cpp': CMAKE_PREFIX_PATH=${CMAKE_PREFIX_PATH}:/home/basmala/ros2_ws/install/turtle_action_client:/home/basmala/ros2_ws/install/first_package_python:/home/basmala/ros2_ws/install/fibonacci:/opt/ros/jazzy DEBUGINFOD_URLS=https://debuginfod.ubuntu.com /usr/bin/cmake --install /home/basmala/ros2_ws/build/first_package_cpp
[4.646s] -- Install configuration: ""
[4.647s] -- Execute custom install script
[4.648s] -- Up-to-date symlink: /home/basmala/ros2_ws/install/first_package_cpp/lib/first_package_cpp/pub
[4.648s] -- Up-to-date symlink: /home/basmala/ros2_ws/install/first_package_cpp/lib/first_package_cpp/sub
[4.648s] -- Up-to-date symlink: /home/basmala/ros2_ws/install/first_package_cpp/share/ament_index/resource_index/package_run_dependencies/first_package_cpp
[4.648s] -- Up-to-date symlink: /home/basmala/ros2_ws/install/first_package_cpp/share/ament_index/resource_index/parent_prefix_path/first_package_cpp
[4.649s] -- Up-to-date symlink: /home/basmala/ros2_ws/install/first_package_cpp/share/first_package_cpp/environment/ament_prefix_path.sh
[4.649s] -- Up-to-date symlink: /home/basmala/ros2_ws/install/first_package_cpp/share/first_package_cpp/environment/ament_prefix_path.dsv
[4.649s] -- Up-to-date symlink: /home/basmala/ros2_ws/install/first_package_cpp/share/first_package_cpp/environment/path.sh
[4.649s] -- Up-to-date symlink: /home/basmala/ros2_ws/install/first_package_cpp/share/first_package_cpp/environment/path.dsv
[4.649s] -- Up-to-date symlink: /home/basmala/ros2_ws/install/first_package_cpp/share/first_package_cpp/local_setup.bash
[4.649s] -- Up-to-date symlink: /home/basmala/ros2_ws/install/first_package_cpp/share/first_package_cpp/local_setup.sh
[4.650s] -- Up-to-date symlink: /home/basmala/ros2_ws/install/first_package_cpp/share/first_package_cpp/local_setup.zsh
[4.650s] -- Up-to-date symlink: /home/basmala/ros2_ws/install/first_package_cpp/share/first_package_cpp/local_setup.dsv
[4.650s] -- Symlinking: /home/basmala/ros2_ws/install/first_package_cpp/share/first_package_cpp/package.dsv
[4.665s] -- Up-to-date symlink: /home/basmala/ros2_ws/install/first_package_cpp/share/ament_index/resource_index/packages/first_package_cpp
[4.665s] -- Up-to-date symlink: /home/basmala/ros2_ws/install/first_package_cpp/share/ament_index/resource_index/rclcpp_components/first_package_cpp
[4.665s] -- Up-to-date symlink: /home/basmala/ros2_ws/install/first_package_cpp/share/first_package_cpp/cmake/ament_cmake_export_targets-extras.cmake
[4.666s] -- Up-to-date symlink: /home/basmala/ros2_ws/install/first_package_cpp/share/first_package_cpp/cmake/first_package_cppConfig.cmake
[4.666s] -- Up-to-date symlink: /home/basmala/ros2_ws/install/first_package_cpp/share/first_package_cpp/cmake/first_package_cppConfig-version.cmake
[4.666s] -- Up-to-date symlink: /home/basmala/ros2_ws/install/first_package_cpp/share/first_package_cpp/package.xml
[4.666s] -- Installing: /home/basmala/ros2_ws/install/first_package_cpp/lib/libpub_comp.so
[4.669s] -- Set non-toolchain portion of runtime path of "/home/basmala/ros2_ws/install/first_package_cpp/lib/libpub_comp.so" to ""
[4.669s] -- Up-to-date: /home/basmala/ros2_ws/install/first_package_cpp/share/first_package_cpp/cmake/export_first_package_cpp_pub_compExport.cmake
[4.669s] -- Up-to-date: /home/basmala/ros2_ws/install/first_package_cpp/share/first_package_cpp/cmake/export_first_package_cpp_pub_compExport-noconfig.cmake
[4.672s] Invoked command in '/home/basmala/ros2_ws/build/first_package_cpp' returned '0': CMAKE_PREFIX_PATH=${CMAKE_PREFIX_PATH}:/home/basmala/ros2_ws/install/turtle_action_client:/home/basmala/ros2_ws/install/first_package_python:/home/basmala/ros2_ws/install/fibonacci:/opt/ros/jazzy DEBUGINFOD_URLS=https://debuginfod.ubuntu.com /usr/bin/cmake --install /home/basmala/ros2_ws/build/first_package_cpp
