[ 25%] Built target action_server_exe
[ 50%] Built target action_client_exe
[ 62%] Building CXX object CMakeFiles/action_client.dir/src/action_client.cpp.o
[ 75%] Building CXX object CMakeFiles/action_server.dir/src/action_server.cpp.o
[ 87%] Linking CXX shared library libaction_client.so
[ 87%] Built target action_client
[100%] Linking CXX shared library libaction_server.so
[100%] Built target action_server
-- Install configuration: ""
-- Up-to-date: /home/basmala/ros2_ws/install/act_cont_ex/lib/act_cont_ex/action_server_exe
-- Up-to-date: /home/basmala/ros2_ws/install/act_cont_ex/lib/act_cont_ex/action_client_exe
-- Up-to-date: /home/basmala/ros2_ws/install/act_cont_ex/lib/act_cont_ex/action_server_exe
-- Up-to-date: /home/basmala/ros2_ws/install/act_cont_ex/lib/act_cont_ex/action_client_exe
-- Installing: /home/basmala/ros2_ws/install/act_cont_ex/lib/libaction_server.so
-- Set non-toolchain portion of runtime path of "/home/basmala/ros2_ws/install/act_cont_ex/lib/libaction_server.so" to ""
-- Installing: /home/basmala/ros2_ws/install/act_cont_ex/lib/libaction_client.so
-- Set non-toolchain portion of runtime path of "/home/basmala/ros2_ws/install/act_cont_ex/lib/libaction_client.so" to ""
-- Up-to-date: /home/basmala/ros2_ws/install/act_cont_ex/share/act_cont_ex//launch
-- Up-to-date: /home/basmala/ros2_ws/install/act_cont_ex/share/act_cont_ex//launch/robot_control.launch.py
-- Up-to-date: /home/basmala/ros2_ws/install/act_cont_ex/share/act_cont_ex//launch/all.launch.py
-- Up-to-date: /home/basmala/ros2_ws/install/act_cont_ex/share/ament_index/resource_index/package_run_dependencies/act_cont_ex
-- Up-to-date: /home/basmala/ros2_ws/install/act_cont_ex/share/ament_index/resource_index/parent_prefix_path/act_cont_ex
-- Up-to-date: /home/basmala/ros2_ws/install/act_cont_ex/share/act_cont_ex/environment/ament_prefix_path.sh
-- Up-to-date: /home/basmala/ros2_ws/install/act_cont_ex/share/act_cont_ex/environment/ament_prefix_path.dsv
-- Up-to-date: /home/basmala/ros2_ws/install/act_cont_ex/share/act_cont_ex/environment/path.sh
-- Up-to-date: /home/basmala/ros2_ws/install/act_cont_ex/share/act_cont_ex/environment/path.dsv
-- Up-to-date: /home/basmala/ros2_ws/install/act_cont_ex/share/act_cont_ex/local_setup.bash
-- Up-to-date: /home/basmala/ros2_ws/install/act_cont_ex/share/act_cont_ex/local_setup.sh
-- Up-to-date: /home/basmala/ros2_ws/install/act_cont_ex/share/act_cont_ex/local_setup.zsh
-- Up-to-date: /home/basmala/ros2_ws/install/act_cont_ex/share/act_cont_ex/local_setup.dsv
-- Installing: /home/basmala/ros2_ws/install/act_cont_ex/share/act_cont_ex/package.dsv
-- Up-to-date: /home/basmala/ros2_ws/install/act_cont_ex/share/ament_index/resource_index/packages/act_cont_ex
-- Up-to-date: /home/basmala/ros2_ws/install/act_cont_ex/share/ament_index/resource_index/rclcpp_components/act_cont_ex
-- Up-to-date: /home/basmala/ros2_ws/install/act_cont_ex/share/act_cont_ex/cmake/export_act_cont_ex_action_serverExport.cmake
-- Up-to-date: /home/basmala/ros2_ws/install/act_cont_ex/share/act_cont_ex/cmake/export_act_cont_ex_action_serverExport-noconfig.cmake
-- Up-to-date: /home/basmala/ros2_ws/install/act_cont_ex/share/act_cont_ex/cmake/export_act_cont_ex_action_clientExport.cmake
-- Up-to-date: /home/basmala/ros2_ws/install/act_cont_ex/share/act_cont_ex/cmake/export_act_cont_ex_action_clientExport-noconfig.cmake
-- Up-to-date: /home/basmala/ros2_ws/install/act_cont_ex/share/act_cont_ex/cmake/ament_cmake_export_targets-extras.cmake
-- Up-to-date: /home/basmala/ros2_ws/install/act_cont_ex/share/act_cont_ex/cmake/act_cont_exConfig.cmake
-- Up-to-date: /home/basmala/ros2_ws/install/act_cont_ex/share/act_cont_ex/cmake/act_cont_exConfig-version.cmake
-- Up-to-date: /home/basmala/ros2_ws/install/act_cont_ex/share/act_cont_ex/package.xml
