[0.017s] Invoking command in '/home/basmala/ros2_ws/build/cpp_tf2_pkg': CMAKE_PREFIX_PATH=${CMAKE_PREFIX_PATH}:/home/basmala/ros2_ws/install/turtle_action_client:/home/basmala/ros2_ws/install/python_tf2_pkg:/home/basmala/ros2_ws/install/first_package_python:/home/basmala/ros2_ws/install/fibonacci:/opt/ros/jazzy DEBUGINFOD_URLS=https://debuginfod.ubuntu.com /usr/bin/cmake --build /home/basmala/ros2_ws/build/cpp_tf2_pkg -- -j20 -l20
[0.065s] -- Found ament_cmake: 2.5.5 (/opt/ros/jazzy/share/ament_cmake/cmake)
[0.524s] -- Found rclcpp: 28.1.16 (/opt/ros/jazzy/share/rclcpp/cmake)
[0.576s] -- Found rosidl_generator_c: 4.6.7 (/opt/ros/jazzy/share/rosidl_generator_c/cmake)
[0.590s] -- Found rosidl_generator_cpp: 4.6.7 (/opt/ros/jazzy/share/rosidl_generator_cpp/cmake)
[0.609s] -- Using all available rosidl_typesupport_c: rosidl_typesupport_fastrtps_c;rosidl_typesupport_introspection_c
[0.635s] -- Using all available rosidl_typesupport_cpp: rosidl_typesupport_fastrtps_cpp;rosidl_typesupport_introspection_cpp
[0.688s] -- Found rmw_implementation_cmake: 7.3.3 (/opt/ros/jazzy/share/rmw_implementation_cmake/cmake)
[0.689s] -- Found rmw_fastrtps_cpp: 8.4.3 (/opt/ros/jazzy/share/rmw_fastrtps_cpp/cmake)
[0.776s] -- Using RMW implementation 'rmw_fastrtps_cpp' as default
[0.867s] -- Found tf2: 0.36.19 (/opt/ros/jazzy/share/tf2/cmake)
[0.891s] -- Found tf2_ros: 0.36.20 (/opt/ros/jazzy/share/tf2_ros/cmake)
[0.974s] -- Found tf2_geometry_msgs: 0.36.19 (/opt/ros/jazzy/share/tf2_geometry_msgs/cmake)
[0.976s] -- Found eigen3_cmake_module: 0.3.0 (/opt/ros/jazzy/share/eigen3_cmake_module/cmake)
[0.977s] -- Ensuring Eigen3 include directory is part of orocos-kdl CMake target
[0.979s] -- Found turtlesim: 1.8.3 (/opt/ros/jazzy/share/turtlesim/cmake)
[1.005s] -- Found ament_lint_auto: 0.17.4 (/opt/ros/jazzy/share/ament_lint_auto/cmake)
[1.083s] -- Added test 'cppcheck' to perform static code analysis on C / C++ code
[1.084s] -- Configured cppcheck include dirs: 
[1.084s] -- Configured cppcheck exclude dirs and/or files: 
[1.084s] -- Added test 'flake8' to check Python code syntax and style conventions
[1.084s] -- Configured 'flake8' exclude dirs and/or files: 
[1.084s] -- Added test 'lint_cmake' to check CMake code style
[1.085s] -- Added test 'pep257' to check Python code against some of the docstring style conventions in PEP 257
[1.085s] -- Added test 'uncrustify' to check C / C++ code style
[1.085s] -- Configured uncrustify additional arguments: 
[1.086s] -- Added test 'xmllint' to check XML markup files
[1.086s] -- Configuring done (1.0s)
[1.112s] -- Generating done (0.0s)
[1.126s] -- Build files have been written to: /home/basmala/ros2_ws/build/cpp_tf2_pkg
[1.178s] [ 10%] [32mBuilding CXX object CMakeFiles/carrot.dir/src/carrot.cpp.o[0m
[1.182s] [ 30%] Built target simple_quat
[1.186s] [ 50%] Built target static_broad
[1.189s] [ 80%] Built target listener
[1.189s] [ 90%] Built target broadcaster
[4.239s] [100%] [32m[1mLinking CXX executable carrot[0m
[4.438s] [100%] Built target carrot
[4.459s] Invoked command in '/home/basmala/ros2_ws/build/cpp_tf2_pkg' returned '0': CMAKE_PREFIX_PATH=${CMAKE_PREFIX_PATH}:/home/basmala/ros2_ws/install/turtle_action_client:/home/basmala/ros2_ws/install/python_tf2_pkg:/home/basmala/ros2_ws/install/first_package_python:/home/basmala/ros2_ws/install/fibonacci:/opt/ros/jazzy DEBUGINFOD_URLS=https://debuginfod.ubuntu.com /usr/bin/cmake --build /home/basmala/ros2_ws/build/cpp_tf2_pkg -- -j20 -l20
[4.475s] Invoking command in '/home/basmala/ros2_ws/build/cpp_tf2_pkg': CMAKE_PREFIX_PATH=${CMAKE_PREFIX_PATH}:/home/basmala/ros2_ws/install/turtle_action_client:/home/basmala/ros2_ws/install/python_tf2_pkg:/home/basmala/ros2_ws/install/first_package_python:/home/basmala/ros2_ws/install/fibonacci:/opt/ros/jazzy DEBUGINFOD_URLS=https://debuginfod.ubuntu.com /usr/bin/cmake --install /home/basmala/ros2_ws/build/cpp_tf2_pkg
[4.489s] -- Install configuration: ""
[4.490s] -- Up-to-date: /home/basmala/ros2_ws/install/cpp_tf2_pkg/lib/cpp_tf2_pkg/simple_quat
[4.490s] -- Up-to-date: /home/basmala/ros2_ws/install/cpp_tf2_pkg/lib/cpp_tf2_pkg/static_broad
[4.490s] -- Up-to-date: /home/basmala/ros2_ws/install/cpp_tf2_pkg/lib/cpp_tf2_pkg/broadcaster
[4.490s] -- Up-to-date: /home/basmala/ros2_ws/install/cpp_tf2_pkg/lib/cpp_tf2_pkg/listener
[4.491s] -- Installing: /home/basmala/ros2_ws/install/cpp_tf2_pkg/lib/cpp_tf2_pkg/carrot
[4.492s] -- Set non-toolchain portion of runtime path of "/home/basmala/ros2_ws/install/cpp_tf2_pkg/lib/cpp_tf2_pkg/carrot" to ""
[4.493s] -- Up-to-date: /home/basmala/ros2_ws/install/cpp_tf2_pkg/share/cpp_tf2_pkg//launch
[4.493s] -- Up-to-date: /home/basmala/ros2_ws/install/cpp_tf2_pkg/share/cpp_tf2_pkg//launch/broadcaster.launch.py
[4.493s] -- Up-to-date: /home/basmala/ros2_ws/install/cpp_tf2_pkg/share/cpp_tf2_pkg//launch/demo.launch.py
[4.493s] -- Installing: /home/basmala/ros2_ws/install/cpp_tf2_pkg/share/cpp_tf2_pkg//launch/demo2.launch.py
[4.493s] -- Up-to-date: /home/basmala/ros2_ws/install/cpp_tf2_pkg/share/ament_index/resource_index/package_run_dependencies/cpp_tf2_pkg
[4.493s] -- Up-to-date: /home/basmala/ros2_ws/install/cpp_tf2_pkg/share/ament_index/resource_index/parent_prefix_path/cpp_tf2_pkg
[4.493s] -- Up-to-date: /home/basmala/ros2_ws/install/cpp_tf2_pkg/share/cpp_tf2_pkg/environment/ament_prefix_path.sh
[4.494s] -- Up-to-date: /home/basmala/ros2_ws/install/cpp_tf2_pkg/share/cpp_tf2_pkg/environment/ament_prefix_path.dsv
[4.494s] -- Up-to-date: /home/basmala/ros2_ws/install/cpp_tf2_pkg/share/cpp_tf2_pkg/environment/path.sh
[4.494s] -- Up-to-date: /home/basmala/ros2_ws/install/cpp_tf2_pkg/share/cpp_tf2_pkg/environment/path.dsv
[4.494s] -- Up-to-date: /home/basmala/ros2_ws/install/cpp_tf2_pkg/share/cpp_tf2_pkg/local_setup.bash
[4.494s] -- Up-to-date: /home/basmala/ros2_ws/install/cpp_tf2_pkg/share/cpp_tf2_pkg/local_setup.sh
[4.495s] -- Up-to-date: /home/basmala/ros2_ws/install/cpp_tf2_pkg/share/cpp_tf2_pkg/local_setup.zsh
[4.495s] -- Up-to-date: /home/basmala/ros2_ws/install/cpp_tf2_pkg/share/cpp_tf2_pkg/local_setup.dsv
[4.495s] -- Installing: /home/basmala/ros2_ws/install/cpp_tf2_pkg/share/cpp_tf2_pkg/package.dsv
[4.495s] -- Up-to-date: /home/basmala/ros2_ws/install/cpp_tf2_pkg/share/ament_index/resource_index/packages/cpp_tf2_pkg
[4.496s] -- Up-to-date: /home/basmala/ros2_ws/install/cpp_tf2_pkg/share/cpp_tf2_pkg/cmake/cpp_tf2_pkgConfig.cmake
[4.496s] -- Up-to-date: /home/basmala/ros2_ws/install/cpp_tf2_pkg/share/cpp_tf2_pkg/cmake/cpp_tf2_pkgConfig-version.cmake
[4.496s] -- Up-to-date: /home/basmala/ros2_ws/install/cpp_tf2_pkg/share/cpp_tf2_pkg/package.xml
[4.497s] Invoked command in '/home/basmala/ros2_ws/build/cpp_tf2_pkg' returned '0': CMAKE_PREFIX_PATH=${CMAKE_PREFIX_PATH}:/home/basmala/ros2_ws/install/turtle_action_client:/home/basmala/ros2_ws/install/python_tf2_pkg:/home/basmala/ros2_ws/install/first_package_python:/home/basmala/ros2_ws/install/fibonacci:/opt/ros/jazzy DEBUGINFOD_URLS=https://debuginfod.ubuntu.com /usr/bin/cmake --install /home/basmala/ros2_ws/build/cpp_tf2_pkg
