[ 16%] [34m[1mRunning `/opt/ros/jazzy/bin/generate_parameter_library_cpp /home/basmala/ros2_ws/build/mecanum_drive_controller/include/mecanum_drive_controller/mecanum_drive_controller_parameters.hpp /home/basmala/ros2_ws/src/yahboom_rosmaster/mecanum_drive_controller/src/mecanum_drive_controller_parameter.yaml `[0m
[ 33%] [34m[1mCreating deprecated header file /home/basmala/ros2_ws/build/mecanum_drive_controller/include/mecanum_drive_controller_parameters.hpp[0m
[ 33%] Built target mecanum_drive_controller_parameters
[ 50%] [32mBuilding CXX object CMakeFiles/mecanum_drive_controller.dir/src/odometry.cpp.o[0m
[ 66%] [32mBuilding CXX object CMakeFiles/mecanum_drive_controller.dir/src/mecanum_drive_controller.cpp.o[0m
[ 83%] [32mBuilding CXX object CMakeFiles/mecanum_drive_controller.dir/src/speed_limiter.cpp.o[0m
In file included from [01m[K/home/basmala/ros2_ws/src/yahboom_rosmaster/mecanum_drive_controller/include/mecanum_drive_controller/mecanum_drive_controller.hpp:37[m[K,
                 from [01m[K/home/basmala/ros2_ws/src/yahboom_rosmaster/mecanum_drive_controller/src/mecanum_drive_controller.cpp:42[m[K:
[01m[K/opt/ros/jazzy/include/realtime_tools/realtime_tools/realtime_box.hpp:40:151:[m[K [01;36m[Knote: [m[K‘[01m[K#pragma message: 'RealtimeBox' is deprecated. Please update your code to use 'realtime_thread_safe_box.hpp' header, and class name 'RealtimeThreadSafeBox' instead.[m[K’
   40 | use 'realtime_thread_safe_box.hpp' header, and class name 'RealtimeThreadSafeBox' instead."[01;36m[K)[m[K  //NOLINT
      |                                                                                            [01;36m[K^[m[K

[100%] [32m[1mLinking CXX shared library libmecanum_drive_controller.so[0m
[100%] Built target mecanum_drive_controller
-- Install configuration: ""
-- Installing: /home/basmala/ros2_ws/install/mecanum_drive_controller/include/mecanum_drive_controller
-- Installing: /home/basmala/ros2_ws/install/mecanum_drive_controller/include/mecanum_drive_controller/mecanum_drive_controller_parameters.hpp
-- Installing: /home/basmala/ros2_ws/install/mecanum_drive_controller/share/mecanum_drive_controller/mecanum_drive_plugin.xml
-- Up-to-date: /home/basmala/ros2_ws/install/mecanum_drive_controller/include/mecanum_drive_controller
-- Installing: /home/basmala/ros2_ws/install/mecanum_drive_controller/include/mecanum_drive_controller/mecanum_drive_controller
-- Installing: /home/basmala/ros2_ws/install/mecanum_drive_controller/include/mecanum_drive_controller/mecanum_drive_controller/speed_limiter.hpp
-- Installing: /home/basmala/ros2_ws/install/mecanum_drive_controller/include/mecanum_drive_controller/mecanum_drive_controller/mecanum_drive_controller.hpp
-- Installing: /home/basmala/ros2_ws/install/mecanum_drive_controller/include/mecanum_drive_controller/mecanum_drive_controller/visibility_control.h
-- Installing: /home/basmala/ros2_ws/install/mecanum_drive_controller/include/mecanum_drive_controller/mecanum_drive_controller/odometry.hpp
-- Installing: /home/basmala/ros2_ws/install/mecanum_drive_controller/lib/libmecanum_drive_controller.so
-- Set non-toolchain portion of runtime path of "/home/basmala/ros2_ws/install/mecanum_drive_controller/lib/libmecanum_drive_controller.so" to ""
-- Installing: /home/basmala/ros2_ws/install/mecanum_drive_controller/share/mecanum_drive_controller/environment/library_path.sh
-- Installing: /home/basmala/ros2_ws/install/mecanum_drive_controller/share/mecanum_drive_controller/environment/library_path.dsv
-- Installing: /home/basmala/ros2_ws/install/mecanum_drive_controller/share/ament_index/resource_index/package_run_dependencies/mecanum_drive_controller
-- Installing: /home/basmala/ros2_ws/install/mecanum_drive_controller/share/ament_index/resource_index/parent_prefix_path/mecanum_drive_controller
-- Installing: /home/basmala/ros2_ws/install/mecanum_drive_controller/share/mecanum_drive_controller/environment/ament_prefix_path.sh
-- Installing: /home/basmala/ros2_ws/install/mecanum_drive_controller/share/mecanum_drive_controller/environment/ament_prefix_path.dsv
-- Installing: /home/basmala/ros2_ws/install/mecanum_drive_controller/share/mecanum_drive_controller/environment/path.sh
-- Installing: /home/basmala/ros2_ws/install/mecanum_drive_controller/share/mecanum_drive_controller/environment/path.dsv
-- Installing: /home/basmala/ros2_ws/install/mecanum_drive_controller/share/mecanum_drive_controller/local_setup.bash
-- Installing: /home/basmala/ros2_ws/install/mecanum_drive_controller/share/mecanum_drive_controller/local_setup.sh
-- Installing: /home/basmala/ros2_ws/install/mecanum_drive_controller/share/mecanum_drive_controller/local_setup.zsh
-- Installing: /home/basmala/ros2_ws/install/mecanum_drive_controller/share/mecanum_drive_controller/local_setup.dsv
-- Installing: /home/basmala/ros2_ws/install/mecanum_drive_controller/share/mecanum_drive_controller/package.dsv
-- Installing: /home/basmala/ros2_ws/install/mecanum_drive_controller/share/ament_index/resource_index/packages/mecanum_drive_controller
-- Installing: /home/basmala/ros2_ws/install/mecanum_drive_controller/share/ament_index/resource_index/controller_interface__pluginlib__plugin/mecanum_drive_controller
-- Installing: /home/basmala/ros2_ws/install/mecanum_drive_controller/share/mecanum_drive_controller/cmake/export_mecanum_drive_controllerExport.cmake
-- Installing: /home/basmala/ros2_ws/install/mecanum_drive_controller/share/mecanum_drive_controller/cmake/export_mecanum_drive_controllerExport-noconfig.cmake
-- Installing: /home/basmala/ros2_ws/install/mecanum_drive_controller/share/mecanum_drive_controller/cmake/ament_cmake_export_dependencies-extras.cmake
-- Installing: /home/basmala/ros2_ws/install/mecanum_drive_controller/share/mecanum_drive_controller/cmake/ament_cmake_export_targets-extras.cmake
-- Installing: /home/basmala/ros2_ws/install/mecanum_drive_controller/share/mecanum_drive_controller/cmake/mecanum_drive_controllerConfig.cmake
-- Installing: /home/basmala/ros2_ws/install/mecanum_drive_controller/share/mecanum_drive_controller/cmake/mecanum_drive_controllerConfig-version.cmake
-- Installing: /home/basmala/ros2_ws/install/mecanum_drive_controller/share/mecanum_drive_controller/package.xml
