[0.427s] Invoking command in '/home/basmala/ros2_ws/build/mecanum_drive_controller': CMAKE_PREFIX_PATH=${CMAKE_PREFIX_PATH}:/home/basmala/ros2_ws/install/first_package_python:/opt/ros/jazzy DEBUGINFOD_URLS=https://debuginfod.ubuntu.com /usr/bin/cmake --build /home/basmala/ros2_ws/build/mecanum_drive_controller -- -j20 -l20
[0.525s] [ 16%] [34m[1mRunning `/opt/ros/jazzy/bin/generate_parameter_library_cpp /home/basmala/ros2_ws/build/mecanum_drive_controller/include/mecanum_drive_controller/mecanum_drive_controller_parameters.hpp /home/basmala/ros2_ws/src/yahboom_rosmaster/mecanum_drive_controller/src/mecanum_drive_controller_parameter.yaml `[0m
[3.535s] [ 33%] [34m[1mCreating deprecated header file /home/basmala/ros2_ws/build/mecanum_drive_controller/include/mecanum_drive_controller_parameters.hpp[0m
[3.569s] [ 33%] Built target mecanum_drive_controller_parameters
[3.623s] [ 50%] [32mBuilding CXX object CMakeFiles/mecanum_drive_controller.dir/src/odometry.cpp.o[0m
[3.628s] [ 66%] [32mBuilding CXX object CMakeFiles/mecanum_drive_controller.dir/src/mecanum_drive_controller.cpp.o[0m
[3.628s] [ 83%] [32mBuilding CXX object CMakeFiles/mecanum_drive_controller.dir/src/speed_limiter.cpp.o[0m
[7.187s] In file included from [01m[K/home/basmala/ros2_ws/src/yahboom_rosmaster/mecanum_drive_controller/include/mecanum_drive_controller/mecanum_drive_controller.hpp:37[m[K,
[7.188s]                  from [01m[K/home/basmala/ros2_ws/src/yahboom_rosmaster/mecanum_drive_controller/src/mecanum_drive_controller.cpp:42[m[K:
[7.188s] [01m[K/opt/ros/jazzy/include/realtime_tools/realtime_tools/realtime_box.hpp:40:151:[m[K [01;36m[Knote: [m[K‘[01m[K#pragma message: 'RealtimeBox' is deprecated. Please update your code to use 'realtime_thread_safe_box.hpp' header, and class name 'RealtimeThreadSafeBox' instead.[m[K’
[7.188s]    40 | use 'realtime_thread_safe_box.hpp' header, and class name 'RealtimeThreadSafeBox' instead."[01;36m[K)[m[K  //NOLINT
[7.188s]       |                                                                                            [01;36m[K^[m[K
[7.188s] 
[20.218s] [100%] [32m[1mLinking CXX shared library libmecanum_drive_controller.so[0m
[20.739s] [100%] Built target mecanum_drive_controller
[20.757s] Invoked command in '/home/basmala/ros2_ws/build/mecanum_drive_controller' returned '0': CMAKE_PREFIX_PATH=${CMAKE_PREFIX_PATH}:/home/basmala/ros2_ws/install/first_package_python:/opt/ros/jazzy DEBUGINFOD_URLS=https://debuginfod.ubuntu.com /usr/bin/cmake --build /home/basmala/ros2_ws/build/mecanum_drive_controller -- -j20 -l20
[20.759s] Invoking command in '/home/basmala/ros2_ws/build/mecanum_drive_controller': CMAKE_PREFIX_PATH=${CMAKE_PREFIX_PATH}:/home/basmala/ros2_ws/install/first_package_python:/opt/ros/jazzy DEBUGINFOD_URLS=https://debuginfod.ubuntu.com /usr/bin/cmake --install /home/basmala/ros2_ws/build/mecanum_drive_controller
[20.767s] -- Install configuration: ""
[20.767s] -- Installing: /home/basmala/ros2_ws/install/mecanum_drive_controller/include/mecanum_drive_controller
[20.767s] -- Installing: /home/basmala/ros2_ws/install/mecanum_drive_controller/include/mecanum_drive_controller/mecanum_drive_controller_parameters.hpp
[20.768s] -- Installing: /home/basmala/ros2_ws/install/mecanum_drive_controller/share/mecanum_drive_controller/mecanum_drive_plugin.xml
[20.768s] -- Up-to-date: /home/basmala/ros2_ws/install/mecanum_drive_controller/include/mecanum_drive_controller
[20.768s] -- Installing: /home/basmala/ros2_ws/install/mecanum_drive_controller/include/mecanum_drive_controller/mecanum_drive_controller
[20.768s] -- Installing: /home/basmala/ros2_ws/install/mecanum_drive_controller/include/mecanum_drive_controller/mecanum_drive_controller/speed_limiter.hpp
[20.768s] -- Installing: /home/basmala/ros2_ws/install/mecanum_drive_controller/include/mecanum_drive_controller/mecanum_drive_controller/mecanum_drive_controller.hpp
[20.768s] -- Installing: /home/basmala/ros2_ws/install/mecanum_drive_controller/include/mecanum_drive_controller/mecanum_drive_controller/visibility_control.h
[20.768s] -- Installing: /home/basmala/ros2_ws/install/mecanum_drive_controller/include/mecanum_drive_controller/mecanum_drive_controller/odometry.hpp
[20.769s] -- Installing: /home/basmala/ros2_ws/install/mecanum_drive_controller/lib/libmecanum_drive_controller.so
[20.774s] -- Set non-toolchain portion of runtime path of "/home/basmala/ros2_ws/install/mecanum_drive_controller/lib/libmecanum_drive_controller.so" to ""
[20.775s] -- Installing: /home/basmala/ros2_ws/install/mecanum_drive_controller/share/mecanum_drive_controller/environment/library_path.sh
[20.775s] -- Installing: /home/basmala/ros2_ws/install/mecanum_drive_controller/share/mecanum_drive_controller/environment/library_path.dsv
[20.775s] -- Installing: /home/basmala/ros2_ws/install/mecanum_drive_controller/share/ament_index/resource_index/package_run_dependencies/mecanum_drive_controller
[20.775s] -- Installing: /home/basmala/ros2_ws/install/mecanum_drive_controller/share/ament_index/resource_index/parent_prefix_path/mecanum_drive_controller
[20.775s] -- Installing: /home/basmala/ros2_ws/install/mecanum_drive_controller/share/mecanum_drive_controller/environment/ament_prefix_path.sh
[20.775s] -- Installing: /home/basmala/ros2_ws/install/mecanum_drive_controller/share/mecanum_drive_controller/environment/ament_prefix_path.dsv
[20.776s] -- Installing: /home/basmala/ros2_ws/install/mecanum_drive_controller/share/mecanum_drive_controller/environment/path.sh
[20.776s] -- Installing: /home/basmala/ros2_ws/install/mecanum_drive_controller/share/mecanum_drive_controller/environment/path.dsv
[20.776s] -- Installing: /home/basmala/ros2_ws/install/mecanum_drive_controller/share/mecanum_drive_controller/local_setup.bash
[20.776s] -- Installing: /home/basmala/ros2_ws/install/mecanum_drive_controller/share/mecanum_drive_controller/local_setup.sh
[20.776s] -- Installing: /home/basmala/ros2_ws/install/mecanum_drive_controller/share/mecanum_drive_controller/local_setup.zsh
[20.776s] -- Installing: /home/basmala/ros2_ws/install/mecanum_drive_controller/share/mecanum_drive_controller/local_setup.dsv
[20.776s] -- Installing: /home/basmala/ros2_ws/install/mecanum_drive_controller/share/mecanum_drive_controller/package.dsv
[20.776s] -- Installing: /home/basmala/ros2_ws/install/mecanum_drive_controller/share/ament_index/resource_index/packages/mecanum_drive_controller
[20.777s] -- Installing: /home/basmala/ros2_ws/install/mecanum_drive_controller/share/ament_index/resource_index/controller_interface__pluginlib__plugin/mecanum_drive_controller
[20.777s] -- Installing: /home/basmala/ros2_ws/install/mecanum_drive_controller/share/mecanum_drive_controller/cmake/export_mecanum_drive_controllerExport.cmake
[20.777s] -- Installing: /home/basmala/ros2_ws/install/mecanum_drive_controller/share/mecanum_drive_controller/cmake/export_mecanum_drive_controllerExport-noconfig.cmake
[20.777s] -- Installing: /home/basmala/ros2_ws/install/mecanum_drive_controller/share/mecanum_drive_controller/cmake/ament_cmake_export_dependencies-extras.cmake
[20.777s] -- Installing: /home/basmala/ros2_ws/install/mecanum_drive_controller/share/mecanum_drive_controller/cmake/ament_cmake_export_targets-extras.cmake
[20.777s] -- Installing: /home/basmala/ros2_ws/install/mecanum_drive_controller/share/mecanum_drive_controller/cmake/mecanum_drive_controllerConfig.cmake
[20.778s] -- Installing: /home/basmala/ros2_ws/install/mecanum_drive_controller/share/mecanum_drive_controller/cmake/mecanum_drive_controllerConfig-version.cmake
[20.778s] -- Installing: /home/basmala/ros2_ws/install/mecanum_drive_controller/share/mecanum_drive_controller/package.xml
[20.778s] Invoked command in '/home/basmala/ros2_ws/build/mecanum_drive_controller' returned '0': CMAKE_PREFIX_PATH=${CMAKE_PREFIX_PATH}:/home/basmala/ros2_ws/install/first_package_python:/opt/ros/jazzy DEBUGINFOD_URLS=https://debuginfod.ubuntu.com /usr/bin/cmake --install /home/basmala/ros2_ws/build/mecanum_drive_controller
