[01m[K/home/basmala/ros2_ws/assignment1_rt/src/UI.cpp:[m[K In function ‘[01m[Kint[01;32m[K main[m[K(int, char**)[m[K’:
[01m[K/home/basmala/ros2_ws/assignment1_rt/src/UI.cpp:95:28:[m[K [01;31m[Kerror: [m[K‘[01m[Kvoid Turtle_Controller::[01;32m[Kspawn_turtle3[m[K()[m[K’ is private within this context
   95 |         [01;31m[Knode->spawn_turtle3()[m[K;
      |         [01;31m[K~~~~~~~~~~~~~~~~~~~^~[m[K
[01m[K/home/basmala/ros2_ws/assignment1_rt/src/UI.cpp:58:10:[m[K [01;36m[Knote: [m[Kdeclared private here
   58 |     void [01;36m[Kspawn_turtle3[m[K()
      |          [01;36m[K^~~~~~~~~~~~~[m[K
[01m[K/home/basmala/ros2_ws/assignment1_rt/src/DistanceControl.cpp:[m[K In constructor ‘[01m[KDistanceMonitor::[01;32m[KDistanceMonitor[m[K()[m[K’:
[01m[K/home/basmala/ros2_ws/assignment1_rt/src/DistanceControl.cpp:16:9:[m[K [01;31m[Kerror: [m[K‘[01m[Kpub_distance12_[m[K’ was not declared in this scope; did you mean ‘[01m[Kpub_distance_[m[K’?
   16 |         [01;31m[Kpub_distance12_[m[K = this->create_publisher<std_msgs::msg::Float32>("turtle12_distance", 10);
      |         [01;31m[K^~~~~~~~~~~~~~~[m[K
      |         [32m[Kpub_distance_[m[K
[01m[K/home/basmala/ros2_ws/assignment1_rt/src/DistanceControl.cpp:17:9:[m[K [01;31m[Kerror: [m[K‘[01m[Kpub_distance13_[m[K’ was not declared in this scope; did you mean ‘[01m[Kpub_distance_[m[K’?
   17 |         [01;31m[Kpub_distance13_[m[K = this->create_publisher<std_msgs::msg::Float32>("turtle13_distance", 10);
      |         [01;31m[K^~~~~~~~~~~~~~~[m[K
      |         [32m[Kpub_distance_[m[K
[01m[K/home/basmala/ros2_ws/assignment1_rt/src/DistanceControl.cpp:[m[K In member function ‘[01m[Kvoid DistanceMonitor::[01;32m[Kcheck_metrics[m[K()[m[K’:
[01m[K/home/basmala/ros2_ws/assignment1_rt/src/DistanceControl.cpp:89:9:[m[K [01;31m[Kerror: [m[K‘[01m[Kpub_distance12_[m[K’ was not declared in this scope; did you mean ‘[01m[Kpub_distance_[m[K’?
   89 |         [01;31m[Kpub_distance12_[m[K->publish(dist_msg);
      |         [01;31m[K^~~~~~~~~~~~~~~[m[K
      |         [32m[Kpub_distance_[m[K
[01m[K/home/basmala/ros2_ws/assignment1_rt/src/DistanceControl.cpp:96:9:[m[K [01;31m[Kerror: [m[K‘[01m[Kpub_distance13_[m[K’ was not declared in this scope; did you mean ‘[01m[Kpub_distance_[m[K’?
   96 |         [01;31m[Kpub_distance13_[m[K->publish(dist_msg);
      |         [01;31m[K^~~~~~~~~~~~~~~[m[K
      |         [32m[Kpub_distance_[m[K
gmake[2]: *** [CMakeFiles/UI.dir/build.make:76: CMakeFiles/UI.dir/src/UI.cpp.o] Error 1
gmake[1]: *** [CMakeFiles/Makefile2:139: CMakeFiles/UI.dir/all] Error 2
gmake[1]: *** Waiting for unfinished jobs....
gmake[2]: *** [CMakeFiles/DistanceControl.dir/build.make:76: CMakeFiles/DistanceControl.dir/src/DistanceControl.cpp.o] Error 1
gmake[1]: *** [CMakeFiles/Makefile2:165: CMakeFiles/DistanceControl.dir/all] Error 2
gmake: *** [Makefile:146: all] Error 2
