[0.012s] Invoking command in '/home/basmala/ros2_ws/build/assignment1_rt': CMAKE_PREFIX_PATH=${CMAKE_PREFIX_PATH}:/home/basmala/ros2_ws/install/first_package_python:/opt/ros/jazzy DEBUGINFOD_URLS=https://debuginfod.ubuntu.com /usr/bin/cmake --build /home/basmala/ros2_ws/build/assignment1_rt -- -j20 -l20
[0.115s] [ 25%] [32mBuilding CXX object CMakeFiles/DistanceControl.dir/src/DistanceControl.cpp.o[0m
[0.116s] [ 50%] [32mBuilding CXX object CMakeFiles/UI.dir/src/UI.cpp.o[0m
[2.411s] [01m[K/home/basmala/ros2_ws/assignment1_rt/src/UI.cpp:[m[K In function ‘[01m[Kint[01;32m[K main[m[K(int, char**)[m[K’:
[2.411s] [01m[K/home/basmala/ros2_ws/assignment1_rt/src/UI.cpp:95:28:[m[K [01;31m[Kerror: [m[K‘[01m[Kvoid Turtle_Controller::[01;32m[Kspawn_turtle3[m[K()[m[K’ is private within this context
[2.411s]    95 |         [01;31m[Knode->spawn_turtle3()[m[K;
[2.412s]       |         [01;31m[K~~~~~~~~~~~~~~~~~~~^~[m[K
[2.412s] [01m[K/home/basmala/ros2_ws/assignment1_rt/src/UI.cpp:58:10:[m[K [01;36m[Knote: [m[Kdeclared private here
[2.412s]    58 |     void [01;36m[Kspawn_turtle3[m[K()
[2.412s]       |          [01;36m[K^~~~~~~~~~~~~[m[K
[2.412s] [01m[K/home/basmala/ros2_ws/assignment1_rt/src/DistanceControl.cpp:[m[K In constructor ‘[01m[KDistanceMonitor::[01;32m[KDistanceMonitor[m[K()[m[K’:
[2.412s] [01m[K/home/basmala/ros2_ws/assignment1_rt/src/DistanceControl.cpp:16:9:[m[K [01;31m[Kerror: [m[K‘[01m[Kpub_distance12_[m[K’ was not declared in this scope; did you mean ‘[01m[Kpub_distance_[m[K’?
[2.412s]    16 |         [01;31m[Kpub_distance12_[m[K = this->create_publisher<std_msgs::msg::Float32>("turtle12_distance", 10);
[2.412s]       |         [01;31m[K^~~~~~~~~~~~~~~[m[K
[2.412s]       |         [32m[Kpub_distance_[m[K
[2.418s] [01m[K/home/basmala/ros2_ws/assignment1_rt/src/DistanceControl.cpp:17:9:[m[K [01;31m[Kerror: [m[K‘[01m[Kpub_distance13_[m[K’ was not declared in this scope; did you mean ‘[01m[Kpub_distance_[m[K’?
[2.419s]    17 |         [01;31m[Kpub_distance13_[m[K = this->create_publisher<std_msgs::msg::Float32>("turtle13_distance", 10);
[2.419s]       |         [01;31m[K^~~~~~~~~~~~~~~[m[K
[2.419s]       |         [32m[Kpub_distance_[m[K
[2.438s] [01m[K/home/basmala/ros2_ws/assignment1_rt/src/DistanceControl.cpp:[m[K In member function ‘[01m[Kvoid DistanceMonitor::[01;32m[Kcheck_metrics[m[K()[m[K’:
[2.438s] [01m[K/home/basmala/ros2_ws/assignment1_rt/src/DistanceControl.cpp:89:9:[m[K [01;31m[Kerror: [m[K‘[01m[Kpub_distance12_[m[K’ was not declared in this scope; did you mean ‘[01m[Kpub_distance_[m[K’?
[2.438s]    89 |         [01;31m[Kpub_distance12_[m[K->publish(dist_msg);
[2.438s]       |         [01;31m[K^~~~~~~~~~~~~~~[m[K
[2.438s]       |         [32m[Kpub_distance_[m[K
[2.443s] [01m[K/home/basmala/ros2_ws/assignment1_rt/src/DistanceControl.cpp:96:9:[m[K [01;31m[Kerror: [m[K‘[01m[Kpub_distance13_[m[K’ was not declared in this scope; did you mean ‘[01m[Kpub_distance_[m[K’?
[2.444s]    96 |         [01;31m[Kpub_distance13_[m[K->publish(dist_msg);
[2.444s]       |         [01;31m[K^~~~~~~~~~~~~~~[m[K
[2.444s]       |         [32m[Kpub_distance_[m[K
[3.555s] gmake[2]: *** [CMakeFiles/UI.dir/build.make:76: CMakeFiles/UI.dir/src/UI.cpp.o] Error 1
[3.555s] gmake[1]: *** [CMakeFiles/Makefile2:139: CMakeFiles/UI.dir/all] Error 2
[3.555s] gmake[1]: *** Waiting for unfinished jobs....
[4.482s] gmake[2]: *** [CMakeFiles/DistanceControl.dir/build.make:76: CMakeFiles/DistanceControl.dir/src/DistanceControl.cpp.o] Error 1
[4.482s] gmake[1]: *** [CMakeFiles/Makefile2:165: CMakeFiles/DistanceControl.dir/all] Error 2
[4.483s] gmake: *** [Makefile:146: all] Error 2
[4.485s] Invoked command in '/home/basmala/ros2_ws/build/assignment1_rt' returned '2': CMAKE_PREFIX_PATH=${CMAKE_PREFIX_PATH}:/home/basmala/ros2_ws/install/first_package_python:/opt/ros/jazzy DEBUGINFOD_URLS=https://debuginfod.ubuntu.com /usr/bin/cmake --build /home/basmala/ros2_ws/build/assignment1_rt -- -j20 -l20
