[0.074s] Invoking command in '/home/basmala/ros2_ws/build/turtlesim_custom_msgs': CMAKE_PREFIX_PATH=${CMAKE_PREFIX_PATH}:/home/basmala/ros2_ws/install/first_package_python:/opt/ros/jazzy DEBUGINFOD_URLS=https://debuginfod.ubuntu.com /usr/bin/cmake --build /home/basmala/ros2_ws/build/turtlesim_custom_msgs -- -j20 -l20
[0.436s] [  2%] Built target turtlesim_custom_msgs__rosidl_generator_type_description
[0.436s] [  2%] Built target ament_cmake_python_copy_turtlesim_custom_msgs
[0.436s] [  4%] Built target turtlesim_custom_msgs__cpp
[0.436s] [ 22%] Built target turtlesim_custom_msgs__rosidl_generator_c
[0.436s] [ 31%] Built target turtlesim_custom_msgs__rosidl_typesupport_introspection_c
[0.437s] [ 40%] Built target turtlesim_custom_msgs__rosidl_typesupport_cpp
[0.437s] [ 50%] Built target turtlesim_custom_msgs__rosidl_typesupport_fastrtps_c
[0.437s] [ 61%] Built target turtlesim_custom_msgs__rosidl_typesupport_c
[0.437s] [ 68%] Built target turtlesim_custom_msgs__rosidl_typesupport_fastrtps_cpp
[0.437s] [ 77%] Built target turtlesim_custom_msgs__rosidl_typesupport_introspection_cpp
[0.437s] [ 77%] Built target turtlesim_custom_msgs
[0.437s] [ 79%] Built target turtlesim_custom_msgs__py
[0.437s] [ 86%] Built target turtlesim_custom_msgs__rosidl_generator_py
[0.437s] [ 90%] Built target turtlesim_custom_msgs_s__rosidl_typesupport_fastrtps_c
[0.438s] [100%] Built target turtlesim_custom_msgs_s__rosidl_typesupport_introspection_c
[0.438s] [100%] Built target turtlesim_custom_msgs_s__rosidl_typesupport_c
[0.637s] running egg_info
[0.643s] writing turtlesim_custom_msgs.egg-info/PKG-INFO
[0.643s] writing dependency_links to turtlesim_custom_msgs.egg-info/dependency_links.txt
[0.643s] writing top-level names to turtlesim_custom_msgs.egg-info/top_level.txt
[0.645s] reading manifest file 'turtlesim_custom_msgs.egg-info/SOURCES.txt'
[0.645s] writing manifest file 'turtlesim_custom_msgs.egg-info/SOURCES.txt'
[0.645s] [100%] Built target ament_cmake_python_build_turtlesim_custom_msgs_egg
[0.726s] Invoked command in '/home/basmala/ros2_ws/build/turtlesim_custom_msgs' returned '0': CMAKE_PREFIX_PATH=${CMAKE_PREFIX_PATH}:/home/basmala/ros2_ws/install/first_package_python:/opt/ros/jazzy DEBUGINFOD_URLS=https://debuginfod.ubuntu.com /usr/bin/cmake --build /home/basmala/ros2_ws/build/turtlesim_custom_msgs -- -j20 -l20
[0.727s] Invoking command in '/home/basmala/ros2_ws/build/turtlesim_custom_msgs': CMAKE_PREFIX_PATH=${CMAKE_PREFIX_PATH}:/home/basmala/ros2_ws/install/first_package_python:/opt/ros/jazzy DEBUGINFOD_URLS=https://debuginfod.ubuntu.com /usr/bin/cmake --install /home/basmala/ros2_ws/build/turtlesim_custom_msgs
[0.751s] -- Install configuration: ""
[0.751s] -- Up-to-date: /home/basmala/ros2_ws/install/turtlesim_custom_msgs/share/ament_index/resource_index/rosidl_interfaces/turtlesim_custom_msgs
[0.751s] -- Up-to-date: /home/basmala/ros2_ws/install/turtlesim_custom_msgs/share/turtlesim_custom_msgs/msg/Vel.json
[0.752s] -- Up-to-date: /home/basmala/ros2_ws/install/turtlesim_custom_msgs/share/turtlesim_custom_msgs/srv/Velocity.json
[0.752s] -- Up-to-date: /home/basmala/ros2_ws/install/turtlesim_custom_msgs/include/turtlesim_custom_msgs/turtlesim_custom_msgs
[0.752s] -- Up-to-date: /home/basmala/ros2_ws/install/turtlesim_custom_msgs/include/turtlesim_custom_msgs/turtlesim_custom_msgs/srv
[0.752s] -- Up-to-date: /home/basmala/ros2_ws/install/turtlesim_custom_msgs/include/turtlesim_custom_msgs/turtlesim_custom_msgs/srv/detail
[0.752s] -- Up-to-date: /home/basmala/ros2_ws/install/turtlesim_custom_msgs/include/turtlesim_custom_msgs/turtlesim_custom_msgs/srv/detail/velocity__description.c
[0.752s] -- Up-to-date: /home/basmala/ros2_ws/install/turtlesim_custom_msgs/include/turtlesim_custom_msgs/turtlesim_custom_msgs/srv/detail/velocity__functions.c
[0.752s] -- Up-to-date: /home/basmala/ros2_ws/install/turtlesim_custom_msgs/include/turtlesim_custom_msgs/turtlesim_custom_msgs/srv/detail/velocity__type_support.c
[0.753s] -- Up-to-date: /home/basmala/ros2_ws/install/turtlesim_custom_msgs/include/turtlesim_custom_msgs/turtlesim_custom_msgs/srv/detail/velocity__struct.h
[0.753s] -- Up-to-date: /home/basmala/ros2_ws/install/turtlesim_custom_msgs/include/turtlesim_custom_msgs/turtlesim_custom_msgs/srv/detail/velocity__functions.h
[0.753s] -- Up-to-date: /home/basmala/ros2_ws/install/turtlesim_custom_msgs/include/turtlesim_custom_msgs/turtlesim_custom_msgs/srv/detail/velocity__type_support.h
[0.753s] -- Up-to-date: /home/basmala/ros2_ws/install/turtlesim_custom_msgs/include/turtlesim_custom_msgs/turtlesim_custom_msgs/srv/velocity.h
[0.753s] -- Up-to-date: /home/basmala/ros2_ws/install/turtlesim_custom_msgs/include/turtlesim_custom_msgs/turtlesim_custom_msgs/msg
[0.753s] -- Up-to-date: /home/basmala/ros2_ws/install/turtlesim_custom_msgs/include/turtlesim_custom_msgs/turtlesim_custom_msgs/msg/detail
[0.753s] -- Up-to-date: /home/basmala/ros2_ws/install/turtlesim_custom_msgs/include/turtlesim_custom_msgs/turtlesim_custom_msgs/msg/detail/vel__functions.c
[0.754s] -- Up-to-date: /home/basmala/ros2_ws/install/turtlesim_custom_msgs/include/turtlesim_custom_msgs/turtlesim_custom_msgs/msg/detail/vel__description.c
[0.754s] -- Up-to-date: /home/basmala/ros2_ws/install/turtlesim_custom_msgs/include/turtlesim_custom_msgs/turtlesim_custom_msgs/msg/detail/vel__type_support.h
[0.754s] -- Up-to-date: /home/basmala/ros2_ws/install/turtlesim_custom_msgs/include/turtlesim_custom_msgs/turtlesim_custom_msgs/msg/detail/vel__functions.h
[0.754s] -- Up-to-date: /home/basmala/ros2_ws/install/turtlesim_custom_msgs/include/turtlesim_custom_msgs/turtlesim_custom_msgs/msg/detail/vel__type_support.c
[0.754s] -- Up-to-date: /home/basmala/ros2_ws/install/turtlesim_custom_msgs/include/turtlesim_custom_msgs/turtlesim_custom_msgs/msg/detail/vel__struct.h
[0.754s] -- Up-to-date: /home/basmala/ros2_ws/install/turtlesim_custom_msgs/include/turtlesim_custom_msgs/turtlesim_custom_msgs/msg/rosidl_generator_c__visibility_control.h
[0.755s] -- Up-to-date: /home/basmala/ros2_ws/install/turtlesim_custom_msgs/include/turtlesim_custom_msgs/turtlesim_custom_msgs/msg/vel.h
[0.755s] -- Up-to-date: /home/basmala/ros2_ws/install/turtlesim_custom_msgs/share/turtlesim_custom_msgs/environment/library_path.sh
[0.755s] -- Up-to-date: /home/basmala/ros2_ws/install/turtlesim_custom_msgs/share/turtlesim_custom_msgs/environment/library_path.dsv
[0.755s] -- Up-to-date: /home/basmala/ros2_ws/install/turtlesim_custom_msgs/lib/libturtlesim_custom_msgs__rosidl_generator_c.so
[0.755s] -- Up-to-date: /home/basmala/ros2_ws/install/turtlesim_custom_msgs/include/turtlesim_custom_msgs/turtlesim_custom_msgs
[0.756s] -- Up-to-date: /home/basmala/ros2_ws/install/turtlesim_custom_msgs/include/turtlesim_custom_msgs/turtlesim_custom_msgs/srv
[0.756s] -- Up-to-date: /home/basmala/ros2_ws/install/turtlesim_custom_msgs/include/turtlesim_custom_msgs/turtlesim_custom_msgs/srv/detail
[0.757s] -- Up-to-date: /home/basmala/ros2_ws/install/turtlesim_custom_msgs/include/turtlesim_custom_msgs/turtlesim_custom_msgs/srv/detail/velocity__rosidl_typesupport_fastrtps_c.h
[0.757s] -- Up-to-date: /home/basmala/ros2_ws/install/turtlesim_custom_msgs/include/turtlesim_custom_msgs/turtlesim_custom_msgs/msg
[0.757s] -- Up-to-date: /home/basmala/ros2_ws/install/turtlesim_custom_msgs/include/turtlesim_custom_msgs/turtlesim_custom_msgs/msg/detail
[0.757s] -- Up-to-date: /home/basmala/ros2_ws/install/turtlesim_custom_msgs/include/turtlesim_custom_msgs/turtlesim_custom_msgs/msg/detail/vel__rosidl_typesupport_fastrtps_c.h
[0.757s] -- Up-to-date: /home/basmala/ros2_ws/install/turtlesim_custom_msgs/include/turtlesim_custom_msgs/turtlesim_custom_msgs/msg/rosidl_typesupport_fastrtps_c__visibility_control.h
[0.759s] -- Up-to-date: /home/basmala/ros2_ws/install/turtlesim_custom_msgs/lib/libturtlesim_custom_msgs__rosidl_typesupport_fastrtps_c.so
[0.759s] -- Up-to-date: /home/basmala/ros2_ws/install/turtlesim_custom_msgs/include/turtlesim_custom_msgs/turtlesim_custom_msgs
[0.760s] -- Up-to-date: /home/basmala/ros2_ws/install/turtlesim_custom_msgs/include/turtlesim_custom_msgs/turtlesim_custom_msgs/srv
[0.760s] -- Up-to-date: /home/basmala/ros2_ws/install/turtlesim_custom_msgs/include/turtlesim_custom_msgs/turtlesim_custom_msgs/srv/detail
[0.760s] -- Up-to-date: /home/basmala/ros2_ws/install/turtlesim_custom_msgs/include/turtlesim_custom_msgs/turtlesim_custom_msgs/srv/detail/velocity__rosidl_typesupport_introspection_c.h
[0.760s] -- Up-to-date: /home/basmala/ros2_ws/install/turtlesim_custom_msgs/include/turtlesim_custom_msgs/turtlesim_custom_msgs/srv/detail/velocity__type_support.c
[0.760s] -- Up-to-date: /home/basmala/ros2_ws/install/turtlesim_custom_msgs/include/turtlesim_custom_msgs/turtlesim_custom_msgs/msg
[0.761s] -- Up-to-date: /home/basmala/ros2_ws/install/turtlesim_custom_msgs/include/turtlesim_custom_msgs/turtlesim_custom_msgs/msg/detail
[0.761s] -- Up-to-date: /home/basmala/ros2_ws/install/turtlesim_custom_msgs/include/turtlesim_custom_msgs/turtlesim_custom_msgs/msg/detail/vel__rosidl_typesupport_introspection_c.h
[0.761s] -- Up-to-date: /home/basmala/ros2_ws/install/turtlesim_custom_msgs/include/turtlesim_custom_msgs/turtlesim_custom_msgs/msg/detail/vel__type_support.c
[0.762s] -- Up-to-date: /home/basmala/ros2_ws/install/turtlesim_custom_msgs/include/turtlesim_custom_msgs/turtlesim_custom_msgs/msg/rosidl_typesupport_introspection_c__visibility_control.h
[0.762s] -- Up-to-date: /home/basmala/ros2_ws/install/turtlesim_custom_msgs/lib/libturtlesim_custom_msgs__rosidl_typesupport_introspection_c.so
[0.762s] -- Up-to-date: /home/basmala/ros2_ws/install/turtlesim_custom_msgs/lib/libturtlesim_custom_msgs__rosidl_typesupport_c.so
[0.762s] -- Up-to-date: /home/basmala/ros2_ws/install/turtlesim_custom_msgs/include/turtlesim_custom_msgs/turtlesim_custom_msgs
[0.763s] -- Up-to-date: /home/basmala/ros2_ws/install/turtlesim_custom_msgs/include/turtlesim_custom_msgs/turtlesim_custom_msgs/srv
[0.763s] -- Up-to-date: /home/basmala/ros2_ws/install/turtlesim_custom_msgs/include/turtlesim_custom_msgs/turtlesim_custom_msgs/srv/detail
[0.763s] -- Up-to-date: /home/basmala/ros2_ws/install/turtlesim_custom_msgs/include/turtlesim_custom_msgs/turtlesim_custom_msgs/srv/detail/velocity__struct.hpp
[0.764s] -- Up-to-date: /home/basmala/ros2_ws/install/turtlesim_custom_msgs/include/turtlesim_custom_msgs/turtlesim_custom_msgs/srv/detail/velocity__traits.hpp
[0.764s] -- Up-to-date: /home/basmala/ros2_ws/install/turtlesim_custom_msgs/include/turtlesim_custom_msgs/turtlesim_custom_msgs/srv/detail/velocity__type_support.hpp
[0.764s] -- Up-to-date: /home/basmala/ros2_ws/install/turtlesim_custom_msgs/include/turtlesim_custom_msgs/turtlesim_custom_msgs/srv/detail/velocity__builder.hpp
[0.764s] -- Up-to-date: /home/basmala/ros2_ws/install/turtlesim_custom_msgs/include/turtlesim_custom_msgs/turtlesim_custom_msgs/srv/velocity.hpp
[0.764s] -- Up-to-date: /home/basmala/ros2_ws/install/turtlesim_custom_msgs/include/turtlesim_custom_msgs/turtlesim_custom_msgs/msg
[0.764s] -- Up-to-date: /home/basmala/ros2_ws/install/turtlesim_custom_msgs/include/turtlesim_custom_msgs/turtlesim_custom_msgs/msg/detail
[0.765s] -- Up-to-date: /home/basmala/ros2_ws/install/turtlesim_custom_msgs/include/turtlesim_custom_msgs/turtlesim_custom_msgs/msg/detail/vel__builder.hpp
[0.765s] -- Up-to-date: /home/basmala/ros2_ws/install/turtlesim_custom_msgs/include/turtlesim_custom_msgs/turtlesim_custom_msgs/msg/detail/vel__type_support.hpp
[0.765s] -- Up-to-date: /home/basmala/ros2_ws/install/turtlesim_custom_msgs/include/turtlesim_custom_msgs/turtlesim_custom_msgs/msg/detail/vel__traits.hpp
[0.765s] -- Up-to-date: /home/basmala/ros2_ws/install/turtlesim_custom_msgs/include/turtlesim_custom_msgs/turtlesim_custom_msgs/msg/detail/vel__struct.hpp
[0.765s] -- Up-to-date: /home/basmala/ros2_ws/install/turtlesim_custom_msgs/include/turtlesim_custom_msgs/turtlesim_custom_msgs/msg/rosidl_generator_cpp__visibility_control.hpp
[0.766s] -- Up-to-date: /home/basmala/ros2_ws/install/turtlesim_custom_msgs/include/turtlesim_custom_msgs/turtlesim_custom_msgs/msg/vel.hpp
[0.766s] -- Up-to-date: /home/basmala/ros2_ws/install/turtlesim_custom_msgs/include/turtlesim_custom_msgs/turtlesim_custom_msgs
[0.766s] -- Up-to-date: /home/basmala/ros2_ws/install/turtlesim_custom_msgs/include/turtlesim_custom_msgs/turtlesim_custom_msgs/srv
[0.766s] -- Up-to-date: /home/basmala/ros2_ws/install/turtlesim_custom_msgs/include/turtlesim_custom_msgs/turtlesim_custom_msgs/srv/detail
[0.767s] -- Up-to-date: /home/basmala/ros2_ws/install/turtlesim_custom_msgs/include/turtlesim_custom_msgs/turtlesim_custom_msgs/srv/detail/velocity__rosidl_typesupport_fastrtps_cpp.hpp
[0.767s] -- Up-to-date: /home/basmala/ros2_ws/install/turtlesim_custom_msgs/include/turtlesim_custom_msgs/turtlesim_custom_msgs/srv/detail/dds_fastrtps
[0.767s] -- Up-to-date: /home/basmala/ros2_ws/install/turtlesim_custom_msgs/include/turtlesim_custom_msgs/turtlesim_custom_msgs/msg
[0.767s] -- Up-to-date: /home/basmala/ros2_ws/install/turtlesim_custom_msgs/include/turtlesim_custom_msgs/turtlesim_custom_msgs/msg/detail
[0.767s] -- Up-to-date: /home/basmala/ros2_ws/install/turtlesim_custom_msgs/include/turtlesim_custom_msgs/turtlesim_custom_msgs/msg/detail/dds_fastrtps
[0.767s] -- Up-to-date: /home/basmala/ros2_ws/install/turtlesim_custom_msgs/include/turtlesim_custom_msgs/turtlesim_custom_msgs/msg/detail/vel__rosidl_typesupport_fastrtps_cpp.hpp
[0.767s] -- Up-to-date: /home/basmala/ros2_ws/install/turtlesim_custom_msgs/include/turtlesim_custom_msgs/turtlesim_custom_msgs/msg/rosidl_typesupport_fastrtps_cpp__visibility_control.h
[0.767s] -- Up-to-date: /home/basmala/ros2_ws/install/turtlesim_custom_msgs/lib/libturtlesim_custom_msgs__rosidl_typesupport_fastrtps_cpp.so
[0.767s] -- Up-to-date: /home/basmala/ros2_ws/install/turtlesim_custom_msgs/include/turtlesim_custom_msgs/turtlesim_custom_msgs
[0.767s] -- Up-to-date: /home/basmala/ros2_ws/install/turtlesim_custom_msgs/include/turtlesim_custom_msgs/turtlesim_custom_msgs/srv
[0.768s] -- Up-to-date: /home/basmala/ros2_ws/install/turtlesim_custom_msgs/include/turtlesim_custom_msgs/turtlesim_custom_msgs/srv/detail
[0.768s] -- Up-to-date: /home/basmala/ros2_ws/install/turtlesim_custom_msgs/include/turtlesim_custom_msgs/turtlesim_custom_msgs/srv/detail/velocity__rosidl_typesupport_introspection_cpp.hpp
[0.768s] -- Up-to-date: /home/basmala/ros2_ws/install/turtlesim_custom_msgs/include/turtlesim_custom_msgs/turtlesim_custom_msgs/srv/detail/velocity__type_support.cpp
[0.768s] -- Up-to-date: /home/basmala/ros2_ws/install/turtlesim_custom_msgs/include/turtlesim_custom_msgs/turtlesim_custom_msgs/msg
[0.768s] -- Up-to-date: /home/basmala/ros2_ws/install/turtlesim_custom_msgs/include/turtlesim_custom_msgs/turtlesim_custom_msgs/msg/detail
[0.768s] -- Up-to-date: /home/basmala/ros2_ws/install/turtlesim_custom_msgs/include/turtlesim_custom_msgs/turtlesim_custom_msgs/msg/detail/vel__rosidl_typesupport_introspection_cpp.hpp
[0.768s] -- Up-to-date: /home/basmala/ros2_ws/install/turtlesim_custom_msgs/include/turtlesim_custom_msgs/turtlesim_custom_msgs/msg/detail/vel__type_support.cpp
[0.768s] -- Up-to-date: /home/basmala/ros2_ws/install/turtlesim_custom_msgs/lib/libturtlesim_custom_msgs__rosidl_typesupport_introspection_cpp.so
[0.768s] -- Up-to-date: /home/basmala/ros2_ws/install/turtlesim_custom_msgs/lib/libturtlesim_custom_msgs__rosidl_typesupport_cpp.so
[0.768s] -- Up-to-date: /home/basmala/ros2_ws/install/turtlesim_custom_msgs/share/turtlesim_custom_msgs/environment/pythonpath.sh
[0.768s] -- Up-to-date: /home/basmala/ros2_ws/install/turtlesim_custom_msgs/share/turtlesim_custom_msgs/environment/pythonpath.dsv
[0.768s] -- Up-to-date: /home/basmala/ros2_ws/install/turtlesim_custom_msgs/lib/python3.12/site-packages/turtlesim_custom_msgs-0.0.0-py3.12.egg-info
[0.768s] -- Installing: /home/basmala/ros2_ws/install/turtlesim_custom_msgs/lib/python3.12/site-packages/turtlesim_custom_msgs-0.0.0-py3.12.egg-info/dependency_links.txt
[0.769s] -- Installing: /home/basmala/ros2_ws/install/turtlesim_custom_msgs/lib/python3.12/site-packages/turtlesim_custom_msgs-0.0.0-py3.12.egg-info/SOURCES.txt
[0.769s] -- Installing: /home/basmala/ros2_ws/install/turtlesim_custom_msgs/lib/python3.12/site-packages/turtlesim_custom_msgs-0.0.0-py3.12.egg-info/PKG-INFO
[0.769s] -- Installing: /home/basmala/ros2_ws/install/turtlesim_custom_msgs/lib/python3.12/site-packages/turtlesim_custom_msgs-0.0.0-py3.12.egg-info/top_level.txt
[0.769s] -- Up-to-date: /home/basmala/ros2_ws/install/turtlesim_custom_msgs/lib/python3.12/site-packages/turtlesim_custom_msgs
[0.769s] -- Up-to-date: /home/basmala/ros2_ws/install/turtlesim_custom_msgs/lib/python3.12/site-packages/turtlesim_custom_msgs/srv
[0.769s] -- Up-to-date: /home/basmala/ros2_ws/install/turtlesim_custom_msgs/lib/python3.12/site-packages/turtlesim_custom_msgs/srv/_velocity.py
[0.769s] -- Up-to-date: /home/basmala/ros2_ws/install/turtlesim_custom_msgs/lib/python3.12/site-packages/turtlesim_custom_msgs/srv/__init__.py
[0.769s] -- Up-to-date: /home/basmala/ros2_ws/install/turtlesim_custom_msgs/lib/python3.12/site-packages/turtlesim_custom_msgs/srv/_velocity_s.c
[0.769s] -- Up-to-date: /home/basmala/ros2_ws/install/turtlesim_custom_msgs/lib/python3.12/site-packages/turtlesim_custom_msgs/_turtlesim_custom_msgs_s.ep.rosidl_typesupport_introspection_c.c
[0.769s] -- Up-to-date: /home/basmala/ros2_ws/install/turtlesim_custom_msgs/lib/python3.12/site-packages/turtlesim_custom_msgs/_turtlesim_custom_msgs_s.ep.rosidl_typesupport_fastrtps_c.c
[0.769s] -- Up-to-date: /home/basmala/ros2_ws/install/turtlesim_custom_msgs/lib/python3.12/site-packages/turtlesim_custom_msgs/turtlesim_custom_msgs_s__rosidl_typesupport_introspection_c.so
[0.770s] -- Up-to-date: /home/basmala/ros2_ws/install/turtlesim_custom_msgs/lib/python3.12/site-packages/turtlesim_custom_msgs/turtlesim_custom_msgs_s__rosidl_typesupport_c.so
[0.770s] -- Up-to-date: /home/basmala/ros2_ws/install/turtlesim_custom_msgs/lib/python3.12/site-packages/turtlesim_custom_msgs/turtlesim_custom_msgs_s__rosidl_typesupport_fastrtps_c.so
[0.770s] -- Up-to-date: /home/basmala/ros2_ws/install/turtlesim_custom_msgs/lib/python3.12/site-packages/turtlesim_custom_msgs/__init__.py
[0.770s] -- Up-to-date: /home/basmala/ros2_ws/install/turtlesim_custom_msgs/lib/python3.12/site-packages/turtlesim_custom_msgs/msg
[0.770s] -- Up-to-date: /home/basmala/ros2_ws/install/turtlesim_custom_msgs/lib/python3.12/site-packages/turtlesim_custom_msgs/msg/__init__.py
[0.770s] -- Up-to-date: /home/basmala/ros2_ws/install/turtlesim_custom_msgs/lib/python3.12/site-packages/turtlesim_custom_msgs/msg/_vel_s.c
[0.770s] -- Up-to-date: /home/basmala/ros2_ws/install/turtlesim_custom_msgs/lib/python3.12/site-packages/turtlesim_custom_msgs/msg/_vel.py
[0.770s] -- Up-to-date: /home/basmala/ros2_ws/install/turtlesim_custom_msgs/lib/python3.12/site-packages/turtlesim_custom_msgs/_turtlesim_custom_msgs_s.ep.rosidl_typesupport_c.c
[0.799s] Listing '/home/basmala/ros2_ws/install/turtlesim_custom_msgs/lib/python3.12/site-packages/turtlesim_custom_msgs'...
[0.799s] Listing '/home/basmala/ros2_ws/install/turtlesim_custom_msgs/lib/python3.12/site-packages/turtlesim_custom_msgs/msg'...
[0.799s] Listing '/home/basmala/ros2_ws/install/turtlesim_custom_msgs/lib/python3.12/site-packages/turtlesim_custom_msgs/srv'...
[0.806s] -- Up-to-date: /home/basmala/ros2_ws/install/turtlesim_custom_msgs/lib/python3.12/site-packages/turtlesim_custom_msgs/turtlesim_custom_msgs_s__rosidl_typesupport_fastrtps_c.so
[0.806s] -- Up-to-date: /home/basmala/ros2_ws/install/turtlesim_custom_msgs/lib/python3.12/site-packages/turtlesim_custom_msgs/turtlesim_custom_msgs_s__rosidl_typesupport_introspection_c.so
[0.806s] -- Up-to-date: /home/basmala/ros2_ws/install/turtlesim_custom_msgs/lib/python3.12/site-packages/turtlesim_custom_msgs/turtlesim_custom_msgs_s__rosidl_typesupport_c.so
[0.806s] -- Up-to-date: /home/basmala/ros2_ws/install/turtlesim_custom_msgs/lib/libturtlesim_custom_msgs__rosidl_generator_py.so
[0.806s] -- Up-to-date: /home/basmala/ros2_ws/install/turtlesim_custom_msgs/share/turtlesim_custom_msgs/msg/Vel.idl
[0.806s] -- Up-to-date: /home/basmala/ros2_ws/install/turtlesim_custom_msgs/share/turtlesim_custom_msgs/srv/Velocity.idl
[0.807s] -- Up-to-date: /home/basmala/ros2_ws/install/turtlesim_custom_msgs/share/turtlesim_custom_msgs/msg/Vel.msg
[0.807s] -- Up-to-date: /home/basmala/ros2_ws/install/turtlesim_custom_msgs/share/turtlesim_custom_msgs/srv/Velocity.srv
[0.807s] -- Up-to-date: /home/basmala/ros2_ws/install/turtlesim_custom_msgs/share/ament_index/resource_index/package_run_dependencies/turtlesim_custom_msgs
[0.807s] -- Up-to-date: /home/basmala/ros2_ws/install/turtlesim_custom_msgs/share/ament_index/resource_index/parent_prefix_path/turtlesim_custom_msgs
[0.807s] -- Up-to-date: /home/basmala/ros2_ws/install/turtlesim_custom_msgs/share/turtlesim_custom_msgs/environment/ament_prefix_path.sh
[0.807s] -- Up-to-date: /home/basmala/ros2_ws/install/turtlesim_custom_msgs/share/turtlesim_custom_msgs/environment/ament_prefix_path.dsv
[0.807s] -- Up-to-date: /home/basmala/ros2_ws/install/turtlesim_custom_msgs/share/turtlesim_custom_msgs/environment/path.sh
[0.807s] -- Up-to-date: /home/basmala/ros2_ws/install/turtlesim_custom_msgs/share/turtlesim_custom_msgs/environment/path.dsv
[0.807s] -- Up-to-date: /home/basmala/ros2_ws/install/turtlesim_custom_msgs/share/turtlesim_custom_msgs/local_setup.bash
[0.807s] -- Up-to-date: /home/basmala/ros2_ws/install/turtlesim_custom_msgs/share/turtlesim_custom_msgs/local_setup.sh
[0.807s] -- Up-to-date: /home/basmala/ros2_ws/install/turtlesim_custom_msgs/share/turtlesim_custom_msgs/local_setup.zsh
[0.807s] -- Up-to-date: /home/basmala/ros2_ws/install/turtlesim_custom_msgs/share/turtlesim_custom_msgs/local_setup.dsv
[0.807s] -- Installing: /home/basmala/ros2_ws/install/turtlesim_custom_msgs/share/turtlesim_custom_msgs/package.dsv
[0.808s] -- Up-to-date: /home/basmala/ros2_ws/install/turtlesim_custom_msgs/share/ament_index/resource_index/packages/turtlesim_custom_msgs
[0.808s] -- Up-to-date: /home/basmala/ros2_ws/install/turtlesim_custom_msgs/share/turtlesim_custom_msgs/cmake/export_turtlesim_custom_msgs__rosidl_generator_cExport.cmake
[0.808s] -- Up-to-date: /home/basmala/ros2_ws/install/turtlesim_custom_msgs/share/turtlesim_custom_msgs/cmake/export_turtlesim_custom_msgs__rosidl_generator_cExport-noconfig.cmake
[0.808s] -- Up-to-date: /home/basmala/ros2_ws/install/turtlesim_custom_msgs/share/turtlesim_custom_msgs/cmake/export_turtlesim_custom_msgs__rosidl_typesupport_fastrtps_cExport.cmake
[0.808s] -- Up-to-date: /home/basmala/ros2_ws/install/turtlesim_custom_msgs/share/turtlesim_custom_msgs/cmake/export_turtlesim_custom_msgs__rosidl_typesupport_fastrtps_cExport-noconfig.cmake
[0.808s] -- Up-to-date: /home/basmala/ros2_ws/install/turtlesim_custom_msgs/share/turtlesim_custom_msgs/cmake/turtlesim_custom_msgs__rosidl_typesupport_introspection_cExport.cmake
[0.808s] -- Up-to-date: /home/basmala/ros2_ws/install/turtlesim_custom_msgs/share/turtlesim_custom_msgs/cmake/turtlesim_custom_msgs__rosidl_typesupport_introspection_cExport-noconfig.cmake
[0.808s] -- Up-to-date: /home/basmala/ros2_ws/install/turtlesim_custom_msgs/share/turtlesim_custom_msgs/cmake/turtlesim_custom_msgs__rosidl_typesupport_cExport.cmake
[0.808s] -- Up-to-date: /home/basmala/ros2_ws/install/turtlesim_custom_msgs/share/turtlesim_custom_msgs/cmake/turtlesim_custom_msgs__rosidl_typesupport_cExport-noconfig.cmake
[0.808s] -- Up-to-date: /home/basmala/ros2_ws/install/turtlesim_custom_msgs/share/turtlesim_custom_msgs/cmake/export_turtlesim_custom_msgs__rosidl_generator_cppExport.cmake
[0.808s] -- Up-to-date: /home/basmala/ros2_ws/install/turtlesim_custom_msgs/share/turtlesim_custom_msgs/cmake/export_turtlesim_custom_msgs__rosidl_typesupport_fastrtps_cppExport.cmake
[0.808s] -- Up-to-date: /home/basmala/ros2_ws/install/turtlesim_custom_msgs/share/turtlesim_custom_msgs/cmake/export_turtlesim_custom_msgs__rosidl_typesupport_fastrtps_cppExport-noconfig.cmake
[0.809s] -- Up-to-date: /home/basmala/ros2_ws/install/turtlesim_custom_msgs/share/turtlesim_custom_msgs/cmake/turtlesim_custom_msgs__rosidl_typesupport_introspection_cppExport.cmake
[0.809s] -- Up-to-date: /home/basmala/ros2_ws/install/turtlesim_custom_msgs/share/turtlesim_custom_msgs/cmake/turtlesim_custom_msgs__rosidl_typesupport_introspection_cppExport-noconfig.cmake
[0.809s] -- Up-to-date: /home/basmala/ros2_ws/install/turtlesim_custom_msgs/share/turtlesim_custom_msgs/cmake/turtlesim_custom_msgs__rosidl_typesupport_cppExport.cmake
[0.809s] -- Up-to-date: /home/basmala/ros2_ws/install/turtlesim_custom_msgs/share/turtlesim_custom_msgs/cmake/turtlesim_custom_msgs__rosidl_typesupport_cppExport-noconfig.cmake
[0.809s] -- Up-to-date: /home/basmala/ros2_ws/install/turtlesim_custom_msgs/share/turtlesim_custom_msgs/cmake/export_turtlesim_custom_msgs__rosidl_generator_pyExport.cmake
[0.809s] -- Up-to-date: /home/basmala/ros2_ws/install/turtlesim_custom_msgs/share/turtlesim_custom_msgs/cmake/export_turtlesim_custom_msgs__rosidl_generator_pyExport-noconfig.cmake
[0.809s] -- Up-to-date: /home/basmala/ros2_ws/install/turtlesim_custom_msgs/share/turtlesim_custom_msgs/cmake/rosidl_cmake-extras.cmake
[0.809s] -- Up-to-date: /home/basmala/ros2_ws/install/turtlesim_custom_msgs/share/turtlesim_custom_msgs/cmake/ament_cmake_export_dependencies-extras.cmake
[0.809s] -- Up-to-date: /home/basmala/ros2_ws/install/turtlesim_custom_msgs/share/turtlesim_custom_msgs/cmake/ament_cmake_export_include_directories-extras.cmake
[0.809s] -- Up-to-date: /home/basmala/ros2_ws/install/turtlesim_custom_msgs/share/turtlesim_custom_msgs/cmake/ament_cmake_export_libraries-extras.cmake
[0.809s] -- Up-to-date: /home/basmala/ros2_ws/install/turtlesim_custom_msgs/share/turtlesim_custom_msgs/cmake/ament_cmake_export_targets-extras.cmake
[0.809s] -- Up-to-date: /home/basmala/ros2_ws/install/turtlesim_custom_msgs/share/turtlesim_custom_msgs/cmake/rosidl_cmake_export_typesupport_targets-extras.cmake
[0.809s] -- Up-to-date: /home/basmala/ros2_ws/install/turtlesim_custom_msgs/share/turtlesim_custom_msgs/cmake/rosidl_cmake_export_typesupport_libraries-extras.cmake
[0.810s] -- Up-to-date: /home/basmala/ros2_ws/install/turtlesim_custom_msgs/share/turtlesim_custom_msgs/cmake/turtlesim_custom_msgsConfig.cmake
[0.810s] -- Up-to-date: /home/basmala/ros2_ws/install/turtlesim_custom_msgs/share/turtlesim_custom_msgs/cmake/turtlesim_custom_msgsConfig-version.cmake
[0.810s] -- Up-to-date: /home/basmala/ros2_ws/install/turtlesim_custom_msgs/share/turtlesim_custom_msgs/package.xml
[0.812s] Invoked command in '/home/basmala/ros2_ws/build/turtlesim_custom_msgs' returned '0': CMAKE_PREFIX_PATH=${CMAKE_PREFIX_PATH}:/home/basmala/ros2_ws/install/first_package_python:/opt/ros/jazzy DEBUGINFOD_URLS=https://debuginfod.ubuntu.com /usr/bin/cmake --install /home/basmala/ros2_ws/build/turtlesim_custom_msgs
