[0.116s] Invoking command in '/home/basmala/ros2_ws/build/yahboom_rosmaster_gazebo': CMAKE_PREFIX_PATH=${CMAKE_PREFIX_PATH}:/home/basmala/ros2_ws/install/first_package_python:/opt/ros/jazzy DEBUGINFOD_URLS=https://debuginfod.ubuntu.com /usr/bin/cmake /home/basmala/ros2_ws/src/yahboom_rosmaster/yahboom_rosmaster_gazebo -DCMAKE_INSTALL_PREFIX=/home/basmala/ros2_ws/install/yahboom_rosmaster_gazebo
[0.708s] -- Found ament_cmake: 2.5.4 (/opt/ros/jazzy/share/ament_cmake/cmake)
[0.708s] -- Override CMake install command with custom implementation using symlinks instead of copying resources
[0.708s] -- Found controller_manager: 4.39.2 (/opt/ros/jazzy/share/controller_manager/cmake)
[0.722s] -- Found rosidl_generator_c: 4.6.6 (/opt/ros/jazzy/share/rosidl_generator_c/cmake)
[0.743s] -- Found rosidl_generator_cpp: 4.6.6 (/opt/ros/jazzy/share/rosidl_generator_cpp/cmake)
[0.763s] -- Using all available rosidl_typesupport_c: rosidl_typesupport_fastrtps_c;rosidl_typesupport_introspection_c
[0.795s] -- Using all available rosidl_typesupport_cpp: rosidl_typesupport_fastrtps_cpp;rosidl_typesupport_introspection_cpp
[0.913s] -- Found rmw_implementation_cmake: 7.3.2 (/opt/ros/jazzy/share/rmw_implementation_cmake/cmake)
[0.916s] -- Found rmw_fastrtps_cpp: 8.4.3 (/opt/ros/jazzy/share/rmw_fastrtps_cpp/cmake)
[1.064s] -- Using RMW implementation 'rmw_fastrtps_cpp' as default
[2.082s] -- Found gz_ros2_control: 1.2.16 (/opt/ros/jazzy/share/gz_ros2_control/cmake)
[2.115s] -- Found ros_gz: 1.0.16 (/opt/ros/jazzy/share/ros_gz/cmake)
[2.115s] -- Found ros_gz_bridge: 1.0.16 (/opt/ros/jazzy/share/ros_gz_bridge/cmake)
[2.158s] -- Looking for gz-msgs10 -- found version 10.3.2
[2.169s] -- Searching for dependencies of gz-msgs10
[2.216s] -- Looking for gz-utils2 -- found version 2.2.1
[2.217s] -- Searching for dependencies of gz-utils2
[2.221s] -- Looking for gz-math7 -- found version 7.5.2
[2.221s] -- Searching for dependencies of gz-math7
[2.221s] -- Looking for gz-utils2 -- found version 2.2.1
[2.232s] -- Checking for module 'tinyxml2'
[2.261s] --   Found tinyxml2, version 10.0.0
[2.328s] -- Looking for gz-transport13 -- found version 13.5.0
[2.329s] -- Searching for dependencies of gz-transport13
[2.392s] -- Config-file not installed for ZeroMQ -- checking for pkg-config
[2.401s] -- Checking for module 'libzmq >= 4'
[2.433s] --   Found libzmq, version 4.3.5
[2.513s] -- Checking for module 'uuid'
[2.548s] --   Found uuid, version 2.39.3
[2.601s] -- Looking for gz-utils2 -- found version 2.2.1
[2.602s] -- Searching for dependencies of gz-utils2
[2.602s] -- Searching for <gz-utils2> component [cli]
[2.603s] -- Looking for gz-utils2-cli -- found version 2.2.1
[2.604s] -- Searching for dependencies of gz-utils2-cli
[2.606s] -- Looking for gz-msgs10 -- found version 10.3.2
[2.886s] -- Found ros_gz_image: 1.0.16 (/opt/ros/jazzy/share/ros_gz_image/cmake)
[2.887s] -- Found ros_gz_sim: 1.0.16 (/opt/ros/jazzy/share/ros_gz_sim/cmake)
[2.929s] -- Found ros2_control: 4.39.2 (/opt/ros/jazzy/share/ros2_control/cmake)
[2.929s] -- Found ros2_controllers: 4.34.0 (/opt/ros/jazzy/share/ros2_controllers/cmake)
[2.930s] -- Found xacro: 2.1.1 (/opt/ros/jazzy/share/xacro/cmake)
[2.932s] -- Found ament_lint_auto: 0.17.3 (/opt/ros/jazzy/share/ament_lint_auto/cmake)
[3.108s] -- Added test 'flake8' to check Python code syntax and style conventions
[3.108s] -- Configured 'flake8' exclude dirs and/or files: 
[3.117s] -- Added test 'lint_cmake' to check CMake code style
[3.122s] -- Added test 'pep257' to check Python code against some of the docstring style conventions in PEP 257
[3.167s] -- Added test 'xmllint' to check XML markup files
[3.168s] -- Configuring done (3.0s)
[3.175s] -- Generating done (0.0s)
[3.179s] -- Build files have been written to: /home/basmala/ros2_ws/build/yahboom_rosmaster_gazebo
