[0.017s] Invoking command in '/home/basmala/ros2_ws/build/cpp_tf2_pkg': CMAKE_PREFIX_PATH=${CMAKE_PREFIX_PATH}:/home/basmala/ros2_ws/install/python_tf2_pkg:/home/basmala/ros2_ws/install/turtle_action_client:/home/basmala/ros2_ws/install/first_package_python:/home/basmala/ros2_ws/install/fibonacci:/opt/ros/jazzy DEBUGINFOD_URLS=https://debuginfod.ubuntu.com /usr/bin/cmake --build /home/basmala/ros2_ws/build/cpp_tf2_pkg -- -j20 -l20
[0.071s] -- Found ament_cmake: 2.5.5 (/opt/ros/jazzy/share/ament_cmake/cmake)
[0.521s] -- Found rclcpp: 28.1.16 (/opt/ros/jazzy/share/rclcpp/cmake)
[0.552s] -- Found rosidl_generator_c: 4.6.7 (/opt/ros/jazzy/share/rosidl_generator_c/cmake)
[0.559s] -- Found rosidl_generator_cpp: 4.6.7 (/opt/ros/jazzy/share/rosidl_generator_cpp/cmake)
[0.570s] -- Using all available rosidl_typesupport_c: rosidl_typesupport_fastrtps_c;rosidl_typesupport_introspection_c
[0.581s] -- Using all available rosidl_typesupport_cpp: rosidl_typesupport_fastrtps_cpp;rosidl_typesupport_introspection_cpp
[0.635s] -- Found rmw_implementation_cmake: 7.3.3 (/opt/ros/jazzy/share/rmw_implementation_cmake/cmake)
[0.636s] -- Found rmw_fastrtps_cpp: 8.4.3 (/opt/ros/jazzy/share/rmw_fastrtps_cpp/cmake)
[0.718s] -- Using RMW implementation 'rmw_fastrtps_cpp' as default
[0.824s] -- Found tf2: 0.36.19 (/opt/ros/jazzy/share/tf2/cmake)
[0.852s] -- Found tf2_ros: 0.36.20 (/opt/ros/jazzy/share/tf2_ros/cmake)
[0.940s] -- Found tf2_geometry_msgs: 0.36.19 (/opt/ros/jazzy/share/tf2_geometry_msgs/cmake)
[0.944s] -- Found eigen3_cmake_module: 0.3.0 (/opt/ros/jazzy/share/eigen3_cmake_module/cmake)
[0.945s] -- Ensuring Eigen3 include directory is part of orocos-kdl CMake target
[0.946s] -- Found turtlesim: 1.8.3 (/opt/ros/jazzy/share/turtlesim/cmake)
[0.968s] -- Found ament_lint_auto: 0.17.4 (/opt/ros/jazzy/share/ament_lint_auto/cmake)
[1.059s] -- Added test 'cppcheck' to perform static code analysis on C / C++ code
[1.059s] -- Configured cppcheck include dirs: 
[1.059s] -- Configured cppcheck exclude dirs and/or files: 
[1.059s] -- Added test 'flake8' to check Python code syntax and style conventions
[1.059s] -- Configured 'flake8' exclude dirs and/or files: 
[1.061s] -- Added test 'lint_cmake' to check CMake code style
[1.061s] -- Added test 'pep257' to check Python code against some of the docstring style conventions in PEP 257
[1.062s] -- Added test 'uncrustify' to check C / C++ code style
[1.062s] -- Configured uncrustify additional arguments: 
[1.062s] -- Added test 'xmllint' to check XML markup files
[1.063s] -- Configuring done (1.0s)
[1.088s] -- Generating done (0.0s)
[1.099s] -- Build files have been written to: /home/basmala/ros2_ws/build/cpp_tf2_pkg
[1.193s] [ 33%] Built target simple_quat
[1.193s] [ 66%] Built target static_broad
[1.193s] [100%] Built target broadcaster
[1.215s] Invoked command in '/home/basmala/ros2_ws/build/cpp_tf2_pkg' returned '0': CMAKE_PREFIX_PATH=${CMAKE_PREFIX_PATH}:/home/basmala/ros2_ws/install/python_tf2_pkg:/home/basmala/ros2_ws/install/turtle_action_client:/home/basmala/ros2_ws/install/first_package_python:/home/basmala/ros2_ws/install/fibonacci:/opt/ros/jazzy DEBUGINFOD_URLS=https://debuginfod.ubuntu.com /usr/bin/cmake --build /home/basmala/ros2_ws/build/cpp_tf2_pkg -- -j20 -l20
[1.237s] Invoking command in '/home/basmala/ros2_ws/build/cpp_tf2_pkg': CMAKE_PREFIX_PATH=${CMAKE_PREFIX_PATH}:/home/basmala/ros2_ws/install/python_tf2_pkg:/home/basmala/ros2_ws/install/turtle_action_client:/home/basmala/ros2_ws/install/first_package_python:/home/basmala/ros2_ws/install/fibonacci:/opt/ros/jazzy DEBUGINFOD_URLS=https://debuginfod.ubuntu.com /usr/bin/cmake --install /home/basmala/ros2_ws/build/cpp_tf2_pkg
[1.249s] -- Install configuration: ""
[1.249s] -- Up-to-date: /home/basmala/ros2_ws/install/cpp_tf2_pkg/lib/cpp_tf2_pkg/simple_quat
[1.250s] -- Up-to-date: /home/basmala/ros2_ws/install/cpp_tf2_pkg/lib/cpp_tf2_pkg/static_broad
[1.250s] -- Up-to-date: /home/basmala/ros2_ws/install/cpp_tf2_pkg/lib/cpp_tf2_pkg/broadcaster
[1.250s] -- Installing: /home/basmala/ros2_ws/install/cpp_tf2_pkg/share/cpp_tf2_pkg//launch
[1.250s] -- Installing: /home/basmala/ros2_ws/install/cpp_tf2_pkg/share/cpp_tf2_pkg//launch/broadcaster.launch.py
[1.250s] -- Up-to-date: /home/basmala/ros2_ws/install/cpp_tf2_pkg/share/ament_index/resource_index/package_run_dependencies/cpp_tf2_pkg
[1.251s] -- Up-to-date: /home/basmala/ros2_ws/install/cpp_tf2_pkg/share/ament_index/resource_index/parent_prefix_path/cpp_tf2_pkg
[1.251s] -- Up-to-date: /home/basmala/ros2_ws/install/cpp_tf2_pkg/share/cpp_tf2_pkg/environment/ament_prefix_path.sh
[1.251s] -- Up-to-date: /home/basmala/ros2_ws/install/cpp_tf2_pkg/share/cpp_tf2_pkg/environment/ament_prefix_path.dsv
[1.251s] -- Up-to-date: /home/basmala/ros2_ws/install/cpp_tf2_pkg/share/cpp_tf2_pkg/environment/path.sh
[1.251s] -- Up-to-date: /home/basmala/ros2_ws/install/cpp_tf2_pkg/share/cpp_tf2_pkg/environment/path.dsv
[1.251s] -- Up-to-date: /home/basmala/ros2_ws/install/cpp_tf2_pkg/share/cpp_tf2_pkg/local_setup.bash
[1.251s] -- Up-to-date: /home/basmala/ros2_ws/install/cpp_tf2_pkg/share/cpp_tf2_pkg/local_setup.sh
[1.252s] -- Up-to-date: /home/basmala/ros2_ws/install/cpp_tf2_pkg/share/cpp_tf2_pkg/local_setup.zsh
[1.252s] -- Up-to-date: /home/basmala/ros2_ws/install/cpp_tf2_pkg/share/cpp_tf2_pkg/local_setup.dsv
[1.252s] -- Installing: /home/basmala/ros2_ws/install/cpp_tf2_pkg/share/cpp_tf2_pkg/package.dsv
[1.252s] -- Up-to-date: /home/basmala/ros2_ws/install/cpp_tf2_pkg/share/ament_index/resource_index/packages/cpp_tf2_pkg
[1.252s] -- Up-to-date: /home/basmala/ros2_ws/install/cpp_tf2_pkg/share/cpp_tf2_pkg/cmake/cpp_tf2_pkgConfig.cmake
[1.252s] -- Up-to-date: /home/basmala/ros2_ws/install/cpp_tf2_pkg/share/cpp_tf2_pkg/cmake/cpp_tf2_pkgConfig-version.cmake
[1.252s] -- Up-to-date: /home/basmala/ros2_ws/install/cpp_tf2_pkg/share/cpp_tf2_pkg/package.xml
[1.254s] Invoked command in '/home/basmala/ros2_ws/build/cpp_tf2_pkg' returned '0': CMAKE_PREFIX_PATH=${CMAKE_PREFIX_PATH}:/home/basmala/ros2_ws/install/python_tf2_pkg:/home/basmala/ros2_ws/install/turtle_action_client:/home/basmala/ros2_ws/install/first_package_python:/home/basmala/ros2_ws/install/fibonacci:/opt/ros/jazzy DEBUGINFOD_URLS=https://debuginfod.ubuntu.com /usr/bin/cmake --install /home/basmala/ros2_ws/build/cpp_tf2_pkg
