[0.008s] Invoking command in '/home/basmala/ros2_ws/build/turtle_action_cpp': DEBUGINFOD_URLS=https://debuginfod.ubuntu.com /usr/bin/cmake /home/basmala/ros2_ws/turtle_action_cpp -DCMAKE_INSTALL_PREFIX=/home/basmala/ros2_ws/install/turtle_action_cpp
[0.028s] -- Found ament_cmake: 2.5.5 (/opt/ros/jazzy/share/ament_cmake/cmake)
[0.385s] -- Found rclcpp: 28.1.16 (/opt/ros/jazzy/share/rclcpp/cmake)
[0.441s] -- Found rosidl_generator_c: 4.6.7 (/opt/ros/jazzy/share/rosidl_generator_c/cmake)
[0.458s] -- Found rosidl_generator_cpp: 4.6.7 (/opt/ros/jazzy/share/rosidl_generator_cpp/cmake)
[0.482s] -- Using all available rosidl_typesupport_c: rosidl_typesupport_fastrtps_c;rosidl_typesupport_introspection_c
[0.508s] -- Using all available rosidl_typesupport_cpp: rosidl_typesupport_fastrtps_cpp;rosidl_typesupport_introspection_cpp
[0.557s] -- Found rmw_implementation_cmake: 7.3.3 (/opt/ros/jazzy/share/rmw_implementation_cmake/cmake)
[0.558s] -- Found rmw_fastrtps_cpp: 8.4.3 (/opt/ros/jazzy/share/rmw_fastrtps_cpp/cmake)
[0.645s] -- Using RMW implementation 'rmw_fastrtps_cpp' as default
[0.733s] -- Found rclcpp_action: 28.1.16 (/opt/ros/jazzy/share/rclcpp_action/cmake)
[0.760s] -- Found turtlesim: 1.8.3 (/opt/ros/jazzy/share/turtlesim/cmake)
[0.774s] -- Found ament_lint_auto: 0.17.4 (/opt/ros/jazzy/share/ament_lint_auto/cmake)
[0.885s] Error parsing '/home/basmala/ros2_ws/turtle_action_cpp/package.xml':
[3.425s] Traceback (most recent call last):
[3.426s]   File "/opt/ros/jazzy/share/ament_cmake_core/cmake/core/package_xml_2_cmake.py", line 150, in <module>
[3.426s]     main()
[3.426s]   File "/opt/ros/jazzy/share/ament_cmake_core/cmake/core/package_xml_2_cmake.py", line 53, in main
[3.426s]     raise e
[3.427s]   File "/opt/ros/jazzy/share/ament_cmake_core/cmake/core/package_xml_2_cmake.py", line 49, in main
[3.427s]     package = parse_package_string(
[3.427s]               ^^^^^^^^^^^^^^^^^^^^^
[3.427s]   File "/usr/lib/python3/dist-packages/catkin_pkg/package.py", line 786, in parse_package_string
[3.427s]     raise InvalidPackage('Error(s):%s' % (''.join(['\n- %s' % e for e in errors])), filename)
[3.427s] catkin_pkg.package.InvalidPackage: Error(s) in package '/home/basmala/ros2_ws/turtle_action_cpp/package.xml':
[3.427s] Error(s):
[3.427s] - The generic dependency on 'rclcpp' is redundant with: exec_depend
[3.427s] - The generic dependency on 'rclcpp_action' is redundant with: exec_depend
[3.427s] - The generic dependency on 'turtlesim' is redundant with: exec_depend
[3.482s] [31mCMake Error at /opt/ros/jazzy/share/ament_cmake_core/cmake/core/ament_package_xml.cmake:95 (message):
[3.483s]   execute_process(/usr/bin/python3
[3.483s]   /opt/ros/jazzy/share/ament_cmake_core/cmake/core/package_xml_2_cmake.py
[3.483s]   /home/basmala/ros2_ws/turtle_action_cpp/package.xml
[3.483s]   /home/basmala/ros2_ws/build/turtle_action_cpp/ament_cmake_core/package.cmake)
[3.483s]   returned error code 1
[3.483s] Call Stack (most recent call first):
[3.483s]   /opt/ros/jazzy/share/ament_cmake_core/cmake/core/ament_package_xml.cmake:49 (_ament_package_xml)
[3.483s]   /opt/ros/jazzy/share/ament_lint_auto/cmake/ament_lint_auto_find_test_dependencies.cmake:31 (ament_package_xml)
[3.483s]   CMakeLists.txt:38 (ament_lint_auto_find_test_dependencies)
[3.484s] 
[3.484s] [0m
[3.484s] -- Configuring incomplete, errors occurred!
[3.495s] Invoked command in '/home/basmala/ros2_ws/build/turtle_action_cpp' returned '1': DEBUGINFOD_URLS=https://debuginfod.ubuntu.com /usr/bin/cmake /home/basmala/ros2_ws/turtle_action_cpp -DCMAKE_INSTALL_PREFIX=/home/basmala/ros2_ws/install/turtle_action_cpp
