[0.620s] Invoking command in '/home/basmala/ros2_ws/python_tf2_pkg': DEBUGINFOD_URLS=https://debuginfod.ubuntu.com PYTHONPATH=/home/basmala/ros2_ws/build/python_tf2_pkg/prefix_override:/usr/lib/python3/dist-packages/colcon_core/task/python/colcon_distutils_commands:/home/basmala/ros2_ws/install/python_tf2_pkg/lib/python3.12/site-packages:${PYTHONPATH} /usr/bin/python3 -W ignore:setup.py install is deprecated -W ignore:easy_install command is deprecated setup.py egg_info --egg-base ../build/python_tf2_pkg build --build-base /home/basmala/ros2_ws/build/python_tf2_pkg/build install --record /home/basmala/ros2_ws/build/python_tf2_pkg/install.log --single-version-externally-managed install_data
[0.779s] running egg_info
[0.779s] creating ../build/python_tf2_pkg/python_tf2_pkg.egg-info
[0.790s] writing ../build/python_tf2_pkg/python_tf2_pkg.egg-info/PKG-INFO
[0.790s] writing dependency_links to ../build/python_tf2_pkg/python_tf2_pkg.egg-info/dependency_links.txt
[0.790s] writing requirements to ../build/python_tf2_pkg/python_tf2_pkg.egg-info/requires.txt
[0.790s] writing top-level names to ../build/python_tf2_pkg/python_tf2_pkg.egg-info/top_level.txt
[0.790s] writing manifest file '../build/python_tf2_pkg/python_tf2_pkg.egg-info/SOURCES.txt'
[0.812s] reading manifest file '../build/python_tf2_pkg/python_tf2_pkg.egg-info/SOURCES.txt'
[0.812s] writing manifest file '../build/python_tf2_pkg/python_tf2_pkg.egg-info/SOURCES.txt'
[0.812s] running build
[0.812s] running build_py
[0.812s] creating /home/basmala/ros2_ws/build/python_tf2_pkg/build
[0.813s] creating /home/basmala/ros2_ws/build/python_tf2_pkg/build/lib
[0.813s] creating /home/basmala/ros2_ws/build/python_tf2_pkg/build/lib/python_tf2_pkg
[0.813s] copying python_tf2_pkg/simp_quat.py -> /home/basmala/ros2_ws/build/python_tf2_pkg/build/lib/python_tf2_pkg
[0.813s] copying python_tf2_pkg/__init__.py -> /home/basmala/ros2_ws/build/python_tf2_pkg/build/lib/python_tf2_pkg
[0.813s] running install
[0.817s] running install_lib
[0.828s] creating /home/basmala/ros2_ws/install/python_tf2_pkg/lib/python3.12/site-packages/python_tf2_pkg
[0.828s] copying /home/basmala/ros2_ws/build/python_tf2_pkg/build/lib/python_tf2_pkg/simp_quat.py -> /home/basmala/ros2_ws/install/python_tf2_pkg/lib/python3.12/site-packages/python_tf2_pkg
[0.828s] copying /home/basmala/ros2_ws/build/python_tf2_pkg/build/lib/python_tf2_pkg/__init__.py -> /home/basmala/ros2_ws/install/python_tf2_pkg/lib/python3.12/site-packages/python_tf2_pkg
[0.828s] byte-compiling /home/basmala/ros2_ws/install/python_tf2_pkg/lib/python3.12/site-packages/python_tf2_pkg/simp_quat.py to simp_quat.cpython-312.pyc
[0.829s] byte-compiling /home/basmala/ros2_ws/install/python_tf2_pkg/lib/python3.12/site-packages/python_tf2_pkg/__init__.py to __init__.cpython-312.pyc
[0.829s] running install_data
[0.829s] creating /home/basmala/ros2_ws/install/python_tf2_pkg/share/ament_index
[0.829s] creating /home/basmala/ros2_ws/install/python_tf2_pkg/share/ament_index/resource_index
[0.829s] creating /home/basmala/ros2_ws/install/python_tf2_pkg/share/ament_index/resource_index/packages
[0.829s] copying resource/python_tf2_pkg -> /home/basmala/ros2_ws/install/python_tf2_pkg/share/ament_index/resource_index/packages
[0.829s] copying package.xml -> /home/basmala/ros2_ws/install/python_tf2_pkg/share/python_tf2_pkg
[0.829s] running install_egg_info
[0.841s] Copying ../build/python_tf2_pkg/python_tf2_pkg.egg-info to /home/basmala/ros2_ws/install/python_tf2_pkg/lib/python3.12/site-packages/python_tf2_pkg-0.0.0-py3.12.egg-info
[0.841s] running install_scripts
[0.916s] writing list of installed files to '/home/basmala/ros2_ws/build/python_tf2_pkg/install.log'
[0.933s] Invoked command in '/home/basmala/ros2_ws/python_tf2_pkg' returned '0': DEBUGINFOD_URLS=https://debuginfod.ubuntu.com PYTHONPATH=/home/basmala/ros2_ws/build/python_tf2_pkg/prefix_override:/usr/lib/python3/dist-packages/colcon_core/task/python/colcon_distutils_commands:/home/basmala/ros2_ws/install/python_tf2_pkg/lib/python3.12/site-packages:${PYTHONPATH} /usr/bin/python3 -W ignore:setup.py install is deprecated -W ignore:easy_install command is deprecated setup.py egg_info --egg-base ../build/python_tf2_pkg build --build-base /home/basmala/ros2_ws/build/python_tf2_pkg/build install --record /home/basmala/ros2_ws/build/python_tf2_pkg/install.log --single-version-externally-managed install_data
