[0.665s] Invoking command in '/home/basmala/ros2_ws/turtle_action_client': DEBUGINFOD_URLS=https://debuginfod.ubuntu.com PYTHONPATH=/home/basmala/ros2_ws/build/turtle_action_client/prefix_override:/usr/lib/python3/dist-packages/colcon_core/task/python/colcon_distutils_commands:/home/basmala/ros2_ws/install/turtle_action_client/lib/python3.12/site-packages:${PYTHONPATH} /usr/bin/python3 -W ignore:setup.py install is deprecated -W ignore:easy_install command is deprecated setup.py egg_info --egg-base ../build/turtle_action_client build --build-base /home/basmala/ros2_ws/build/turtle_action_client/build install --record /home/basmala/ros2_ws/build/turtle_action_client/install.log --single-version-externally-managed install_data
[0.867s] running egg_info
[0.879s] writing ../build/turtle_action_client/turtle_action_client.egg-info/PKG-INFO
[0.879s] writing dependency_links to ../build/turtle_action_client/turtle_action_client.egg-info/dependency_links.txt
[0.879s] writing entry points to ../build/turtle_action_client/turtle_action_client.egg-info/entry_points.txt
[0.880s] writing requirements to ../build/turtle_action_client/turtle_action_client.egg-info/requires.txt
[0.880s] writing top-level names to ../build/turtle_action_client/turtle_action_client.egg-info/top_level.txt
[0.901s] reading manifest file '../build/turtle_action_client/turtle_action_client.egg-info/SOURCES.txt'
[0.902s] writing manifest file '../build/turtle_action_client/turtle_action_client.egg-info/SOURCES.txt'
[0.902s] running build
[0.902s] running build_py
[0.903s] copying turtle_action_client/minimal_action_client.py -> /home/basmala/ros2_ws/build/turtle_action_client/build/lib/turtle_action_client
[0.903s] running install
[0.908s] running install_lib
[0.924s] copying /home/basmala/ros2_ws/build/turtle_action_client/build/lib/turtle_action_client/minimal_action_client.py -> /home/basmala/ros2_ws/install/turtle_action_client/lib/python3.12/site-packages/turtle_action_client
[0.925s] byte-compiling /home/basmala/ros2_ws/install/turtle_action_client/lib/python3.12/site-packages/turtle_action_client/minimal_action_client.py to minimal_action_client.cpython-312.pyc
[0.925s] running install_data
[0.926s] running install_egg_info
[0.940s] removing '/home/basmala/ros2_ws/install/turtle_action_client/lib/python3.12/site-packages/turtle_action_client-0.0.0-py3.12.egg-info' (and everything under it)
[0.940s] Copying ../build/turtle_action_client/turtle_action_client.egg-info to /home/basmala/ros2_ws/install/turtle_action_client/lib/python3.12/site-packages/turtle_action_client-0.0.0-py3.12.egg-info
[0.941s] running install_scripts
[1.025s] Installing minimal_action_client script to /home/basmala/ros2_ws/install/turtle_action_client/lib/turtle_action_client
[1.026s] writing list of installed files to '/home/basmala/ros2_ws/build/turtle_action_client/install.log'
[1.045s] Invoked command in '/home/basmala/ros2_ws/turtle_action_client' returned '0': DEBUGINFOD_URLS=https://debuginfod.ubuntu.com PYTHONPATH=/home/basmala/ros2_ws/build/turtle_action_client/prefix_override:/usr/lib/python3/dist-packages/colcon_core/task/python/colcon_distutils_commands:/home/basmala/ros2_ws/install/turtle_action_client/lib/python3.12/site-packages:${PYTHONPATH} /usr/bin/python3 -W ignore:setup.py install is deprecated -W ignore:easy_install command is deprecated setup.py egg_info --egg-base ../build/turtle_action_client build --build-base /home/basmala/ros2_ws/build/turtle_action_client/build install --record /home/basmala/ros2_ws/build/turtle_action_client/install.log --single-version-externally-managed install_data
