running egg_info
creating ../build/fibonacci/fibonacci.egg-info
writing ../build/fibonacci/fibonacci.egg-info/PKG-INFO
writing dependency_links to ../build/fibonacci/fibonacci.egg-info/dependency_links.txt
writing entry points to ../build/fibonacci/fibonacci.egg-info/entry_points.txt
writing requirements to ../build/fibonacci/fibonacci.egg-info/requires.txt
writing top-level names to ../build/fibonacci/fibonacci.egg-info/top_level.txt
writing manifest file '../build/fibonacci/fibonacci.egg-info/SOURCES.txt'
reading manifest file '../build/fibonacci/fibonacci.egg-info/SOURCES.txt'
writing manifest file '../build/fibonacci/fibonacci.egg-info/SOURCES.txt'
running build
running build_py
creating /home/basmala/ros2_ws/build/fibonacci/build
creating /home/basmala/ros2_ws/build/fibonacci/build/lib
creating /home/basmala/ros2_ws/build/fibonacci/build/lib/fibonacci
copying fibonacci/action_server.py -> /home/basmala/ros2_ws/build/fibonacci/build/lib/fibonacci
copying fibonacci/action_client.py -> /home/basmala/ros2_ws/build/fibonacci/build/lib/fibonacci
copying fibonacci/__init__.py -> /home/basmala/ros2_ws/build/fibonacci/build/lib/fibonacci
running install
running install_lib
creating /home/basmala/ros2_ws/install/fibonacci/lib/python3.12/site-packages/fibonacci
copying /home/basmala/ros2_ws/build/fibonacci/build/lib/fibonacci/action_server.py -> /home/basmala/ros2_ws/install/fibonacci/lib/python3.12/site-packages/fibonacci
copying /home/basmala/ros2_ws/build/fibonacci/build/lib/fibonacci/action_client.py -> /home/basmala/ros2_ws/install/fibonacci/lib/python3.12/site-packages/fibonacci
copying /home/basmala/ros2_ws/build/fibonacci/build/lib/fibonacci/__init__.py -> /home/basmala/ros2_ws/install/fibonacci/lib/python3.12/site-packages/fibonacci
byte-compiling /home/basmala/ros2_ws/install/fibonacci/lib/python3.12/site-packages/fibonacci/action_server.py to action_server.cpython-312.pyc
byte-compiling /home/basmala/ros2_ws/install/fibonacci/lib/python3.12/site-packages/fibonacci/action_client.py to action_client.cpython-312.pyc
byte-compiling /home/basmala/ros2_ws/install/fibonacci/lib/python3.12/site-packages/fibonacci/__init__.py to __init__.cpython-312.pyc
running install_data
creating /home/basmala/ros2_ws/install/fibonacci/share/ament_index
creating /home/basmala/ros2_ws/install/fibonacci/share/ament_index/resource_index
creating /home/basmala/ros2_ws/install/fibonacci/share/ament_index/resource_index/packages
copying resource/fibonacci -> /home/basmala/ros2_ws/install/fibonacci/share/ament_index/resource_index/packages
copying package.xml -> /home/basmala/ros2_ws/install/fibonacci/share/fibonacci
running install_egg_info
Copying ../build/fibonacci/fibonacci.egg-info to /home/basmala/ros2_ws/install/fibonacci/lib/python3.12/site-packages/fibonacci-0.0.0-py3.12.egg-info
running install_scripts
Installing action_client script to /home/basmala/ros2_ws/install/fibonacci/lib/fibonacci
Installing action_server script to /home/basmala/ros2_ws/install/fibonacci/lib/fibonacci
writing list of installed files to '/home/basmala/ros2_ws/build/fibonacci/install.log'
