[1.356s] Invoking command in '/home/basmala/ros2_ws/fibonacci': DEBUGINFOD_URLS=https://debuginfod.ubuntu.com PYTHONPATH=/home/basmala/ros2_ws/build/fibonacci/prefix_override:/usr/lib/python3/dist-packages/colcon_core/task/python/colcon_distutils_commands:/home/basmala/ros2_ws/install/fibonacci/lib/python3.12/site-packages:${PYTHONPATH} /usr/bin/python3 -W ignore:setup.py install is deprecated -W ignore:easy_install command is deprecated setup.py egg_info --egg-base ../build/fibonacci build --build-base /home/basmala/ros2_ws/build/fibonacci/build install --record /home/basmala/ros2_ws/build/fibonacci/install.log --single-version-externally-managed install_data
[1.712s] running egg_info
[1.712s] creating ../build/fibonacci/fibonacci.egg-info
[1.730s] writing ../build/fibonacci/fibonacci.egg-info/PKG-INFO
[1.730s] writing dependency_links to ../build/fibonacci/fibonacci.egg-info/dependency_links.txt
[1.730s] writing entry points to ../build/fibonacci/fibonacci.egg-info/entry_points.txt
[1.730s] writing requirements to ../build/fibonacci/fibonacci.egg-info/requires.txt
[1.730s] writing top-level names to ../build/fibonacci/fibonacci.egg-info/top_level.txt
[1.731s] writing manifest file '../build/fibonacci/fibonacci.egg-info/SOURCES.txt'
[1.755s] reading manifest file '../build/fibonacci/fibonacci.egg-info/SOURCES.txt'
[1.755s] writing manifest file '../build/fibonacci/fibonacci.egg-info/SOURCES.txt'
[1.755s] running build
[1.755s] running build_py
[1.755s] creating /home/basmala/ros2_ws/build/fibonacci/build
[1.756s] creating /home/basmala/ros2_ws/build/fibonacci/build/lib
[1.756s] creating /home/basmala/ros2_ws/build/fibonacci/build/lib/fibonacci
[1.756s] copying fibonacci/action_server.py -> /home/basmala/ros2_ws/build/fibonacci/build/lib/fibonacci
[1.756s] copying fibonacci/action_client.py -> /home/basmala/ros2_ws/build/fibonacci/build/lib/fibonacci
[1.756s] copying fibonacci/__init__.py -> /home/basmala/ros2_ws/build/fibonacci/build/lib/fibonacci
[1.756s] running install
[1.760s] running install_lib
[1.771s] creating /home/basmala/ros2_ws/install/fibonacci/lib/python3.12/site-packages/fibonacci
[1.771s] copying /home/basmala/ros2_ws/build/fibonacci/build/lib/fibonacci/action_server.py -> /home/basmala/ros2_ws/install/fibonacci/lib/python3.12/site-packages/fibonacci
[1.771s] copying /home/basmala/ros2_ws/build/fibonacci/build/lib/fibonacci/action_client.py -> /home/basmala/ros2_ws/install/fibonacci/lib/python3.12/site-packages/fibonacci
[1.771s] copying /home/basmala/ros2_ws/build/fibonacci/build/lib/fibonacci/__init__.py -> /home/basmala/ros2_ws/install/fibonacci/lib/python3.12/site-packages/fibonacci
[1.772s] byte-compiling /home/basmala/ros2_ws/install/fibonacci/lib/python3.12/site-packages/fibonacci/action_server.py to action_server.cpython-312.pyc
[1.772s] byte-compiling /home/basmala/ros2_ws/install/fibonacci/lib/python3.12/site-packages/fibonacci/action_client.py to action_client.cpython-312.pyc
[1.773s] byte-compiling /home/basmala/ros2_ws/install/fibonacci/lib/python3.12/site-packages/fibonacci/__init__.py to __init__.cpython-312.pyc
[1.773s] running install_data
[1.773s] creating /home/basmala/ros2_ws/install/fibonacci/share/ament_index
[1.773s] creating /home/basmala/ros2_ws/install/fibonacci/share/ament_index/resource_index
[1.773s] creating /home/basmala/ros2_ws/install/fibonacci/share/ament_index/resource_index/packages
[1.773s] copying resource/fibonacci -> /home/basmala/ros2_ws/install/fibonacci/share/ament_index/resource_index/packages
[1.773s] copying package.xml -> /home/basmala/ros2_ws/install/fibonacci/share/fibonacci
[1.773s] running install_egg_info
[1.785s] Copying ../build/fibonacci/fibonacci.egg-info to /home/basmala/ros2_ws/install/fibonacci/lib/python3.12/site-packages/fibonacci-0.0.0-py3.12.egg-info
[1.786s] running install_scripts
[1.873s] Installing action_client script to /home/basmala/ros2_ws/install/fibonacci/lib/fibonacci
[1.873s] Installing action_server script to /home/basmala/ros2_ws/install/fibonacci/lib/fibonacci
[1.873s] writing list of installed files to '/home/basmala/ros2_ws/build/fibonacci/install.log'
[1.893s] Invoked command in '/home/basmala/ros2_ws/fibonacci' returned '0': DEBUGINFOD_URLS=https://debuginfod.ubuntu.com PYTHONPATH=/home/basmala/ros2_ws/build/fibonacci/prefix_override:/usr/lib/python3/dist-packages/colcon_core/task/python/colcon_distutils_commands:/home/basmala/ros2_ws/install/fibonacci/lib/python3.12/site-packages:${PYTHONPATH} /usr/bin/python3 -W ignore:setup.py install is deprecated -W ignore:easy_install command is deprecated setup.py egg_info --egg-base ../build/fibonacci build --build-base /home/basmala/ros2_ws/build/fibonacci/build install --record /home/basmala/ros2_ws/build/fibonacci/install.log --single-version-externally-managed install_data
