[0.078s] Invoking command in '/home/basmala/ros2_ws/build/yahboom_rosmaster_description': CMAKE_PREFIX_PATH=${CMAKE_PREFIX_PATH}:/home/basmala/ros2_ws/install/first_package_python:/opt/ros/jazzy DEBUGINFOD_URLS=https://debuginfod.ubuntu.com /usr/bin/cmake /home/basmala/ros2_ws/src/yahboom_rosmaster/yahboom_rosmaster_discription -DCMAKE_INSTALL_PREFIX=/home/basmala/ros2_ws/install/yahboom_rosmaster_description
[0.675s] -- The C compiler identification is GNU 13.3.0
[0.676s] -- The CXX compiler identification is GNU 13.3.0
[0.676s] -- Detecting C compiler ABI info
[0.676s] -- Detecting C compiler ABI info - done
[0.676s] -- Check for working C compiler: /usr/bin/cc - skipped
[0.677s] -- Detecting C compile features
[0.677s] -- Detecting C compile features - done
[0.677s] -- Detecting CXX compiler ABI info
[0.688s] -- Detecting CXX compiler ABI info - done
[0.699s] -- Check for working CXX compiler: /usr/bin/c++ - skipped
[0.699s] -- Detecting CXX compile features
[0.700s] -- Detecting CXX compile features - done
[0.710s] -- Found ament_cmake: 2.5.4 (/opt/ros/jazzy/share/ament_cmake/cmake)
[1.109s] -- Found Python3: /usr/bin/python3 (found version "3.12.3") found components: Interpreter 
[1.445s] [31mCMake Error at CMakeLists.txt:15 (find_package):
[1.445s]   By not providing "Findurdf_tutorial.cmake" in CMAKE_MODULE_PATH this
[1.445s]   project has asked CMake to find a package configuration file provided by
[1.445s]   "urdf_tutorial", but CMake did not find one.
[1.446s] 
[1.446s]   Could not find a package configuration file provided by "urdf_tutorial"
[1.446s]   with any of the following names:
[1.446s] 
[1.446s]     urdf_tutorialConfig.cmake
[1.446s]     urdf_tutorial-config.cmake
[1.446s] 
[1.446s]   Add the installation prefix of "urdf_tutorial" to CMAKE_PREFIX_PATH or set
[1.446s]   "urdf_tutorial_DIR" to a directory containing one of the above files.  If
[1.446s]   "urdf_tutorial" provides a separate development package or SDK, be sure it
[1.446s]   has been installed.
[1.446s] 
[1.446s] [0m
[1.447s] -- Configuring incomplete, errors occurred!
[1.456s] Invoked command in '/home/basmala/ros2_ws/build/yahboom_rosmaster_description' returned '1': CMAKE_PREFIX_PATH=${CMAKE_PREFIX_PATH}:/home/basmala/ros2_ws/install/first_package_python:/opt/ros/jazzy DEBUGINFOD_URLS=https://debuginfod.ubuntu.com /usr/bin/cmake /home/basmala/ros2_ws/src/yahboom_rosmaster/yahboom_rosmaster_discription -DCMAKE_INSTALL_PREFIX=/home/basmala/ros2_ws/install/yahboom_rosmaster_description
