[0.029s] Invoking command in '/home/basmala/ros2_ws/build/turtlesim_custom_msgs': CMAKE_PREFIX_PATH=${CMAKE_PREFIX_PATH}:/home/basmala/ros2_ws/install/first_package_python:/opt/ros/jazzy DEBUGINFOD_URLS=https://debuginfod.ubuntu.com /usr/bin/cmake /home/basmala/ros2_ws/turtlesim_custom_msgs -DCMAKE_INSTALL_PREFIX=/home/basmala/ros2_ws/install/turtlesim_custom_msgs
[0.153s] -- The C compiler identification is GNU 13.3.0
[0.257s] -- The CXX compiler identification is GNU 13.3.0
[0.291s] -- Detecting C compiler ABI info
[0.479s] -- Detecting C compiler ABI info - done
[0.498s] -- Check for working C compiler: /usr/bin/cc - skipped
[0.504s] -- Detecting C compile features
[0.505s] -- Detecting C compile features - done
[0.523s] -- Detecting CXX compiler ABI info
[0.709s] -- Detecting CXX compiler ABI info - done
[0.725s] -- Check for working CXX compiler: /usr/bin/c++ - skipped
[0.725s] -- Detecting CXX compile features
[0.726s] -- Detecting CXX compile features - done
[0.734s] -- Found ament_cmake: 2.5.4 (/opt/ros/jazzy/share/ament_cmake/cmake)
[1.048s] -- Found Python3: /usr/bin/python3 (found version "3.12.3") found components: Interpreter 
[1.284s] -- Found rosidl_default_generators: 1.6.0 (/opt/ros/jazzy/share/rosidl_default_generators/cmake)
[1.304s] -- Using all available rosidl_typesupport_c: rosidl_typesupport_fastrtps_c;rosidl_typesupport_introspection_c
[1.426s] -- Using all available rosidl_typesupport_cpp: rosidl_typesupport_fastrtps_cpp;rosidl_typesupport_introspection_cpp
[1.522s] -- Found rosidl_adapter: 4.6.6 (/opt/ros/jazzy/share/rosidl_adapter/cmake)
[2.577s] -- Found ament_cmake_ros: 0.12.0 (/opt/ros/jazzy/share/ament_cmake_ros/cmake)
[3.305s] -- Using all available rosidl_typesupport_c: rosidl_typesupport_fastrtps_c;rosidl_typesupport_introspection_c
[4.231s] -- Using all available rosidl_typesupport_cpp: rosidl_typesupport_fastrtps_cpp;rosidl_typesupport_introspection_cpp
[4.238s] -- Found python_cmake_module: 0.11.1 (/opt/ros/jazzy/share/python_cmake_module/cmake)
[4.469s] -- Found PythonExtra: /usr/bin/python3  
[5.188s] -- Found Python3: /usr/bin/python3 (found version "3.12.3") found components: Interpreter Development NumPy Development.Module Development.Embed 
[5.239s] -- Found ament_lint_auto: 0.17.3 (/opt/ros/jazzy/share/ament_lint_auto/cmake)
[5.274s] -- Added test 'lint_cmake' to check CMake code style
[5.276s] -- Added test 'xmllint' to check XML markup files
[5.279s] -- Configuring done (5.2s)
[5.319s] -- Generating done (0.0s)
[5.332s] -- Build files have been written to: /home/basmala/ros2_ws/build/turtlesim_custom_msgs
[5.346s] Invoked command in '/home/basmala/ros2_ws/build/turtlesim_custom_msgs' returned '0': CMAKE_PREFIX_PATH=${CMAKE_PREFIX_PATH}:/home/basmala/ros2_ws/install/first_package_python:/opt/ros/jazzy DEBUGINFOD_URLS=https://debuginfod.ubuntu.com /usr/bin/cmake /home/basmala/ros2_ws/turtlesim_custom_msgs -DCMAKE_INSTALL_PREFIX=/home/basmala/ros2_ws/install/turtlesim_custom_msgs
[5.348s] Invoking command in '/home/basmala/ros2_ws/build/turtlesim_custom_msgs': CMAKE_PREFIX_PATH=${CMAKE_PREFIX_PATH}:/home/basmala/ros2_ws/install/first_package_python:/opt/ros/jazzy DEBUGINFOD_URLS=https://debuginfod.ubuntu.com /usr/bin/cmake --build /home/basmala/ros2_ws/build/turtlesim_custom_msgs -- -j20 -l20
[5.411s] [  2%] [34m[1mGenerating type hashes for ROS interfaces[0m
[5.422s] [  2%] Built target ament_cmake_python_copy_turtlesim_custom_msgs
[5.682s] [  2%] Built target turtlesim_custom_msgs__rosidl_generator_type_description
[5.698s] [  4%] [34m[1mGenerating C code for ROS interfaces[0m
[5.702s] running egg_info
[5.703s] creating turtlesim_custom_msgs.egg-info
[5.717s] [  6%] [34m[1mGenerating C++ code for ROS interfaces[0m
[5.727s] writing turtlesim_custom_msgs.egg-info/PKG-INFO
[5.727s] writing dependency_links to turtlesim_custom_msgs.egg-info/dependency_links.txt
[5.727s] writing top-level names to turtlesim_custom_msgs.egg-info/top_level.txt
[5.727s] writing manifest file 'turtlesim_custom_msgs.egg-info/SOURCES.txt'
[5.796s] reading manifest file 'turtlesim_custom_msgs.egg-info/SOURCES.txt'
[5.796s] writing manifest file 'turtlesim_custom_msgs.egg-info/SOURCES.txt'
[5.836s] [  6%] Built target ament_cmake_python_build_turtlesim_custom_msgs_egg
[6.102s] [  6%] Built target turtlesim_custom_msgs__cpp
[6.137s] [ 13%] [32mBuilding C object CMakeFiles/turtlesim_custom_msgs__rosidl_generator_c.dir/rosidl_generator_c/turtlesim_custom_msgs/msg/detail/vel__functions.c.o[0m
[6.137s] [ 13%] [32mBuilding C object CMakeFiles/turtlesim_custom_msgs__rosidl_generator_c.dir/rosidl_generator_c/turtlesim_custom_msgs/srv/detail/velocity__functions.c.o[0m
[6.137s] [ 13%] [32mBuilding C object CMakeFiles/turtlesim_custom_msgs__rosidl_generator_c.dir/rosidl_generator_c/turtlesim_custom_msgs/msg/detail/vel__type_support.c.o[0m
[6.140s] [ 15%] [32mBuilding C object CMakeFiles/turtlesim_custom_msgs__rosidl_generator_c.dir/rosidl_generator_c/turtlesim_custom_msgs/msg/detail/vel__description.c.o[0m
[6.143s] [ 18%] [32mBuilding C object CMakeFiles/turtlesim_custom_msgs__rosidl_generator_c.dir/rosidl_generator_c/turtlesim_custom_msgs/srv/detail/velocity__description.c.o[0m
[6.144s] [ 20%] [32mBuilding C object CMakeFiles/turtlesim_custom_msgs__rosidl_generator_c.dir/rosidl_generator_c/turtlesim_custom_msgs/srv/detail/velocity__type_support.c.o[0m
[6.241s] [ 22%] [32m[1mLinking C shared library libturtlesim_custom_msgs__rosidl_generator_c.so[0m
[6.292s] [ 22%] Built target turtlesim_custom_msgs__rosidl_generator_c
[6.308s] [ 27%] [34m[1mGenerating C++ type support for eProsima Fast-RTPS[0m
[6.308s] [ 27%] [34m[1mGenerating C++ introspection for ROS interfaces[0m
[6.312s] [ 29%] [34m[1mGenerating C type support for eProsima Fast-RTPS[0m
[6.313s] [ 31%] [34m[1mGenerating C type support dispatch for ROS interfaces[0m
[6.313s] [ 34%] [34m[1mGenerating C++ type support dispatch for ROS interfaces[0m
[6.314s] [ 36%] [34m[1mGenerating C introspection for ROS interfaces[0m
[6.690s] [ 38%] [32mBuilding CXX object CMakeFiles/turtlesim_custom_msgs__rosidl_typesupport_c.dir/rosidl_typesupport_c/turtlesim_custom_msgs/srv/velocity__type_support.cpp.o[0m
[6.693s] [ 40%] [32mBuilding CXX object CMakeFiles/turtlesim_custom_msgs__rosidl_typesupport_c.dir/rosidl_typesupport_c/turtlesim_custom_msgs/msg/vel__type_support.cpp.o[0m
[6.715s] [ 43%] [32mBuilding CXX object CMakeFiles/turtlesim_custom_msgs__rosidl_typesupport_cpp.dir/rosidl_typesupport_cpp/turtlesim_custom_msgs/msg/vel__type_support.cpp.o[0m
[6.721s] [ 45%] [32mBuilding CXX object CMakeFiles/turtlesim_custom_msgs__rosidl_typesupport_cpp.dir/rosidl_typesupport_cpp/turtlesim_custom_msgs/srv/velocity__type_support.cpp.o[0m
[6.721s] [ 50%] [32mBuilding CXX object CMakeFiles/turtlesim_custom_msgs__rosidl_typesupport_introspection_cpp.dir/rosidl_typesupport_introspection_cpp/turtlesim_custom_msgs/msg/detail/vel__type_support.cpp.o[0m
[6.721s] [ 50%] [32mBuilding CXX object CMakeFiles/turtlesim_custom_msgs__rosidl_typesupport_introspection_cpp.dir/rosidl_typesupport_introspection_cpp/turtlesim_custom_msgs/srv/detail/velocity__type_support.cpp.o[0m
[6.730s] [ 52%] [32mBuilding C object CMakeFiles/turtlesim_custom_msgs__rosidl_typesupport_introspection_c.dir/rosidl_typesupport_introspection_c/turtlesim_custom_msgs/msg/detail/vel__type_support.c.o[0m
[6.733s] [ 54%] [32mBuilding C object CMakeFiles/turtlesim_custom_msgs__rosidl_typesupport_introspection_c.dir/rosidl_typesupport_introspection_c/turtlesim_custom_msgs/srv/detail/velocity__type_support.c.o[0m
[6.780s] [ 56%] [32m[1mLinking CXX shared library libturtlesim_custom_msgs__rosidl_typesupport_c.so[0m
[6.814s] [ 59%] [32mBuilding CXX object CMakeFiles/turtlesim_custom_msgs__rosidl_typesupport_fastrtps_c.dir/rosidl_typesupport_fastrtps_c/turtlesim_custom_msgs/srv/detail/velocity__type_support_c.cpp.o[0m
[6.818s] [ 61%] [32mBuilding CXX object CMakeFiles/turtlesim_custom_msgs__rosidl_typesupport_fastrtps_c.dir/rosidl_typesupport_fastrtps_c/turtlesim_custom_msgs/msg/detail/vel__type_support_c.cpp.o[0m
[6.831s] [ 63%] [32m[1mLinking C shared library libturtlesim_custom_msgs__rosidl_typesupport_introspection_c.so[0m
[6.856s] [ 63%] Built target turtlesim_custom_msgs__rosidl_typesupport_c
[6.888s] [ 63%] Built target turtlesim_custom_msgs__rosidl_typesupport_introspection_c
[6.983s] [ 68%] [32mBuilding CXX object CMakeFiles/turtlesim_custom_msgs__rosidl_typesupport_fastrtps_cpp.dir/rosidl_typesupport_fastrtps_cpp/turtlesim_custom_msgs/srv/detail/dds_fastrtps/velocity__type_support.cpp.o[0m
[6.984s] [ 68%] [32mBuilding CXX object CMakeFiles/turtlesim_custom_msgs__rosidl_typesupport_fastrtps_cpp.dir/rosidl_typesupport_fastrtps_cpp/turtlesim_custom_msgs/msg/detail/dds_fastrtps/vel__type_support.cpp.o[0m
[7.413s] [ 70%] [32m[1mLinking CXX shared library libturtlesim_custom_msgs__rosidl_typesupport_cpp.so[0m
[7.550s] [ 70%] Built target turtlesim_custom_msgs__rosidl_typesupport_cpp
[7.570s] [ 72%] [32m[1mLinking CXX shared library libturtlesim_custom_msgs__rosidl_typesupport_introspection_cpp.so[0m
[7.625s] [ 75%] [32m[1mLinking CXX shared library libturtlesim_custom_msgs__rosidl_typesupport_fastrtps_c.so[0m
[7.686s] [ 75%] Built target turtlesim_custom_msgs__rosidl_typesupport_introspection_cpp
[7.730s] [ 75%] Built target turtlesim_custom_msgs__rosidl_typesupport_fastrtps_c
[7.819s] [ 77%] [32m[1mLinking CXX shared library libturtlesim_custom_msgs__rosidl_typesupport_fastrtps_cpp.so[0m
[7.925s] [ 77%] Built target turtlesim_custom_msgs__rosidl_typesupport_fastrtps_cpp
[7.961s] [ 77%] Built target turtlesim_custom_msgs
[7.987s] [ 79%] [34m[1mGenerating Python code for ROS interfaces[0m
[8.432s] [ 79%] Built target turtlesim_custom_msgs__py
[8.460s] [ 84%] [32mBuilding C object CMakeFiles/turtlesim_custom_msgs__rosidl_generator_py.dir/rosidl_generator_py/turtlesim_custom_msgs/msg/_vel_s.c.o[0m
[8.460s] [ 84%] [32mBuilding C object CMakeFiles/turtlesim_custom_msgs__rosidl_generator_py.dir/rosidl_generator_py/turtlesim_custom_msgs/srv/_velocity_s.c.o[0m
[8.631s] [ 86%] [32m[1mLinking C shared library libturtlesim_custom_msgs__rosidl_generator_py.so[0m
[8.686s] [ 86%] Built target turtlesim_custom_msgs__rosidl_generator_py
[8.714s] [ 88%] [32mBuilding C object CMakeFiles/turtlesim_custom_msgs_s__rosidl_typesupport_c.dir/rosidl_generator_py/turtlesim_custom_msgs/_turtlesim_custom_msgs_s.ep.rosidl_typesupport_c.c.o[0m
[8.715s] [ 90%] [32mBuilding C object CMakeFiles/turtlesim_custom_msgs_s__rosidl_typesupport_introspection_c.dir/rosidl_generator_py/turtlesim_custom_msgs/_turtlesim_custom_msgs_s.ep.rosidl_typesupport_introspection_c.c.o[0m
[8.715s] [ 93%] [32mBuilding C object CMakeFiles/turtlesim_custom_msgs_s__rosidl_typesupport_fastrtps_c.dir/rosidl_generator_py/turtlesim_custom_msgs/_turtlesim_custom_msgs_s.ep.rosidl_typesupport_fastrtps_c.c.o[0m
[8.850s] [ 95%] [32m[1mLinking C shared module rosidl_generator_py/turtlesim_custom_msgs/turtlesim_custom_msgs_s__rosidl_typesupport_c.so[0m
[8.851s] [ 97%] [32m[1mLinking C shared module rosidl_generator_py/turtlesim_custom_msgs/turtlesim_custom_msgs_s__rosidl_typesupport_fastrtps_c.so[0m
[8.852s] [100%] [32m[1mLinking C shared module rosidl_generator_py/turtlesim_custom_msgs/turtlesim_custom_msgs_s__rosidl_typesupport_introspection_c.so[0m
[8.906s] [100%] Built target turtlesim_custom_msgs_s__rosidl_typesupport_introspection_c
[8.906s] [100%] Built target turtlesim_custom_msgs_s__rosidl_typesupport_c
[8.906s] [100%] Built target turtlesim_custom_msgs_s__rosidl_typesupport_fastrtps_c
[8.922s] Invoked command in '/home/basmala/ros2_ws/build/turtlesim_custom_msgs' returned '0': CMAKE_PREFIX_PATH=${CMAKE_PREFIX_PATH}:/home/basmala/ros2_ws/install/first_package_python:/opt/ros/jazzy DEBUGINFOD_URLS=https://debuginfod.ubuntu.com /usr/bin/cmake --build /home/basmala/ros2_ws/build/turtlesim_custom_msgs -- -j20 -l20
[8.935s] Invoking command in '/home/basmala/ros2_ws/build/turtlesim_custom_msgs': CMAKE_PREFIX_PATH=${CMAKE_PREFIX_PATH}:/home/basmala/ros2_ws/install/first_package_python:/opt/ros/jazzy DEBUGINFOD_URLS=https://debuginfod.ubuntu.com /usr/bin/cmake --install /home/basmala/ros2_ws/build/turtlesim_custom_msgs
[8.945s] -- Install configuration: ""
[8.946s] -- Installing: /home/basmala/ros2_ws/install/turtlesim_custom_msgs/share/ament_index/resource_index/rosidl_interfaces/turtlesim_custom_msgs
[8.946s] -- Installing: /home/basmala/ros2_ws/install/turtlesim_custom_msgs/share/turtlesim_custom_msgs/msg/Vel.json
[8.946s] -- Installing: /home/basmala/ros2_ws/install/turtlesim_custom_msgs/share/turtlesim_custom_msgs/srv/Velocity.json
[8.946s] -- Installing: /home/basmala/ros2_ws/install/turtlesim_custom_msgs/include/turtlesim_custom_msgs/turtlesim_custom_msgs
[8.947s] -- Installing: /home/basmala/ros2_ws/install/turtlesim_custom_msgs/include/turtlesim_custom_msgs/turtlesim_custom_msgs/srv
[8.947s] -- Installing: /home/basmala/ros2_ws/install/turtlesim_custom_msgs/include/turtlesim_custom_msgs/turtlesim_custom_msgs/srv/detail
[8.947s] -- Installing: /home/basmala/ros2_ws/install/turtlesim_custom_msgs/include/turtlesim_custom_msgs/turtlesim_custom_msgs/srv/detail/velocity__description.c
[8.947s] -- Installing: /home/basmala/ros2_ws/install/turtlesim_custom_msgs/include/turtlesim_custom_msgs/turtlesim_custom_msgs/srv/detail/velocity__functions.c
[8.947s] -- Installing: /home/basmala/ros2_ws/install/turtlesim_custom_msgs/include/turtlesim_custom_msgs/turtlesim_custom_msgs/srv/detail/velocity__type_support.c
[8.947s] -- Installing: /home/basmala/ros2_ws/install/turtlesim_custom_msgs/include/turtlesim_custom_msgs/turtlesim_custom_msgs/srv/detail/velocity__struct.h
[8.948s] -- Installing: /home/basmala/ros2_ws/install/turtlesim_custom_msgs/include/turtlesim_custom_msgs/turtlesim_custom_msgs/srv/detail/velocity__functions.h
[8.948s] -- Installing: /home/basmala/ros2_ws/install/turtlesim_custom_msgs/include/turtlesim_custom_msgs/turtlesim_custom_msgs/srv/detail/velocity__type_support.h
[8.948s] -- Installing: /home/basmala/ros2_ws/install/turtlesim_custom_msgs/include/turtlesim_custom_msgs/turtlesim_custom_msgs/srv/velocity.h
[8.948s] -- Installing: /home/basmala/ros2_ws/install/turtlesim_custom_msgs/include/turtlesim_custom_msgs/turtlesim_custom_msgs/msg
[8.948s] -- Installing: /home/basmala/ros2_ws/install/turtlesim_custom_msgs/include/turtlesim_custom_msgs/turtlesim_custom_msgs/msg/detail
[8.948s] -- Installing: /home/basmala/ros2_ws/install/turtlesim_custom_msgs/include/turtlesim_custom_msgs/turtlesim_custom_msgs/msg/detail/vel__functions.c
[8.949s] -- Installing: /home/basmala/ros2_ws/install/turtlesim_custom_msgs/include/turtlesim_custom_msgs/turtlesim_custom_msgs/msg/detail/vel__description.c
[8.949s] -- Installing: /home/basmala/ros2_ws/install/turtlesim_custom_msgs/include/turtlesim_custom_msgs/turtlesim_custom_msgs/msg/detail/vel__type_support.h
[8.949s] -- Installing: /home/basmala/ros2_ws/install/turtlesim_custom_msgs/include/turtlesim_custom_msgs/turtlesim_custom_msgs/msg/detail/vel__functions.h
[8.949s] -- Installing: /home/basmala/ros2_ws/install/turtlesim_custom_msgs/include/turtlesim_custom_msgs/turtlesim_custom_msgs/msg/detail/vel__type_support.c
[8.949s] -- Installing: /home/basmala/ros2_ws/install/turtlesim_custom_msgs/include/turtlesim_custom_msgs/turtlesim_custom_msgs/msg/detail/vel__struct.h
[8.950s] -- Installing: /home/basmala/ros2_ws/install/turtlesim_custom_msgs/include/turtlesim_custom_msgs/turtlesim_custom_msgs/msg/rosidl_generator_c__visibility_control.h
[8.950s] -- Installing: /home/basmala/ros2_ws/install/turtlesim_custom_msgs/include/turtlesim_custom_msgs/turtlesim_custom_msgs/msg/vel.h
[8.950s] -- Installing: /home/basmala/ros2_ws/install/turtlesim_custom_msgs/share/turtlesim_custom_msgs/environment/library_path.sh
[8.950s] -- Installing: /home/basmala/ros2_ws/install/turtlesim_custom_msgs/share/turtlesim_custom_msgs/environment/library_path.dsv
[8.951s] -- Installing: /home/basmala/ros2_ws/install/turtlesim_custom_msgs/lib/libturtlesim_custom_msgs__rosidl_generator_c.so
[8.951s] -- Set non-toolchain portion of runtime path of "/home/basmala/ros2_ws/install/turtlesim_custom_msgs/lib/libturtlesim_custom_msgs__rosidl_generator_c.so" to ""
[8.951s] -- Up-to-date: /home/basmala/ros2_ws/install/turtlesim_custom_msgs/include/turtlesim_custom_msgs/turtlesim_custom_msgs
[8.951s] -- Up-to-date: /home/basmala/ros2_ws/install/turtlesim_custom_msgs/include/turtlesim_custom_msgs/turtlesim_custom_msgs/srv
[8.951s] -- Up-to-date: /home/basmala/ros2_ws/install/turtlesim_custom_msgs/include/turtlesim_custom_msgs/turtlesim_custom_msgs/srv/detail
[8.952s] -- Installing: /home/basmala/ros2_ws/install/turtlesim_custom_msgs/include/turtlesim_custom_msgs/turtlesim_custom_msgs/srv/detail/velocity__rosidl_typesupport_fastrtps_c.h
[8.952s] -- Up-to-date: /home/basmala/ros2_ws/install/turtlesim_custom_msgs/include/turtlesim_custom_msgs/turtlesim_custom_msgs/msg
[8.952s] -- Up-to-date: /home/basmala/ros2_ws/install/turtlesim_custom_msgs/include/turtlesim_custom_msgs/turtlesim_custom_msgs/msg/detail
[8.952s] -- Installing: /home/basmala/ros2_ws/install/turtlesim_custom_msgs/include/turtlesim_custom_msgs/turtlesim_custom_msgs/msg/detail/vel__rosidl_typesupport_fastrtps_c.h
[8.952s] -- Installing: /home/basmala/ros2_ws/install/turtlesim_custom_msgs/include/turtlesim_custom_msgs/turtlesim_custom_msgs/msg/rosidl_typesupport_fastrtps_c__visibility_control.h
[8.953s] -- Installing: /home/basmala/ros2_ws/install/turtlesim_custom_msgs/lib/libturtlesim_custom_msgs__rosidl_typesupport_fastrtps_c.so
[8.953s] -- Set non-toolchain portion of runtime path of "/home/basmala/ros2_ws/install/turtlesim_custom_msgs/lib/libturtlesim_custom_msgs__rosidl_typesupport_fastrtps_c.so" to ""
[8.953s] -- Up-to-date: /home/basmala/ros2_ws/install/turtlesim_custom_msgs/include/turtlesim_custom_msgs/turtlesim_custom_msgs
[8.953s] -- Up-to-date: /home/basmala/ros2_ws/install/turtlesim_custom_msgs/include/turtlesim_custom_msgs/turtlesim_custom_msgs/srv
[8.954s] -- Up-to-date: /home/basmala/ros2_ws/install/turtlesim_custom_msgs/include/turtlesim_custom_msgs/turtlesim_custom_msgs/srv/detail
[8.954s] -- Installing: /home/basmala/ros2_ws/install/turtlesim_custom_msgs/include/turtlesim_custom_msgs/turtlesim_custom_msgs/srv/detail/velocity__rosidl_typesupport_introspection_c.h
[8.954s] -- Up-to-date: /home/basmala/ros2_ws/install/turtlesim_custom_msgs/include/turtlesim_custom_msgs/turtlesim_custom_msgs/srv/detail/velocity__type_support.c
[8.954s] -- Up-to-date: /home/basmala/ros2_ws/install/turtlesim_custom_msgs/include/turtlesim_custom_msgs/turtlesim_custom_msgs/msg
[8.955s] -- Up-to-date: /home/basmala/ros2_ws/install/turtlesim_custom_msgs/include/turtlesim_custom_msgs/turtlesim_custom_msgs/msg/detail
[8.955s] -- Installing: /home/basmala/ros2_ws/install/turtlesim_custom_msgs/include/turtlesim_custom_msgs/turtlesim_custom_msgs/msg/detail/vel__rosidl_typesupport_introspection_c.h
[8.955s] -- Up-to-date: /home/basmala/ros2_ws/install/turtlesim_custom_msgs/include/turtlesim_custom_msgs/turtlesim_custom_msgs/msg/detail/vel__type_support.c
[8.955s] -- Installing: /home/basmala/ros2_ws/install/turtlesim_custom_msgs/include/turtlesim_custom_msgs/turtlesim_custom_msgs/msg/rosidl_typesupport_introspection_c__visibility_control.h
[8.955s] -- Installing: /home/basmala/ros2_ws/install/turtlesim_custom_msgs/lib/libturtlesim_custom_msgs__rosidl_typesupport_introspection_c.so
[8.956s] -- Set non-toolchain portion of runtime path of "/home/basmala/ros2_ws/install/turtlesim_custom_msgs/lib/libturtlesim_custom_msgs__rosidl_typesupport_introspection_c.so" to ""
[8.956s] -- Installing: /home/basmala/ros2_ws/install/turtlesim_custom_msgs/lib/libturtlesim_custom_msgs__rosidl_typesupport_c.so
[8.956s] -- Set non-toolchain portion of runtime path of "/home/basmala/ros2_ws/install/turtlesim_custom_msgs/lib/libturtlesim_custom_msgs__rosidl_typesupport_c.so" to ""
[8.956s] -- Up-to-date: /home/basmala/ros2_ws/install/turtlesim_custom_msgs/include/turtlesim_custom_msgs/turtlesim_custom_msgs
[8.956s] -- Up-to-date: /home/basmala/ros2_ws/install/turtlesim_custom_msgs/include/turtlesim_custom_msgs/turtlesim_custom_msgs/srv
[8.956s] -- Up-to-date: /home/basmala/ros2_ws/install/turtlesim_custom_msgs/include/turtlesim_custom_msgs/turtlesim_custom_msgs/srv/detail
[8.957s] -- Installing: /home/basmala/ros2_ws/install/turtlesim_custom_msgs/include/turtlesim_custom_msgs/turtlesim_custom_msgs/srv/detail/velocity__struct.hpp
[8.957s] -- Installing: /home/basmala/ros2_ws/install/turtlesim_custom_msgs/include/turtlesim_custom_msgs/turtlesim_custom_msgs/srv/detail/velocity__traits.hpp
[8.957s] -- Installing: /home/basmala/ros2_ws/install/turtlesim_custom_msgs/include/turtlesim_custom_msgs/turtlesim_custom_msgs/srv/detail/velocity__type_support.hpp
[8.957s] -- Installing: /home/basmala/ros2_ws/install/turtlesim_custom_msgs/include/turtlesim_custom_msgs/turtlesim_custom_msgs/srv/detail/velocity__builder.hpp
[8.957s] -- Installing: /home/basmala/ros2_ws/install/turtlesim_custom_msgs/include/turtlesim_custom_msgs/turtlesim_custom_msgs/srv/velocity.hpp
[8.957s] -- Up-to-date: /home/basmala/ros2_ws/install/turtlesim_custom_msgs/include/turtlesim_custom_msgs/turtlesim_custom_msgs/msg
[8.958s] -- Up-to-date: /home/basmala/ros2_ws/install/turtlesim_custom_msgs/include/turtlesim_custom_msgs/turtlesim_custom_msgs/msg/detail
[8.958s] -- Installing: /home/basmala/ros2_ws/install/turtlesim_custom_msgs/include/turtlesim_custom_msgs/turtlesim_custom_msgs/msg/detail/vel__builder.hpp
[8.958s] -- Installing: /home/basmala/ros2_ws/install/turtlesim_custom_msgs/include/turtlesim_custom_msgs/turtlesim_custom_msgs/msg/detail/vel__type_support.hpp
[8.958s] -- Installing: /home/basmala/ros2_ws/install/turtlesim_custom_msgs/include/turtlesim_custom_msgs/turtlesim_custom_msgs/msg/detail/vel__traits.hpp
[8.958s] -- Installing: /home/basmala/ros2_ws/install/turtlesim_custom_msgs/include/turtlesim_custom_msgs/turtlesim_custom_msgs/msg/detail/vel__struct.hpp
[8.958s] -- Installing: /home/basmala/ros2_ws/install/turtlesim_custom_msgs/include/turtlesim_custom_msgs/turtlesim_custom_msgs/msg/rosidl_generator_cpp__visibility_control.hpp
[8.959s] -- Installing: /home/basmala/ros2_ws/install/turtlesim_custom_msgs/include/turtlesim_custom_msgs/turtlesim_custom_msgs/msg/vel.hpp
[8.959s] -- Up-to-date: /home/basmala/ros2_ws/install/turtlesim_custom_msgs/include/turtlesim_custom_msgs/turtlesim_custom_msgs
[8.959s] -- Up-to-date: /home/basmala/ros2_ws/install/turtlesim_custom_msgs/include/turtlesim_custom_msgs/turtlesim_custom_msgs/srv
[8.959s] -- Up-to-date: /home/basmala/ros2_ws/install/turtlesim_custom_msgs/include/turtlesim_custom_msgs/turtlesim_custom_msgs/srv/detail
[8.959s] -- Installing: /home/basmala/ros2_ws/install/turtlesim_custom_msgs/include/turtlesim_custom_msgs/turtlesim_custom_msgs/srv/detail/velocity__rosidl_typesupport_fastrtps_cpp.hpp
[8.959s] -- Installing: /home/basmala/ros2_ws/install/turtlesim_custom_msgs/include/turtlesim_custom_msgs/turtlesim_custom_msgs/srv/detail/dds_fastrtps
[8.960s] -- Up-to-date: /home/basmala/ros2_ws/install/turtlesim_custom_msgs/include/turtlesim_custom_msgs/turtlesim_custom_msgs/msg
[8.960s] -- Up-to-date: /home/basmala/ros2_ws/install/turtlesim_custom_msgs/include/turtlesim_custom_msgs/turtlesim_custom_msgs/msg/detail
[8.960s] -- Installing: /home/basmala/ros2_ws/install/turtlesim_custom_msgs/include/turtlesim_custom_msgs/turtlesim_custom_msgs/msg/detail/dds_fastrtps
[8.960s] -- Installing: /home/basmala/ros2_ws/install/turtlesim_custom_msgs/include/turtlesim_custom_msgs/turtlesim_custom_msgs/msg/detail/vel__rosidl_typesupport_fastrtps_cpp.hpp
[8.960s] -- Installing: /home/basmala/ros2_ws/install/turtlesim_custom_msgs/include/turtlesim_custom_msgs/turtlesim_custom_msgs/msg/rosidl_typesupport_fastrtps_cpp__visibility_control.h
[8.961s] -- Installing: /home/basmala/ros2_ws/install/turtlesim_custom_msgs/lib/libturtlesim_custom_msgs__rosidl_typesupport_fastrtps_cpp.so
[8.961s] -- Set non-toolchain portion of runtime path of "/home/basmala/ros2_ws/install/turtlesim_custom_msgs/lib/libturtlesim_custom_msgs__rosidl_typesupport_fastrtps_cpp.so" to ""
[8.961s] -- Up-to-date: /home/basmala/ros2_ws/install/turtlesim_custom_msgs/include/turtlesim_custom_msgs/turtlesim_custom_msgs
[8.961s] -- Up-to-date: /home/basmala/ros2_ws/install/turtlesim_custom_msgs/include/turtlesim_custom_msgs/turtlesim_custom_msgs/srv
[8.961s] -- Up-to-date: /home/basmala/ros2_ws/install/turtlesim_custom_msgs/include/turtlesim_custom_msgs/turtlesim_custom_msgs/srv/detail
[8.961s] -- Installing: /home/basmala/ros2_ws/install/turtlesim_custom_msgs/include/turtlesim_custom_msgs/turtlesim_custom_msgs/srv/detail/velocity__rosidl_typesupport_introspection_cpp.hpp
[8.962s] -- Installing: /home/basmala/ros2_ws/install/turtlesim_custom_msgs/include/turtlesim_custom_msgs/turtlesim_custom_msgs/srv/detail/velocity__type_support.cpp
[8.962s] -- Up-to-date: /home/basmala/ros2_ws/install/turtlesim_custom_msgs/include/turtlesim_custom_msgs/turtlesim_custom_msgs/msg
[8.962s] -- Up-to-date: /home/basmala/ros2_ws/install/turtlesim_custom_msgs/include/turtlesim_custom_msgs/turtlesim_custom_msgs/msg/detail
[8.962s] -- Installing: /home/basmala/ros2_ws/install/turtlesim_custom_msgs/include/turtlesim_custom_msgs/turtlesim_custom_msgs/msg/detail/vel__rosidl_typesupport_introspection_cpp.hpp
[8.962s] -- Installing: /home/basmala/ros2_ws/install/turtlesim_custom_msgs/include/turtlesim_custom_msgs/turtlesim_custom_msgs/msg/detail/vel__type_support.cpp
[8.962s] -- Installing: /home/basmala/ros2_ws/install/turtlesim_custom_msgs/lib/libturtlesim_custom_msgs__rosidl_typesupport_introspection_cpp.so
[8.963s] -- Set non-toolchain portion of runtime path of "/home/basmala/ros2_ws/install/turtlesim_custom_msgs/lib/libturtlesim_custom_msgs__rosidl_typesupport_introspection_cpp.so" to ""
[8.963s] -- Installing: /home/basmala/ros2_ws/install/turtlesim_custom_msgs/lib/libturtlesim_custom_msgs__rosidl_typesupport_cpp.so
[8.963s] -- Set non-toolchain portion of runtime path of "/home/basmala/ros2_ws/install/turtlesim_custom_msgs/lib/libturtlesim_custom_msgs__rosidl_typesupport_cpp.so" to ""
[8.963s] -- Installing: /home/basmala/ros2_ws/install/turtlesim_custom_msgs/share/turtlesim_custom_msgs/environment/pythonpath.sh
[8.964s] -- Installing: /home/basmala/ros2_ws/install/turtlesim_custom_msgs/share/turtlesim_custom_msgs/environment/pythonpath.dsv
[8.964s] -- Installing: /home/basmala/ros2_ws/install/turtlesim_custom_msgs/lib/python3.12/site-packages/turtlesim_custom_msgs-0.0.0-py3.12.egg-info
[8.964s] -- Installing: /home/basmala/ros2_ws/install/turtlesim_custom_msgs/lib/python3.12/site-packages/turtlesim_custom_msgs-0.0.0-py3.12.egg-info/dependency_links.txt
[8.964s] -- Installing: /home/basmala/ros2_ws/install/turtlesim_custom_msgs/lib/python3.12/site-packages/turtlesim_custom_msgs-0.0.0-py3.12.egg-info/SOURCES.txt
[8.965s] -- Installing: /home/basmala/ros2_ws/install/turtlesim_custom_msgs/lib/python3.12/site-packages/turtlesim_custom_msgs-0.0.0-py3.12.egg-info/PKG-INFO
[8.965s] -- Installing: /home/basmala/ros2_ws/install/turtlesim_custom_msgs/lib/python3.12/site-packages/turtlesim_custom_msgs-0.0.0-py3.12.egg-info/top_level.txt
[8.965s] -- Installing: /home/basmala/ros2_ws/install/turtlesim_custom_msgs/lib/python3.12/site-packages/turtlesim_custom_msgs
[8.965s] -- Installing: /home/basmala/ros2_ws/install/turtlesim_custom_msgs/lib/python3.12/site-packages/turtlesim_custom_msgs/srv
[8.966s] -- Installing: /home/basmala/ros2_ws/install/turtlesim_custom_msgs/lib/python3.12/site-packages/turtlesim_custom_msgs/srv/_velocity.py
[8.966s] -- Installing: /home/basmala/ros2_ws/install/turtlesim_custom_msgs/lib/python3.12/site-packages/turtlesim_custom_msgs/srv/__init__.py
[8.966s] -- Installing: /home/basmala/ros2_ws/install/turtlesim_custom_msgs/lib/python3.12/site-packages/turtlesim_custom_msgs/srv/_velocity_s.c
[8.966s] -- Installing: /home/basmala/ros2_ws/install/turtlesim_custom_msgs/lib/python3.12/site-packages/turtlesim_custom_msgs/_turtlesim_custom_msgs_s.ep.rosidl_typesupport_introspection_c.c
[8.966s] -- Installing: /home/basmala/ros2_ws/install/turtlesim_custom_msgs/lib/python3.12/site-packages/turtlesim_custom_msgs/_turtlesim_custom_msgs_s.ep.rosidl_typesupport_fastrtps_c.c
[8.966s] -- Installing: /home/basmala/ros2_ws/install/turtlesim_custom_msgs/lib/python3.12/site-packages/turtlesim_custom_msgs/turtlesim_custom_msgs_s__rosidl_typesupport_introspection_c.so
[8.967s] -- Installing: /home/basmala/ros2_ws/install/turtlesim_custom_msgs/lib/python3.12/site-packages/turtlesim_custom_msgs/turtlesim_custom_msgs_s__rosidl_typesupport_c.so
[8.967s] -- Installing: /home/basmala/ros2_ws/install/turtlesim_custom_msgs/lib/python3.12/site-packages/turtlesim_custom_msgs/turtlesim_custom_msgs_s__rosidl_typesupport_fastrtps_c.so
[8.967s] -- Installing: /home/basmala/ros2_ws/install/turtlesim_custom_msgs/lib/python3.12/site-packages/turtlesim_custom_msgs/__init__.py
[8.967s] -- Installing: /home/basmala/ros2_ws/install/turtlesim_custom_msgs/lib/python3.12/site-packages/turtlesim_custom_msgs/msg
[8.968s] -- Installing: /home/basmala/ros2_ws/install/turtlesim_custom_msgs/lib/python3.12/site-packages/turtlesim_custom_msgs/msg/__init__.py
[8.968s] -- Installing: /home/basmala/ros2_ws/install/turtlesim_custom_msgs/lib/python3.12/site-packages/turtlesim_custom_msgs/msg/_vel_s.c
[8.968s] -- Installing: /home/basmala/ros2_ws/install/turtlesim_custom_msgs/lib/python3.12/site-packages/turtlesim_custom_msgs/msg/_vel.py
[8.968s] -- Installing: /home/basmala/ros2_ws/install/turtlesim_custom_msgs/lib/python3.12/site-packages/turtlesim_custom_msgs/_turtlesim_custom_msgs_s.ep.rosidl_typesupport_c.c
[9.020s] Listing '/home/basmala/ros2_ws/install/turtlesim_custom_msgs/lib/python3.12/site-packages/turtlesim_custom_msgs'...
[9.021s] Compiling '/home/basmala/ros2_ws/install/turtlesim_custom_msgs/lib/python3.12/site-packages/turtlesim_custom_msgs/__init__.py'...
[9.022s] Listing '/home/basmala/ros2_ws/install/turtlesim_custom_msgs/lib/python3.12/site-packages/turtlesim_custom_msgs/msg'...
[9.022s] Compiling '/home/basmala/ros2_ws/install/turtlesim_custom_msgs/lib/python3.12/site-packages/turtlesim_custom_msgs/msg/__init__.py'...
[9.023s] Compiling '/home/basmala/ros2_ws/install/turtlesim_custom_msgs/lib/python3.12/site-packages/turtlesim_custom_msgs/msg/_vel.py'...
[9.024s] Listing '/home/basmala/ros2_ws/install/turtlesim_custom_msgs/lib/python3.12/site-packages/turtlesim_custom_msgs/srv'...
[9.024s] Compiling '/home/basmala/ros2_ws/install/turtlesim_custom_msgs/lib/python3.12/site-packages/turtlesim_custom_msgs/srv/__init__.py'...
[9.025s] Compiling '/home/basmala/ros2_ws/install/turtlesim_custom_msgs/lib/python3.12/site-packages/turtlesim_custom_msgs/srv/_velocity.py'...
[9.026s] -- Installing: /home/basmala/ros2_ws/install/turtlesim_custom_msgs/lib/python3.12/site-packages/turtlesim_custom_msgs/turtlesim_custom_msgs_s__rosidl_typesupport_fastrtps_c.so
[9.027s] -- Set non-toolchain portion of runtime path of "/home/basmala/ros2_ws/install/turtlesim_custom_msgs/lib/python3.12/site-packages/turtlesim_custom_msgs/turtlesim_custom_msgs_s__rosidl_typesupport_fastrtps_c.so" to ""
[9.027s] -- Installing: /home/basmala/ros2_ws/install/turtlesim_custom_msgs/lib/python3.12/site-packages/turtlesim_custom_msgs/turtlesim_custom_msgs_s__rosidl_typesupport_introspection_c.so
[9.027s] -- Set non-toolchain portion of runtime path of "/home/basmala/ros2_ws/install/turtlesim_custom_msgs/lib/python3.12/site-packages/turtlesim_custom_msgs/turtlesim_custom_msgs_s__rosidl_typesupport_introspection_c.so" to ""
[9.027s] -- Installing: /home/basmala/ros2_ws/install/turtlesim_custom_msgs/lib/python3.12/site-packages/turtlesim_custom_msgs/turtlesim_custom_msgs_s__rosidl_typesupport_c.so
[9.027s] -- Set non-toolchain portion of runtime path of "/home/basmala/ros2_ws/install/turtlesim_custom_msgs/lib/python3.12/site-packages/turtlesim_custom_msgs/turtlesim_custom_msgs_s__rosidl_typesupport_c.so" to ""
[9.027s] -- Installing: /home/basmala/ros2_ws/install/turtlesim_custom_msgs/lib/libturtlesim_custom_msgs__rosidl_generator_py.so
[9.028s] -- Set non-toolchain portion of runtime path of "/home/basmala/ros2_ws/install/turtlesim_custom_msgs/lib/libturtlesim_custom_msgs__rosidl_generator_py.so" to ""
[9.028s] -- Installing: /home/basmala/ros2_ws/install/turtlesim_custom_msgs/share/turtlesim_custom_msgs/msg/Vel.idl
[9.028s] -- Installing: /home/basmala/ros2_ws/install/turtlesim_custom_msgs/share/turtlesim_custom_msgs/srv/Velocity.idl
[9.028s] -- Installing: /home/basmala/ros2_ws/install/turtlesim_custom_msgs/share/turtlesim_custom_msgs/msg/Vel.msg
[9.028s] -- Installing: /home/basmala/ros2_ws/install/turtlesim_custom_msgs/share/turtlesim_custom_msgs/srv/Velocity.srv
[9.029s] -- Installing: /home/basmala/ros2_ws/install/turtlesim_custom_msgs/share/ament_index/resource_index/package_run_dependencies/turtlesim_custom_msgs
[9.029s] -- Installing: /home/basmala/ros2_ws/install/turtlesim_custom_msgs/share/ament_index/resource_index/parent_prefix_path/turtlesim_custom_msgs
[9.029s] -- Installing: /home/basmala/ros2_ws/install/turtlesim_custom_msgs/share/turtlesim_custom_msgs/environment/ament_prefix_path.sh
[9.029s] -- Installing: /home/basmala/ros2_ws/install/turtlesim_custom_msgs/share/turtlesim_custom_msgs/environment/ament_prefix_path.dsv
[9.029s] -- Installing: /home/basmala/ros2_ws/install/turtlesim_custom_msgs/share/turtlesim_custom_msgs/environment/path.sh
[9.030s] -- Installing: /home/basmala/ros2_ws/install/turtlesim_custom_msgs/share/turtlesim_custom_msgs/environment/path.dsv
[9.030s] -- Installing: /home/basmala/ros2_ws/install/turtlesim_custom_msgs/share/turtlesim_custom_msgs/local_setup.bash
[9.030s] -- Installing: /home/basmala/ros2_ws/install/turtlesim_custom_msgs/share/turtlesim_custom_msgs/local_setup.sh
[9.030s] -- Installing: /home/basmala/ros2_ws/install/turtlesim_custom_msgs/share/turtlesim_custom_msgs/local_setup.zsh
[9.030s] -- Installing: /home/basmala/ros2_ws/install/turtlesim_custom_msgs/share/turtlesim_custom_msgs/local_setup.dsv
[9.030s] -- Installing: /home/basmala/ros2_ws/install/turtlesim_custom_msgs/share/turtlesim_custom_msgs/package.dsv
[9.031s] -- Installing: /home/basmala/ros2_ws/install/turtlesim_custom_msgs/share/ament_index/resource_index/packages/turtlesim_custom_msgs
[9.031s] -- Installing: /home/basmala/ros2_ws/install/turtlesim_custom_msgs/share/turtlesim_custom_msgs/cmake/export_turtlesim_custom_msgs__rosidl_generator_cExport.cmake
[9.031s] -- Installing: /home/basmala/ros2_ws/install/turtlesim_custom_msgs/share/turtlesim_custom_msgs/cmake/export_turtlesim_custom_msgs__rosidl_generator_cExport-noconfig.cmake
[9.031s] -- Installing: /home/basmala/ros2_ws/install/turtlesim_custom_msgs/share/turtlesim_custom_msgs/cmake/export_turtlesim_custom_msgs__rosidl_typesupport_fastrtps_cExport.cmake
[9.031s] -- Installing: /home/basmala/ros2_ws/install/turtlesim_custom_msgs/share/turtlesim_custom_msgs/cmake/export_turtlesim_custom_msgs__rosidl_typesupport_fastrtps_cExport-noconfig.cmake
[9.032s] -- Installing: /home/basmala/ros2_ws/install/turtlesim_custom_msgs/share/turtlesim_custom_msgs/cmake/turtlesim_custom_msgs__rosidl_typesupport_introspection_cExport.cmake
[9.032s] -- Installing: /home/basmala/ros2_ws/install/turtlesim_custom_msgs/share/turtlesim_custom_msgs/cmake/turtlesim_custom_msgs__rosidl_typesupport_introspection_cExport-noconfig.cmake
[9.032s] -- Installing: /home/basmala/ros2_ws/install/turtlesim_custom_msgs/share/turtlesim_custom_msgs/cmake/turtlesim_custom_msgs__rosidl_typesupport_cExport.cmake
[9.032s] -- Installing: /home/basmala/ros2_ws/install/turtlesim_custom_msgs/share/turtlesim_custom_msgs/cmake/turtlesim_custom_msgs__rosidl_typesupport_cExport-noconfig.cmake
[9.032s] -- Installing: /home/basmala/ros2_ws/install/turtlesim_custom_msgs/share/turtlesim_custom_msgs/cmake/export_turtlesim_custom_msgs__rosidl_generator_cppExport.cmake
[9.032s] -- Installing: /home/basmala/ros2_ws/install/turtlesim_custom_msgs/share/turtlesim_custom_msgs/cmake/export_turtlesim_custom_msgs__rosidl_typesupport_fastrtps_cppExport.cmake
[9.033s] -- Installing: /home/basmala/ros2_ws/install/turtlesim_custom_msgs/share/turtlesim_custom_msgs/cmake/export_turtlesim_custom_msgs__rosidl_typesupport_fastrtps_cppExport-noconfig.cmake
[9.033s] -- Installing: /home/basmala/ros2_ws/install/turtlesim_custom_msgs/share/turtlesim_custom_msgs/cmake/turtlesim_custom_msgs__rosidl_typesupport_introspection_cppExport.cmake
[9.033s] -- Installing: /home/basmala/ros2_ws/install/turtlesim_custom_msgs/share/turtlesim_custom_msgs/cmake/turtlesim_custom_msgs__rosidl_typesupport_introspection_cppExport-noconfig.cmake
[9.033s] -- Installing: /home/basmala/ros2_ws/install/turtlesim_custom_msgs/share/turtlesim_custom_msgs/cmake/turtlesim_custom_msgs__rosidl_typesupport_cppExport.cmake
[9.033s] -- Installing: /home/basmala/ros2_ws/install/turtlesim_custom_msgs/share/turtlesim_custom_msgs/cmake/turtlesim_custom_msgs__rosidl_typesupport_cppExport-noconfig.cmake
[9.034s] -- Installing: /home/basmala/ros2_ws/install/turtlesim_custom_msgs/share/turtlesim_custom_msgs/cmake/export_turtlesim_custom_msgs__rosidl_generator_pyExport.cmake
[9.035s] -- Installing: /home/basmala/ros2_ws/install/turtlesim_custom_msgs/share/turtlesim_custom_msgs/cmake/export_turtlesim_custom_msgs__rosidl_generator_pyExport-noconfig.cmake
[9.035s] -- Installing: /home/basmala/ros2_ws/install/turtlesim_custom_msgs/share/turtlesim_custom_msgs/cmake/rosidl_cmake-extras.cmake
[9.035s] -- Installing: /home/basmala/ros2_ws/install/turtlesim_custom_msgs/share/turtlesim_custom_msgs/cmake/ament_cmake_export_dependencies-extras.cmake
[9.035s] -- Installing: /home/basmala/ros2_ws/install/turtlesim_custom_msgs/share/turtlesim_custom_msgs/cmake/ament_cmake_export_include_directories-extras.cmake
[9.035s] -- Installing: /home/basmala/ros2_ws/install/turtlesim_custom_msgs/share/turtlesim_custom_msgs/cmake/ament_cmake_export_libraries-extras.cmake
[9.035s] -- Installing: /home/basmala/ros2_ws/install/turtlesim_custom_msgs/share/turtlesim_custom_msgs/cmake/ament_cmake_export_targets-extras.cmake
[9.035s] -- Installing: /home/basmala/ros2_ws/install/turtlesim_custom_msgs/share/turtlesim_custom_msgs/cmake/rosidl_cmake_export_typesupport_targets-extras.cmake
[9.036s] -- Installing: /home/basmala/ros2_ws/install/turtlesim_custom_msgs/share/turtlesim_custom_msgs/cmake/rosidl_cmake_export_typesupport_libraries-extras.cmake
[9.036s] -- Installing: /home/basmala/ros2_ws/install/turtlesim_custom_msgs/share/turtlesim_custom_msgs/cmake/turtlesim_custom_msgsConfig.cmake
[9.036s] -- Installing: /home/basmala/ros2_ws/install/turtlesim_custom_msgs/share/turtlesim_custom_msgs/cmake/turtlesim_custom_msgsConfig-version.cmake
[9.036s] -- Installing: /home/basmala/ros2_ws/install/turtlesim_custom_msgs/share/turtlesim_custom_msgs/package.xml
