[0.064s] Invoking command in '/home/basmala/ros2_ws/build/yahboom_rosmaster_description': CMAKE_PREFIX_PATH=${CMAKE_PREFIX_PATH}:/home/basmala/ros2_ws/install/first_package_python:/opt/ros/jazzy DEBUGINFOD_URLS=https://debuginfod.ubuntu.com /usr/bin/cmake /home/basmala/ros2_ws/src/yahboom_rosmaster/yahboom_rosmaster_description -DAMENT_CMAKE_SYMLINK_INSTALL=1 -DCMAKE_INSTALL_PREFIX=/home/basmala/ros2_ws/install/yahboom_rosmaster_description
[0.546s] -- The C compiler identification is GNU 13.3.0
[0.547s] -- The CXX compiler identification is GNU 13.3.0
[0.547s] -- Detecting C compiler ABI info
[0.547s] -- Detecting C compiler ABI info - done
[0.547s] -- Check for working C compiler: /usr/bin/cc - skipped
[0.547s] -- Detecting C compile features
[0.547s] -- Detecting C compile features - done
[0.547s] -- Detecting CXX compiler ABI info
[0.680s] -- Detecting CXX compiler ABI info - done
[0.696s] -- Check for working CXX compiler: /usr/bin/c++ - skipped
[0.696s] -- Detecting CXX compile features
[0.697s] -- Detecting CXX compile features - done
[0.702s] -- Found ament_cmake: 2.5.4 (/opt/ros/jazzy/share/ament_cmake/cmake)
[0.944s] -- Found Python3: /usr/bin/python3 (found version "3.12.3") found components: Interpreter 
[1.061s] -- Override CMake install command with custom implementation using symlinks instead of copying resources
[1.149s] -- Found urdf_tutorial: 1.1.0 (/opt/ros/jazzy/share/urdf_tutorial/cmake)
[1.153s] -- Found ament_lint_auto: 0.17.3 (/opt/ros/jazzy/share/ament_lint_auto/cmake)
[1.306s] -- Added test 'flake8' to check Python code syntax and style conventions
[1.307s] -- Configured 'flake8' exclude dirs and/or files: 
[1.308s] -- Added test 'lint_cmake' to check CMake code style
[1.309s] -- Added test 'pep257' to check Python code against some of the docstring style conventions in PEP 257
[1.312s] -- Added test 'xmllint' to check XML markup files
[1.315s] -- Configuring done (1.2s)
[1.318s] -- Generating done (0.0s)
[1.320s] -- Build files have been written to: /home/basmala/ros2_ws/build/yahboom_rosmaster_description
