-- Found ament_cmake: 2.5.4 (/opt/ros/jazzy/share/ament_cmake/cmake)
-- Override CMake install command with custom implementation using symlinks instead of copying resources
-- Found rclcpp: 28.1.13 (/opt/ros/jazzy/share/rclcpp/cmake)
-- Found rosidl_generator_c: 4.6.6 (/opt/ros/jazzy/share/rosidl_generator_c/cmake)
-- Found rosidl_generator_cpp: 4.6.6 (/opt/ros/jazzy/share/rosidl_generator_cpp/cmake)
-- Using all available rosidl_typesupport_c: rosidl_typesupport_fastrtps_c;rosidl_typesupport_introspection_c
-- Using all available rosidl_typesupport_cpp: rosidl_typesupport_fastrtps_cpp;rosidl_typesupport_introspection_cpp
-- Found rmw_implementation_cmake: 7.3.2 (/opt/ros/jazzy/share/rmw_implementation_cmake/cmake)
-- Found rmw_fastrtps_cpp: 8.4.3 (/opt/ros/jazzy/share/rmw_fastrtps_cpp/cmake)
-- Using RMW implementation 'rmw_fastrtps_cpp' as default
-- Found geometry_msgs: 5.3.6 (/opt/ros/jazzy/share/geometry_msgs/cmake)
-- Found turtlesim: 1.8.3 (/opt/ros/jazzy/share/turtlesim/cmake)
-- Found ament_lint_auto: 0.17.3 (/opt/ros/jazzy/share/ament_lint_auto/cmake)
-- Added test 'cppcheck' to perform static code analysis on C / C++ code
-- Configured cppcheck include dirs: 
-- Configured cppcheck exclude dirs and/or files: 
-- Added test 'flake8' to check Python code syntax and style conventions
-- Configured 'flake8' exclude dirs and/or files: 
-- Added test 'lint_cmake' to check CMake code style
-- Added test 'pep257' to check Python code against some of the docstring style conventions in PEP 257
-- Added test 'uncrustify' to check C / C++ code style
-- Configured uncrustify additional arguments: 
-- Added test 'xmllint' to check XML markup files
-- Configuring done (0.9s)
-- Generating done (0.0s)
-- Build files have been written to: /home/basmala/ros2_ws/build/assignment1_rt
[ 25%] [32mBuilding CXX object CMakeFiles/UI.dir/src/UI.cpp.o[0m
[ 50%] [32mBuilding CXX object CMakeFiles/DistanceControl.dir/src/DistanceControl.cpp.o[0m
[ 75%] [32m[1mLinking CXX executable UI[0m
[ 75%] Built target UI
[100%] [32m[1mLinking CXX executable DistanceControl[0m
[100%] Built target DistanceControl
-- Install configuration: ""
-- Execute custom install script
-- Symlinking: /home/basmala/ros2_ws/install/assignment1_rt/lib/assignment1_rt/turtle_spawn.py
-- Symlinking: /home/basmala/ros2_ws/install/assignment1_rt/lib/assignment1_rt/UI
-- Symlinking: /home/basmala/ros2_ws/install/assignment1_rt/lib/assignment1_rt/DistanceControl
-- Symlinking: /home/basmala/ros2_ws/install/assignment1_rt/share/assignment1_rt/launch/simulation.launch.xml
-- Symlinking: /home/basmala/ros2_ws/install/assignment1_rt/share/ament_index/resource_index/package_run_dependencies/assignment1_rt
-- Symlinking: /home/basmala/ros2_ws/install/assignment1_rt/share/ament_index/resource_index/parent_prefix_path/assignment1_rt
-- Symlinking: /home/basmala/ros2_ws/install/assignment1_rt/share/assignment1_rt/environment/ament_prefix_path.sh
-- Symlinking: /home/basmala/ros2_ws/install/assignment1_rt/share/assignment1_rt/environment/ament_prefix_path.dsv
-- Symlinking: /home/basmala/ros2_ws/install/assignment1_rt/share/assignment1_rt/environment/path.sh
-- Symlinking: /home/basmala/ros2_ws/install/assignment1_rt/share/assignment1_rt/environment/path.dsv
-- Symlinking: /home/basmala/ros2_ws/install/assignment1_rt/share/assignment1_rt/local_setup.bash
-- Symlinking: /home/basmala/ros2_ws/install/assignment1_rt/share/assignment1_rt/local_setup.sh
-- Symlinking: /home/basmala/ros2_ws/install/assignment1_rt/share/assignment1_rt/local_setup.zsh
-- Symlinking: /home/basmala/ros2_ws/install/assignment1_rt/share/assignment1_rt/local_setup.dsv
-- Symlinking: /home/basmala/ros2_ws/install/assignment1_rt/share/assignment1_rt/package.dsv
-- Symlinking: /home/basmala/ros2_ws/install/assignment1_rt/share/ament_index/resource_index/packages/assignment1_rt
-- Symlinking: /home/basmala/ros2_ws/install/assignment1_rt/share/assignment1_rt/cmake/assignment1_rtConfig.cmake
-- Symlinking: /home/basmala/ros2_ws/install/assignment1_rt/share/assignment1_rt/cmake/assignment1_rtConfig-version.cmake
-- Symlinking: /home/basmala/ros2_ws/install/assignment1_rt/share/assignment1_rt/package.xml
