[0.013s] Invoking command in '/home/basmala/ros2_ws/build/assignment1_rt': CMAKE_PREFIX_PATH=${CMAKE_PREFIX_PATH}:/home/basmala/ros2_ws/install/first_package_python:/opt/ros/jazzy DEBUGINFOD_URLS=https://debuginfod.ubuntu.com /usr/bin/cmake /home/basmala/ros2_ws/assignment1_rt -DCMAKE_INSTALL_PREFIX=/home/basmala/ros2_ws/install/assignment1_rt
[0.046s] -- Found ament_cmake: 2.5.4 (/opt/ros/jazzy/share/ament_cmake/cmake)
[0.393s] -- Override CMake install command with custom implementation using symlinks instead of copying resources
[0.408s] -- Found rclcpp: 28.1.13 (/opt/ros/jazzy/share/rclcpp/cmake)
[0.446s] -- Found rosidl_generator_c: 4.6.6 (/opt/ros/jazzy/share/rosidl_generator_c/cmake)
[0.455s] -- Found rosidl_generator_cpp: 4.6.6 (/opt/ros/jazzy/share/rosidl_generator_cpp/cmake)
[0.468s] -- Using all available rosidl_typesupport_c: rosidl_typesupport_fastrtps_c;rosidl_typesupport_introspection_c
[0.483s] -- Using all available rosidl_typesupport_cpp: rosidl_typesupport_fastrtps_cpp;rosidl_typesupport_introspection_cpp
[0.568s] -- Found rmw_implementation_cmake: 7.3.2 (/opt/ros/jazzy/share/rmw_implementation_cmake/cmake)
[0.573s] -- Found rmw_fastrtps_cpp: 8.4.3 (/opt/ros/jazzy/share/rmw_fastrtps_cpp/cmake)
[0.664s] -- Using RMW implementation 'rmw_fastrtps_cpp' as default
[0.739s] -- Found geometry_msgs: 5.3.6 (/opt/ros/jazzy/share/geometry_msgs/cmake)
[0.770s] -- Found turtlesim: 1.8.3 (/opt/ros/jazzy/share/turtlesim/cmake)
[0.831s] -- Found ament_lint_auto: 0.17.3 (/opt/ros/jazzy/share/ament_lint_auto/cmake)
[0.922s] -- Added test 'cppcheck' to perform static code analysis on C / C++ code
[0.923s] -- Configured cppcheck include dirs: 
[0.923s] -- Configured cppcheck exclude dirs and/or files: 
[0.924s] -- Added test 'flake8' to check Python code syntax and style conventions
[0.924s] -- Configured 'flake8' exclude dirs and/or files: 
[0.925s] -- Added test 'lint_cmake' to check CMake code style
[0.926s] -- Added test 'pep257' to check Python code against some of the docstring style conventions in PEP 257
[0.929s] -- Added test 'uncrustify' to check C / C++ code style
[0.929s] -- Configured uncrustify additional arguments: 
[0.930s] -- Added test 'xmllint' to check XML markup files
[0.931s] -- Configuring done (0.9s)
[0.952s] -- Generating done (0.0s)
[0.956s] -- Build files have been written to: /home/basmala/ros2_ws/build/assignment1_rt
[0.967s] Invoked command in '/home/basmala/ros2_ws/build/assignment1_rt' returned '0': CMAKE_PREFIX_PATH=${CMAKE_PREFIX_PATH}:/home/basmala/ros2_ws/install/first_package_python:/opt/ros/jazzy DEBUGINFOD_URLS=https://debuginfod.ubuntu.com /usr/bin/cmake /home/basmala/ros2_ws/assignment1_rt -DCMAKE_INSTALL_PREFIX=/home/basmala/ros2_ws/install/assignment1_rt
[0.967s] Invoking command in '/home/basmala/ros2_ws/build/assignment1_rt': CMAKE_PREFIX_PATH=${CMAKE_PREFIX_PATH}:/home/basmala/ros2_ws/install/first_package_python:/opt/ros/jazzy DEBUGINFOD_URLS=https://debuginfod.ubuntu.com /usr/bin/cmake --build /home/basmala/ros2_ws/build/assignment1_rt -- -j20 -l20
[1.054s] [ 25%] [32mBuilding CXX object CMakeFiles/UI.dir/src/UI.cpp.o[0m
[1.055s] [ 50%] [32mBuilding CXX object CMakeFiles/DistanceControl.dir/src/DistanceControl.cpp.o[0m
[4.682s] [ 75%] [32m[1mLinking CXX executable UI[0m
[4.886s] [ 75%] Built target UI
[7.866s] [100%] [32m[1mLinking CXX executable DistanceControl[0m
[8.145s] [100%] Built target DistanceControl
[8.160s] Invoked command in '/home/basmala/ros2_ws/build/assignment1_rt' returned '0': CMAKE_PREFIX_PATH=${CMAKE_PREFIX_PATH}:/home/basmala/ros2_ws/install/first_package_python:/opt/ros/jazzy DEBUGINFOD_URLS=https://debuginfod.ubuntu.com /usr/bin/cmake --build /home/basmala/ros2_ws/build/assignment1_rt -- -j20 -l20
[8.176s] Invoking command in '/home/basmala/ros2_ws/build/assignment1_rt': CMAKE_PREFIX_PATH=${CMAKE_PREFIX_PATH}:/home/basmala/ros2_ws/install/first_package_python:/opt/ros/jazzy DEBUGINFOD_URLS=https://debuginfod.ubuntu.com /usr/bin/cmake --install /home/basmala/ros2_ws/build/assignment1_rt
[8.188s] -- Install configuration: ""
[8.188s] -- Execute custom install script
[8.189s] -- Symlinking: /home/basmala/ros2_ws/install/assignment1_rt/lib/assignment1_rt/turtle_spawn.py
[8.201s] -- Symlinking: /home/basmala/ros2_ws/install/assignment1_rt/lib/assignment1_rt/UI
[8.215s] -- Symlinking: /home/basmala/ros2_ws/install/assignment1_rt/lib/assignment1_rt/DistanceControl
[8.228s] -- Symlinking: /home/basmala/ros2_ws/install/assignment1_rt/share/assignment1_rt/launch/simulation.launch.xml
[8.239s] -- Symlinking: /home/basmala/ros2_ws/install/assignment1_rt/share/ament_index/resource_index/package_run_dependencies/assignment1_rt
[8.254s] -- Symlinking: /home/basmala/ros2_ws/install/assignment1_rt/share/ament_index/resource_index/parent_prefix_path/assignment1_rt
[8.270s] -- Symlinking: /home/basmala/ros2_ws/install/assignment1_rt/share/assignment1_rt/environment/ament_prefix_path.sh
[8.285s] -- Symlinking: /home/basmala/ros2_ws/install/assignment1_rt/share/assignment1_rt/environment/ament_prefix_path.dsv
[8.301s] -- Symlinking: /home/basmala/ros2_ws/install/assignment1_rt/share/assignment1_rt/environment/path.sh
[8.313s] -- Symlinking: /home/basmala/ros2_ws/install/assignment1_rt/share/assignment1_rt/environment/path.dsv
[8.326s] -- Symlinking: /home/basmala/ros2_ws/install/assignment1_rt/share/assignment1_rt/local_setup.bash
[8.339s] -- Symlinking: /home/basmala/ros2_ws/install/assignment1_rt/share/assignment1_rt/local_setup.sh
[8.354s] -- Symlinking: /home/basmala/ros2_ws/install/assignment1_rt/share/assignment1_rt/local_setup.zsh
[8.368s] -- Symlinking: /home/basmala/ros2_ws/install/assignment1_rt/share/assignment1_rt/local_setup.dsv
[8.381s] -- Symlinking: /home/basmala/ros2_ws/install/assignment1_rt/share/assignment1_rt/package.dsv
[8.395s] -- Symlinking: /home/basmala/ros2_ws/install/assignment1_rt/share/ament_index/resource_index/packages/assignment1_rt
[8.408s] -- Symlinking: /home/basmala/ros2_ws/install/assignment1_rt/share/assignment1_rt/cmake/assignment1_rtConfig.cmake
[8.421s] -- Symlinking: /home/basmala/ros2_ws/install/assignment1_rt/share/assignment1_rt/cmake/assignment1_rtConfig-version.cmake
[8.435s] -- Symlinking: /home/basmala/ros2_ws/install/assignment1_rt/share/assignment1_rt/package.xml
[8.454s] Invoked command in '/home/basmala/ros2_ws/build/assignment1_rt' returned '0': CMAKE_PREFIX_PATH=${CMAKE_PREFIX_PATH}:/home/basmala/ros2_ws/install/first_package_python:/opt/ros/jazzy DEBUGINFOD_URLS=https://debuginfod.ubuntu.com /usr/bin/cmake --install /home/basmala/ros2_ws/build/assignment1_rt
